[Thu 04/02/2026 19:25:48.40] ===== A/B SCAN START ===== 
2026-04-02 19:25:51,411 [raptor.main] INFO: ============================================================
2026-04-02 19:25:51,412 [raptor.main] INFO: RAPTOR v5.2 DAILY SCAN - 2026-04-02T19:25:51.412361
2026-04-02 19:25:51,412 [raptor.main] INFO: ============================================================
Traceback (most recent call last):
  File "C:\Users\steve\OneDrive\Desktop\Raptor\main.py", line 121, in <module>
    run_daily_scan()
    ~~~~~~~~~~~~~~^^
  File "C:\Users\steve\OneDrive\Desktop\Raptor\main.py", line 28, in run_daily_scan
    CONFIG.validate_all()
    ~~~~~~~~~~~~~~~~~~~^^
  File "C:\Users\steve\OneDrive\Desktop\Raptor\config.py", line 116, in validate_all
    print(f"[CONFIG] Raptor v{self.version} validated \u2713")
    ~~~~~^^^^^^^^^^^^^^^^^^^^^^^^^^^^^^^^^^^^^^^^^^^^^^^^
  File "C:\Users\steve\AppData\Local\Programs\Python\Python313\Lib\encodings\cp1252.py", line 19, in encode
    return codecs.charmap_encode(input,self.errors,encoding_table)[0]
           ~~~~~~~~~~~~~~~~~~~~~^^^^^^^^^^^^^^^^^^^^^^^^^^^^^^^^^^
UnicodeEncodeError: 'charmap' codec can't encode character '\u2713' in position 33: character maps to <undefined>
2026-04-02 19:25:53,820 [raptor.v6] INFO: ============================================================
2026-04-02 19:25:53,820 [raptor.v6] INFO: RAPTOR v6.0 DAILY SCAN - 2026-04-02T19:25:53.820446
2026-04-02 19:25:53,820 [raptor.v6] INFO: ============================================================
Traceback (most recent call last):
  File "C:\Users\steve\OneDrive\Desktop\Raptor\main_v6.py", line 120, in <module>
    run_daily_scan()
    ~~~~~~~~~~~~~~^^
  File "C:\Users\steve\OneDrive\Desktop\Raptor\main_v6.py", line 27, in run_daily_scan
    CONFIG.validate_all()
    ~~~~~~~~~~~~~~~~~~~^^
  File "C:\Users\steve\OneDrive\Desktop\Raptor\config.py", line 116, in validate_all
    print(f"[CONFIG] Raptor v{self.version} validated \u2713")
    ~~~~~^^^^^^^^^^^^^^^^^^^^^^^^^^^^^^^^^^^^^^^^^^^^^^^^
  File "C:\Users\steve\AppData\Local\Programs\Python\Python313\Lib\encodings\cp1252.py", line 19, in encode
    return codecs.charmap_encode(input,self.errors,encoding_table)[0]
           ~~~~~~~~~~~~~~~~~~~~~^^^^^^^^^^^^^^^^^^^^^^^^^^^^^^^^^^
UnicodeEncodeError: 'charmap' codec can't encode character '\u2713' in position 33: character maps to <undefined>
[Thu 04/02/2026 19:25:54.16] ===== A/B SCAN COMPLETE ===== 
[Thu 04/02/2026 19:27:43.00] ===== A/B SCAN START ===== 
2026-04-02 19:27:45,768 [raptor.main] INFO: ============================================================
2026-04-02 19:27:45,769 [raptor.main] INFO: RAPTOR v5.2 DAILY SCAN - 2026-04-02T19:27:45.769339
2026-04-02 19:27:45,769 [raptor.main] INFO: ============================================================
Traceback (most recent call last):
  File "C:\Users\steve\OneDrive\Desktop\Raptor\main.py", line 121, in <module>
    run_daily_scan()
    ~~~~~~~~~~~~~~^^
  File "C:\Users\steve\OneDrive\Desktop\Raptor\main.py", line 28, in run_daily_scan
    CONFIG.validate_all()
    ~~~~~~~~~~~~~~~~~~~^^
  File "C:\Users\steve\OneDrive\Desktop\Raptor\config.py", line 116, in validate_all
    print(f"[CONFIG] Raptor v{self.version} validated \u2713")
    ~~~~~^^^^^^^^^^^^^^^^^^^^^^^^^^^^^^^^^^^^^^^^^^^^^^^^
  File "C:\Users\steve\AppData\Local\Programs\Python\Python313\Lib\encodings\cp1252.py", line 19, in encode
    return codecs.charmap_encode(input,self.errors,encoding_table)[0]
           ~~~~~~~~~~~~~~~~~~~~~^^^^^^^^^^^^^^^^^^^^^^^^^^^^^^^^^^
UnicodeEncodeError: 'charmap' codec can't encode character '\u2713' in position 33: character maps to <undefined>
2026-04-02 19:27:47,706 [raptor.v6] INFO: ============================================================
2026-04-02 19:27:47,707 [raptor.v6] INFO: RAPTOR v6.0 DAILY SCAN - 2026-04-02T19:27:47.707674
2026-04-02 19:27:47,707 [raptor.v6] INFO: ============================================================
Traceback (most recent call last):
  File "C:\Users\steve\OneDrive\Desktop\Raptor\main_v6.py", line 120, in <module>
    run_daily_scan()
    ~~~~~~~~~~~~~~^^
  File "C:\Users\steve\OneDrive\Desktop\Raptor\main_v6.py", line 27, in run_daily_scan
    CONFIG.validate_all()
    ~~~~~~~~~~~~~~~~~~~^^
  File "C:\Users\steve\OneDrive\Desktop\Raptor\config.py", line 116, in validate_all
    print(f"[CONFIG] Raptor v{self.version} validated \u2713")
    ~~~~~^^^^^^^^^^^^^^^^^^^^^^^^^^^^^^^^^^^^^^^^^^^^^^^^
  File "C:\Users\steve\AppData\Local\Programs\Python\Python313\Lib\encodings\cp1252.py", line 19, in encode
    return codecs.charmap_encode(input,self.errors,encoding_table)[0]
           ~~~~~~~~~~~~~~~~~~~~~^^^^^^^^^^^^^^^^^^^^^^^^^^^^^^^^^^
UnicodeEncodeError: 'charmap' codec can't encode character '\u2713' in position 33: character maps to <undefined>
[Thu 04/02/2026 19:27:48.00] ===== A/B SCAN COMPLETE ===== 
[Thu 04/02/2026 19:28:06.28] ===== A/B SCAN START ===== 
2026-04-02 19:28:08,784 [raptor.main] INFO: ============================================================
2026-04-02 19:28:08,785 [raptor.main] INFO: RAPTOR v5.2 DAILY SCAN - 2026-04-02T19:28:08.785289
2026-04-02 19:28:08,785 [raptor.main] INFO: ============================================================
Traceback (most recent call last):
  File "C:\Users\steve\OneDrive\Desktop\Raptor\main.py", line 121, in <module>
    run_daily_scan()
    ~~~~~~~~~~~~~~^^
  File "C:\Users\steve\OneDrive\Desktop\Raptor\main.py", line 28, in run_daily_scan
    CONFIG.validate_all()
    ~~~~~~~~~~~~~~~~~~~^^
  File "C:\Users\steve\OneDrive\Desktop\Raptor\config.py", line 116, in validate_all
    print(f"[CONFIG] Raptor v{self.version} validated \u2713")
    ~~~~~^^^^^^^^^^^^^^^^^^^^^^^^^^^^^^^^^^^^^^^^^^^^^^^^
  File "C:\Users\steve\AppData\Local\Programs\Python\Python313\Lib\encodings\cp1252.py", line 19, in encode
    return codecs.charmap_encode(input,self.errors,encoding_table)[0]
           ~~~~~~~~~~~~~~~~~~~~~^^^^^^^^^^^^^^^^^^^^^^^^^^^^^^^^^^
UnicodeEncodeError: 'charmap' codec can't encode character '\u2713' in position 33: character maps to <undefined>
2026-04-02 19:28:10,763 [raptor.v6] INFO: ============================================================
2026-04-02 19:28:10,763 [raptor.v6] INFO: RAPTOR v6.0 DAILY SCAN - 2026-04-02T19:28:10.763837
2026-04-02 19:28:10,764 [raptor.v6] INFO: ============================================================
Traceback (most recent call last):
  File "C:\Users\steve\OneDrive\Desktop\Raptor\main_v6.py", line 120, in <module>
    run_daily_scan()
    ~~~~~~~~~~~~~~^^
  File "C:\Users\steve\OneDrive\Desktop\Raptor\main_v6.py", line 27, in run_daily_scan
    CONFIG.validate_all()
    ~~~~~~~~~~~~~~~~~~~^^
  File "C:\Users\steve\OneDrive\Desktop\Raptor\config.py", line 116, in validate_all
    print(f"[CONFIG] Raptor v{self.version} validated \u2713")
    ~~~~~^^^^^^^^^^^^^^^^^^^^^^^^^^^^^^^^^^^^^^^^^^^^^^^^
  File "C:\Users\steve\AppData\Local\Programs\Python\Python313\Lib\encodings\cp1252.py", line 19, in encode
    return codecs.charmap_encode(input,self.errors,encoding_table)[0]
           ~~~~~~~~~~~~~~~~~~~~~^^^^^^^^^^^^^^^^^^^^^^^^^^^^^^^^^^
UnicodeEncodeError: 'charmap' codec can't encode character '\u2713' in position 33: character maps to <undefined>
[Thu 04/02/2026 19:28:11.06] ===== A/B SCAN COMPLETE ===== 
[Thu 04/02/2026 19:29:34.85] ===== A/B SCAN START ===== 
[Thu 04/02/2026 19:29:56.09] ===== A/B SCAN COMPLETE ===== 
[Thu 04/02/2026 19:30:58.63] ===== A/B SCAN START ===== 
[Thu 04/02/2026 19:31:06.12] ===== A/B SCAN START ===== 
[Thu 04/02/2026 20:29:57.25] ===== A/B SCAN START ===== 
[Thu 04/02/2026 20:30:30.89] ===== A/B SCAN COMPLETE ===== 
[Fri 04/03/2026  9:29:56.96] ===== A/B SCAN START ===== 
[Fri 04/03/2026  9:32:03.85] ===== A/B SCAN COMPLETE ===== 
[Fri 04/03/2026 10:29:57.30] ===== A/B SCAN START ===== 
[Fri 04/03/2026 10:30:21.83] ===== A/B SCAN COMPLETE ===== 
[Fri 04/03/2026 19:36:52.32] ===== A/B SCAN START ===== 
[Fri 04/03/2026 19:37:31.15] ===== A/B SCAN COMPLETE ===== 
[Fri 04/03/2026 20:29:56.99] ===== A/B SCAN START ===== 
[Fri 04/03/2026 20:30:18.52] ===== A/B SCAN COMPLETE ===== 
[Sun 04/05/2026 21:38:51.41] ===== A/B SCAN START ===== 
[Sun 04/05/2026 21:39:22.54] ===== A/B SCAN COMPLETE ===== 
[Mon 04/06/2026 19:46:13.40] ===== A/B SCAN START ===== 
[Mon 04/06/2026 19:46:24.48] ===== A/B SCAN COMPLETE ===== 
[Mon 04/06/2026 20:29:58.29] ===== A/B SCAN START ===== 
[Mon 04/06/2026 20:30:03.61] ===== A/B SCAN COMPLETE ===== 
[Tue 04/07/2026  9:29:57.41] ===== A/B SCAN START ===== 
[Tue 04/07/2026  9:30:15.60] ===== A/B SCAN COMPLETE ===== 
[Tue 04/07/2026 15:29:57.93] ===== A/B SCAN START ===== 
[Tue 04/07/2026 15:30:15.97] ===== A/B SCAN COMPLETE ===== 
[Tue 04/07/2026 19:19:54.28] ===== A/B SCAN START ===== 
[Tue 04/07/2026 19:20:01.11] ===== A/B SCAN COMPLETE ===== 
[Tue 04/07/2026 19:29:57.87] ===== A/B SCAN START ===== 
[Tue 04/07/2026 19:30:02.80] ===== A/B SCAN COMPLETE ===== 
[Wed 04/08/2026  6:28:20.17] ===== A/B SCAN START ===== 
[Wed 04/08/2026  6:29:38.18] ===== A/B SCAN COMPLETE ===== 
[Wed 04/08/2026  9:29:57.30] Raptor v5.3 scan starting 
[Wed 04/08/2026  9:30:09.39] Raptor v5.3 scan complete 
[Wed 04/08/2026 16:59:49.22] Raptor v5.3 scan starting 
[Wed 04/08/2026 17:00:26.17] Raptor v5.3 scan complete 
[Wed 04/08/2026 17:49:28.39] Raptor v5.3 scan starting 
[Wed 04/08/2026 17:49:43.92] Raptor v5.3 scan complete 
[Wed 04/08/2026 18:51:25.94] Raptor v5.3 scan starting 
[Wed 04/08/2026 18:51:41.61] Raptor v5.3 scan complete 
[Wed 04/08/2026 19:29:57.72] Raptor v5.3 scan starting 
[Wed 04/08/2026 19:30:09.18] Raptor v5.3 scan complete 
[Wed 04/08/2026 20:29:57.74] Raptor v5.3 scan starting 
[Wed 04/08/2026 20:30:08.27] Raptor v5.3 scan complete 
[Thu 04/09/2026 19:29:57.27] Raptor v5.4 starting 
[Thu 04/09/2026 19:30:19.00] Raptor v5.4 complete 
[Thu 04/09/2026 20:29:57.60] Raptor v5.4 starting 
[Thu 04/09/2026 20:30:17.96] Raptor v5.4 complete 
[Fri 04/10/2026  9:29:57.21] Raptor v5.4 starting 
[Fri 04/10/2026  9:33:23.14] Raptor v5.4 complete 
[Fri 04/10/2026 12:29:57.62] Raptor v5.4 starting 
[Fri 04/10/2026 12:30:22.98] Raptor v5.4 complete 
[Fri 04/10/2026 13:29:57.71] Raptor v5.4 starting 
[Fri 04/10/2026 13:30:30.86] Raptor v5.4 complete 
[Fri 04/10/2026 14:29:58.29] Raptor v5.4 starting 
[Fri 04/10/2026 14:30:43.85] Raptor v5.4 complete 
[Fri 04/10/2026 15:29:58.04] Raptor v5.4 starting 
[Fri 04/10/2026 15:30:27.62] Raptor v5.4 complete 
[Fri 04/10/2026 16:29:57.59] Raptor v5.4 starting 
[Fri 04/10/2026 16:30:36.60] Raptor v5.4 complete 
[Fri 04/10/2026 17:29:57.61] Raptor v5.4 starting 
[Fri 04/10/2026 17:30:24.58] Raptor v5.4 complete 
[Fri 04/10/2026 19:29:57.60] Raptor v5.4 starting 
[Fri 04/10/2026 19:30:24.21] Raptor v5.4 complete 
[Fri 04/10/2026 21:29:57.93] Raptor v5.4 starting 
[Fri 04/10/2026 21:30:24.55] Raptor v5.4 complete 
[Sat 04/11/2026  9:29:57.03] Raptor v5.4 starting 
[Sat 04/11/2026  9:31:21.55] Raptor v5.4 complete 
[Sat 04/11/2026 13:29:57.06] Raptor v5.4 starting 
[Sat 04/11/2026 13:30:19.89] Raptor v5.4 complete 
[Mon 04/13/2026  4:49:54.08] Raptor v5.4 starting 
[Mon 04/13/2026  4:51:49.51] Raptor v5.4 complete 
[Mon 04/13/2026 21:29:57.10] Raptor v5.4 starting 
[Mon 04/13/2026 21:30:40.05] Raptor v5.4 complete 
[Tue 04/14/2026 19:04:18.03] Raptor v5.4 starting 
[Tue 04/14/2026 19:05:54.40] Raptor v5.4 complete 
[Tue 04/14/2026 19:29:57.92] Raptor v5.4 starting 
[Tue 04/14/2026 19:30:20.40] Raptor v5.4 complete 
[Wed 04/15/2026  8:27:40.55] Raptor v5.4 starting 
[Wed 04/15/2026  8:28:07.62] Raptor v5.4 starting 
[Wed 04/15/2026  8:28:11.77] Raptor v5.4 starting 
[Wed 04/15/2026  9:29:57.14] Raptor v5.4 starting 
[Wed 04/15/2026  9:31:02.47] Raptor v5.4 complete 
[Wed 04/15/2026 15:50:30.69] Raptor v5.4 starting 
[Wed 04/15/2026 15:51:10.88] Raptor v5.4 complete 
[Wed 04/15/2026 15:53:43.92] Raptor v5.4 starting 
[Wed 04/15/2026 15:54:11.30] Raptor v5.4 complete 
[Thu 04/16/2026  9:29:56.67] Raptor v5.4 starting 
[Thu 04/16/2026  9:32:50.32] Raptor v5.4 complete 
[Thu 04/16/2026 18:26:46.97] Raptor v5.4 starting 
[Thu 04/16/2026 18:27:18.55] Raptor v5.4 complete 
[Thu 04/16/2026 18:31:53.93] Raptor v5.4 starting 
[Thu 04/16/2026 18:32:10.26] Raptor v5.4 complete 
[Thu 04/16/2026 19:54:28.72] Raptor v5.4 starting 
[Thu 04/16/2026 19:54:48.61] Raptor v5.4 complete 
[Fri 04/17/2026 13:01:29.47] Raptor v5.4 starting 
[Fri 04/17/2026 13:02:14.52] Raptor v5.4 complete 
[Fri 04/17/2026 14:15:25.78] Raptor v5.4 starting 
[Fri 04/17/2026 14:15:53.64] Raptor v5.4 complete 
[Tue 04/21/2026  9:50:57.19] Raptor v5.4 starting 
[Tue 04/21/2026  9:51:40.87] Raptor v5.4 complete 
[Wed 04/22/2026  9:50:56.85] Raptor v5.4 starting 
[Wed 04/22/2026  9:51:55.07] Raptor v5.4 complete 
[Thu 04/23/2026  9:50:57.20] Raptor v5.4 starting 
[Thu 04/23/2026  9:51:49.14] Raptor v5.4 complete 
[Fri 04/24/2026  9:50:56.99] Raptor v5.4 starting 
[Fri 04/24/2026  9:51:41.41] Raptor v5.4 complete 
[Sat 04/25/2026  9:50:57.50] Raptor v5.4 starting 
[Sat 04/25/2026  9:51:55.79] Raptor v5.4 complete 
[Sun 04/26/2026  9:50:57.25] Raptor v5.4 starting 
[Sun 04/26/2026  9:51:29.86] Raptor v5.4 complete 
[Mon 04/27/2026 20:33:02.00] Raptor v5.4 starting 
[Mon 04/27/2026 20:33:32.62] Raptor v5.4 complete 
[Tue 04/28/2026  9:50:57.21] Raptor v5.4 starting 
[Tue 04/28/2026  9:51:33.83] Raptor v5.4 complete 
[Wed 04/29/2026  9:50:56.51] Raptor v5.4 starting 
[Wed 04/29/2026  9:51:43.03] Raptor v5.4 complete 
[Thu 04/30/2026  9:50:56.65] Raptor v5.4 starting 
[Thu 04/30/2026  9:51:35.63] Raptor v5.4 complete 
[Fri 05/01/2026  9:50:57.00] Raptor v5.4 starting 
[Fri 05/01/2026  9:52:29.58] Raptor v5.4 complete 
[Sat 05/02/2026  9:50:56.67] Raptor v5.4 starting 
[Sat 05/02/2026  9:52:08.35] Raptor v5.4 complete 
[Tue 05/05/2026  9:50:57.40] Raptor v5.4 starting 
[Tue 05/05/2026  9:52:11.66] Raptor v5.4 complete 
[Wed 05/06/2026  9:50:57.24] Raptor v5.4 starting 
[Wed 05/06/2026  9:53:02.05] Raptor v5.4 complete 
[Thu 05/07/2026  9:50:57.50] Raptor v5.4 starting 
[Thu 05/07/2026  9:54:02.60] Raptor v5.4 complete 
[Fri 05/08/2026 16:19:17.07] Raptor v5.4 starting 
[Fri 05/08/2026 16:19:34.99] Raptor v5.4 complete 
[Sat 05/09/2026  9:50:56.54] Raptor v5.4 starting 
[Sat 05/09/2026  9:51:05.07] Raptor v5.4 complete 
[Sat 05/09/2026 15:50:00.36] Afternoon monitor starting 
[Sat 05/09/2026 15:50:26.87] Afternoon monitor complete 
[Sat 05/09/2026 16:41:16.56] Recap starting 
[Sat 05/09/2026 16:41:39.74] Recap complete 
[Sun 05/10/2026  9:28:01.85] PreMarket scan starting 
[Sun 05/10/2026  9:28:12.56] PreMarket complete 
[Sun 05/10/2026  9:35:01.95] Entry scan starting 
[Sun 05/10/2026  9:38:47.38] Entry scan complete 
[Sun 05/10/2026  9:52:01.85] Morning monitor starting 
[Sun 05/10/2026 15:50:01.52] Afternoon monitor starting 
[Sun 05/10/2026 16:30:01.73] Recap starting 
[Mon 05/11/2026  9:28:01.82] PreMarket scan starting 
[Mon 05/11/2026  9:28:59.30] PreMarket complete 
[Mon 05/11/2026  9:35:02.03] Entry scan starting 
[Mon 05/11/2026  9:38:41.90] Entry scan complete 
[Mon 05/11/2026  9:52:01.80] Morning monitor starting 
[Mon 05/11/2026 15:50:01.78] Afternoon monitor starting 
[Mon 05/11/2026 16:30:02.95] Recap starting 
[Mon 05/11/2026 16:55:38.97] Recap complete 
[Tue 05/12/2026  9:28:02.16] PreMarket scan starting 
[Tue 05/12/2026  9:29:07.32] PreMarket complete 
[Tue 05/12/2026  9:35:02.22] Entry scan starting 
[Tue 05/12/2026  9:39:28.27] Entry scan complete 
[Tue 05/12/2026  9:52:02.17] Morning monitor starting 
[Tue 05/12/2026 15:50:01.78] Afternoon monitor starting 
[Tue 05/12/2026 16:30:02.18] Recap starting 
[Tue 05/12/2026 16:55:47.39] Recap complete 
[Wed 05/13/2026 16:44:53.75] Recap starting 
[Wed 05/13/2026 17:07:39.35] Recap complete 
[Thu 05/14/2026  9:28:01.73] PreMarket scan starting 
[Thu 05/14/2026  9:29:04.22] PreMarket complete 
[Thu 05/14/2026  9:35:01.78] Entry scan starting 
[Thu 05/14/2026  9:39:01.45] Entry scan complete 
[Thu 05/14/2026  9:52:01.76] Morning monitor starting 
[Thu 05/14/2026 15:50:01.70] Afternoon monitor starting 
[Thu 05/14/2026 16:30:02.00] Recap starting 
[Thu 05/14/2026 16:51:14.11] Recap complete 
[Fri 05/15/2026  9:28:02.27] PreMarket scan starting 
[Fri 05/15/2026  9:29:01.61] PreMarket complete 
[Fri 05/15/2026  9:35:02.05] Entry scan starting 
[Fri 05/15/2026  9:39:19.35] Entry scan complete 
[Fri 05/15/2026  9:52:02.05] Morning monitor starting 
[Fri 05/15/2026 18:24:53.64] Recap email starting 
[Fri 05/15/2026 18:34:13.98] Recap email complete 
[Sat 05/16/2026  9:28:01.76] PreMarket scan starting 
[Sat 05/16/2026  9:28:15.42] PreMarket complete 
[Sat 05/16/2026  9:35:01.83] Entry scan starting 
[Sat 05/16/2026  9:35:06.29] Entry scan complete 
[Sat 05/16/2026  9:52:01.72] Morning monitor starting 
[Sat 05/16/2026  9:52:21.53] Morning monitor complete 
[Sat 05/16/2026 15:50:01.41] Afternoon monitor starting 
[Sat 05/16/2026 15:50:43.69] Afternoon monitor complete 
[Sat 05/16/2026 16:30:01.51] Recap email starting 
[Sat 05/16/2026 16:30:20.85] Recap email complete 
[Sun 05/17/2026  9:28:01.73] PreMarket scan starting 
[Sun 05/17/2026  9:35:01.85] Entry scan starting 
[Sun 05/17/2026  9:52:01.63] Morning monitor starting 
[Sun 05/17/2026  9:52:21.02] Morning monitor complete 
[Sun 05/17/2026 15:50:01.63] Afternoon monitor starting 
[Sun 05/17/2026 15:50:41.67] Afternoon monitor complete 
[Sun 05/17/2026 17:00:06.31] Recap email starting 
[Sun 05/17/2026 17:00:18.22] Recap email complete 
[Mon 05/18/2026  9:28:02.22] PreMarket scan starting 
[Mon 05/18/2026  9:28:10.80] PreMarket complete 
[Mon 05/18/2026  9:35:02.28] Entry scan starting 
[Mon 05/18/2026  9:35:05.93] Entry scan complete 
[Mon 05/18/2026  9:52:02.14] Morning monitor starting 
[Mon 05/18/2026  9:52:48.30] Morning monitor complete 
[Mon 05/18/2026 15:50:01.79] Afternoon monitor starting 
[Mon 05/18/2026 15:50:31.64] Afternoon monitor complete 
[Mon 05/18/2026 16:30:00.78] Recap email starting 
[Mon 05/18/2026 16:30:01.86] Recap email starting 
[Mon 05/18/2026 16:30:11.23] Recap email complete 
[Mon 05/18/2026 16:30:11.24] Recap email complete 
[Tue 05/19/2026  9:28:02.16] PreMarket scan starting 
[Tue 05/19/2026  9:28:57.95] PreMarket complete 
[Tue 05/19/2026  9:35:02.21] Entry scan starting 
[Tue 05/19/2026  9:35:05.39] Entry scan complete 
[Tue 05/19/2026  9:52:02.08] Morning monitor starting 
[Tue 05/19/2026  9:52:24.68] Morning monitor complete 
[Tue 05/19/2026 15:50:01.68] Afternoon monitor starting 
[Tue 05/19/2026 15:50:50.04] Afternoon monitor complete 
[Tue 05/19/2026 16:30:00.69] Recap email starting 
[Tue 05/19/2026 16:30:01.77] Recap email starting 
[Tue 05/19/2026 16:30:30.97] Recap email complete 
[Tue 05/19/2026 16:30:32.15] Recap email complete 
[Wed 05/20/2026  9:28:01.52] PreMarket scan starting 
[Wed 05/20/2026  9:28:57.13] PreMarket complete 
[Wed 05/20/2026  9:35:01.53] Entry scan starting 
[Wed 05/20/2026  9:35:04.84] Entry scan complete 
[Wed 05/20/2026  9:52:02.08] Morning monitor starting 
[Wed 05/20/2026  9:52:26.81] Morning monitor complete 
[Wed 05/20/2026 15:50:02.13] Afternoon monitor starting 
[Wed 05/20/2026 15:50:54.73] Afternoon monitor complete 
[Wed 05/20/2026 16:30:01.21] Recap email starting 
[Wed 05/20/2026 16:30:39.44] Recap email complete 
[Wed 05/20/2026 18:38:09.82] Recap email starting 
[Wed 05/20/2026 18:38:29.54] Recap email complete 
[Thu 05/21/2026  9:28:01.65] PreMarket scan starting 
[Thu 05/21/2026  9:28:58.40] PreMarket complete 
[Thu 05/21/2026  9:35:01.69] Entry scan starting 
[Thu 05/21/2026  9:35:04.86] Entry scan complete 
[Thu 05/21/2026  9:52:01.55] Morning monitor starting 
[Thu 05/21/2026  9:52:24.46] Morning monitor complete 
[Thu 05/21/2026 15:50:01.20] Afternoon monitor starting 
[Thu 05/21/2026 15:50:54.54] Afternoon monitor complete 
[Thu 05/21/2026 16:30:00.16] Recap email starting 
[Thu 05/21/2026 16:30:01.27] Recap email starting 
[Thu 05/21/2026 16:30:23.28] Recap email complete 
[Thu 05/21/2026 16:30:23.82] Recap email complete 
[Fri 05/22/2026  9:28:01.26] PreMarket scan starting 
[Fri 05/22/2026  9:28:59.19] PreMarket complete 
[Fri 05/22/2026  9:35:01.62] Entry scan starting 
[Fri 05/22/2026  9:35:16.37] Entry scan complete 
[Fri 05/22/2026  9:52:01.81] Morning monitor starting 
[Fri 05/22/2026  9:52:26.59] Morning monitor complete 
[Fri 05/22/2026 15:50:01.47] Afternoon monitor starting 
[Fri 05/22/2026 15:51:07.73] Afternoon monitor complete 
[Fri 05/22/2026 16:30:01.29] Recap email starting 
[Fri 05/22/2026 16:30:30.84] Recap email complete 
[Sat 05/23/2026  9:29:58.14] Recap email starting 
[Sat 05/23/2026  9:29:58.20] PreMarket scan starting 
[Sat 05/23/2026  9:31:48.34] PreMarket complete 
[Sat 05/23/2026  9:31:59.33] Recap email complete 
[Sat 05/23/2026  9:35:01.75] Entry scan starting 
[Sat 05/23/2026  9:35:29.50] Entry scan complete 
[Sat 05/23/2026  9:52:01.59] Morning monitor starting 
[Sat 05/23/2026  9:52:27.63] Morning monitor complete 
[Sat 05/23/2026 15:50:01.56] Afternoon monitor starting 
[Sat 05/23/2026 15:50:58.41] Afternoon monitor complete 
[Sat 05/23/2026 16:30:01.51] Recap email starting 
[Sat 05/23/2026 16:30:18.49] Recap email complete 
[Sun 05/24/2026  9:28:01.64] PreMarket scan starting 
[Sun 05/24/2026  9:28:53.24] PreMarket complete 
[Sun 05/24/2026  9:35:02.09] Entry scan starting 
[Sun 05/24/2026  9:36:55.03] Entry scan complete 
[Sun 05/24/2026  9:52:01.79] Morning monitor starting 
[Sun 05/24/2026 15:50:01.99] Afternoon monitor starting 
[Sun 05/24/2026 15:50:35.48] Afternoon monitor complete 
[Sun 05/24/2026 16:30:02.09] Recap email starting 
[Sun 05/24/2026 16:30:15.28] Recap email complete 
[Mon 05/25/2026  9:28:02.30] PreMarket scan starting 
[Mon 05/25/2026  9:28:14.46] PreMarket complete 
[Mon 05/25/2026  9:35:02.33] Entry scan starting 
[Mon 05/25/2026  9:35:54.11] Entry scan complete 
[Mon 05/25/2026  9:52:02.25] Morning monitor starting 
[Mon 05/25/2026  9:52:09.54] Morning monitor complete 
[Mon 05/25/2026 15:50:02.15] Afternoon monitor starting 
[Mon 05/25/2026 15:50:44.50] Afternoon monitor complete 
[Mon 05/25/2026 16:30:00.75] Recap email starting 
[Mon 05/25/2026 16:30:01.83] Recap email starting 
[Mon 05/25/2026 16:30:21.04] Recap email complete 
[Mon 05/25/2026 16:30:22.95] Recap email complete 
[Tue 05/26/2026  9:28:01.31] PreMarket scan starting 
[Tue 05/26/2026  9:28:49.95] PreMarket complete 
[Tue 05/26/2026  9:35:01.68] Entry scan starting 
[Tue 05/26/2026  9:36:47.64] Entry scan complete 
[Tue 05/26/2026  9:52:01.40] Morning monitor starting 
[Tue 05/26/2026  9:52:29.29] Morning monitor complete 
[Tue 05/26/2026 15:50:02.00] Afternoon monitor starting 
[Tue 05/26/2026 15:50:43.54] Afternoon monitor complete 
[Tue 05/26/2026 16:30:01.00] Recap email starting 
[Tue 05/26/2026 16:30:02.12] Recap email starting 
[Tue 05/26/2026 16:30:18.62] Recap email complete 
[Tue 05/26/2026 16:30:19.25] Recap email complete 
[Wed 05/27/2026  9:28:01.81] PreMarket scan starting 
[Wed 05/27/2026  9:29:09.97] PreMarket complete 
[Wed 05/27/2026  9:35:01.86] Entry scan starting 
[Wed 05/27/2026  9:36:47.74] Entry scan complete 
[Wed 05/27/2026  9:52:01.88] Morning monitor starting 
[Wed 05/27/2026  9:52:24.00] Morning monitor complete 
[Wed 05/27/2026 15:50:00.93] Afternoon monitor starting 
[Wed 05/27/2026 15:50:34.01] Afternoon monitor complete 
[Wed 05/27/2026 16:30:00.88] Recap email starting 
[Wed 05/27/2026 16:30:01.00] Recap email starting 
[Wed 05/27/2026 16:30:14.22] Recap email complete 
[Wed 05/27/2026 16:30:14.78] Recap email complete 
[Wed 05/27/2026 18:07:27.91] After-close sequence starting 
[Wed 05/27/2026 18:07:38.33] After-close sequence complete 
[Thu 05/28/2026  9:28:00.69] PreMarket scan starting 
[Thu 05/28/2026  9:28:54.55] PreMarket complete 
[Thu 05/28/2026  9:35:01.02] Entry scan starting 
[Thu 05/28/2026  9:36:44.99] Entry scan complete 
[Thu 05/28/2026  9:52:00.71] Morning monitor starting 
[Thu 05/28/2026  9:52:17.26] Morning monitor complete 
[Thu 05/28/2026 15:50:00.64] Afternoon monitor starting 
[Thu 05/28/2026 15:50:36.54] Afternoon monitor complete 
[Thu 05/28/2026 16:30:00.79] Recap email starting 
[Thu 05/28/2026 16:30:00.80] Recap email starting 
[Thu 05/28/2026 16:30:14.19] Recap email complete 
[Thu 05/28/2026 16:30:14.83] Recap email complete 
[Thu 05/28/2026 17:00:02.51] After-close sequence starting 
[Thu 05/28/2026 17:00:12.03] After-close sequence complete 
[Fri 05/29/2026  9:28:00.61] PreMarket scan starting 
[Fri 05/29/2026  9:28:52.80] PreMarket complete 
[Fri 05/29/2026  9:35:00.96] Entry scan starting 
[Fri 05/29/2026  9:36:50.52] Entry scan complete 
[Fri 05/29/2026  9:52:00.59] Morning monitor starting 
[Fri 05/29/2026  9:52:16.69] Morning monitor complete 
[Fri 05/29/2026 12:26:48.14] Entry scan starting 
[Fri 05/29/2026 12:26:57.30] Entry scan starting 
[Fri 05/29/2026 15:50:00.16] Afternoon monitor starting 
[Fri 05/29/2026 15:50:25.93] Afternoon monitor complete 
[Fri 05/29/2026 16:30:00.21] Recap email starting 
[Fri 05/29/2026 16:30:00.73] Recap email starting 
[Fri 05/29/2026 16:30:12.67] Recap email complete 
[Fri 05/29/2026 16:30:14.42] Recap email complete 
[Fri 05/29/2026 17:00:02.51] After-close sequence starting 
[Fri 05/29/2026 17:00:11.81] After-close sequence complete 
[Sat 05/30/2026 17:00:02.27] After-close sequence starting 
[Sat 05/30/2026 17:00:22.38] After-close sequence complete 
[Sun 05/31/2026 17:00:01.41] After-close sequence starting 
[Sun 05/31/2026 17:00:11.98] After-close sequence complete 
[Mon 06/01/2026  9:28:00.55] PreMarket scan starting 
[Mon 06/01/2026  9:28:54.13] PreMarket complete 
[Mon 06/01/2026  9:35:00.62] Entry scan starting 
[Mon 06/01/2026  9:36:48.85] Entry scan complete 
[Mon 06/01/2026  9:52:00.52] Morning monitor starting 
[Mon 06/01/2026  9:52:29.54] Morning monitor complete 
[Mon 06/01/2026 15:50:01.04] Afternoon monitor starting 
[Mon 06/01/2026 15:50:22.63] Afternoon monitor complete 
[Mon 06/01/2026 16:30:01.11] Recap email starting 
[Mon 06/01/2026 16:30:01.29] Recap email starting 
[Mon 06/01/2026 16:30:14.35] Recap email complete 
[Mon 06/01/2026 16:30:14.77] Recap email complete 
[Mon 06/01/2026 17:00:02.65] After-close sequence starting 
[Mon 06/01/2026 17:00:13.10] After-close sequence complete 
[Tue 06/02/2026  9:28:00.22] PreMarket scan starting 
[Tue 06/02/2026  9:28:56.07] PreMarket complete 
[Tue 06/02/2026  9:35:00.34] Entry scan starting 
[Tue 06/02/2026  9:36:51.39] Entry scan complete 
[Tue 06/02/2026  9:52:00.22] Morning monitor starting 
[Tue 06/02/2026  9:52:16.80] Morning monitor complete 
[Tue 06/02/2026 15:50:00.81] Afternoon monitor starting 
[Tue 06/02/2026 15:50:35.75] Afternoon monitor complete 
[Tue 06/02/2026 16:30:00.87] Recap email starting 
[Tue 06/02/2026 16:30:01.06] Recap email starting 
[Tue 06/02/2026 16:30:15.53] Recap email complete 
[Tue 06/02/2026 16:30:15.98] Recap email complete 
[Tue 06/02/2026 17:00:02.40] After-close sequence starting 
[Tue 06/02/2026 17:00:12.87] After-close sequence complete 
[Wed 06/03/2026  9:28:01.05] PreMarket scan starting 
[Wed 06/03/2026  9:28:54.39] PreMarket complete 
[Wed 06/03/2026  9:35:01.44] Entry scan starting 
[Wed 06/03/2026  9:36:59.48] Entry scan complete 
[Wed 06/03/2026  9:52:01.03] Morning monitor starting 
[Wed 06/03/2026  9:52:17.77] Morning monitor complete 
[Wed 06/03/2026 15:50:01.19] Afternoon monitor starting 
[Wed 06/03/2026 15:50:51.83] Afternoon monitor complete 
[Wed 06/03/2026 16:30:01.22] Recap email starting 
[Wed 06/03/2026 16:30:25.21] Recap email complete 
[Wed 06/03/2026 17:30:27.93] Recap email starting 
[Wed 06/03/2026 17:30:28.32] After-close sequence starting 
[Wed 06/03/2026 17:30:45.91] After-close sequence complete 
[Wed 06/03/2026 17:30:48.15] Recap email complete 
[Thu 06/04/2026  9:28:00.53] PreMarket scan starting 
[Thu 06/04/2026  9:29:06.23] PreMarket complete 
[Thu 06/04/2026  9:35:00.77] Entry scan starting 
[Thu 06/04/2026  9:35:11.29] Entry scan complete 
[Thu 06/04/2026  9:52:00.81] Morning monitor starting 
[Thu 06/04/2026  9:52:16.65] Morning monitor complete 
[Thu 06/04/2026 15:50:01.23] Afternoon monitor starting 
[Thu 06/04/2026 15:50:43.26] Afternoon monitor complete 
[Thu 06/04/2026 16:30:01.05] Recap email starting 
[Thu 06/04/2026 16:30:01.22] Recap email starting 
[Thu 06/04/2026 16:30:19.03] Recap email complete 
[Thu 06/04/2026 16:30:19.72] Recap email complete 
[Thu 06/04/2026 17:00:03.06] After-close sequence starting 
[Thu 06/04/2026 17:00:16.71] After-close sequence complete 
[Fri 06/05/2026  9:28:00.44] PreMarket scan starting 
[Fri 06/05/2026  9:28:09.40] PreMarket complete 
[Fri 06/05/2026  9:35:00.79] Entry scan starting 
[Fri 06/05/2026  9:35:11.33] Entry scan complete 
[Fri 06/05/2026  9:52:00.33] Morning monitor starting 
[Fri 06/05/2026  9:52:17.88] Morning monitor complete 
[Fri 06/05/2026 15:50:00.37] Afternoon monitor starting 
[Fri 06/05/2026 15:50:43.43] Afternoon monitor complete 
[Fri 06/05/2026 16:30:01.04] Recap email starting 
[Fri 06/05/2026 16:30:01.69] Recap email starting 
[Fri 06/05/2026 16:30:18.77] Recap email complete 
[Fri 06/05/2026 16:30:19.62] Recap email complete 
[Fri 06/05/2026 17:00:03.24] After-close sequence starting 
[Fri 06/05/2026 17:00:14.40] After-close sequence complete 
