2026-04-19 00:32:56,372 [raptor.crypto] INFO: ==================================================
2026-04-19 00:32:56,380 [raptor.crypto] INFO: RAPTOR CRYPTO v1.0 - 2026-04-19T00:32:56.379985
2026-04-19 00:32:56,380 [raptor.crypto] INFO: ==================================================
2026-04-19 00:32:58,423 [raptor.crypto] INFO: Equity: $105424.26 | Crypto budget: $10542.43 | Positions: 0
2026-04-19 00:32:59,265 [raptor.crypto] INFO: BTC/USD: $75720.77 RSI=29.1 BB_z=-0.98 H=0.66 ADX=56.0 Mom=-1.9% [TRENDING]
2026-04-19 00:32:59,265 [raptor.crypto] INFO: NO SIGNAL BTC/USD
2026-04-19 00:32:59,483 [raptor.crypto] INFO: ETH/USD: $2349.20 RSI=32.8 BB_z=-0.87 H=0.67 ADX=43.8 Mom=-2.5% [TRENDING]
2026-04-19 00:32:59,484 [raptor.crypto] INFO: NO SIGNAL ETH/USD
2026-04-19 01:33:00,416 [raptor.crypto] INFO: ==================================================
2026-04-19 01:33:00,417 [raptor.crypto] INFO: RAPTOR CRYPTO v1.0 - 2026-04-19T01:33:00.417836
2026-04-19 01:33:00,418 [raptor.crypto] INFO: ==================================================
2026-04-19 01:33:01,838 [raptor.crypto] INFO: Equity: $105424.26 | Crypto budget: $10542.43 | Positions: 0
2026-04-19 01:33:02,580 [raptor.crypto] INFO: BTC/USD: $75662.65 RSI=26.7 BB_z=-1.04 H=0.65 ADX=57.2 Mom=-1.9% [TRENDING]
2026-04-19 01:33:02,580 [raptor.crypto] INFO: NO SIGNAL BTC/USD
2026-04-19 01:33:02,675 [raptor.crypto] INFO: ETH/USD: $2348.99 RSI=32.6 BB_z=-0.83 H=0.67 ADX=44.7 Mom=-2.5% [TRENDING]
2026-04-19 01:33:02,676 [raptor.crypto] INFO: NO SIGNAL ETH/USD
2026-04-19 02:33:04,309 [raptor.crypto] INFO: ==================================================
2026-04-19 02:33:04,310 [raptor.crypto] INFO: RAPTOR CRYPTO v1.0 - 2026-04-19T02:33:04.310748
2026-04-19 02:33:04,311 [raptor.crypto] INFO: ==================================================
2026-04-19 02:33:05,691 [raptor.crypto] INFO: Equity: $105424.26 | Crypto budget: $10542.43 | Positions: 0
2026-04-19 02:33:06,528 [raptor.crypto] INFO: BTC/USD: $75522.04 RSI=21.7 BB_z=-1.31 H=0.65 ADX=58.7 Mom=-2.1% [TRENDING]
2026-04-19 02:33:06,528 [raptor.crypto] INFO: NO SIGNAL BTC/USD
2026-04-19 02:33:06,636 [raptor.crypto] INFO: ETH/USD: $2339.71 RSI=24.7 BB_z=-1.40 H=0.66 ADX=47.0 Mom=-2.9% [TRENDING]
2026-04-19 02:33:06,636 [raptor.crypto] INFO: NO SIGNAL ETH/USD
2026-04-19 03:33:07,395 [raptor.crypto] INFO: ==================================================
2026-04-19 03:33:07,396 [raptor.crypto] INFO: RAPTOR CRYPTO v1.0 - 2026-04-19T03:33:07.396388
2026-04-19 03:33:07,397 [raptor.crypto] INFO: ==================================================
2026-04-19 03:33:08,814 [raptor.crypto] INFO: Equity: $105424.26 | Crypto budget: $10542.43 | Positions: 0
2026-04-19 03:33:09,658 [raptor.crypto] INFO: BTC/USD: $75533.30 RSI=23.0 BB_z=-1.28 H=0.64 ADX=60.6 Mom=-1.9% [TRENDING]
2026-04-19 03:33:09,658 [raptor.crypto] INFO: NO SIGNAL BTC/USD
2026-04-19 03:33:09,754 [raptor.crypto] INFO: ETH/USD: $2340.52 RSI=26.5 BB_z=-1.53 H=0.65 ADX=49.1 Mom=-2.7% [TRENDING]
2026-04-19 03:33:09,755 [raptor.crypto] INFO: NO SIGNAL ETH/USD
2026-04-19 04:33:11,323 [raptor.crypto] INFO: ==================================================
2026-04-19 04:33:11,324 [raptor.crypto] INFO: RAPTOR CRYPTO v1.0 - 2026-04-19T04:33:11.324334
2026-04-19 04:33:11,324 [raptor.crypto] INFO: ==================================================
2026-04-19 04:33:13,891 [raptor.crypto] INFO: Equity: $105424.26 | Crypto budget: $10542.43 | Positions: 0
2026-04-19 04:33:14,760 [raptor.crypto] INFO: BTC/USD: $75711.18 RSI=41.2 BB_z=-0.72 H=0.66 ADX=58.1 Mom=-1.4% [TRENDING]
2026-04-19 04:33:14,761 [raptor.crypto] INFO: NO SIGNAL BTC/USD
2026-04-19 04:33:14,833 [raptor.crypto] INFO: ETH/USD: $2334.26 RSI=21.8 BB_z=-2.01 H=0.66 ADX=52.3 Mom=-2.0% [TRENDING]
2026-04-19 04:33:14,833 [raptor.crypto] INFO: NO SIGNAL ETH/USD
2026-04-19 05:33:16,659 [raptor.crypto] INFO: ==================================================
2026-04-19 05:33:16,660 [raptor.crypto] INFO: RAPTOR CRYPTO v1.0 - 2026-04-19T05:33:16.660393
2026-04-19 05:33:16,661 [raptor.crypto] INFO: ==================================================
2026-04-19 05:33:18,354 [raptor.crypto] INFO: Equity: $105424.26 | Crypto budget: $10542.43 | Positions: 0
2026-04-19 05:33:20,230 [raptor.crypto] INFO: BTC/USD: $75569.37 RSI=33.9 BB_z=-1.19 H=0.65 ADX=55.9 Mom=-1.4% [TRENDING]
2026-04-19 05:33:20,230 [raptor.crypto] INFO: NO SIGNAL BTC/USD
2026-04-19 05:33:20,418 [raptor.crypto] INFO: ETH/USD: $2334.66 RSI=22.8 BB_z=-1.88 H=0.64 ADX=55.1 Mom=-1.8% [TRENDING]
2026-04-19 05:33:20,418 [raptor.crypto] INFO: NO SIGNAL ETH/USD
2026-04-19 06:33:21,763 [raptor.crypto] INFO: ==================================================
2026-04-19 06:33:21,765 [raptor.crypto] INFO: RAPTOR CRYPTO v1.0 - 2026-04-19T06:33:21.765190
2026-04-19 06:33:21,766 [raptor.crypto] INFO: ==================================================
2026-04-19 06:33:23,328 [raptor.crypto] INFO: Equity: $105424.26 | Crypto budget: $10542.43 | Positions: 0
2026-04-19 06:33:24,613 [raptor.crypto] INFO: BTC/USD: $75422.05 RSI=27.9 BB_z=-1.59 H=0.65 ADX=56.0 Mom=-1.0% [TRENDING]
2026-04-19 06:33:24,615 [raptor.crypto] INFO: NO SIGNAL BTC/USD
2026-04-19 06:33:24,778 [raptor.crypto] INFO: ETH/USD: $2327.96 RSI=18.3 BB_z=-2.13 H=0.65 ADX=58.2 Mom=-1.4% [TRENDING]
2026-04-19 06:33:24,779 [raptor.crypto] INFO: NO SIGNAL ETH/USD
2026-04-19 07:33:26,325 [raptor.crypto] INFO: ==================================================
2026-04-19 07:33:26,326 [raptor.crypto] INFO: RAPTOR CRYPTO v1.0 - 2026-04-19T07:33:26.326623
2026-04-19 07:33:26,327 [raptor.crypto] INFO: ==================================================
2026-04-19 07:33:27,786 [raptor.crypto] INFO: Equity: $105424.26 | Crypto budget: $10542.43 | Positions: 0
2026-04-19 07:33:28,647 [raptor.crypto] INFO: BTC/USD: $75278.73 RSI=23.3 BB_z=-1.85 H=0.67 ADX=58.4 Mom=-1.1% [TRENDING]
2026-04-19 07:33:28,648 [raptor.crypto] INFO: NO SIGNAL BTC/USD
2026-04-19 07:33:28,828 [raptor.crypto] INFO: ETH/USD: $2317.06 RSI=13.4 BB_z=-2.45 H=0.65 ADX=62.2 Mom=-1.5% [TRENDING]
2026-04-19 07:33:28,829 [raptor.crypto] INFO: NO SIGNAL ETH/USD
2026-04-19 08:29:22,079 [raptor.crypto] INFO: ==================================================
2026-04-19 08:29:22,081 [raptor.crypto] INFO: RAPTOR CRYPTO v1.0 - 2026-04-19T08:29:22.081309
2026-04-19 08:29:22,082 [raptor.crypto] INFO: ==================================================
2026-04-19 08:29:23,953 [raptor.crypto] INFO: Equity: $105424.26 | Crypto budget: $10542.43 | Positions: 0
2026-04-19 08:29:24,777 [raptor.crypto] INFO: BTC/USD: $75295.59 RSI=25.0 BB_z=-1.63 H=0.67 ADX=60.5 Mom=-1.2% [TRENDING]
2026-04-19 08:29:24,779 [raptor.crypto] INFO: NO SIGNAL BTC/USD
2026-04-19 08:29:24,856 [raptor.crypto] INFO: ETH/USD: $2319.02 RSI=18.0 BB_z=-1.94 H=0.66 ADX=65.6 Mom=-1.7% [TRENDING]
2026-04-19 08:29:24,857 [raptor.crypto] INFO: NO SIGNAL ETH/USD
2026-04-19 08:33:30,455 [raptor.crypto] INFO: ==================================================
2026-04-19 08:33:30,457 [raptor.crypto] INFO: RAPTOR CRYPTO v1.0 - 2026-04-19T08:33:30.457102
2026-04-19 08:33:30,458 [raptor.crypto] INFO: ==================================================
2026-04-19 08:33:31,887 [raptor.crypto] INFO: Equity: $105424.26 | Crypto budget: $10542.43 | Positions: 0
2026-04-19 08:33:32,663 [raptor.crypto] INFO: BTC/USD: $75295.59 RSI=25.0 BB_z=-1.63 H=0.67 ADX=60.5 Mom=-1.2% [TRENDING]
2026-04-19 08:33:32,673 [raptor.crypto] INFO: SIGNAL BTC/USD [trend_reversal] qty=0.084008 kelly=0.060 stop=$74514.01 vol=14%
2026-04-19 08:33:32,863 [raptor.crypto] INFO:   BOUGHT: OrderStatus.PENDING_NEW
2026-04-19 08:33:32,989 [raptor.crypto] INFO: ETH/USD: $2319.02 RSI=18.0 BB_z=-1.94 H=0.66 ADX=65.6 Mom=-1.7% [TRENDING]
2026-04-19 08:33:32,991 [raptor.crypto] INFO: SIGNAL ETH/USD [trend_reversal] qty=2.727646 kelly=0.060 stop=$2286.75 vol=24%
2026-04-19 08:33:33,028 [raptor.crypto] INFO:   BOUGHT: OrderStatus.PENDING_NEW
2026-04-19 08:34:53,801 [raptor.crypto] INFO: ==================================================
2026-04-19 08:34:53,802 [raptor.crypto] INFO: RAPTOR CRYPTO v1.0 - 2026-04-19T08:34:53.802691
2026-04-19 08:34:53,804 [raptor.crypto] INFO: ==================================================
2026-04-19 08:34:55,195 [raptor.crypto] INFO: Equity: $105392.79 | Crypto budget: $10539.28 | Positions: 2
2026-04-19 08:34:56,020 [raptor.crypto] ERROR: Bar fetch failed BTCUSD: {"message":"invalid symbol: BTCUSD does not match ^[A-Z]+x?/[A-Z]+$"}

2026-04-19 08:34:56,116 [raptor.crypto] ERROR: Bar fetch failed ETHUSD: {"message":"invalid symbol: ETHUSD does not match ^[A-Z]+x?/[A-Z]+$"}

2026-04-19 08:38:45,617 [raptor.crypto] INFO: ==================================================
2026-04-19 08:38:45,618 [raptor.crypto] INFO: RAPTOR CRYPTO v1.0 - 2026-04-19T08:38:45.618533
2026-04-19 08:38:45,619 [raptor.crypto] INFO: ==================================================
2026-04-19 08:38:47,040 [raptor.crypto] INFO: Equity: $105402.92 | Crypto budget: $10540.29 | Positions: 2
2026-04-19 08:38:47,867 [raptor.crypto] INFO: HOLD BTCUSD @ $75618.35 pnl=+0.0%
2026-04-19 08:38:47,966 [raptor.crypto] INFO: HOLD ETHUSD @ $2331.41 pnl=+0.1%
2026-04-19 08:40:46,266 [raptor.crypto] INFO: ==================================================
2026-04-19 08:40:46,267 [raptor.crypto] INFO: RAPTOR CRYPTO v1.0 - 2026-04-19T08:40:46.267690
2026-04-19 08:40:46,269 [raptor.crypto] INFO: ==================================================
2026-04-19 08:40:47,572 [raptor.crypto] INFO: Equity: $105389.21 | Crypto budget: $10538.92 | Positions: 2
2026-04-19 08:40:48,395 [raptor.crypto] INFO: HOLD BTCUSD @ $75572.60 pnl=-0.0%
2026-04-19 08:40:48,495 [raptor.crypto] INFO: HOLD ETHUSD @ $2327.78 pnl=-0.1%
2026-04-19 08:44:53,698 [raptor.crypto] INFO: ==================================================
2026-04-19 08:44:53,699 [raptor.crypto] INFO: RAPTOR CRYPTO v1.0 - 2026-04-19T08:44:53.699931
2026-04-19 08:44:53,700 [raptor.crypto] INFO: ==================================================
2026-04-19 08:45:51,108 [raptor.crypto] INFO: ==================================================
2026-04-19 08:45:51,110 [raptor.crypto] INFO: RAPTOR CRYPTO v1.0 - 2026-04-19T08:45:51.110350
2026-04-19 08:45:51,111 [raptor.crypto] INFO: ==================================================
2026-04-19 08:45:52,533 [raptor.crypto] INFO: Equity: $105379.74 | Crypto budget: $10537.97 | Positions: 2
2026-04-19 08:45:53,376 [raptor.crypto] INFO: HOLD BTCUSD @ $75494.78 pnl=-0.1%
2026-04-19 08:45:53,560 [raptor.crypto] INFO: HOLD ETHUSD @ $2326.70 pnl=-0.1%
2026-04-19 09:15:54,428 [raptor.crypto] INFO: ==================================================
2026-04-19 09:15:54,429 [raptor.crypto] INFO: RAPTOR CRYPTO v1.0 - 2026-04-19T09:15:54.429553
2026-04-19 09:15:54,430 [raptor.crypto] INFO: ==================================================
2026-04-19 09:15:55,787 [raptor.crypto] INFO: Equity: $105432.54 | Crypto budget: $10543.25 | Positions: 2
2026-04-19 09:15:56,614 [raptor.crypto] INFO: HOLD BTCUSD @ $75796.70 pnl=+0.3%
2026-04-19 09:15:56,713 [raptor.crypto] INFO: HOLD ETHUSD @ $2336.80 pnl=+0.3%
2026-04-19 09:46:01,020 [raptor.crypto] INFO: ==================================================
2026-04-19 09:46:01,022 [raptor.crypto] INFO: RAPTOR CRYPTO v1.0 - 2026-04-19T09:46:01.022533
2026-04-19 09:46:01,023 [raptor.crypto] INFO: ==================================================
2026-04-19 09:46:02,823 [raptor.crypto] INFO: Equity: $105478.84 | Crypto budget: $10547.88 | Positions: 2
2026-04-19 09:46:03,657 [raptor.crypto] INFO: EXIT BTCUSD @ $76101.30 [momentum_break] pnl=+0.7%
2026-04-19 09:46:03,709 [raptor.crypto] INFO:   SOLD: OrderStatus.PENDING_NEW
2026-04-19 09:46:03,860 [raptor.crypto] INFO: EXIT ETHUSD @ $2344.43 [momentum_break] pnl=+0.6%
2026-04-19 09:46:04,059 [raptor.crypto] INFO:   SOLD: OrderStatus.PENDING_NEW
2026-04-19 10:16:05,365 [raptor.crypto] INFO: ==================================================
2026-04-19 10:16:05,366 [raptor.crypto] INFO: RAPTOR CRYPTO v1.0 - 2026-04-19T10:16:05.366861
2026-04-19 10:16:05,368 [raptor.crypto] INFO: ==================================================
2026-04-19 10:16:06,903 [raptor.crypto] INFO: Equity: $105423.83 | Crypto budget: $10542.38 | Positions: 0
2026-04-19 10:46:08,342 [raptor.crypto] INFO: ==================================================
2026-04-19 10:46:08,343 [raptor.crypto] INFO: RAPTOR CRYPTO v1.0 - 2026-04-19T10:46:08.343760
2026-04-19 10:46:08,344 [raptor.crypto] INFO: ==================================================
2026-04-19 10:46:10,056 [raptor.crypto] INFO: Equity: $105423.83 | Crypto budget: $10542.38 | Positions: 0
2026-04-19 11:16:11,371 [raptor.crypto] INFO: ==================================================
2026-04-19 11:16:11,372 [raptor.crypto] INFO: RAPTOR CRYPTO v1.0 - 2026-04-19T11:16:11.372851
2026-04-19 11:16:11,374 [raptor.crypto] INFO: ==================================================
2026-04-19 11:16:12,696 [raptor.crypto] INFO: Equity: $105423.83 | Crypto budget: $10542.38 | Positions: 0
2026-04-19 11:46:14,403 [raptor.crypto] INFO: ==================================================
2026-04-19 11:46:14,404 [raptor.crypto] INFO: RAPTOR CRYPTO v1.0 - 2026-04-19T11:46:14.404772
2026-04-19 11:46:14,406 [raptor.crypto] INFO: ==================================================
2026-04-19 11:46:15,848 [raptor.crypto] INFO: Equity: $105423.83 | Crypto budget: $10542.38 | Positions: 0
2026-04-19 12:16:17,340 [raptor.crypto] INFO: ==================================================
2026-04-19 12:16:17,341 [raptor.crypto] INFO: RAPTOR CRYPTO v1.0 - 2026-04-19T12:16:17.341492
2026-04-19 12:16:17,342 [raptor.crypto] INFO: ==================================================
2026-04-19 12:16:18,898 [raptor.crypto] INFO: Equity: $105423.83 | Crypto budget: $10542.38 | Positions: 0
2026-04-19 12:46:20,345 [raptor.crypto] INFO: ==================================================
2026-04-19 12:46:20,346 [raptor.crypto] INFO: RAPTOR CRYPTO v1.0 - 2026-04-19T12:46:20.346501
2026-04-19 12:46:20,348 [raptor.crypto] INFO: ==================================================
2026-04-19 12:46:21,744 [raptor.crypto] INFO: Equity: $105423.83 | Crypto budget: $10542.38 | Positions: 0
2026-04-19 13:16:23,243 [raptor.crypto] INFO: ==================================================
2026-04-19 13:16:23,245 [raptor.crypto] INFO: RAPTOR CRYPTO v1.0 - 2026-04-19T13:16:23.245206
2026-04-19 13:16:23,245 [raptor.crypto] INFO: ==================================================
2026-04-19 13:16:25,023 [raptor.crypto] INFO: Equity: $105423.83 | Crypto budget: $10542.38 | Positions: 0
2026-04-19 13:46:26,356 [raptor.crypto] INFO: ==================================================
2026-04-19 13:46:26,358 [raptor.crypto] INFO: RAPTOR CRYPTO v1.0 - 2026-04-19T13:46:26.358009
2026-04-19 13:46:26,358 [raptor.crypto] INFO: ==================================================
2026-04-19 13:46:27,946 [raptor.crypto] INFO: Equity: $105423.83 | Crypto budget: $10542.38 | Positions: 0
2026-04-19 14:16:29,559 [raptor.crypto] INFO: ==================================================
2026-04-19 14:16:29,560 [raptor.crypto] INFO: RAPTOR CRYPTO v1.0 - 2026-04-19T14:16:29.560298
2026-04-19 14:16:29,561 [raptor.crypto] INFO: ==================================================
2026-04-19 14:16:31,302 [raptor.crypto] INFO: Equity: $105423.83 | Crypto budget: $10542.38 | Positions: 0
2026-04-19 14:46:32,634 [raptor.crypto] INFO: ==================================================
2026-04-19 14:46:32,636 [raptor.crypto] INFO: RAPTOR CRYPTO v1.0 - 2026-04-19T14:46:32.636071
2026-04-19 14:46:32,637 [raptor.crypto] INFO: ==================================================
2026-04-19 14:46:34,659 [raptor.crypto] INFO: Equity: $105423.83 | Crypto budget: $10542.38 | Positions: 0
2026-04-19 15:16:36,573 [raptor.crypto] INFO: ==================================================
2026-04-19 15:16:36,575 [raptor.crypto] INFO: RAPTOR CRYPTO v1.0 - 2026-04-19T15:16:36.575246
2026-04-19 15:16:36,576 [raptor.crypto] INFO: ==================================================
2026-04-19 15:16:38,178 [raptor.crypto] INFO: Equity: $105423.83 | Crypto budget: $10542.38 | Positions: 0
2026-04-19 15:46:39,540 [raptor.crypto] INFO: ==================================================
2026-04-19 15:46:39,541 [raptor.crypto] INFO: RAPTOR CRYPTO v1.0 - 2026-04-19T15:46:39.541770
2026-04-19 15:46:39,542 [raptor.crypto] INFO: ==================================================
2026-04-19 15:46:41,306 [raptor.crypto] INFO: Equity: $105423.83 | Crypto budget: $10542.38 | Positions: 0
2026-04-19 16:16:42,508 [raptor.crypto] INFO: ==================================================
2026-04-19 16:16:42,509 [raptor.crypto] INFO: RAPTOR CRYPTO v1.0 - 2026-04-19T16:16:42.509779
2026-04-19 16:16:42,510 [raptor.crypto] INFO: ==================================================
2026-04-19 16:16:44,250 [raptor.crypto] INFO: Equity: $105423.83 | Crypto budget: $10542.38 | Positions: 0
2026-04-19 16:46:45,566 [raptor.crypto] INFO: ==================================================
2026-04-19 16:46:45,568 [raptor.crypto] INFO: RAPTOR CRYPTO v1.0 - 2026-04-19T16:46:45.568163
2026-04-19 16:46:45,569 [raptor.crypto] INFO: ==================================================
2026-04-19 16:46:47,504 [raptor.crypto] INFO: Equity: $105423.83 | Crypto budget: $10542.38 | Positions: 0
2026-04-19 17:16:48,610 [raptor.crypto] INFO: ==================================================
2026-04-19 17:16:48,612 [raptor.crypto] INFO: RAPTOR CRYPTO v1.0 - 2026-04-19T17:16:48.612642
2026-04-19 17:16:48,614 [raptor.crypto] INFO: ==================================================
2026-04-19 17:16:50,451 [raptor.crypto] INFO: Equity: $105423.83 | Crypto budget: $10542.38 | Positions: 0
2026-04-19 17:46:51,679 [raptor.crypto] INFO: ==================================================
2026-04-19 17:46:51,681 [raptor.crypto] INFO: RAPTOR CRYPTO v1.0 - 2026-04-19T17:46:51.681067
2026-04-19 17:46:51,682 [raptor.crypto] INFO: ==================================================
2026-04-19 17:46:53,497 [raptor.crypto] INFO: Equity: $105423.83 | Crypto budget: $10542.38 | Positions: 0
2026-04-19 18:16:54,541 [raptor.crypto] INFO: ==================================================
2026-04-19 18:16:54,545 [raptor.crypto] INFO: RAPTOR CRYPTO v1.0 - 2026-04-19T18:16:54.545265
2026-04-19 18:16:54,547 [raptor.crypto] INFO: ==================================================
2026-04-19 18:16:56,135 [raptor.crypto] INFO: Equity: $105423.83 | Crypto budget: $10542.38 | Positions: 0
2026-04-19 18:46:57,639 [raptor.crypto] INFO: ==================================================
2026-04-19 18:46:57,640 [raptor.crypto] INFO: RAPTOR CRYPTO v1.0 - 2026-04-19T18:46:57.640359
2026-04-19 18:46:57,641 [raptor.crypto] INFO: ==================================================
2026-04-19 18:46:59,388 [raptor.crypto] INFO: Equity: $105423.83 | Crypto budget: $10542.38 | Positions: 0
2026-04-19 19:17:00,581 [raptor.crypto] INFO: ==================================================
2026-04-19 19:17:00,582 [raptor.crypto] INFO: RAPTOR CRYPTO v1.0 - 2026-04-19T19:17:00.582553
2026-04-19 19:17:00,583 [raptor.crypto] INFO: ==================================================
2026-04-19 19:17:02,333 [raptor.crypto] INFO: Equity: $105423.83 | Crypto budget: $10542.38 | Positions: 0
2026-04-19 19:47:03,569 [raptor.crypto] INFO: ==================================================
2026-04-19 19:47:03,571 [raptor.crypto] INFO: RAPTOR CRYPTO v1.0 - 2026-04-19T19:47:03.571097
2026-04-19 19:47:03,572 [raptor.crypto] INFO: ==================================================
2026-04-19 19:47:05,389 [raptor.crypto] INFO: Equity: $105423.83 | Crypto budget: $10542.38 | Positions: 0
