2026-04-18 13:21:11,613 [raptor.crypto] INFO: ==================================================
2026-04-18 13:21:11,614 [raptor.crypto] INFO: RAPTOR CRYPTO v1.0 - 2026-04-18T13:21:11.614191
2026-04-18 13:21:11,614 [raptor.crypto] INFO: ==================================================
2026-04-18 13:21:14,071 [raptor.crypto] INFO: Equity: $105424.26 | Crypto budget: $10542.43 | Positions: 0
2026-04-18 13:21:14,955 [raptor.crypto] INFO: BTC/USD: $76144.50 RSI=27.6 BB_z=-1.81 H=0.64 ADX=40.5 Mom=-1.8% [TRENDING]
2026-04-18 13:21:14,956 [raptor.crypto] INFO: NO SIGNAL BTC/USD
2026-04-18 13:21:15,113 [raptor.crypto] INFO: ETH/USD: $2356.53 RSI=22.0 BB_z=-1.69 H=0.65 ADX=46.2 Mom=-3.5% [TRENDING]
2026-04-18 13:21:15,121 [raptor.crypto] INFO: NO SIGNAL ETH/USD
2026-04-18 13:32:16,885 [raptor.crypto] INFO: ==================================================
2026-04-18 13:32:16,887 [raptor.crypto] INFO: RAPTOR CRYPTO v1.0 - 2026-04-18T13:32:16.887354
2026-04-18 13:32:16,887 [raptor.crypto] INFO: ==================================================
2026-04-18 13:32:18,441 [raptor.crypto] INFO: Equity: $105424.26 | Crypto budget: $10542.43 | Positions: 0
2026-04-18 13:32:19,405 [raptor.crypto] INFO: BTC/USD: $76144.50 RSI=27.6 BB_z=-1.81 H=0.64 ADX=40.5 Mom=-1.8% [TRENDING]
2026-04-18 13:32:19,405 [raptor.crypto] INFO: NO SIGNAL BTC/USD
2026-04-18 13:32:19,497 [raptor.crypto] INFO: ETH/USD: $2356.53 RSI=22.0 BB_z=-1.69 H=0.65 ADX=46.2 Mom=-3.5% [TRENDING]
2026-04-18 13:32:19,497 [raptor.crypto] INFO: NO SIGNAL ETH/USD
2026-04-18 14:32:19,924 [raptor.crypto] INFO: ==================================================
2026-04-18 14:32:19,925 [raptor.crypto] INFO: RAPTOR CRYPTO v1.0 - 2026-04-18T14:32:19.925791
2026-04-18 14:32:19,926 [raptor.crypto] INFO: ==================================================
2026-04-18 14:32:20,857 [raptor.crypto] INFO: Equity: $105424.26 | Crypto budget: $10542.43 | Positions: 0
2026-04-18 14:32:21,398 [raptor.crypto] INFO: BTC/USD: $76284.75 RSI=35.8 BB_z=-1.34 H=0.64 ADX=43.1 Mom=-1.2% [TRENDING]
2026-04-18 14:32:21,398 [raptor.crypto] INFO: NO SIGNAL BTC/USD
2026-04-18 14:32:21,467 [raptor.crypto] INFO: ETH/USD: $2365.49 RSI=34.1 BB_z=-1.22 H=0.64 ADX=46.9 Mom=-2.3% [TRENDING]
2026-04-18 14:32:21,467 [raptor.crypto] INFO: NO SIGNAL ETH/USD
2026-04-18 15:32:22,299 [raptor.crypto] INFO: ==================================================
2026-04-18 15:32:22,300 [raptor.crypto] INFO: RAPTOR CRYPTO v1.0 - 2026-04-18T15:32:22.300299
2026-04-18 15:32:22,300 [raptor.crypto] INFO: ==================================================
2026-04-18 15:32:23,898 [raptor.crypto] INFO: Equity: $105424.26 | Crypto budget: $10542.43 | Positions: 0
2026-04-18 15:32:24,539 [raptor.crypto] INFO: BTC/USD: $76199.88 RSI=33.2 BB_z=-1.36 H=0.64 ADX=44.2 Mom=-1.6% [TRENDING]
2026-04-18 15:32:24,539 [raptor.crypto] INFO: NO SIGNAL BTC/USD
2026-04-18 15:32:24,629 [raptor.crypto] INFO: ETH/USD: $2363.49 RSI=32.8 BB_z=-1.17 H=0.64 ADX=46.4 Mom=-2.7% [TRENDING]
2026-04-18 15:32:24,630 [raptor.crypto] INFO: NO SIGNAL ETH/USD
2026-04-18 16:32:25,409 [raptor.crypto] INFO: ==================================================
2026-04-18 16:32:25,410 [raptor.crypto] INFO: RAPTOR CRYPTO v1.0 - 2026-04-18T16:32:25.410537
2026-04-18 16:32:25,410 [raptor.crypto] INFO: ==================================================
2026-04-18 16:32:26,716 [raptor.crypto] INFO: Equity: $105424.26 | Crypto budget: $10542.43 | Positions: 0
2026-04-18 16:32:27,472 [raptor.crypto] INFO: BTC/USD: $75985.45 RSI=27.4 BB_z=-1.59 H=0.66 ADX=46.8 Mom=-1.8% [TRENDING]
2026-04-18 16:32:27,472 [raptor.crypto] INFO: NO SIGNAL BTC/USD
2026-04-18 16:32:27,547 [raptor.crypto] INFO: ETH/USD: $2361.21 RSI=31.2 BB_z=-1.13 H=0.65 ADX=43.6 Mom=-2.8% [TRENDING]
2026-04-18 16:32:27,547 [raptor.crypto] INFO: NO SIGNAL ETH/USD
2026-04-18 17:32:28,467 [raptor.crypto] INFO: ==================================================
2026-04-18 17:32:28,467 [raptor.crypto] INFO: RAPTOR CRYPTO v1.0 - 2026-04-18T17:32:28.467709
2026-04-18 17:32:28,468 [raptor.crypto] INFO: ==================================================
2026-04-18 17:32:29,734 [raptor.crypto] INFO: Equity: $105424.26 | Crypto budget: $10542.43 | Positions: 0
2026-04-18 17:32:30,494 [raptor.crypto] INFO: BTC/USD: $75852.40 RSI=24.3 BB_z=-1.65 H=0.65 ADX=49.0 Mom=-2.1% [TRENDING]
2026-04-18 17:32:30,494 [raptor.crypto] INFO: NO SIGNAL BTC/USD
2026-04-18 17:32:30,673 [raptor.crypto] INFO: ETH/USD: $2363.58 RSI=35.0 BB_z=-0.95 H=0.66 ADX=41.6 Mom=-2.8% [TRENDING]
2026-04-18 17:32:30,673 [raptor.crypto] INFO: NO SIGNAL ETH/USD
2026-04-18 18:32:33,388 [raptor.crypto] INFO: ==================================================
2026-04-18 18:32:33,389 [raptor.crypto] INFO: RAPTOR CRYPTO v1.0 - 2026-04-18T18:32:33.389942
2026-04-18 18:32:33,390 [raptor.crypto] INFO: ==================================================
2026-04-18 18:32:35,015 [raptor.crypto] INFO: Equity: $105424.26 | Crypto budget: $10542.43 | Positions: 0
2026-04-18 18:32:35,780 [raptor.crypto] INFO: BTC/USD: $75693.00 RSI=21.1 BB_z=-1.71 H=0.65 ADX=52.0 Mom=-2.1% [TRENDING]
2026-04-18 18:32:35,781 [raptor.crypto] INFO: NO SIGNAL BTC/USD
2026-04-18 18:32:35,948 [raptor.crypto] INFO: ETH/USD: $2347.14 RSI=24.3 BB_z=-1.41 H=0.66 ADX=42.5 Mom=-3.6% [TRENDING]
2026-04-18 18:32:35,948 [raptor.crypto] INFO: NO SIGNAL ETH/USD
2026-04-18 19:32:36,942 [raptor.crypto] INFO: ==================================================
2026-04-18 19:32:36,943 [raptor.crypto] INFO: RAPTOR CRYPTO v1.0 - 2026-04-18T19:32:36.943307
2026-04-18 19:32:36,944 [raptor.crypto] INFO: ==================================================
2026-04-18 19:32:38,132 [raptor.crypto] INFO: Equity: $105424.26 | Crypto budget: $10542.43 | Positions: 0
2026-04-18 19:32:38,673 [raptor.crypto] INFO: BTC/USD: $75675.04 RSI=20.7 BB_z=-1.54 H=0.65 ADX=54.7 Mom=-1.8% [TRENDING]
2026-04-18 19:32:38,674 [raptor.crypto] INFO: NO SIGNAL BTC/USD
2026-04-18 19:32:38,739 [raptor.crypto] INFO: ETH/USD: $2349.20 RSI=27.5 BB_z=-1.21 H=0.66 ADX=43.3 Mom=-2.9% [TRENDING]
2026-04-18 19:32:38,740 [raptor.crypto] INFO: NO SIGNAL ETH/USD
2026-04-18 20:32:38,944 [raptor.crypto] INFO: ==================================================
2026-04-18 20:32:38,945 [raptor.crypto] INFO: RAPTOR CRYPTO v1.0 - 2026-04-18T20:32:38.945622
2026-04-18 20:32:38,946 [raptor.crypto] INFO: ==================================================
2026-04-18 20:32:40,237 [raptor.crypto] INFO: Equity: $105424.26 | Crypto budget: $10542.43 | Positions: 0
2026-04-18 20:32:40,970 [raptor.crypto] INFO: BTC/USD: $75787.34 RSI=29.4 BB_z=-1.21 H=0.65 ADX=55.6 Mom=-1.8% [TRENDING]
2026-04-18 20:32:40,971 [raptor.crypto] INFO: NO SIGNAL BTC/USD
2026-04-18 20:32:41,069 [raptor.crypto] INFO: ETH/USD: $2353.74 RSI=34.5 BB_z=-0.95 H=0.66 ADX=44.4 Mom=-2.8% [TRENDING]
2026-04-18 20:32:41,070 [raptor.crypto] INFO: NO SIGNAL ETH/USD
2026-04-18 21:32:42,015 [raptor.crypto] INFO: ==================================================
2026-04-18 21:32:42,016 [raptor.crypto] INFO: RAPTOR CRYPTO v1.0 - 2026-04-18T21:32:42.016540
2026-04-18 21:32:42,017 [raptor.crypto] INFO: ==================================================
2026-04-18 21:32:43,078 [raptor.crypto] INFO: Equity: $105424.26 | Crypto budget: $10542.43 | Positions: 0
2026-04-18 21:32:43,995 [raptor.crypto] INFO: BTC/USD: $75860.61 RSI=34.8 BB_z=-0.99 H=0.65 ADX=55.9 Mom=-1.8% [TRENDING]
2026-04-18 21:32:43,995 [raptor.crypto] INFO: NO SIGNAL BTC/USD
2026-04-18 21:32:44,084 [raptor.crypto] INFO: ETH/USD: $2355.70 RSI=37.5 BB_z=-0.80 H=0.66 ADX=45.1 Mom=-2.7% [TRENDING]
2026-04-18 21:32:44,085 [raptor.crypto] INFO: NO SIGNAL ETH/USD
2026-04-18 22:32:45,389 [raptor.crypto] INFO: ==================================================
2026-04-18 22:32:45,391 [raptor.crypto] INFO: RAPTOR CRYPTO v1.0 - 2026-04-18T22:32:45.391399
2026-04-18 22:32:45,393 [raptor.crypto] INFO: ==================================================
2026-04-18 22:32:46,926 [raptor.crypto] INFO: Equity: $105424.26 | Crypto budget: $10542.43 | Positions: 0
2026-04-18 22:32:48,020 [raptor.crypto] INFO: BTC/USD: $75847.80 RSI=34.3 BB_z=-0.93 H=0.64 ADX=55.6 Mom=-1.9% [TRENDING]
2026-04-18 22:32:48,021 [raptor.crypto] INFO: NO SIGNAL BTC/USD
2026-04-18 22:32:48,170 [raptor.crypto] INFO: ETH/USD: $2358.57 RSI=42.0 BB_z=-0.61 H=0.65 ADX=44.4 Mom=-2.5% [TRENDING]
2026-04-18 22:32:48,170 [raptor.crypto] INFO: NO SIGNAL ETH/USD
2026-04-18 23:32:49,894 [raptor.crypto] INFO: ==================================================
2026-04-18 23:32:49,895 [raptor.crypto] INFO: RAPTOR CRYPTO v1.0 - 2026-04-18T23:32:49.895673
2026-04-18 23:32:49,896 [raptor.crypto] INFO: ==================================================
2026-04-18 23:32:51,490 [raptor.crypto] INFO: Equity: $105424.26 | Crypto budget: $10542.43 | Positions: 0
2026-04-18 23:32:52,361 [raptor.crypto] INFO: BTC/USD: $75743.69 RSI=30.0 BB_z=-1.02 H=0.65 ADX=55.3 Mom=-1.7% [TRENDING]
2026-04-18 23:32:52,362 [raptor.crypto] INFO: NO SIGNAL BTC/USD
2026-04-18 23:32:52,527 [raptor.crypto] INFO: ETH/USD: $2351.55 RSI=34.9 BB_z=-0.83 H=0.66 ADX=43.4 Mom=-2.3% [TRENDING]
2026-04-18 23:32:52,528 [raptor.crypto] INFO: NO SIGNAL ETH/USD
