2026-05-21 09:52:03,880 [raptor.exits] INFO: ============================================================
2026-05-21 09:52:03,880 [raptor.exits] INFO: RAPTOR v5.4 EXIT MONITOR - 2026-05-21T09:52:03.880835
2026-05-21 09:52:03,881 [raptor.exits] INFO: ============================================================
2026-05-21 09:52:03,882 [raptor.data_feeds] INFO: DataManager initialized with all feeds
2026-05-21 09:52:04,365 [raptor.exits] INFO: Account: equity=$104443.27  cash=$-96.59  positions=10
2026-05-21 09:52:04,379 [raptor.universe] INFO: Universe from cache: 144 symbols
2026-05-21 09:52:06,436 [raptor.data_feeds] INFO: Fetched 145 new bars / 145 total cached
2026-05-21 09:52:07,264 [raptor.data_feeds] ERROR: FRED fetch failed for NAPM: 400 Client Error: Bad Request for url: https://api.stlouisfed.org/fred/series/observations?series_id=NAPM&api_key=da7dbeb2fb38addc5865122252685cee&file_type=json&observation_start=2023-05-22&observation_end=2026-05-21&sort_order=asc
2026-05-21 09:52:07,296 [raptor.data_feeds] INFO: FRED regime: BULLISH (score=0.400)
2026-05-21 09:52:08,960 [raptor.exits] INFO: [P0-8] Using macro_context.json regime=RISK_ON (canonical source)
2026-05-21 09:52:11,302 [raptor.signals] INFO: v5.4 Signals: 5 from 144 | Macro=RISK_ON Scale=1.0 | Micro={'TRENDING': 87, 'MIXED': 57}
2026-05-21 09:52:11,303 [raptor.exits] INFO: Portfolio unrealized: $9158.34 (8.77%)
2026-05-21 09:52:11,349 [raptor.exits] WARNING: MATH TRIM [TRIM_MINOR] AMD — 2 of 25 shares (7%) — Minor trim 7% — early warning, reduce exposure
2026-05-21 09:52:11,350 [raptor.exits] WARNING: MATH TRIM [TRIM_MINOR] DKNG — 167 of 707 shares (24%) — Minor trim 24% — early warning, reduce exposure
2026-05-21 09:52:11,350 [raptor.exits] WARNING: MATH TRIM [TRIM_MINOR] PLTD — 73 of 1036 shares (7%) — Minor trim 7% — early warning, reduce exposure
2026-05-21 09:52:11,350 [raptor.exits] WARNING: MATH TRIM [TRIM_MODERATE] TSLA — 1 of 3 shares (42%) — Moderate trim 42% — thesis weakening
2026-05-21 09:52:11,351 [raptor.exits] INFO: 
2026-05-21 09:52:11,351 [raptor.exits] INFO: ============================================================
2026-05-21 09:52:11,351 [raptor.exits] INFO:   EXIT SUMMARY
2026-05-21 09:52:11,351 [raptor.exits] INFO: ============================================================
2026-05-21 09:52:11,351 [raptor.exits] INFO:   EXITS (4):
2026-05-21 09:52:11,351 [raptor.exits] INFO:     AMD  math_trim_7%  pnl=+45.1%  comp=-0.1677
2026-05-21 09:52:11,351 [raptor.exits] INFO:     DKNG  math_trim_24%  pnl=-1.0%  comp=-0.0147
2026-05-21 09:52:11,352 [raptor.exits] INFO:     PLTD  math_trim_7%  pnl=+1.0%  comp=-0.0498
2026-05-21 09:52:11,352 [raptor.exits] INFO:     TSLA  math_trim_42%  pnl=+7.1%  comp=-0.2040
2026-05-21 09:52:11,352 [raptor.exits] INFO:   HOLDS (6):
2026-05-21 09:52:11,352 [raptor.exits] INFO:     CSX  pnl=+0.9%  trail=$44.03  comp=0.2341
2026-05-21 09:52:11,353 [raptor.exits] INFO:     CVE  pnl=+7.8%  trail=$29.16  comp=0.3996
2026-05-21 09:52:11,353 [raptor.exits] INFO:     INTC  pnl=+32.3%  trail=$101.26  comp=-0.1179
2026-05-21 09:52:11,353 [raptor.exits] INFO:     KDP  pnl=-0.8%  trail=$26.66  comp=-0.0647
2026-05-21 09:52:11,353 [raptor.exits] INFO:     SMCI  pnl=-2.3%  trail=$28.75  comp=-0.0498
2026-05-21 09:52:11,353 [raptor.exits] INFO:     STM  pnl=+28.6%  trail=$61.26  comp=0.2825
2026-05-21 09:52:11,353 [raptor.exits] INFO: ============================================================
2026-05-21 09:52:11,365 [raptor.exits] INFO: AGENT [advisory] TRIM NVDA — 3+ deteriorating dimensions and unrealized_pct>5 (conf=0.60, from 2026-05-15T13:05:37.330779) [not executed — math trim governs]
2026-05-21 09:52:11,365 [raptor.exits] INFO: AGENT [advisory] HOLD AMD — insufficient history: 0 days (conf=0.90, from 2026-05-20T18:38:27.610880)
2026-05-21 09:52:11,365 [raptor.exits] INFO: AGENT [advisory] HOLD CVE — insufficient history: 0 days (conf=0.90, from 2026-05-20T18:38:27.610904)
2026-05-21 09:52:11,365 [raptor.exits] INFO: AGENT [advisory] HOLD FXI — insufficient history: 0 days (conf=0.90, from 2026-05-19T16:30:29.205147)
2026-05-21 09:52:11,366 [raptor.exits] INFO: AGENT [advisory] HOLD CSX — insufficient history: 0 days (conf=0.90, from 2026-05-20T18:38:27.610900)
2026-05-21 09:52:11,366 [raptor.exits] INFO: AGENT [advisory] HOLD INTC — insufficient history: 0 days (conf=0.90, from 2026-05-20T18:38:27.610910)
2026-05-21 09:52:11,366 [raptor.exits] INFO: AGENT [advisory] HOLD KDP — insufficient history: 0 days (conf=0.90, from 2026-05-20T18:38:27.610912)
2026-05-21 09:52:11,366 [raptor.exits] INFO: AGENT [advisory] HOLD OWL — insufficient history: 0 days (conf=0.90, from 2026-05-17T15:50:38.416296)
2026-05-21 09:52:11,366 [raptor.exits] INFO: AGENT [advisory] HOLD KRE — insufficient history: 0 days (conf=0.90, from 2026-05-18T21:00:50.566737)
2026-05-21 09:52:11,366 [raptor.exits] INFO: AGENT [advisory] HOLD PLTD — insufficient history: 0 days (conf=0.90, from 2026-05-20T18:38:27.610915)
2026-05-21 09:52:11,366 [raptor.exits] INFO: AGENT [advisory] HOLD STM — insufficient history: 0 days (conf=0.90, from 2026-05-20T18:38:27.610919)
2026-05-21 09:52:11,367 [raptor.exits] INFO: AGENT [advisory] HOLD SMCI — insufficient history: 0 days (conf=0.90, from 2026-05-20T18:38:27.610917)
2026-05-21 09:52:11,367 [raptor.exits] INFO: AGENT [advisory] HOLD TSLA — insufficient history: 0 days (conf=0.90, from 2026-05-20T18:38:27.610922)
2026-05-21 09:52:11,367 [raptor.exits] INFO: AGENT [advisory] HOLD TSLL — insufficient history: 0 days (conf=0.90, from 2026-05-19T16:30:29.205168)
2026-05-21 09:52:11,367 [raptor.exits] INFO: AGENT [advisory] HOLD TTD — insufficient history: 0 days (conf=0.90, from 2026-05-19T16:30:29.205175)
2026-05-21 09:52:11,367 [raptor.exits] INFO: AGENT [advisory] HOLD DKNG — insufficient history: 0 days (conf=0.90, from 2026-05-20T18:38:27.610907)
2026-05-21 09:52:11,367 [raptor.exits] INFO: SELL 2 AMD [math_trim_7%]
2026-05-21 09:52:11,422 [raptor.data_feeds] INFO: Order submitted: SELL 2 AMD @ None
2026-05-21 09:52:11,423 [raptor.exits] INFO:   OK: OrderStatus.PENDING_NEW
2026-05-21 09:52:11,438 [raptor.exits] INFO: [P0-1] outcome_pending.json updated for AMD (order ad5a7d45-58ea-443c-9253-2882216e8dfc)
2026-05-21 09:52:11,438 [raptor.exits] INFO: SELL 167 DKNG [math_trim_24%]
2026-05-21 09:52:11,485 [raptor.data_feeds] INFO: Order submitted: SELL 167 DKNG @ None
2026-05-21 09:52:11,486 [raptor.exits] INFO:   OK: OrderStatus.PENDING_NEW
2026-05-21 09:52:11,496 [raptor.exits] INFO: [P0-1] outcome_pending.json updated for DKNG (order 82fc477c-cb54-4387-8a25-b3c39f087b32)
2026-05-21 09:52:11,497 [raptor.exits] INFO: SELL 73 PLTD [math_trim_7%]
2026-05-21 09:52:11,528 [raptor.data_feeds] INFO: Order submitted: SELL 73 PLTD @ None
2026-05-21 09:52:11,528 [raptor.exits] INFO:   OK: OrderStatus.PENDING_NEW
2026-05-21 09:52:11,540 [raptor.exits] INFO: [P0-1] outcome_pending.json updated for PLTD (order f6b4ce09-50aa-410c-a065-26a55a02107a)
2026-05-21 09:52:11,540 [raptor.exits] INFO: SELL 1 TSLA [math_trim_42%]
2026-05-21 09:52:11,570 [raptor.data_feeds] INFO: Order submitted: SELL 1 TSLA @ None
2026-05-21 09:52:11,570 [raptor.exits] INFO:   OK: OrderStatus.PENDING_NEW
2026-05-21 09:52:11,582 [raptor.exits] INFO: [P0-1] outcome_pending.json updated for TSLA (order 54e98976-6f83-4af1-8e4f-9c5e9c4ddec4)
2026-05-21 09:52:11,595 [raptor.exits] INFO: [TrimLog] Logged 4 trim(s) -> trim_log.json
2026-05-21 09:52:13,239 [raptor.exits] INFO: [OutcomeTracker] Tagged 3 new closed trade(s) -> outcome_log.json
2026-05-21 15:50:05,721 [raptor.exits] INFO: ============================================================
2026-05-21 15:50:05,723 [raptor.exits] INFO: RAPTOR v5.4 EXIT MONITOR - 2026-05-21T15:50:05.723193
2026-05-21 15:50:05,724 [raptor.exits] INFO: ============================================================
2026-05-21 15:50:05,725 [raptor.data_feeds] INFO: DataManager initialized with all feeds
2026-05-21 15:50:06,382 [raptor.exits] INFO: Account: equity=$105127.00  cash=$5921.13  positions=10
2026-05-21 15:50:06,413 [raptor.universe] INFO: Universe from cache: 144 symbols
2026-05-21 15:50:08,543 [raptor.data_feeds] INFO: Fetched 145 new bars / 145 total cached
2026-05-21 15:50:09,171 [raptor.data_feeds] INFO: FRED fetch OK: T10Y2Y (749 observations)
2026-05-21 15:50:09,740 [raptor.data_feeds] INFO: FRED fetch OK: FEDFUNDS (36 observations)
2026-05-21 15:50:10,305 [raptor.data_feeds] INFO: FRED fetch OK: ICSA (156 observations)
2026-05-21 15:50:10,963 [raptor.data_feeds] INFO: FRED fetch OK: VIXCLS (774 observations)
2026-05-21 15:50:11,695 [raptor.data_feeds] INFO: FRED fetch OK: BAMLC0A4CBBB (786 observations)
2026-05-21 15:50:12,136 [raptor.data_feeds] INFO: FRED fetch OK: CPIAUCSL (35 observations)
2026-05-21 15:50:12,581 [raptor.data_feeds] ERROR: FRED fetch failed for NAPM: 400 Client Error: Bad Request for url: https://api.stlouisfed.org/fred/series/observations?series_id=NAPM&api_key=da7dbeb2fb38addc5865122252685cee&file_type=json&observation_start=2023-05-22&observation_end=2026-05-21&sort_order=asc
2026-05-21 15:50:13,037 [raptor.data_feeds] INFO: FRED fetch OK: M2SL (35 observations)
2026-05-21 15:50:13,505 [raptor.data_feeds] INFO: FRED fetch OK: RSXFS (36 observations)
2026-05-21 15:50:14,029 [raptor.data_feeds] INFO: FRED fetch OK: UNRATE (35 observations)
2026-05-21 15:50:14,031 [raptor.data_feeds] INFO: FRED regime: BULLISH (score=0.400)
2026-05-21 15:50:15,093 [raptor.exits] INFO: [P0-8] Using macro_context.json regime=RISK_ON (canonical source)
2026-05-21 15:50:17,594 [raptor.signals] INFO: v5.4 Signals: 5 from 144 | Macro=RISK_ON Scale=1.0 | Micro={'TRENDING': 87, 'MIXED': 57}
2026-05-21 15:50:17,595 [raptor.exits] INFO: Portfolio unrealized: $9574.45 (9.11%)
2026-05-21 15:50:17,638 [raptor.exits] WARNING: MATH TRIM [TRIM_MODERATE] DKNG — 170 of 540 shares (32%) — Moderate trim 32% — thesis weakening
2026-05-21 15:50:17,639 [raptor.exits] WARNING: MATH TRIM [TRIM_MINOR] KDP — 23 of 337 shares (7%) — Minor trim 7% — early warning, reduce exposure
2026-05-21 15:50:17,639 [raptor.exits] WARNING: MATH TRIM [TRIM_MODERATE] TSLA — 1 of 2 shares (34%) — Moderate trim 34% — thesis weakening
2026-05-21 15:50:17,639 [raptor.exits] INFO: 
2026-05-21 15:50:17,639 [raptor.exits] INFO: ============================================================
2026-05-21 15:50:17,639 [raptor.exits] INFO:   EXIT SUMMARY
2026-05-21 15:50:17,640 [raptor.exits] INFO: ============================================================
2026-05-21 15:50:17,640 [raptor.exits] INFO:   EXITS (3):
2026-05-21 15:50:17,640 [raptor.exits] INFO:     DKNG  math_trim_32%  pnl=+1.4%  comp=-0.1452
2026-05-21 15:50:17,640 [raptor.exits] INFO:     KDP  math_trim_7%  pnl=-0.2%  comp=-0.1098
2026-05-21 15:50:17,640 [raptor.exits] INFO:     TSLA  math_trim_34%  pnl=+7.0%  comp=-0.3258
2026-05-21 15:50:17,640 [raptor.exits] INFO:   HOLDS (7):
2026-05-21 15:50:17,641 [raptor.exits] INFO:     AMD  pnl=+46.9%  trail=$418.86  comp=-0.3378
2026-05-21 15:50:17,641 [raptor.exits] INFO:     CSX  pnl=+1.1%  trail=$44.15  comp=0.2404
2026-05-21 15:50:17,641 [raptor.exits] INFO:     CVE  pnl=+5.5%  trail=$27.91  comp=0.3838
2026-05-21 15:50:17,641 [raptor.exits] INFO:     INTC  pnl=+34.8%  trail=$103.49  comp=-0.3026
2026-05-21 15:50:17,642 [raptor.exits] INFO:     PLTD  pnl=+1.2%  trail=$7.34  comp=-0.0157
2026-05-21 15:50:17,642 [raptor.exits] INFO:     SMCI  pnl=-2.7%  trail=$28.65  comp=-0.141
2026-05-21 15:50:17,642 [raptor.exits] INFO:     STM  pnl=+30.6%  trail=$62.19  comp=0.2088
2026-05-21 15:50:17,643 [raptor.exits] INFO: ============================================================
2026-05-21 15:50:17,654 [raptor.exits] INFO: AGENT [advisory] TRIM NVDA — 3+ deteriorating dimensions and unrealized_pct>5 (conf=0.60, from 2026-05-15T13:05:37.330779) [not executed — math trim governs]
2026-05-21 15:50:17,654 [raptor.exits] INFO: AGENT [advisory] HOLD AMD — insufficient history: 0 days (conf=0.90, from 2026-05-21T09:52:24.164686)
2026-05-21 15:50:17,654 [raptor.exits] INFO: AGENT [advisory] HOLD CVE — insufficient history: 0 days (conf=0.90, from 2026-05-21T09:52:24.164710)
2026-05-21 15:50:17,654 [raptor.exits] INFO: AGENT [advisory] HOLD FXI — insufficient history: 0 days (conf=0.90, from 2026-05-19T16:30:29.205147)
2026-05-21 15:50:17,655 [raptor.exits] INFO: AGENT [advisory] HOLD CSX — insufficient history: 0 days (conf=0.90, from 2026-05-21T09:52:24.164706)
2026-05-21 15:50:17,655 [raptor.exits] INFO: AGENT [advisory] HOLD INTC — insufficient history: 0 days (conf=0.90, from 2026-05-21T09:52:24.164716)
2026-05-21 15:50:17,655 [raptor.exits] INFO: AGENT [advisory] HOLD KDP — insufficient history: 0 days (conf=0.90, from 2026-05-21T09:52:24.164719)
2026-05-21 15:50:17,655 [raptor.exits] INFO: AGENT [advisory] HOLD OWL — insufficient history: 0 days (conf=0.90, from 2026-05-17T15:50:38.416296)
2026-05-21 15:50:17,655 [raptor.exits] INFO: AGENT [advisory] HOLD KRE — insufficient history: 0 days (conf=0.90, from 2026-05-18T21:00:50.566737)
2026-05-21 15:50:17,655 [raptor.exits] INFO: AGENT [advisory] HOLD PLTD — insufficient history: 0 days (conf=0.90, from 2026-05-21T09:52:24.164722)
2026-05-21 15:50:17,656 [raptor.exits] INFO: AGENT [advisory] HOLD STM — insufficient history: 0 days (conf=0.90, from 2026-05-21T09:52:24.164727)
2026-05-21 15:50:17,656 [raptor.exits] INFO: AGENT [advisory] HOLD SMCI — insufficient history: 0 days (conf=0.90, from 2026-05-21T09:52:24.164724)
2026-05-21 15:50:17,656 [raptor.exits] INFO: AGENT [advisory] HOLD TSLA — insufficient history: 0 days (conf=0.90, from 2026-05-21T09:52:24.164729)
2026-05-21 15:50:17,656 [raptor.exits] INFO: AGENT [advisory] HOLD TSLL — insufficient history: 0 days (conf=0.90, from 2026-05-19T16:30:29.205168)
2026-05-21 15:50:17,656 [raptor.exits] INFO: AGENT [advisory] HOLD TTD — insufficient history: 0 days (conf=0.90, from 2026-05-19T16:30:29.205175)
2026-05-21 15:50:17,656 [raptor.exits] INFO: AGENT [advisory] HOLD DKNG — insufficient history: 0 days (conf=0.90, from 2026-05-21T09:52:24.164713)
2026-05-21 15:50:17,657 [raptor.exits] INFO: SELL 170 DKNG [math_trim_32%]
2026-05-21 15:50:17,697 [raptor.data_feeds] INFO: Order submitted: SELL 170 DKNG @ None
2026-05-21 15:50:17,697 [raptor.exits] INFO:   OK: OrderStatus.PENDING_NEW
2026-05-21 15:50:17,701 [raptor.exits] INFO: [P0-1] outcome_pending.json updated for DKNG (order 4e237b13-ea4d-461e-b7ff-b28a8d50e004)
2026-05-21 15:50:17,702 [raptor.exits] INFO: SELL 23 KDP [math_trim_7%]
2026-05-21 15:50:17,732 [raptor.data_feeds] INFO: Order submitted: SELL 23 KDP @ None
2026-05-21 15:50:17,733 [raptor.exits] INFO:   OK: OrderStatus.PENDING_NEW
2026-05-21 15:50:17,747 [raptor.exits] INFO: [P0-1] outcome_pending.json updated for KDP (order de55c354-8bcc-4672-95c7-64cb8f821b4c)
2026-05-21 15:50:17,748 [raptor.exits] INFO: SELL 1 TSLA [math_trim_34%]
2026-05-21 15:50:17,775 [raptor.data_feeds] INFO: Order submitted: SELL 1 TSLA @ None
2026-05-21 15:50:17,776 [raptor.exits] INFO:   OK: OrderStatus.PENDING_NEW
2026-05-21 15:50:17,795 [raptor.exits] INFO: [P0-1] outcome_pending.json updated for TSLA (order ffe094dd-38f4-44f2-b6b8-fe6740acf934)
2026-05-21 15:50:17,809 [raptor.exits] INFO: [TrimLog] Logged 3 trim(s) -> trim_log.json
2026-05-21 15:50:20,115 [raptor.exits] INFO: [OutcomeTracker] Tagged 4 new closed trade(s) -> outcome_log.json
