2026-05-05 09:52:05,091 [raptor.exits] INFO: ============================================================
2026-05-05 09:52:05,091 [raptor.exits] INFO: RAPTOR v5.4 EXIT MONITOR - 2026-05-05T09:52:05.091626
2026-05-05 09:52:05,092 [raptor.exits] INFO: ============================================================
2026-05-05 09:52:05,093 [raptor.data_feeds] INFO: DataManager initialized with all feeds
2026-05-05 09:52:05,621 [raptor.exits] INFO: Account: equity=$104180.35  cash=$-51785.91  positions=15
2026-05-05 09:52:05,634 [raptor.universe] INFO: Universe from cache: 108 symbols
2026-05-05 09:52:07,017 [raptor.data_feeds] INFO: Fetched bars for 112 / 112 symbols
2026-05-05 09:52:07,161 [raptor.data_feeds] INFO: FRED regime: NEUTRAL (score=0.100)
2026-05-05 09:52:11,102 [raptor.signals] INFO: v5.4 Signals: 5 from 112 | Macro=NEUTRAL Scale=1.0 | Micro={'TRENDING': 62, 'MIXED': 50}
2026-05-05 09:52:11,102 [raptor.exits] INFO: Portfolio unrealized: $3502.04 (3.36%)
2026-05-05 09:52:11,118 [raptor.exits] INFO: EXIT 2 [TRAIL] PYPL $45.52 <= $46.74 (2.0x ATR)
2026-05-05 09:52:11,120 [raptor.exits] INFO: EXIT 3 [THESIS] TFC composite=-1.0000 pnl=-3.7% (negative thesis + losing)
2026-05-05 09:52:11,124 [raptor.exits] INFO: 
2026-05-05 09:52:11,125 [raptor.exits] INFO: ============================================================
2026-05-05 09:52:11,125 [raptor.exits] INFO:   EXIT SUMMARY
2026-05-05 09:52:11,125 [raptor.exits] INFO: ============================================================
2026-05-05 09:52:11,125 [raptor.exits] INFO:   EXITS (2):
2026-05-05 09:52:11,125 [raptor.exits] INFO:     PYPL  trailing_stop  pnl=-9.0%  comp=-1.0000
2026-05-05 09:52:11,125 [raptor.exits] INFO:     TFC  thesis_invalid  pnl=-3.7%  comp=-1.0000
2026-05-05 09:52:11,125 [raptor.exits] INFO:   HOLDS (13):
2026-05-05 09:52:11,126 [raptor.exits] INFO:     AMD  pnl=+15.6%  trail=$323.18  comp=-1.0
2026-05-05 09:52:11,126 [raptor.exits] INFO:     CSX  pnl=-1.4%  trail=$43.57  comp=-1.0
2026-05-05 09:52:11,126 [raptor.exits] INFO:     CTRA  pnl=+1.5%  trail=$33.8  comp=-1.0
2026-05-05 09:52:11,126 [raptor.exits] INFO:     CVE  pnl=+4.1%  trail=$28.25  comp=0.405
2026-05-05 09:52:11,126 [raptor.exits] INFO:     DVN  pnl=+0.7%  trail=$48.33  comp=-1.0
2026-05-05 09:52:11,126 [raptor.exits] INFO:     INTC  pnl=+19.8%  trail=$96.01  comp=0.4773
2026-05-05 09:52:11,126 [raptor.exits] INFO:     KDP  pnl=-0.6%  trail=$27.1  comp=-1.0
2026-05-05 09:52:11,126 [raptor.exits] INFO:     KRE  pnl=-0.9%  trail=$67.36  comp=-1.0
2026-05-05 09:52:11,126 [raptor.exits] INFO:     OXY  pnl=+1.7%  trail=$56.1  comp=0.5306
2026-05-05 09:52:11,126 [raptor.exits] INFO:     PLTD  pnl=+0.3%  trail=$7.18  comp=0.4726
2026-05-05 09:52:11,126 [raptor.exits] INFO:     STM  pnl=+12.3%  trail=$53.09  comp=-1.0
2026-05-05 09:52:11,126 [raptor.exits] INFO:     TTD  pnl=+2.0%  trail=$21.39  comp=-1.0
2026-05-05 09:52:11,126 [raptor.exits] INFO:     XOM  pnl=-0.2%  trail=$146.56  comp=-1.0
2026-05-05 09:52:11,127 [raptor.exits] INFO: ============================================================
2026-05-05 09:52:11,127 [raptor.exits] INFO: SELL 200.0 PYPL [trailing_stop]
2026-05-05 09:52:11,254 [raptor.data_feeds] INFO: Order submitted: SELL 200.0 PYPL @ None
2026-05-05 09:52:11,255 [raptor.exits] INFO:   OK: OrderStatus.PENDING_NEW
2026-05-05 09:52:11,255 [raptor.exits] INFO: SELL 183.0 TFC [thesis_invalid]
2026-05-05 09:52:11,355 [raptor.data_feeds] INFO: Order submitted: SELL 183.0 TFC @ None
2026-05-05 09:52:11,356 [raptor.exits] INFO:   OK: OrderStatus.PENDING_NEW
