2026-05-25 15:50:13,000 [raptor.exits] INFO: ============================================================
2026-05-25 15:50:13,001 [raptor.exits] INFO: RAPTOR v5.4 EXIT MONITOR - 2026-05-25T15:50:13.001255
2026-05-25 15:50:13,002 [raptor.exits] INFO: ============================================================
2026-05-25 15:50:13,002 [raptor.data_feeds] INFO: DataManager initialized with all feeds
2026-05-25 15:50:13,711 [raptor.exits] INFO: Account: equity=$106369.43  cash=$17918.70  positions=10
2026-05-25 15:50:13,768 [raptor.universe] INFO: Universe from cache: 70 symbols
2026-05-25 15:50:14,888 [raptor.data_feeds] INFO: Fetched 76 new bars / 76 total cached
2026-05-25 15:50:16,036 [raptor.data_feeds] INFO: FRED fetch OK: T10Y2Y (747 observations)
2026-05-25 15:50:16,666 [raptor.data_feeds] INFO: FRED fetch OK: FEDFUNDS (36 observations)
2026-05-25 15:50:17,106 [raptor.data_feeds] INFO: FRED fetch OK: ICSA (156 observations)
2026-05-25 15:50:17,526 [raptor.data_feeds] INFO: FRED fetch OK: VIXCLS (771 observations)
2026-05-25 15:50:18,004 [raptor.data_feeds] INFO: FRED fetch OK: BAMLC0A4CBBB (783 observations)
2026-05-25 15:50:18,499 [raptor.data_feeds] INFO: FRED fetch OK: CPIAUCSL (35 observations)
2026-05-25 15:50:18,924 [raptor.data_feeds] ERROR: FRED fetch failed for NAPM: 400 Client Error: Bad Request for url: https://api.stlouisfed.org/fred/series/observations?series_id=NAPM&api_key=da7dbeb2fb38addc5865122252685cee&file_type=json&observation_start=2023-05-26&observation_end=2026-05-25&sort_order=asc
2026-05-25 15:50:19,519 [raptor.data_feeds] INFO: FRED fetch OK: M2SL (35 observations)
2026-05-25 15:50:19,995 [raptor.data_feeds] INFO: FRED fetch OK: RSXFS (36 observations)
2026-05-25 15:50:20,410 [raptor.data_feeds] INFO: FRED fetch OK: UNRATE (35 observations)
2026-05-25 15:50:20,413 [raptor.data_feeds] INFO: FRED regime: BULLISH (score=0.150)
2026-05-25 15:50:21,667 [raptor.signals] INFO: v5.4 Signals: 5 from 75 | Macro=BULLISH Scale=1.0 | Micro={'TRENDING': 41, 'MIXED': 34} | SNR min=1.46 max=2.25
2026-05-25 15:50:21,670 [raptor.exits] INFO: Portfolio unrealized: $10513.92 (9.88%)
2026-05-25 15:50:21,693 [raptor.exits] WARNING: MATH TRIM [TRIM_MAJOR] CSX — 238 of 416 shares (57%) — Major trim 57% — significant thesis decay
2026-05-25 15:50:21,694 [raptor.exits] WARNING: MATH TRIM [TRIM_MODERATE] CVE — 126 of 267 shares (47%) — Moderate trim 47% — thesis weakening
2026-05-25 15:50:21,694 [raptor.exits] WARNING: MATH TRIM [TRIM_MODERATE] DKNG — 106 of 251 shares (42%) — Moderate trim 42% — thesis weakening
2026-05-25 15:50:21,694 [raptor.exits] WARNING: MATH TRIM [TRIM_MINOR] INTC — 15 of 89 shares (17%) — Minor trim 17% — early warning, reduce exposure
2026-05-25 15:50:21,695 [raptor.exits] WARNING: MATH TRIM [TRIM_MODERATE] KDP — 151 of 314 shares (48%) — Moderate trim 48% — thesis weakening
2026-05-25 15:50:21,695 [raptor.exits] WARNING: MATH TRIM [TRIM_MAJOR] PLTD — 458 of 731 shares (63%) — Major trim 63% — significant thesis decay
2026-05-25 15:50:21,695 [raptor.exits] WARNING: MATH TRIM [TRIM_MODERATE] SMCI — 53 of 186 shares (28%) — Moderate trim 28% — thesis weakening
2026-05-25 15:50:21,695 [raptor.exits] INFO: 
2026-05-25 15:50:21,695 [raptor.exits] INFO: ============================================================
2026-05-25 15:50:21,695 [raptor.exits] INFO:   EXIT SUMMARY
2026-05-25 15:50:21,695 [raptor.exits] INFO: ============================================================
2026-05-25 15:50:21,696 [raptor.exits] INFO:   EXITS (7):
2026-05-25 15:50:21,696 [raptor.exits] INFO:     CSX  math_trim_57%  pnl=+0.2%  comp=0.3233
2026-05-25 15:50:21,696 [raptor.exits] INFO:     CVE  math_trim_47%  pnl=+4.6%  comp=0.1183
2026-05-25 15:50:21,696 [raptor.exits] INFO:     DKNG  math_trim_42%  pnl=+0.3%  comp=0.1328
2026-05-25 15:50:21,696 [raptor.exits] INFO:     INTC  math_trim_17%  pnl=+36.6%  comp=-0.1888
2026-05-25 15:50:21,696 [raptor.exits] INFO:     KDP  math_trim_48%  pnl=+1.6%  comp=-0.1088
2026-05-25 15:50:21,696 [raptor.exits] INFO:     PLTD  math_trim_63%  pnl=+1.6%  comp=-0.1996
2026-05-25 15:50:21,696 [raptor.exits] INFO:     SMCI  math_trim_28%  pnl=+4.3%  comp=0.2167
2026-05-25 15:50:21,697 [raptor.exits] INFO:   HOLDS (3):
2026-05-25 15:50:21,697 [raptor.exits] INFO:     AMD  pnl=+53.6%  trail=$436.87  comp=-0.0691
2026-05-25 15:50:21,697 [raptor.exits] INFO:     STM  pnl=+33.2%  trail=$62.66  comp=0.3841
2026-05-25 15:50:21,697 [raptor.exits] INFO:     TSLA  pnl=+8.9%  trail=$389.75  comp=-0.3432
2026-05-25 15:50:21,697 [raptor.exits] INFO: ============================================================
2026-05-25 15:50:21,710 [raptor.exits] INFO: AGENT [advisory] TRIM NVDA — 3+ deteriorating dimensions and unrealized_pct>5 (conf=0.60, from 2026-05-15T13:05:37.330779) [not executed — math trim governs]
2026-05-25 15:50:21,710 [raptor.exits] INFO: AGENT [advisory] HOLD AMD — insufficient history: 0 days (conf=0.90, from 2026-05-24T16:30:14.801279)
2026-05-25 15:50:21,711 [raptor.exits] INFO: AGENT [advisory] HOLD CVE — insufficient history: 0 days (conf=0.90, from 2026-05-24T16:30:14.801325)
2026-05-25 15:50:21,711 [raptor.exits] INFO: AGENT [advisory] HOLD FXI — insufficient history: 0 days (conf=0.90, from 2026-05-19T16:30:29.205147)
2026-05-25 15:50:21,711 [raptor.exits] INFO: AGENT [advisory] HOLD CSX — insufficient history: 0 days (conf=0.90, from 2026-05-24T16:30:14.801317)
2026-05-25 15:50:21,711 [raptor.exits] INFO: AGENT [advisory] HOLD INTC — insufficient history: 0 days (conf=0.90, from 2026-05-24T16:30:14.801334)
2026-05-25 15:50:21,711 [raptor.exits] INFO: AGENT [advisory] HOLD KDP — insufficient history: 0 days (conf=0.90, from 2026-05-24T16:30:14.801338)
2026-05-25 15:50:21,712 [raptor.exits] INFO: AGENT [advisory] HOLD OWL — insufficient history: 0 days (conf=0.90, from 2026-05-17T15:50:38.416296)
2026-05-25 15:50:21,712 [raptor.exits] INFO: AGENT [advisory] HOLD KRE — insufficient history: 0 days (conf=0.90, from 2026-05-18T21:00:50.566737)
2026-05-25 15:50:21,712 [raptor.exits] INFO: AGENT [advisory] HOLD PLTD — insufficient history: 0 days (conf=0.90, from 2026-05-24T16:30:14.801343)
2026-05-25 15:50:21,712 [raptor.exits] INFO: AGENT [advisory] HOLD STM — insufficient history: 0 days (conf=0.90, from 2026-05-24T16:30:14.801351)
2026-05-25 15:50:21,712 [raptor.exits] INFO: AGENT [advisory] HOLD SMCI — insufficient history: 0 days (conf=0.90, from 2026-05-24T16:30:14.801347)
2026-05-25 15:50:21,712 [raptor.exits] INFO: AGENT [advisory] HOLD TSLA — insufficient history: 0 days (conf=0.90, from 2026-05-24T16:30:14.801356)
2026-05-25 15:50:21,712 [raptor.exits] INFO: AGENT [advisory] HOLD TSLL — insufficient history: 0 days (conf=0.90, from 2026-05-19T16:30:29.205168)
2026-05-25 15:50:21,712 [raptor.exits] INFO: AGENT [advisory] HOLD TTD — insufficient history: 0 days (conf=0.90, from 2026-05-19T16:30:29.205175)
2026-05-25 15:50:21,713 [raptor.exits] INFO: AGENT [advisory] HOLD DKNG — insufficient history: 0 days (conf=0.90, from 2026-05-24T16:30:14.801329)
2026-05-25 15:50:21,713 [raptor.exits] INFO: SELL 238 CSX [math_trim_57%]
2026-05-25 15:50:21,760 [raptor.data_feeds] ERROR: Order submission failed: {"available":"186","code":40310000,"existing_qty":"416","held_for_orders":"230","message":"insufficient qty available for order (requested: 238, available: 186)","related_orders":["6e5bf76e-c183-4dae-906a-fc12d9352d9e"],"symbol":"CSX"}
2026-05-25 15:50:21,761 [raptor.exits] ERROR:   FAILED: {"available":"186","code":40310000,"existing_qty":"416","held_for_orders":"230","message":"insufficient qty available for order (requested: 238, available: 186)","related_orders":["6e5bf76e-c183-4dae-906a-fc12d9352d9e"],"symbol":"CSX"}
2026-05-25 15:50:21,765 [raptor.exits] INFO: SELL 126 CVE [math_trim_47%]
2026-05-25 15:50:21,798 [raptor.data_feeds] ERROR: Order submission failed: {"available":"101","code":40310000,"existing_qty":"267","held_for_orders":"166","message":"insufficient qty available for order (requested: 126, available: 101)","related_orders":["34dc6ed0-c73f-48dd-af1a-c9fe8611bd61","6bd06304-5ef5-46ea-9c07-3187677ab80a"],"symbol":"CVE"}
2026-05-25 15:50:21,799 [raptor.exits] ERROR:   FAILED: {"available":"101","code":40310000,"existing_qty":"267","held_for_orders":"166","message":"insufficient qty available for order (requested: 126, available: 101)","related_orders":["34dc6ed0-c73f-48dd-af1a-c9fe8611bd61","6bd06304-5ef5-46ea-9c07-3187677ab80a"],"symbol":"CVE"}
2026-05-25 15:50:21,799 [raptor.exits] INFO: SELL 106 DKNG [math_trim_42%]
2026-05-25 15:50:21,827 [raptor.data_feeds] ERROR: Order submission failed: {"available":"59","code":40310000,"existing_qty":"251","held_for_orders":"192","message":"insufficient qty available for order (requested: 106, available: 59)","related_orders":["a855e0df-96fc-4de0-bed6-91961dc3bc46"],"symbol":"DKNG"}
2026-05-25 15:50:21,828 [raptor.exits] ERROR:   FAILED: {"available":"59","code":40310000,"existing_qty":"251","held_for_orders":"192","message":"insufficient qty available for order (requested: 106, available: 59)","related_orders":["a855e0df-96fc-4de0-bed6-91961dc3bc46"],"symbol":"DKNG"}
2026-05-25 15:50:21,828 [raptor.exits] INFO: SELL 15 INTC [math_trim_17%]
2026-05-25 15:50:21,859 [raptor.data_feeds] INFO: Order submitted: SELL 15 INTC @ None
2026-05-25 15:50:21,859 [raptor.exits] INFO:   OK: OrderStatus.ACCEPTED
2026-05-25 15:50:21,861 [raptor.exits] INFO: SELL 151 KDP [math_trim_48%]
2026-05-25 15:50:21,893 [raptor.data_feeds] ERROR: Order submission failed: {"available":"28","code":40310000,"existing_qty":"314","held_for_orders":"286","message":"insufficient qty available for order (requested: 151, available: 28)","related_orders":["26adbb20-fe41-4769-a3bb-f9ad50519bde","820847e1-2ac4-426c-a914-f76514c83e70","622a7e74-079a-40dc-ba13-a82a6647ea80"],"symbol":"KDP"}
2026-05-25 15:50:21,894 [raptor.exits] ERROR:   FAILED: {"available":"28","code":40310000,"existing_qty":"314","held_for_orders":"286","message":"insufficient qty available for order (requested: 151, available: 28)","related_orders":["26adbb20-fe41-4769-a3bb-f9ad50519bde","820847e1-2ac4-426c-a914-f76514c83e70","622a7e74-079a-40dc-ba13-a82a6647ea80"],"symbol":"KDP"}
2026-05-25 15:50:21,894 [raptor.exits] INFO: SELL 458 PLTD [math_trim_63%]
2026-05-25 15:50:21,922 [raptor.data_feeds] ERROR: Order submission failed: {"available":"301","code":40310000,"existing_qty":"731","held_for_orders":"430","message":"insufficient qty available for order (requested: 458, available: 301)","related_orders":["816f52fe-b04f-409d-bea7-af49f61019ee","b6136082-d66c-40d0-aadd-7e5638ce959f"],"symbol":"PLTD"}
2026-05-25 15:50:21,922 [raptor.exits] ERROR:   FAILED: {"available":"301","code":40310000,"existing_qty":"731","held_for_orders":"430","message":"insufficient qty available for order (requested: 458, available: 301)","related_orders":["816f52fe-b04f-409d-bea7-af49f61019ee","b6136082-d66c-40d0-aadd-7e5638ce959f"],"symbol":"PLTD"}
2026-05-25 15:50:21,924 [raptor.exits] INFO: SELL 53 SMCI [math_trim_28%]
2026-05-25 15:50:21,952 [raptor.data_feeds] INFO: Order submitted: SELL 53 SMCI @ None
2026-05-25 15:50:21,953 [raptor.exits] INFO:   OK: OrderStatus.ACCEPTED
