2026-05-22 09:52:04,280 [raptor.exits] INFO: ============================================================
2026-05-22 09:52:04,280 [raptor.exits] INFO: RAPTOR v5.4 EXIT MONITOR - 2026-05-22T09:52:04.280635
2026-05-22 09:52:04,281 [raptor.exits] INFO: ============================================================
2026-05-22 09:52:04,281 [raptor.data_feeds] INFO: DataManager initialized with all feeds
2026-05-22 09:52:04,672 [raptor.exits] INFO: Account: equity=$106406.24  cash=$11317.05  positions=10
2026-05-22 09:52:04,678 [raptor.universe] INFO: Universe from cache: 141 symbols
2026-05-22 09:52:06,310 [raptor.data_feeds] INFO: Fetched 142 new bars / 142 total cached
2026-05-22 09:52:06,820 [raptor.data_feeds] ERROR: FRED fetch failed for NAPM: 400 Client Error: Bad Request for url: https://api.stlouisfed.org/fred/series/observations?series_id=NAPM&api_key=da7dbeb2fb38addc5865122252685cee&file_type=json&observation_start=2023-05-23&observation_end=2026-05-22&sort_order=asc
2026-05-22 09:52:06,828 [raptor.data_feeds] INFO: FRED regime: BULLISH (score=0.150)
2026-05-22 09:52:07,930 [raptor.exits] INFO: [P0-8] Using macro_context.json regime=RISK_ON (canonical source)
2026-05-22 09:52:10,208 [raptor.signals] INFO: v5.4 Signals: 5 from 141 | Macro=RISK_ON Scale=1.0 | Micro={'TRENDING': 77, 'MIXED': 64}
2026-05-22 09:52:10,208 [raptor.exits] INFO: Portfolio unrealized: $10766.97 (10.12%)
2026-05-22 09:52:10,252 [raptor.exits] WARNING: MATH TRIM [TRIM_MODERATE] DKNG — 119 of 370 shares (32%) — Moderate trim 32% — thesis weakening
2026-05-22 09:52:10,253 [raptor.exits] INFO: 
2026-05-22 09:52:10,253 [raptor.exits] INFO: ============================================================
2026-05-22 09:52:10,253 [raptor.exits] INFO:   EXIT SUMMARY
2026-05-22 09:52:10,253 [raptor.exits] INFO: ============================================================
2026-05-22 09:52:10,253 [raptor.exits] INFO:   EXITS (1):
2026-05-22 09:52:10,253 [raptor.exits] INFO:     DKNG  math_trim_32%  pnl=+4.0%  comp=0.0603
2026-05-22 09:52:10,253 [raptor.exits] INFO:   HOLDS (9):
2026-05-22 09:52:10,254 [raptor.exits] INFO:     AMD  pnl=+52.9%  trail=$435.4  comp=-0.0981
2026-05-22 09:52:10,254 [raptor.exits] INFO:     CSX  pnl=+1.0%  trail=$44.26  comp=0.2854
2026-05-22 09:52:10,254 [raptor.exits] INFO:     CVE  pnl=+6.1%  trail=$28.32  comp=-0.0248
2026-05-22 09:52:10,254 [raptor.exits] INFO:     INTC  pnl=+35.4%  trail=$104.38  comp=-0.245
2026-05-22 09:52:10,254 [raptor.exits] INFO:     KDP  pnl=+1.8%  trail=$27.43  comp=0.0464
2026-05-22 09:52:10,254 [raptor.exits] INFO:     PLTD  pnl=+0.1%  trail=$7.29  comp=-0.1826
2026-05-22 09:52:10,254 [raptor.exits] INFO:     SMCI  pnl=+1.4%  trail=$28.84  comp=0.0272
2026-05-22 09:52:10,254 [raptor.exits] INFO:     STM  pnl=+32.4%  trail=$63.08  comp=0.3845
2026-05-22 09:52:10,254 [raptor.exits] INFO:     TSLA  pnl=+7.7%  trail=$388.92  comp=-0.4264
2026-05-22 09:52:10,255 [raptor.exits] INFO: ============================================================
2026-05-22 09:52:10,265 [raptor.exits] INFO: AGENT [advisory] TRIM NVDA — 3+ deteriorating dimensions and unrealized_pct>5 (conf=0.60, from 2026-05-15T13:05:37.330779) [not executed — math trim governs]
2026-05-22 09:52:10,266 [raptor.exits] INFO: AGENT [advisory] HOLD AMD — insufficient history: 0 days (conf=0.90, from 2026-05-21T16:30:22.026013)
2026-05-22 09:52:10,505 [raptor.exits] INFO: AGENT [advisory] HOLD CVE — insufficient history: 0 days (conf=0.90, from 2026-05-21T16:30:22.026041)
2026-05-22 09:52:10,505 [raptor.exits] INFO: AGENT [advisory] HOLD FXI — insufficient history: 0 days (conf=0.90, from 2026-05-19T16:30:29.205147)
2026-05-22 09:52:10,506 [raptor.exits] INFO: AGENT [advisory] HOLD CSX — insufficient history: 0 days (conf=0.90, from 2026-05-21T16:30:22.026037)
2026-05-22 09:52:10,506 [raptor.exits] INFO: AGENT [advisory] HOLD INTC — insufficient history: 0 days (conf=0.90, from 2026-05-21T16:30:22.026047)
2026-05-22 09:52:10,506 [raptor.exits] INFO: AGENT [advisory] HOLD KDP — insufficient history: 0 days (conf=0.90, from 2026-05-21T16:30:22.026050)
2026-05-22 09:52:10,506 [raptor.exits] INFO: AGENT [advisory] HOLD OWL — insufficient history: 0 days (conf=0.90, from 2026-05-17T15:50:38.416296)
2026-05-22 09:52:10,506 [raptor.exits] INFO: AGENT [advisory] HOLD KRE — insufficient history: 0 days (conf=0.90, from 2026-05-18T21:00:50.566737)
2026-05-22 09:52:10,506 [raptor.exits] INFO: AGENT [advisory] HOLD PLTD — insufficient history: 0 days (conf=0.90, from 2026-05-21T16:30:22.026053)
2026-05-22 09:52:10,507 [raptor.exits] INFO: AGENT [advisory] HOLD STM — insufficient history: 0 days (conf=0.90, from 2026-05-21T16:30:22.026059)
2026-05-22 09:52:10,507 [raptor.exits] INFO: AGENT [advisory] HOLD SMCI — insufficient history: 0 days (conf=0.90, from 2026-05-21T16:30:22.026056)
2026-05-22 09:52:10,507 [raptor.exits] INFO: AGENT [advisory] HOLD TSLA — insufficient history: 0 days (conf=0.90, from 2026-05-21T16:30:22.026061)
2026-05-22 09:52:10,507 [raptor.exits] INFO: AGENT [advisory] HOLD TSLL — insufficient history: 0 days (conf=0.90, from 2026-05-19T16:30:29.205168)
2026-05-22 09:52:10,507 [raptor.exits] INFO: AGENT [advisory] HOLD TTD — insufficient history: 0 days (conf=0.90, from 2026-05-19T16:30:29.205175)
2026-05-22 09:52:10,507 [raptor.exits] INFO: AGENT [advisory] HOLD DKNG — insufficient history: 0 days (conf=0.90, from 2026-05-21T16:30:22.026044)
2026-05-22 09:52:10,507 [raptor.exits] INFO: SELL 119 DKNG [math_trim_32%]
2026-05-22 09:52:10,573 [raptor.data_feeds] INFO: Order submitted: SELL 119 DKNG @ None
2026-05-22 09:52:10,574 [raptor.exits] INFO:   OK: OrderStatus.PENDING_NEW
2026-05-22 09:52:10,588 [raptor.exits] INFO: [P0-1] outcome_pending.json updated for DKNG (order 18870de3-2609-4d7a-8843-d33c44bd0587)
2026-05-22 09:52:10,599 [raptor.exits] INFO: [TrimLog] Logged 1 trim(s) -> trim_log.json
2026-05-22 09:52:12,150 [raptor.exits] INFO: [OutcomeTracker] Tagged 3 new closed trade(s) -> outcome_log.json
2026-05-22 12:12:27,215 [raptor.universe] INFO: Universe from cache: 141 symbols
2026-05-22 12:12:29,599 [raptor.backtest] INFO: Loaded XLK: 1365 bars
2026-05-22 12:12:30,913 [raptor.backtest] INFO: Loaded XLY: 1365 bars
2026-05-22 12:12:31,792 [raptor.backtest] INFO: Loaded RGTI: 1087 bars
2026-05-22 12:12:32,159 [raptor.backtest] INFO: Loaded NEE: 1362 bars
2026-05-22 12:12:32,533 [raptor.backtest] INFO: Loaded FIS: 1362 bars
2026-05-22 12:12:33,054 [raptor.backtest] INFO: Loaded JD: 1365 bars
2026-05-22 12:12:33,327 [raptor.backtest] INFO: Loaded PPL: 1362 bars
2026-05-22 12:12:33,350 [raptor.backtest] INFO: Loaded 140 / 141 symbols
2026-05-22 12:12:33,393 [raptor.backtest] INFO: Loaded 1 / 1 symbols
2026-05-22 15:50:05,867 [raptor.exits] INFO: ============================================================
2026-05-22 15:50:05,868 [raptor.exits] INFO: RAPTOR v5.4 EXIT MONITOR - 2026-05-22T15:50:05.868503
2026-05-22 15:50:05,869 [raptor.exits] INFO: ============================================================
2026-05-22 15:50:05,870 [raptor.data_feeds] INFO: DataManager initialized with all feeds
2026-05-22 15:50:06,571 [raptor.exits] INFO: Account: equity=$106220.58  cash=$14415.81  positions=10
2026-05-22 15:50:06,582 [raptor.universe] INFO: Universe from cache: 141 symbols
2026-05-22 15:50:09,208 [raptor.data_feeds] INFO: Fetched 142 new bars / 142 total cached
2026-05-22 15:50:10,122 [raptor.data_feeds] INFO: FRED fetch OK: T10Y2Y (749 observations)
2026-05-22 15:50:10,708 [raptor.data_feeds] INFO: FRED fetch OK: FEDFUNDS (36 observations)
2026-05-22 15:50:11,328 [raptor.data_feeds] INFO: FRED fetch OK: ICSA (156 observations)
2026-05-22 15:50:12,458 [raptor.data_feeds] INFO: FRED fetch OK: VIXCLS (774 observations)
2026-05-22 15:50:13,177 [raptor.data_feeds] INFO: FRED fetch OK: BAMLC0A4CBBB (786 observations)
2026-05-22 15:50:13,788 [raptor.data_feeds] INFO: FRED fetch OK: CPIAUCSL (35 observations)
2026-05-22 15:50:14,412 [raptor.data_feeds] ERROR: FRED fetch failed for NAPM: 400 Client Error: Bad Request for url: https://api.stlouisfed.org/fred/series/observations?series_id=NAPM&api_key=da7dbeb2fb38addc5865122252685cee&file_type=json&observation_start=2023-05-23&observation_end=2026-05-22&sort_order=asc
2026-05-22 15:50:16,866 [raptor.data_feeds] INFO: FRED fetch OK: M2SL (35 observations)
2026-05-22 15:50:17,581 [raptor.data_feeds] INFO: FRED fetch OK: RSXFS (36 observations)
2026-05-22 15:50:18,189 [raptor.data_feeds] INFO: FRED fetch OK: UNRATE (35 observations)
2026-05-22 15:50:18,192 [raptor.data_feeds] INFO: FRED regime: BULLISH (score=0.150)
2026-05-22 15:50:19,871 [raptor.exits] INFO: [P0-8] Using macro_context.json regime=RISK_ON (canonical source)
2026-05-22 15:50:22,833 [raptor.signals] INFO: v5.4 Signals: 5 from 141 | Macro=RISK_ON Scale=1.0 | Micro={'TRENDING': 79, 'MIXED': 62}
2026-05-22 15:50:22,834 [raptor.exits] INFO: Portfolio unrealized: $10465.58 (9.85%)
2026-05-22 15:50:22,887 [raptor.exits] WARNING: MATH TRIM [TRIM_MINOR] CVE — 56 of 323 shares (17%) — Minor trim 17% — early warning, reduce exposure
2026-05-22 15:50:22,888 [raptor.exits] WARNING: MATH TRIM [TRIM_MINOR] PLTD — 232 of 963 shares (24%) — Minor trim 24% — early warning, reduce exposure
2026-05-22 15:50:22,888 [raptor.exits] INFO: 
2026-05-22 15:50:22,888 [raptor.exits] INFO: ============================================================
2026-05-22 15:50:22,889 [raptor.exits] INFO:   EXIT SUMMARY
2026-05-22 15:50:22,889 [raptor.exits] INFO: ============================================================
2026-05-22 15:50:22,890 [raptor.exits] INFO:   EXITS (2):
2026-05-22 15:50:22,890 [raptor.exits] INFO:     CVE  math_trim_17%  pnl=+4.5%  comp=0.1455
2026-05-22 15:50:22,891 [raptor.exits] INFO:     PLTD  math_trim_24%  pnl=+1.7%  comp=-0.1099
2026-05-22 15:50:22,891 [raptor.exits] INFO:   HOLDS (8):
2026-05-22 15:50:22,892 [raptor.exits] INFO:     AMD  pnl=+53.4%  trail=$434.83  comp=-0.0868
2026-05-22 15:50:22,893 [raptor.exits] INFO:     CSX  pnl=+0.2%  trail=$43.89  comp=0.2707
2026-05-22 15:50:22,893 [raptor.exits] INFO:     DKNG  pnl=-0.2%  trail=$21.65  comp=0.0812
2026-05-22 15:50:22,893 [raptor.exits] INFO:     INTC  pnl=+35.9%  trail=$104.46  comp=-0.2496
2026-05-22 15:50:22,893 [raptor.exits] INFO:     KDP  pnl=+1.7%  trail=$27.42  comp=-0.0273
2026-05-22 15:50:22,894 [raptor.exits] INFO:     SMCI  pnl=+3.7%  trail=$28.85  comp=0.0788
2026-05-22 15:50:22,894 [raptor.exits] INFO:     STM  pnl=+33.0%  trail=$63.12  comp=0.392
2026-05-22 15:50:22,894 [raptor.exits] INFO:     TSLA  pnl=+8.5%  trail=$390.24  comp=-0.3623
2026-05-22 15:50:22,894 [raptor.exits] INFO: ============================================================
2026-05-22 15:50:22,914 [raptor.exits] INFO: AGENT [advisory] TRIM NVDA — 3+ deteriorating dimensions and unrealized_pct>5 (conf=0.60, from 2026-05-15T13:05:37.330779) [not executed — math trim governs]
2026-05-22 15:50:22,916 [raptor.exits] INFO: AGENT [advisory] HOLD AMD — Agent unavailable — passthrough default (conf=0.50, from 2026-05-22T09:52:25.819113)
2026-05-22 15:50:22,917 [raptor.exits] INFO: AGENT [advisory] HOLD CVE — Agent unavailable — passthrough default (conf=0.50, from 2026-05-22T09:52:25.819136)
2026-05-22 15:50:22,917 [raptor.exits] INFO: AGENT [advisory] HOLD FXI — insufficient history: 0 days (conf=0.90, from 2026-05-19T16:30:29.205147)
2026-05-22 15:50:22,917 [raptor.exits] INFO: AGENT [advisory] HOLD CSX — Agent unavailable — passthrough default (conf=0.50, from 2026-05-22T09:52:25.819132)
2026-05-22 15:50:22,917 [raptor.exits] INFO: AGENT [advisory] HOLD INTC — Agent unavailable — passthrough default (conf=0.50, from 2026-05-22T09:52:25.819142)
2026-05-22 15:50:22,917 [raptor.exits] INFO: AGENT [advisory] HOLD KDP — Agent unavailable — passthrough default (conf=0.50, from 2026-05-22T09:52:25.819145)
2026-05-22 15:50:22,917 [raptor.exits] INFO: AGENT [advisory] HOLD OWL — insufficient history: 0 days (conf=0.90, from 2026-05-17T15:50:38.416296)
2026-05-22 15:50:22,918 [raptor.exits] INFO: AGENT [advisory] HOLD KRE — insufficient history: 0 days (conf=0.90, from 2026-05-18T21:00:50.566737)
2026-05-22 15:50:22,918 [raptor.exits] INFO: AGENT [advisory] HOLD PLTD — Agent unavailable — passthrough default (conf=0.50, from 2026-05-22T09:52:25.819147)
2026-05-22 15:50:22,918 [raptor.exits] INFO: AGENT [advisory] HOLD STM — Agent unavailable — passthrough default (conf=0.50, from 2026-05-22T09:52:25.819152)
2026-05-22 15:50:22,918 [raptor.exits] INFO: AGENT [advisory] HOLD SMCI — Agent unavailable — passthrough default (conf=0.50, from 2026-05-22T09:52:25.819150)
2026-05-22 15:50:22,918 [raptor.exits] INFO: AGENT [advisory] HOLD TSLA — Agent unavailable — passthrough default (conf=0.50, from 2026-05-22T09:52:25.819155)
2026-05-22 15:50:22,919 [raptor.exits] INFO: AGENT [advisory] HOLD TSLL — insufficient history: 0 days (conf=0.90, from 2026-05-19T16:30:29.205168)
2026-05-22 15:50:22,919 [raptor.exits] INFO: AGENT [advisory] HOLD TTD — insufficient history: 0 days (conf=0.90, from 2026-05-19T16:30:29.205175)
2026-05-22 15:50:22,919 [raptor.exits] INFO: AGENT [advisory] HOLD DKNG — Agent unavailable — passthrough default (conf=0.50, from 2026-05-22T09:52:25.819139)
2026-05-22 15:50:22,920 [raptor.exits] INFO: SELL 56 CVE [math_trim_17%]
2026-05-22 15:50:22,996 [raptor.data_feeds] INFO: Order submitted: SELL 56 CVE @ None
2026-05-22 15:50:22,997 [raptor.exits] INFO:   OK: OrderStatus.PENDING_NEW
2026-05-22 15:50:23,006 [raptor.exits] INFO: [P0-1] outcome_pending.json updated for CVE (order 271291a3-8177-4045-b020-5981ddf9cd2f)
2026-05-22 15:50:23,008 [raptor.exits] INFO: SELL 232 PLTD [math_trim_24%]
2026-05-22 15:50:23,034 [raptor.data_feeds] INFO: Order submitted: SELL 232 PLTD @ None
2026-05-22 15:50:23,034 [raptor.exits] INFO:   OK: OrderStatus.PENDING_NEW
2026-05-22 15:50:23,056 [raptor.exits] INFO: [P0-1] outcome_pending.json updated for PLTD (order 200f4604-34a2-4e46-a151-f9c27b836128)
2026-05-22 15:50:23,070 [raptor.exits] INFO: [TrimLog] Logged 2 trim(s) -> trim_log.json
2026-05-22 15:50:24,279 [raptor.exits] INFO: [OutcomeTracker] Tagged 1 new closed trade(s) -> outcome_log.json
2026-05-22 17:09:03,010 [raptor.universe] INFO: Universe from cache: 141 symbols
2026-05-22 17:09:04,446 [raptor.backtest] INFO: Loaded 140 / 141 symbols
2026-05-22 17:09:04,455 [raptor.backtest] INFO: Loaded 1 / 1 symbols
2026-05-22 18:24:23,320 [raptor.universe] INFO: Universe from cache: 141 symbols
2026-05-22 18:24:25,238 [raptor.backtest] INFO: Loaded 140 / 141 symbols
2026-05-22 18:24:25,247 [raptor.backtest] INFO: Loaded 1 / 1 symbols
2026-05-22 18:25:01,156 [raptor.universe] INFO: Universe from cache: 141 symbols
2026-05-22 18:25:02,652 [raptor.backtest] INFO: Loaded 140 / 141 symbols
2026-05-22 18:25:02,662 [raptor.backtest] INFO: Loaded 1 / 1 symbols
