2026-04-28 09:51:25,121 [raptor.exits] INFO: ============================================================
2026-04-28 09:51:25,121 [raptor.exits] INFO: RAPTOR v5.4 EXIT MONITOR - 2026-04-28T09:51:25.121866
2026-04-28 09:51:25,122 [raptor.exits] INFO: ============================================================
2026-04-28 09:51:25,123 [raptor.data_feeds] INFO: DataManager initialized with all feeds
2026-04-28 09:51:25,584 [raptor.exits] INFO: Account: equity=$102369.17  cash=$-19928.51  positions=12
2026-04-28 09:51:25,589 [raptor.universe] INFO: Universe from cache: 113 symbols
2026-04-28 09:51:27,275 [raptor.data_feeds] INFO: Fetched bars for 114 / 114 symbols
2026-04-28 09:51:28,149 [raptor.data_feeds] INFO: FRED fetch OK: BAMLC0A4CBBB (784 observations)
2026-04-28 09:51:28,204 [raptor.data_feeds] INFO: FRED regime: NEUTRAL (score=0.100)
2026-04-28 09:51:33,376 [raptor.signals] INFO: v5.4 Signals: 5 from 114 | Macro=NEUTRAL Scale=1.0 | Micro={'TRENDING': 64, 'MIXED': 50}
2026-04-28 09:51:33,377 [raptor.exits] INFO: Portfolio unrealized: $520.35 (0.51%)
2026-04-28 09:51:33,387 [raptor.exits] INFO: EXIT 3 [THESIS] SMCI composite=-1.0000 pnl=-4.8% (negative thesis + losing)
2026-04-28 09:51:33,394 [raptor.exits] INFO: 
2026-04-28 09:51:33,394 [raptor.exits] INFO: ============================================================
2026-04-28 09:51:33,394 [raptor.exits] INFO:   EXIT SUMMARY
2026-04-28 09:51:33,394 [raptor.exits] INFO: ============================================================
2026-04-28 09:51:33,394 [raptor.exits] INFO:   EXITS (1):
2026-04-28 09:51:33,394 [raptor.exits] INFO:     SMCI  thesis_invalid  pnl=-4.8%  comp=-1.0000
2026-04-28 09:51:33,395 [raptor.exits] INFO:   HOLDS (11):
2026-04-28 09:51:33,395 [raptor.exits] INFO:     AMD  pnl=+6.1%  trail=$292.32  comp=0.5874
2026-04-28 09:51:33,395 [raptor.exits] INFO:     CSX  pnl=-0.7%  trail=$43.56  comp=-1.0
2026-04-28 09:51:33,395 [raptor.exits] INFO:     HIMS  pnl=+2.7%  trail=$23.91  comp=-1.0
2026-04-28 09:51:33,395 [raptor.exits] INFO:     KDP  pnl=-0.3%  trail=$27.12  comp=-1.0
2026-04-28 09:51:33,395 [raptor.exits] INFO:     KO  pnl=+0.0%  trail=$76.95  comp=0.4839
2026-04-28 09:51:33,395 [raptor.exits] INFO:     NVDA  pnl=+1.3%  trail=$200.67  comp=0.4407
2026-04-28 09:51:33,395 [raptor.exits] INFO:     PYPL  pnl=+0.8%  trail=$47.68  comp=-1.0
2026-04-28 09:51:33,395 [raptor.exits] INFO:     SOXL  pnl=+2.4%  trail=$94.69  comp=0.523
2026-04-28 09:51:33,395 [raptor.exits] INFO:     STM  pnl=-0.5%  trail=$46.81  comp=-1.0
2026-04-28 09:51:33,395 [raptor.exits] INFO:     TFC  pnl=-0.0%  trail=$49.56  comp=0.4513
2026-04-28 09:51:33,396 [raptor.exits] INFO:     TTD  pnl=+0.6%  trail=$21.0  comp=-1.0
2026-04-28 09:51:33,396 [raptor.exits] INFO: ============================================================
2026-04-28 09:51:33,396 [raptor.exits] INFO: SELL 382.0 SMCI [thesis_invalid]
2026-04-28 09:51:33,475 [raptor.data_feeds] INFO: Order submitted: SELL 382.0 SMCI @ None
2026-04-28 09:51:33,475 [raptor.exits] INFO:   OK: OrderStatus.PENDING_NEW
