2026-06-02 09:52:13,292 [raptor.exits] INFO: ============================================================
2026-06-02 09:52:13,293 [raptor.exits] INFO: RAPTOR v5.4 EXIT MONITOR - 2026-06-02T09:52:13.293220
2026-06-02 09:52:13,294 [raptor.exits] INFO: ============================================================
2026-06-02 09:52:13,295 [raptor.data_feeds] INFO: DataManager initialized with all feeds
2026-06-02 09:52:13,672 [raptor.exits] INFO: Account: equity=$108604.64  cash=$76566.30  positions=7
2026-06-02 09:52:13,680 [raptor.universe] INFO: Universe from cache: 75 symbols
2026-06-02 09:52:15,150 [raptor.data_feeds] INFO: Fetched 78 new bars / 78 total cached
2026-06-02 09:52:15,171 [raptor.data_feeds] INFO: FRED regime: BULLISH (score=0.300)
2026-06-02 09:52:16,290 [raptor.signals] INFO: v5.4 Signals: 5 from 77 | Macro=RISK_ON Scale=1.0 | Micro={'MIXED': 54, 'TRENDING': 21, 'REVERTING': 2} | SNR min=0.00 max=0.00
2026-06-02 09:52:16,294 [raptor.exits] INFO: Portfolio unrealized: $8463.30 (7.79%)
2026-06-02 09:52:16,319 [raptor.exits] INFO: EXIT 1 [HARD STOP] INTC $106.00 <= $108.71
2026-06-02 09:52:16,331 [raptor.main] INFO: COOLDOWN: INTC added — blocked for 5 trading days
2026-06-02 09:52:16,357 [raptor.exits] INFO: EXIT 1 [HARD STOP] TSLA $414.81 <= $420.69
2026-06-02 09:52:16,374 [raptor.main] INFO: COOLDOWN: TSLA added — blocked for 5 trading days
2026-06-02 09:52:16,376 [raptor.exits] WARNING: MATH TRIM [TRIM_MINOR] AMD — 2 of 18 shares (9%) — Minor trim 9% — early warning, reduce exposure
2026-06-02 09:52:16,376 [raptor.exits] WARNING: MATH TRIM [TRIM_MINOR] STM — 16 of 98 shares (16%) — Minor trim 16% — early warning, reduce exposure
2026-06-02 09:52:16,377 [raptor.exits] INFO: 
2026-06-02 09:52:16,377 [raptor.exits] INFO: ============================================================
2026-06-02 09:52:16,378 [raptor.exits] INFO:   EXIT SUMMARY
2026-06-02 09:52:16,379 [raptor.exits] INFO: ============================================================
2026-06-02 09:52:16,380 [raptor.exits] INFO:   EXITS (4):
2026-06-02 09:52:16,380 [raptor.exits] INFO:     INTC  hard_stop  pnl=+20.8%  comp=-0.0000
2026-06-02 09:52:16,381 [raptor.exits] INFO:     TSLA  hard_stop  pnl=+6.1%  comp=0.0000
2026-06-02 09:52:16,381 [raptor.exits] INFO:     AMD  math_trim_9%  pnl=+69.1%  comp=0.0000
2026-06-02 09:52:16,381 [raptor.exits] INFO:     STM  math_trim_16%  pnl=+53.7%  comp=0.0000
2026-06-02 09:52:16,382 [raptor.exits] INFO:   HOLDS (3):
2026-06-02 09:52:16,382 [raptor.exits] INFO:     HPQ  pnl=+7.3%  trail=$26.5  comp=0.0
2026-06-02 09:52:16,382 [raptor.exits] INFO:     KDP  pnl=+4.9%  trail=$29.33  comp=0.0
2026-06-02 09:52:16,382 [raptor.exits] INFO:     SMCI  pnl=+44.1%  trail=$46.21  comp=0.0
2026-06-02 09:52:16,382 [raptor.exits] INFO: ============================================================
2026-06-02 09:52:16,401 [raptor.exits] INFO: AGENT [advisory] TRIM NVDA — 3+ deteriorating dimensions and unrealized_pct>5 (conf=0.60, from 2026-05-15T13:05:37.330779) [not executed — math trim governs]
2026-06-02 09:52:16,401 [raptor.exits] INFO: AGENT [advisory] HOLD AMD — insufficient history: 0 days (conf=0.90, from 2026-06-02T09:52:09.799526)
2026-06-02 09:52:16,402 [raptor.exits] INFO: AGENT [advisory] HOLD CVE — insufficient history: 0 days (conf=0.90, from 2026-05-28T15:50:34.277447)
2026-06-02 09:52:16,402 [raptor.exits] INFO: AGENT [advisory] HOLD FXI — insufficient history: 0 days (conf=0.90, from 2026-05-19T16:30:29.205147)
2026-06-02 09:52:16,403 [raptor.exits] INFO: AGENT [advisory] HOLD CSX — insufficient history: 0 days (conf=0.90, from 2026-05-29T09:52:09.312909)
2026-06-02 09:52:16,403 [raptor.exits] INFO: AGENT [advisory] HOLD INTC — insufficient history: 0 days (conf=0.90, from 2026-06-02T09:52:09.799565)
2026-06-02 09:52:16,403 [raptor.exits] INFO: AGENT [advisory] HOLD KDP — insufficient history: 0 days (conf=0.90, from 2026-06-02T09:52:09.799572)
2026-06-02 09:52:16,403 [raptor.exits] INFO: AGENT [advisory] HOLD OWL — insufficient history: 0 days (conf=0.90, from 2026-05-17T15:50:38.416296)
2026-06-02 09:52:16,403 [raptor.exits] INFO: AGENT [advisory] HOLD KRE — insufficient history: 0 days (conf=0.90, from 2026-05-18T21:00:50.566737)
2026-06-02 09:52:16,403 [raptor.exits] INFO: AGENT [advisory] HOLD PLTD — insufficient history: 0 days (conf=0.90, from 2026-05-28T15:50:34.277463)
2026-06-02 09:52:16,404 [raptor.exits] INFO: AGENT [advisory] HOLD STM — insufficient history: 0 days (conf=0.90, from 2026-06-02T09:52:09.799583)
2026-06-02 09:52:16,404 [raptor.exits] INFO: AGENT [advisory] HOLD SMCI — insufficient history: 0 days (conf=0.90, from 2026-06-02T09:52:09.799577)
2026-06-02 09:52:16,404 [raptor.exits] INFO: AGENT [advisory] HOLD TSLA — insufficient history: 0 days (conf=0.90, from 2026-06-02T09:52:09.799588)
2026-06-02 09:52:16,404 [raptor.exits] INFO: AGENT [advisory] HOLD TSLL — insufficient history: 0 days (conf=0.90, from 2026-05-19T16:30:29.205168)
2026-06-02 09:52:16,404 [raptor.exits] INFO: AGENT [advisory] HOLD TTD — insufficient history: 0 days (conf=0.90, from 2026-05-19T16:30:29.205175)
2026-06-02 09:52:16,404 [raptor.exits] INFO: AGENT [advisory] HOLD DKNG — insufficient history: 0 days (conf=0.90, from 2026-05-29T09:52:09.312915)
2026-06-02 09:52:16,405 [raptor.exits] INFO: AGENT [advisory] HOLD HPQ — insufficient history: 0 days (conf=0.90, from 2026-06-02T09:52:09.799556)
2026-06-02 09:52:16,405 [raptor.exits] INFO: SELL 47.0 INTC [hard_stop]
2026-06-02 15:50:32,182 [raptor.exits] INFO: ============================================================
2026-06-02 15:50:32,183 [raptor.exits] INFO: RAPTOR v5.4 EXIT MONITOR - 2026-06-02T15:50:32.183066
2026-06-02 15:50:32,184 [raptor.exits] INFO: ============================================================
2026-06-02 15:50:32,186 [raptor.data_feeds] INFO: DataManager initialized with all feeds
2026-06-02 15:50:32,616 [raptor.exits] INFO: Account: equity=$108638.60  cash=$76566.30  positions=7
2026-06-02 15:50:32,623 [raptor.universe] INFO: Universe from cache: 75 symbols
2026-06-02 15:50:33,943 [raptor.data_feeds] INFO: Fetched 78 new bars / 78 total cached
2026-06-02 15:50:34,110 [raptor.data_feeds] INFO: FRED regime: BULLISH (score=0.300)
2026-06-02 15:50:35,292 [raptor.signals] INFO: v5.4 Signals: 5 from 77 | Macro=RISK_ON Scale=1.0 | Micro={'MIXED': 54, 'TRENDING': 21, 'REVERTING': 2} | SNR min=0.00 max=0.00
2026-06-02 15:50:35,296 [raptor.exits] INFO: Portfolio unrealized: $8497.03 (7.82%)
2026-06-02 15:50:35,317 [raptor.exits] INFO: EXIT 1 [HARD STOP] INTC $107.22 <= $108.71
2026-06-02 15:50:35,353 [raptor.main] INFO: COOLDOWN: INTC added — blocked for 5 trading days
2026-06-02 15:50:35,393 [raptor.exits] WARNING: MATH TRIM [TRIM_MINOR] AMD — 3 of 18 shares (14%) — Minor trim 14% — early warning, reduce exposure
2026-06-02 15:50:35,394 [raptor.exits] INFO: 
2026-06-02 15:50:35,395 [raptor.exits] INFO: ============================================================
2026-06-02 15:50:35,395 [raptor.exits] INFO:   EXIT SUMMARY
2026-06-02 15:50:35,396 [raptor.exits] INFO: ============================================================
2026-06-02 15:50:35,397 [raptor.exits] INFO:   EXITS (2):
2026-06-02 15:50:35,398 [raptor.exits] INFO:     INTC  hard_stop  pnl=+22.2%  comp=-0.0000
2026-06-02 15:50:35,399 [raptor.exits] INFO:     AMD  math_trim_14%  pnl=+70.5%  comp=-0.0000
2026-06-02 15:50:35,399 [raptor.exits] INFO:   HOLDS (5):
2026-06-02 15:50:35,400 [raptor.exits] INFO:     HPQ  pnl=+1.3%  trail=$26.5  comp=0.0
2026-06-02 15:50:35,400 [raptor.exits] INFO:     KDP  pnl=+6.4%  trail=$29.53  comp=0.0
2026-06-02 15:50:35,401 [raptor.exits] INFO:     SMCI  pnl=+47.4%  trail=$47.33  comp=0.0
2026-06-02 15:50:35,401 [raptor.exits] INFO:     STM  pnl=+58.1%  trail=$75.36  comp=0.0
2026-06-02 15:50:35,402 [raptor.exits] INFO:     TSLA  pnl=+7.9%  trail=$421.58  comp=-0.0
2026-06-02 15:50:35,403 [raptor.exits] INFO: ============================================================
2026-06-02 15:50:35,422 [raptor.exits] INFO: AGENT [advisory] TRIM NVDA — 3+ deteriorating dimensions and unrealized_pct>5 (conf=0.60, from 2026-05-15T13:05:37.330779) [not executed — math trim governs]
2026-06-02 15:50:35,423 [raptor.exits] INFO: AGENT [advisory] HOLD AMD — insufficient history: 0 days (conf=0.90, from 2026-06-02T15:50:28.240495)
2026-06-02 15:50:35,423 [raptor.exits] INFO: AGENT [advisory] HOLD CVE — insufficient history: 0 days (conf=0.90, from 2026-05-28T15:50:34.277447)
2026-06-02 15:50:35,424 [raptor.exits] INFO: AGENT [advisory] HOLD FXI — insufficient history: 0 days (conf=0.90, from 2026-05-19T16:30:29.205147)
2026-06-02 15:50:35,424 [raptor.exits] INFO: AGENT [advisory] HOLD CSX — insufficient history: 0 days (conf=0.90, from 2026-05-29T09:52:09.312909)
2026-06-02 15:50:35,424 [raptor.exits] INFO: AGENT [advisory] HOLD INTC — insufficient history: 0 days (conf=0.90, from 2026-06-02T15:50:28.240518)
2026-06-02 15:50:35,424 [raptor.exits] INFO: AGENT [advisory] HOLD KDP — insufficient history: 0 days (conf=0.90, from 2026-06-02T15:50:28.240521)
2026-06-02 15:50:35,424 [raptor.exits] INFO: AGENT [advisory] HOLD OWL — insufficient history: 0 days (conf=0.90, from 2026-05-17T15:50:38.416296)
2026-06-02 15:50:35,425 [raptor.exits] INFO: AGENT [advisory] HOLD KRE — insufficient history: 0 days (conf=0.90, from 2026-05-18T21:00:50.566737)
2026-06-02 15:50:35,425 [raptor.exits] INFO: AGENT [advisory] HOLD PLTD — insufficient history: 0 days (conf=0.90, from 2026-05-28T15:50:34.277463)
2026-06-02 15:50:35,425 [raptor.exits] INFO: AGENT [advisory] HOLD STM — insufficient history: 0 days (conf=0.90, from 2026-06-02T15:50:28.240526)
2026-06-02 15:50:35,425 [raptor.exits] INFO: AGENT [advisory] HOLD SMCI — insufficient history: 0 days (conf=0.90, from 2026-06-02T15:50:28.240524)
2026-06-02 15:50:35,425 [raptor.exits] INFO: AGENT [advisory] HOLD TSLA — insufficient history: 0 days (conf=0.90, from 2026-06-02T15:50:28.240529)
2026-06-02 15:50:35,425 [raptor.exits] INFO: AGENT [advisory] HOLD TSLL — insufficient history: 0 days (conf=0.90, from 2026-05-19T16:30:29.205168)
2026-06-02 15:50:35,426 [raptor.exits] INFO: AGENT [advisory] HOLD TTD — insufficient history: 0 days (conf=0.90, from 2026-05-19T16:30:29.205175)
2026-06-02 15:50:35,426 [raptor.exits] INFO: AGENT [advisory] HOLD DKNG — insufficient history: 0 days (conf=0.90, from 2026-05-29T09:52:09.312915)
2026-06-02 15:50:35,426 [raptor.exits] INFO: AGENT [advisory] HOLD HPQ — insufficient history: 0 days (conf=0.90, from 2026-06-02T15:50:28.240514)
2026-06-02 15:50:35,426 [raptor.exits] INFO: SELL 47.0 INTC [hard_stop]
