[Wed 05/20/2026 16:53:33.35] Starting daily GitHub push... 
[main dd60303] Daily update 2026-05-20
 1 file changed, 12 insertions(+)
 create mode 100644 Daily_GitHub_Push.bat
remote: This repository moved. Please use the new location:        
remote:   https://github.com/stevefirwin-svg/Raptor.git        
To https://github.com/Stevefirwin-svg/raptor.git
   3e0393e..dd60303  main -> main
[Wed 05/20/2026 16:53:35.79] Push complete. 
[Wed 05/20/2026 17:00:33.24] Starting daily GitHub push... 
[main 83309b8] Daily update 2026-05-20
 1 file changed, 93 insertions(+), 54 deletions(-)
remote: This repository moved. Please use the new location:        
remote:   https://github.com/stevefirwin-svg/Raptor.git        
To https://github.com/Stevefirwin-svg/raptor.git
   dd60303..83309b8  main -> main
[Wed 05/20/2026 17:00:35.81] Push complete. 
[Wed 05/20/2026 17:03:47.60] Starting daily GitHub push... 
[main 7ef5c73] Daily update 2026-05-20
 1 file changed, 44 insertions(+), 23 deletions(-)
remote: This repository moved. Please use the new location:        
remote:   https://github.com/stevefirwin-svg/Raptor.git        
To https://github.com/Stevefirwin-svg/raptor.git
   83309b8..7ef5c73  main -> main
[Wed 05/20/2026 17:03:49.62] Push complete. 
[Wed 05/20/2026 17:08:13.21] Starting daily GitHub push... 
[main 24072ff] Daily update 2026-05-20
 1 file changed, 37 insertions(+), 10 deletions(-)
remote: This repository moved. Please use the new location:        
remote:   https://github.com/stevefirwin-svg/Raptor.git        
To https://github.com/Stevefirwin-svg/raptor.git
   7ef5c73..24072ff  main -> main
[Wed 05/20/2026 17:08:16.62] Push complete. 
[Wed 05/20/2026 17:11:22.34] Starting daily GitHub push... 
[main 41e13b7] Daily update 2026-05-20
 1 file changed, 143 insertions(+), 73 deletions(-)
remote: This repository moved. Please use the new location:        
remote:   https://github.com/stevefirwin-svg/Raptor.git        
To https://github.com/Stevefirwin-svg/raptor.git
   24072ff..41e13b7  main -> main
[Wed 05/20/2026 17:11:24.68] Push complete. 
[Wed 05/20/2026 18:37:13.83] Starting daily GitHub push... 
[main bfb6367] Daily update 2026-05-20
 1 file changed, 168 insertions(+), 84 deletions(-)
remote: This repository moved. Please use the new location:        
remote:   https://github.com/stevefirwin-svg/Raptor.git        
To https://github.com/Stevefirwin-svg/raptor.git
   41e13b7..bfb6367  main -> main
[Wed 05/20/2026 18:37:16.24] Push complete. 
[Wed 05/20/2026 21:07:24.27] Starting daily GitHub push... 
[main 8ab54e5] Daily update 2026-05-20
 3 files changed, 642 insertions(+), 562 deletions(-)
remote: This repository moved. Please use the new location:        
remote:   https://github.com/stevefirwin-svg/Raptor.git        
To https://github.com/Stevefirwin-svg/raptor.git
   bfb6367..8ab54e5  main -> main
[Wed 05/20/2026 21:07:26.40] Push complete. 
[Wed 05/27/2026 18:16:45.44] Starting daily GitHub push... 
[main 1601d37] Daily update 2026-05-27
 1 file changed, 21 insertions(+)
To https://github.com/stevefirwin-svg/Raptor.git
   2295aa6..1601d37  main -> main
[Wed 05/27/2026 18:16:47.44] Push complete. 
[Thu 05/28/2026 18:00:02.04] Starting daily GitHub push... 
On branch main
Your branch is up to date with 'origin/main'.

nothing to commit, working tree clean
Everything up-to-date
[Thu 05/28/2026 18:00:03.77] Push complete. 
[Fri 05/29/2026 18:00:01.71] Starting daily GitHub push... 
On branch main
Your branch is up to date with 'origin/main'.

nothing to commit, working tree clean
Everything up-to-date
[Fri 05/29/2026 18:00:03.86] Push complete. 
[Sat 05/30/2026 18:00:02.23] Starting daily GitHub push... 
On branch main
Your branch is up to date with 'origin/main'.

nothing to commit, working tree clean
Everything up-to-date
[Sat 05/30/2026 18:00:04.10] Push complete. 
[Sun 05/31/2026 18:00:01.98] Starting daily GitHub push... 
On branch main
Your branch is up to date with 'origin/main'.

nothing to commit, working tree clean
Everything up-to-date
[Sun 05/31/2026 18:00:03.85] Push complete. 
[Mon 06/01/2026 18:00:02.23] Starting daily GitHub push... 
On branch main
Your branch is up to date with 'origin/main'.

nothing to commit, working tree clean
Everything up-to-date
[Mon 06/01/2026 18:00:04.61] Push complete. 
[Tue 06/02/2026 18:00:01.93] Starting daily GitHub push... 
On branch main
Your branch is up to date with 'origin/main'.

nothing to commit, working tree clean
Everything up-to-date
[Tue 06/02/2026 18:00:03.86] Push complete. 
[Wed 06/03/2026 18:00:02.16] Starting daily GitHub push... 
[main 22a662f] Daily update 2026-06-03
 4 files changed, 494 insertions(+), 438 deletions(-)
To https://github.com/stevefirwin-svg/Raptor.git
   fa2ef4a..22a662f  main -> main
[Wed 06/03/2026 18:00:05.46] Push complete. 
[Thu 06/04/2026 18:00:02.14] Starting daily GitHub push... 
On branch main
Your branch is up to date with 'origin/main'.

nothing to commit, working tree clean
Everything up-to-date
[Thu 06/04/2026 18:00:04.83] Push complete. 
[Fri 06/05/2026 18:00:02.46] Starting daily GitHub push... 
[main 8aa606d] Daily update 2026-06-05
 2 files changed, 2 insertions(+)
To https://github.com/stevefirwin-svg/Raptor.git
   7a2b85e..8aa606d  main -> main
[Fri 06/05/2026 18:00:05.23] Push complete. 
[Sat 06/06/2026 18:00:01.87] Starting daily GitHub push... 
[main b4db3ee] Daily update 2026-06-06
 2 files changed, 2 insertions(+)
To https://github.com/stevefirwin-svg/Raptor.git
   284ba2b..b4db3ee  main -> main
[Sat 06/06/2026 18:00:05.34] Push complete. 
[Sun 06/07/2026 18:00:01.97] Starting daily GitHub push... 
[main 4ff33a6] Daily update 2026-06-07
 2 files changed, 2 insertions(+)
To https://github.com/stevefirwin-svg/Raptor.git
   9842021..4ff33a6  main -> main
[Sun 06/07/2026 18:00:05.14] Push complete. 
[Mon 06/08/2026 18:00:01.69] Starting daily GitHub push... 
[main 30a8cf6] Daily update 2026-06-08
 2 files changed, 2 insertions(+)
To https://github.com/stevefirwin-svg/Raptor.git
   24d0792..30a8cf6  main -> main
[Mon 06/08/2026 18:00:04.39] Push complete. 
[Tue 06/09/2026 18:00:02.47] Starting daily GitHub push... 
[main fb1b40f] Daily update 2026-06-09
 2 files changed, 2 insertions(+)
To https://github.com/stevefirwin-svg/Raptor.git
   241a0fb..fb1b40f  main -> main
[Tue 06/09/2026 18:00:05.62] Push complete. 
[Wed 06/10/2026 18:00:02.22] Starting daily GitHub push... 
[main 5810298] Daily update 2026-06-10
 2 files changed, 1 insertion(+)
 create mode 100644 raptor_s4c_neutralization.zip
To https://github.com/stevefirwin-svg/Raptor.git
   3857259..5810298  main -> main
[Wed 06/10/2026 18:00:05.33] Push complete. 
[Thu 06/11/2026 18:00:02.58] Starting daily GitHub push... 
[main 1a233ef] Daily update 2026-06-11
 2 files changed, 2 insertions(+)
To https://github.com/stevefirwin-svg/Raptor.git
   f4ca32b..1a233ef  main -> main
[Thu 06/11/2026 18:00:06.95] Push complete. 
[Fri 06/12/2026 18:16:55.26] Starting daily GitHub push... 
[main bc6e0ff] Daily update 2026-06-12
 12 files changed, 998 insertions(+), 443 deletions(-)
 create mode 100644 Sync_To_Claude_Project.ps1
 create mode 100644 sync_manifest.json
 create mode 100644 sync_to_claude.py
To https://github.com/stevefirwin-svg/Raptor.git
   1df3870..bc6e0ff  main -> main
[Fri 06/12/2026 18:16:58.19] Push complete. 
[Sat 06/13/2026 18:00:02.16] Starting daily GitHub push... 
[main 999b35a] Daily update 2026-06-13
 2 files changed, 2 insertions(+)
To https://github.com/stevefirwin-svg/Raptor.git
   5df191e..999b35a  main -> main
[Sat 06/13/2026 18:00:04.53] Push complete. 
[Sun 06/14/2026 18:00:01.49] Starting daily GitHub push... 
[main 80a5d04] Daily update 2026-06-14
 2 files changed, 2 insertions(+)
To https://github.com/stevefirwin-svg/Raptor.git
   edbacaa..80a5d04  main -> main
[Sun 06/14/2026 18:00:04.23] Push complete. 
[Mon 06/15/2026 18:00:02.02] Starting daily GitHub push... 
[main 2398634] Daily update 2026-06-15
 2 files changed, 2 insertions(+)
To https://github.com/stevefirwin-svg/Raptor.git
   f0f6a5d..2398634  main -> main
[Mon 06/15/2026 18:00:04.60] Push complete. 
[Tue 06/16/2026 18:00:01.91] Starting daily GitHub push... 
[main d97e4ba] Daily update 2026-06-16
 2 files changed, 2 insertions(+)
To https://github.com/stevefirwin-svg/Raptor.git
   f39e611..d97e4ba  main -> main
[Tue 06/16/2026 18:00:04.12] Push complete. 
[Wed 06/17/2026 18:00:01.80] Starting daily GitHub push... 
[main a44c7bc] Daily update 2026-06-17
 2 files changed, 2 insertions(+)
To https://github.com/stevefirwin-svg/Raptor.git
   503b348..a44c7bc  main -> main
[Wed 06/17/2026 18:00:04.27] Push complete. 
[Thu 06/18/2026 18:00:01.80] Starting daily GitHub push... 
[main 8e4d09f] Daily update 2026-06-18
 2 files changed, 2 insertions(+)
To https://github.com/stevefirwin-svg/Raptor.git
   8001e62..8e4d09f  main -> main
[Thu 06/18/2026 18:00:05.13] Push complete. 
[Fri 06/19/2026 18:00:00.80] Starting daily GitHub push... 
[main d08d870] Daily update 2026-06-19
 2 files changed, 2 insertions(+)
To https://github.com/stevefirwin-svg/Raptor
   97829b4..d08d870  main -> main
[Fri 06/19/2026 18:00:04.25] Push complete. 
[Sat 06/20/2026 18:00:02.13] Starting daily GitHub push... 
[main cc1425a] Daily update 2026-06-20
 4 files changed, 266 insertions(+)
 create mode 100644 logs/monitor_20260620.json
 create mode 100644 logs/monitor_bat_20260620.log
 create mode 100644 logs/monitor_run_20260620.log
To https://github.com/stevefirwin-svg/Raptor
   d08d870..cc1425a  main -> main
[Sat 06/20/2026 18:00:05.91] Push complete. 
[Sun 06/21/2026 18:00:02.00] Starting daily GitHub push... 
[main f4f4f99] Daily update 2026-06-21
 4 files changed, 269 insertions(+)
 create mode 100644 logs/monitor_20260621.json
 create mode 100644 logs/monitor_bat_20260621.log
 create mode 100644 logs/monitor_run_20260621.log
To https://github.com/stevefirwin-svg/Raptor
   cc1425a..f4f4f99  main -> main
[Sun 06/21/2026 18:00:05.80] Push complete. 
[Mon 06/22/2026 18:00:01.94] Starting daily GitHub push... 
[main a05d59e] Daily update 2026-06-22
 2 files changed, 7 insertions(+), 6 deletions(-)
To https://github.com/stevefirwin-svg/Raptor
   38b614a..a05d59e  main -> main
[Mon 06/22/2026 18:00:05.54] Push complete. 
[Mon 06/22/2026 20:24:05.21] Starting daily GitHub push... 
[main 628df70] Daily update 2026-06-22
 1 file changed, 6 insertions(+)
To https://github.com/stevefirwin-svg/Raptor
   a05d59e..628df70  main -> main
[Mon 06/22/2026 20:24:10.27] Push complete. 
[Tue 06/23/2026 18:00:02.18] Starting daily GitHub push... 
[main 4930b71] Daily update 2026-06-23
 2 files changed, 2 insertions(+)
To https://github.com/stevefirwin-svg/Raptor
   952d265..4930b71  main -> main
[Tue 06/23/2026 18:00:04.62] Push complete. 
[Wed 06/24/2026 18:00:01.06] Starting daily GitHub push... 
[main 6ac8f2e] Daily update 2026-06-24
 7 files changed, 906 insertions(+), 774 deletions(-)
To https://github.com/stevefirwin-svg/Raptor
   20df785..6ac8f2e  main -> main
[Wed 06/24/2026 18:00:03.34] Push complete. 
[Thu 06/25/2026 18:00:00.40] Starting daily GitHub push... 
[main 0e00c29] Daily update 2026-06-25
 2 files changed, 2 insertions(+)
To https://github.com/stevefirwin-svg/Raptor
   de8e17d..0e00c29  main -> main
[Thu 06/25/2026 18:00:02.68] Push complete. 
[Fri 06/26/2026 18:00:01.39] Starting daily GitHub push... 
[main a3e1a80] Daily update 2026-06-26
 2 files changed, 2 insertions(+)
To https://github.com/stevefirwin-svg/Raptor
   6f1db37..a3e1a80  main -> main
[Fri 06/26/2026 18:00:04.59] Push complete. 
[Sat 06/27/2026 18:00:01.58] Starting daily GitHub push... 
[main 148114a] Daily update 2026-06-27
 1 file changed, 6 insertions(+)
To https://github.com/stevefirwin-svg/Raptor
   a3e1a80..148114a  main -> main
[Sat 06/27/2026 18:00:05.18] Push complete. 
[Sun 06/28/2026 18:00:02.04] Starting daily GitHub push... 
[main ed610d2] Daily update 2026-06-28
 9 files changed, 113 insertions(+), 44 deletions(-)
To https://github.com/stevefirwin-svg/Raptor
   b723495..ed610d2  main -> main
[Sun 06/28/2026 18:00:05.36] Push complete. 
[Mon 06/29/2026 18:00:01.69] Starting daily GitHub push... 
[main 71c6559] Daily update 2026-06-29
 2 files changed, 2 insertions(+)
To https://github.com/stevefirwin-svg/Raptor
   663a380..71c6559  main -> main
[Mon 06/29/2026 18:00:04.81] Push complete. 
[Tue 06/30/2026 18:00:02.04] Starting daily GitHub push... 
[main 7118aa4] Daily update 2026-06-30
 2 files changed, 2 insertions(+)
To https://github.com/stevefirwin-svg/Raptor
   400a598..7118aa4  main -> main
[Tue 06/30/2026 18:00:04.23] Push complete. 
[Wed 07/01/2026 18:00:01.55] Starting daily GitHub push... 
fatal: Unable to create 'C:/Raptor/.git/index.lock': File exists.

Another git process seems to be running in this repository, or the lock file may be stale
Everything up-to-date
[Wed 07/01/2026 18:00:10.14] Push complete. 
[Thu 07/02/2026 18:00:01.98] Starting daily GitHub push... 
fatal: Unable to create 'C:/Raptor/.git/index.lock': File exists.

Another git process seems to be running in this repository, or the lock file may be stale
Everything up-to-date
[Thu 07/02/2026 18:00:04.42] Push complete. 
[Fri 07/03/2026 18:00:01.35] Starting daily GitHub push... 
fatal: Unable to create 'C:/Raptor/.git/index.lock': File exists.

Another git process seems to be running in this repository, or the lock file may be stale
Everything up-to-date
[Fri 07/03/2026 18:00:03.36] Push complete. 
[Sat 07/04/2026 18:00:02.17] Starting daily GitHub push... 
fatal: Unable to create 'C:/Raptor/.git/index.lock': File exists.

Another git process seems to be running in this repository, or the lock file may be stale
Everything up-to-date
[Sat 07/04/2026 18:00:05.17] Push complete. 
[Sun 07/05/2026 18:00:01.39] Starting daily GitHub push... 
fatal: Unable to create 'C:/Raptor/.git/index.lock': File exists.

Another git process seems to be running in this repository, or the lock file may be stale
Everything up-to-date
[Sun 07/05/2026 18:00:04.27] Push complete. 
[Mon 07/06/2026 18:00:01.90] Starting daily GitHub push... 
fatal: Unable to create 'C:/Raptor/.git/index.lock': File exists.

Another git process seems to be running in this repository, or the lock file may be stale
Everything up-to-date
[Mon 07/06/2026 18:00:03.80] Push complete. 
[Tue 07/07/2026 18:00:02.23] Starting daily GitHub push... 
fatal: Unable to create 'C:/Raptor/.git/index.lock': File exists.

Another git process seems to be running in this repository, or the lock file may be stale
Everything up-to-date
[Tue 07/07/2026 18:00:03.51] Push complete. 
[Wed 07/08/2026 18:00:01.94] Starting daily GitHub push... 
fatal: Unable to create 'C:/Raptor/.git/index.lock': File exists.

Another git process seems to be running in this repository, or the lock file may be stale
Everything up-to-date
[Wed 07/08/2026 18:00:04.18] Push complete. 
[Thu 07/09/2026 18:00:01.32] Starting daily GitHub push... 
fatal: Unable to create 'C:/Raptor/.git/index.lock': File exists.

Another git process seems to be running in this repository, or the lock file may be stale
Everything up-to-date
[Thu 07/09/2026 18:00:02.66] Push complete. 
[Fri 07/10/2026 18:00:01.84] Starting daily GitHub push... 
fatal: Unable to create 'C:/Raptor/.git/index.lock': File exists.

Another git process seems to be running in this repository, or the lock file may be stale
Everything up-to-date
[Fri 07/10/2026 18:00:03.62] Push complete. 
[Sat 07/11/2026 18:00:02.16] Starting daily GitHub push... 
fatal: Unable to create 'C:/Raptor/.git/index.lock': File exists.

Another git process seems to be running in this repository, or the lock file may be stale
Everything up-to-date
[Sat 07/11/2026 18:00:05.05] Push complete. 
[Sun 07/12/2026 18:00:01.52] Starting daily GitHub push... 
fatal: Unable to create 'C:/Raptor/.git/index.lock': File exists.

Another git process seems to be running in this repository, or the lock file may be stale
Everything up-to-date
[Sun 07/12/2026 18:00:04.14] Push complete. 
[Mon 07/13/2026 18:00:01.63] Starting daily GitHub push... 
fatal: Unable to create 'C:/Raptor/.git/index.lock': File exists.

Another git process seems to be running in this repository, or the lock file may be stale
Everything up-to-date
[Mon 07/13/2026 18:00:03.05] Push complete. 
[Tue 07/14/2026 18:00:01.91] Starting daily GitHub push... 
fatal: Unable to create 'C:/Raptor/.git/index.lock': File exists.

Another git process seems to be running in this repository, or the lock file may be stale
Everything up-to-date
[Tue 07/14/2026 18:00:03.28] Push complete. 
[Wed 07/15/2026 18:00:01.33] Starting daily GitHub push... 
fatal: Unable to create 'C:/Raptor/.git/index.lock': File exists.

Another git process seems to be running in this repository, or the lock file may be stale
Everything up-to-date
[Wed 07/15/2026 18:00:04.06] Push complete. 
[Thu 07/16/2026 18:00:01.49] Starting daily GitHub push... 
fatal: Unable to create 'C:/Raptor/.git/index.lock': File exists.

Another git process seems to be running in this repository, or the lock file may be stale
Everything up-to-date
[Thu 07/16/2026 18:00:03.58] Push complete. 
[Fri 07/17/2026 18:00:01.78] Starting daily GitHub push... 
fatal: Unable to create 'C:/Raptor/.git/index.lock': File exists.

Another git process seems to be running in this repository, or the lock file may be stale
Everything up-to-date
[Fri 07/17/2026 18:00:03.59] Push complete. 
[Sat 07/18/2026 18:00:02.01] Starting daily GitHub push... 
fatal: Unable to create 'C:/Raptor/.git/index.lock': File exists.

Another git process seems to be running in this repository, or the lock file may be stale
Everything up-to-date
[Sat 07/18/2026 18:00:05.00] Push complete. 
[Sun 07/19/2026 18:00:02.04] Starting daily GitHub push... 
fatal: Unable to create 'C:/Raptor/.git/index.lock': File exists.

Another git process seems to be running in this repository, or the lock file may be stale
Everything up-to-date
[Sun 07/19/2026 18:00:04.73] Push complete. 
[Mon 07/20/2026 18:00:01.36] Starting daily GitHub push... 
fatal: Unable to create 'C:/Raptor/.git/index.lock': File exists.

Another git process seems to be running in this repository, or the lock file may be stale
Everything up-to-date
[Mon 07/20/2026 18:00:03.53] Push complete. 
[Tue 07/21/2026 18:00:01.36] Starting daily GitHub push... 
fatal: Unable to create 'C:/Raptor/.git/index.lock': File exists.

Another git process seems to be running in this repository, or the lock file may be stale
Everything up-to-date
[Tue 07/21/2026 18:00:02.70] Push complete. 
[Wed 07/22/2026 14:15:58.31] Starting daily GitHub push... 
warning: in the working copy of 'logs/github_push.log', CRLF will be replaced by LF the next time Git touches it
[main d4d98d3] Daily update 2026-07-22
 2 files changed, 48 insertions(+), 5 deletions(-)
To https://github.com/stevefirwin-svg/Raptor
   2e9fa02..d4d98d3  main -> main
[Wed 07/22/2026 14:16:00.76] RESULT: SUCCESS — push verified. 
[Wed 07/22/2026 18:00:01.51] Starting daily GitHub push... 
warning: in the working copy of 'logs/github_push.log', CRLF will be replaced by LF the next time Git touches it
warning: in the working copy of 'logs/raptor_auto_start.log', CRLF will be replaced by LF the next time Git touches it
[main 2a3c1bf] Daily update 2026-07-22
 2 files changed, 2 insertions(+)
To https://github.com/stevefirwin-svg/Raptor
   a732c02..2a3c1bf  main -> main
[Wed 07/22/2026 18:00:05.71] RESULT: SUCCESS — push verified. 
[Thu 07/23/2026 18:00:02.01] Starting daily GitHub push... 
