2026-06-22 16:30:01,567 [monitor] INFO: ============================================================
2026-06-22 16:30:01,568 [monitor] INFO: RAPTOR MONITOR — 2026-06-22 16:30 ET
2026-06-22 16:30:01,568 [monitor] INFO: ============================================================
2026-06-22 16:30:01,568 [monitor] INFO: Connecting to Alpaca...
2026-06-22 16:30:03,719 [monitor] INFO: Running L1-Infrastructure...
2026-06-22 16:30:03,760 [monitor] INFO:   L1-Infrastructure: 7 findings (0 non-OK)
2026-06-22 16:30:03,760 [monitor] INFO: Running L2-Reconciliation...
2026-06-22 16:30:03,775 [monitor] INFO:   L2-Reconciliation: 4 findings (4 non-OK)
2026-06-22 16:30:03,776 [monitor] INFO: Running L3-PositionRisk...
2026-06-22 16:30:03,778 [monitor] INFO:   L3-PositionRisk: 4 findings (3 non-OK)
2026-06-22 16:30:03,778 [monitor] INFO: Running L4-Operations...
2026-06-22 16:30:03,817 [monitor] INFO:   L4-Operations: 5 findings (4 non-OK)
2026-06-22 16:30:03,818 [monitor] INFO: Running L5-Macro...
2026-06-22 16:30:03,819 [monitor] INFO:   L5-Macro: 4 findings (1 non-OK)
2026-06-22 16:30:03,819 [monitor] INFO: Running L6-Opportunity...
2026-06-22 16:30:03,833 [monitor] INFO:   L6-Opportunity: 0 findings (0 non-OK)
2026-06-22 16:30:03,833 [monitor] INFO: ============================================================
2026-06-22 16:30:03,833 [monitor] INFO: SUMMARY: 0 CRITICAL  4 ALERT  5 WARN  24 total findings
2026-06-22 16:30:05,139 [monitor] INFO: Monitor email sent: RAPTOR Monitor 🟠 ALERT (4) — 2026-06-22
2026-06-22 16:30:05,143 [monitor] INFO: Findings log written: logs\monitor_20260622.json
