2026-06-25 09:30:00,792 [monitor] INFO: ============================================================
2026-06-25 09:30:00,793 [monitor] INFO: RAPTOR MONITOR — 2026-06-25 09:30 ET
2026-06-25 09:30:00,793 [monitor] INFO: ============================================================
2026-06-25 09:30:00,793 [monitor] INFO: Connecting to Alpaca...
2026-06-25 09:30:04,648 [monitor] INFO: Running L1-Infrastructure...
2026-06-25 09:30:04,683 [monitor] INFO:   L1-Infrastructure: 7 findings (2 non-OK)
2026-06-25 09:30:04,684 [monitor] INFO: Running L2-Reconciliation...
2026-06-25 09:30:04,714 [monitor] INFO:   L2-Reconciliation: 2 findings (1 non-OK)
2026-06-25 09:30:04,715 [monitor] INFO: Running L3-PositionRisk...
2026-06-25 09:30:04,717 [monitor] INFO:   L3-PositionRisk: 5 findings (3 non-OK)
2026-06-25 09:30:04,717 [monitor] INFO: Running L4-Operations...
2026-06-25 09:30:04,785 [monitor] INFO:   L4-Operations: 5 findings (4 non-OK)
2026-06-25 09:30:04,786 [monitor] INFO: Running L5-Macro...
2026-06-25 09:30:04,787 [monitor] INFO:   L5-Macro: 4 findings (2 non-OK)
2026-06-25 09:30:04,787 [monitor] INFO: Running L6-Opportunity...
2026-06-25 09:30:04,800 [monitor] INFO:   L6-Opportunity: 0 findings (0 non-OK)
2026-06-25 09:30:04,800 [monitor] INFO: ============================================================
2026-06-25 09:30:04,800 [monitor] INFO: SUMMARY: 1 CRITICAL  0 ALERT  8 WARN  23 total findings
2026-06-25 09:30:06,239 [monitor] INFO: Monitor email sent: RAPTOR Monitor 🔴 CRITICAL (1) — 2026-06-25
2026-06-25 09:30:06,243 [monitor] INFO: Findings log written: logs\monitor_20260625.json
