2026-06-19 16:30:01,240 [monitor] INFO: ============================================================
2026-06-19 16:30:01,241 [monitor] INFO: RAPTOR MONITOR — 2026-06-19 16:30 ET
2026-06-19 16:30:01,241 [monitor] INFO: ============================================================
2026-06-19 16:30:01,241 [monitor] INFO: Connecting to Alpaca...
2026-06-19 16:30:02,631 [monitor] INFO: Running L1-Infrastructure...
2026-06-19 16:30:02,672 [monitor] INFO:   L1-Infrastructure: 7 findings (0 non-OK)
2026-06-19 16:30:02,672 [monitor] INFO: Running L2-Reconciliation...
2026-06-19 16:30:02,688 [monitor] INFO:   L2-Reconciliation: 4 findings (4 non-OK)
2026-06-19 16:30:02,688 [monitor] INFO: Running L3-PositionRisk...
2026-06-19 16:30:02,701 [monitor] INFO:   L3-PositionRisk: 3 findings (1 non-OK)
2026-06-19 16:30:02,701 [monitor] INFO: Running L4-Operations...
2026-06-19 16:30:02,714 [monitor] INFO:   L4-Operations: 5 findings (4 non-OK)
2026-06-19 16:30:02,714 [monitor] INFO: Running L5-Macro...
2026-06-19 16:30:02,715 [monitor] INFO:   L5-Macro: 4 findings (1 non-OK)
2026-06-19 16:30:02,715 [monitor] INFO: Running L6-Opportunity...
2026-06-19 16:30:02,719 [monitor] INFO:   L6-Opportunity: 1 findings (1 non-OK)
2026-06-19 16:30:02,719 [monitor] INFO: ============================================================
2026-06-19 16:30:02,719 [monitor] INFO: SUMMARY: 1 CRITICAL  2 ALERT  4 WARN  24 total findings
2026-06-19 16:30:03,999 [monitor] INFO: Monitor email sent: RAPTOR Monitor 🔴 CRITICAL (1) — 2026-06-19
2026-06-19 16:30:04,000 [monitor] INFO: Findings log written: logs\monitor_20260619.json
