2026-06-21 16:30:02,280 [monitor] INFO: ============================================================
2026-06-21 16:30:02,281 [monitor] INFO: RAPTOR MONITOR — 2026-06-21 16:30 ET
2026-06-21 16:30:02,281 [monitor] INFO: ============================================================
2026-06-21 16:30:02,281 [monitor] INFO: Connecting to Alpaca...
2026-06-21 16:30:04,288 [monitor] INFO: Running L1-Infrastructure...
2026-06-21 16:30:04,321 [monitor] INFO:   L1-Infrastructure: 7 findings (6 non-OK)
2026-06-21 16:30:04,321 [monitor] INFO: Running L2-Reconciliation...
2026-06-21 16:30:04,350 [monitor] INFO:   L2-Reconciliation: 4 findings (4 non-OK)
2026-06-21 16:30:04,351 [monitor] INFO: Running L3-PositionRisk...
2026-06-21 16:30:04,365 [monitor] INFO:   L3-PositionRisk: 3 findings (1 non-OK)
2026-06-21 16:30:04,365 [monitor] INFO: Running L4-Operations...
2026-06-21 16:30:04,430 [monitor] INFO:   L4-Operations: 5 findings (5 non-OK)
2026-06-21 16:30:04,430 [monitor] INFO: Running L5-Macro...
2026-06-21 16:30:04,442 [monitor] INFO:   L5-Macro: 4 findings (1 non-OK)
2026-06-21 16:30:04,442 [monitor] INFO: Running L6-Opportunity...
2026-06-21 16:30:04,455 [monitor] INFO:   L6-Opportunity: 0 findings (0 non-OK)
2026-06-21 16:30:04,455 [monitor] INFO: ============================================================
2026-06-21 16:30:04,455 [monitor] INFO: SUMMARY: 1 CRITICAL  2 ALERT  11 WARN  23 total findings
2026-06-21 16:30:06,625 [monitor] INFO: Monitor email sent: RAPTOR Monitor 🔴 CRITICAL (1) — 2026-06-21
2026-06-21 16:30:06,629 [monitor] INFO: Findings log written: logs\monitor_20260621.json
