2026-06-18 16:30:02,001 [monitor] INFO: ============================================================
2026-06-18 16:30:02,002 [monitor] INFO: RAPTOR MONITOR — 2026-06-18 16:30 ET
2026-06-18 16:30:02,003 [monitor] INFO: ============================================================
2026-06-18 16:30:02,003 [monitor] INFO: Connecting to Alpaca...
2026-06-18 16:30:03,719 [monitor] INFO: Running L1-Infrastructure...
2026-06-18 16:30:03,760 [monitor] INFO:   L1-Infrastructure: 7 findings (0 non-OK)
2026-06-18 16:30:03,760 [monitor] INFO: Running L2-Reconciliation...
2026-06-18 16:30:03,779 [monitor] INFO:   L2-Reconciliation: 5 findings (5 non-OK)
2026-06-18 16:30:03,779 [monitor] INFO: Running L3-PositionRisk...
2026-06-18 16:30:03,795 [monitor] INFO:   L3-PositionRisk: 3 findings (1 non-OK)
2026-06-18 16:30:03,795 [monitor] INFO: Running L4-Operations...
2026-06-18 16:30:03,867 [monitor] INFO:   L4-Operations: 5 findings (4 non-OK)
2026-06-18 16:30:03,867 [monitor] INFO: Running L5-Macro...
2026-06-18 16:30:03,869 [monitor] INFO:   L5-Macro: 4 findings (1 non-OK)
2026-06-18 16:30:03,869 [monitor] INFO: Running L6-Opportunity...
2026-06-18 16:30:03,882 [monitor] INFO:   L6-Opportunity: 1 findings (1 non-OK)
2026-06-18 16:30:03,883 [monitor] INFO: ============================================================
2026-06-18 16:30:03,883 [monitor] INFO: SUMMARY: 2 CRITICAL  2 ALERT  4 WARN  25 total findings
2026-06-18 16:30:06,404 [monitor] INFO: Monitor email sent: RAPTOR Monitor 🔴 CRITICAL (2) — 2026-06-18
2026-06-18 16:30:06,409 [monitor] INFO: Findings log written: logs\monitor_20260618.json
