[Tue 06/23/2026 16:30:02.11] Starting Raptor Monitor 
2026-06-23 16:30:02,371 [monitor] INFO: ============================================================
2026-06-23 16:30:02,371 [monitor] INFO: RAPTOR MONITOR — 2026-06-23 16:30 ET
2026-06-23 16:30:02,372 [monitor] INFO: ============================================================
2026-06-23 16:30:02,372 [monitor] INFO: Connecting to Alpaca...
2026-06-23 16:30:03,756 [monitor] INFO: Running L1-Infrastructure...
2026-06-23 16:30:03,781 [monitor] INFO:   L1-Infrastructure: 7 findings (2 non-OK)
2026-06-23 16:30:03,781 [monitor] INFO: Running L2-Reconciliation...
2026-06-23 16:30:03,785 [monitor] INFO:   L2-Reconciliation: 5 findings (5 non-OK)
2026-06-23 16:30:03,786 [monitor] INFO: Running L3-PositionRisk...
2026-06-23 16:30:03,788 [monitor] INFO:   L3-PositionRisk: 5 findings (4 non-OK)
2026-06-23 16:30:03,788 [monitor] INFO: Running L4-Operations...
2026-06-23 16:30:03,830 [monitor] INFO:   L4-Operations: 5 findings (4 non-OK)
2026-06-23 16:30:03,830 [monitor] INFO: Running L5-Macro...
2026-06-23 16:30:03,831 [monitor] INFO:   L5-Macro: 4 findings (2 non-OK)
2026-06-23 16:30:03,831 [monitor] INFO: Running L6-Opportunity...
2026-06-23 16:30:03,844 [monitor] INFO:   L6-Opportunity: 0 findings (0 non-OK)
2026-06-23 16:30:03,844 [monitor] INFO: ============================================================
2026-06-23 16:30:03,844 [monitor] INFO: SUMMARY: 0 CRITICAL  4 ALERT  10 WARN  26 total findings
2026-06-23 16:30:05,283 [monitor] INFO: Monitor email sent: RAPTOR Monitor 🟠 ALERT (4) — 2026-06-23
2026-06-23 16:30:05,285 [monitor] INFO: Findings log written: logs\monitor_20260623.json
[Tue 06/23/2026 16:30:05.47] Monitor complete (exit code 0) 
