2026-06-26 16:30:00,586 [monitor] INFO: ============================================================
2026-06-26 16:30:00,588 [monitor] INFO: RAPTOR MONITOR — 2026-06-26 16:30 ET
2026-06-26 16:30:00,589 [monitor] INFO: ============================================================
2026-06-26 16:30:00,589 [monitor] INFO: Connecting to Alpaca...
2026-06-26 16:30:11,165 [monitor] INFO: [Monitor] macro_context refreshed inline: regime=NEUTRAL score=0.250
2026-06-26 16:30:11,166 [monitor] INFO: Running L1-Infrastructure...
2026-06-26 16:30:11,178 [monitor] INFO:   L1-Infrastructure: 7 findings (1 non-OK)
2026-06-26 16:30:11,178 [monitor] INFO: Running L2-Reconciliation...
2026-06-26 16:30:11,180 [monitor] INFO:   L2-Reconciliation: 3 findings (3 non-OK)
2026-06-26 16:30:11,180 [monitor] INFO: Running L3-PositionRisk...
2026-06-26 16:30:11,196 [monitor] INFO:   L3-PositionRisk: 4 findings (3 non-OK)
2026-06-26 16:30:11,200 [monitor] INFO: Running L4-Operations...
2026-06-26 16:30:11,205 [monitor] INFO:   L4-Operations: 6 findings (5 non-OK)
2026-06-26 16:30:11,205 [monitor] INFO: Running L5-Macro...
2026-06-26 16:30:11,207 [monitor] INFO:   L5-Macro: 4 findings (1 non-OK)
2026-06-26 16:30:11,207 [monitor] INFO: Running L6-Opportunity...
2026-06-26 16:30:11,222 [monitor] INFO:   L6-Opportunity: 0 findings (0 non-OK)
2026-06-26 16:30:11,222 [monitor] INFO: ============================================================
2026-06-26 16:30:11,223 [monitor] INFO: SUMMARY: 1 CRITICAL  3 ALERT  6 WARN  24 total findings
2026-06-26 16:30:12,622 [monitor] INFO: Monitor email sent: RAPTOR Monitor 🔴 CRITICAL (1) — 2026-06-26
2026-06-26 16:30:12,626 [monitor] INFO: Findings log written: logs\monitor_20260626.json
