[Sat 06/20/2026 16:30:02.07] Starting Raptor Monitor 
2026-06-20 16:30:02,350 [monitor] INFO: ============================================================
2026-06-20 16:30:02,350 [monitor] INFO: RAPTOR MONITOR — 2026-06-20 16:30 ET
2026-06-20 16:30:02,351 [monitor] INFO: ============================================================
2026-06-20 16:30:02,351 [monitor] INFO: Connecting to Alpaca...
2026-06-20 16:30:04,787 [monitor] INFO: Running L1-Infrastructure...
2026-06-20 16:30:04,819 [monitor] INFO:   L1-Infrastructure: 7 findings (4 non-OK)
2026-06-20 16:30:04,819 [monitor] INFO: Running L2-Reconciliation...
2026-06-20 16:30:04,846 [monitor] INFO:   L2-Reconciliation: 4 findings (4 non-OK)
2026-06-20 16:30:04,847 [monitor] INFO: Running L3-PositionRisk...
2026-06-20 16:30:04,860 [monitor] INFO:   L3-PositionRisk: 3 findings (1 non-OK)
2026-06-20 16:30:04,860 [monitor] INFO: Running L4-Operations...
2026-06-20 16:30:04,924 [monitor] INFO:   L4-Operations: 5 findings (4 non-OK)
2026-06-20 16:30:04,924 [monitor] INFO: Running L5-Macro...
2026-06-20 16:30:04,936 [monitor] INFO:   L5-Macro: 4 findings (1 non-OK)
2026-06-20 16:30:04,936 [monitor] INFO: Running L6-Opportunity...
2026-06-20 16:30:04,949 [monitor] INFO:   L6-Opportunity: 0 findings (0 non-OK)
2026-06-20 16:30:04,949 [monitor] INFO: ============================================================
2026-06-20 16:30:04,949 [monitor] INFO: SUMMARY: 1 CRITICAL  2 ALERT  8 WARN  23 total findings
2026-06-20 16:30:07,841 [monitor] INFO: Monitor email sent: RAPTOR Monitor 🔴 CRITICAL (1) — 2026-06-20
2026-06-20 16:30:07,845 [monitor] INFO: Findings log written: logs\monitor_20260620.json
[Sat 06/20/2026 16:30:08.04] Monitor complete (exit code 0) 
