2026-06-24 09:30:00,818 [monitor] INFO: ============================================================
2026-06-24 09:30:00,820 [monitor] INFO: RAPTOR MONITOR — 2026-06-24 09:30 ET
2026-06-24 09:30:00,820 [monitor] INFO: ============================================================
2026-06-24 09:30:00,820 [monitor] INFO: Connecting to Alpaca...
2026-06-24 09:30:04,946 [monitor] INFO: Running L1-Infrastructure...
2026-06-24 09:30:04,977 [monitor] INFO:   L1-Infrastructure: 7 findings (2 non-OK)
2026-06-24 09:30:04,977 [monitor] INFO: Running L2-Reconciliation...
2026-06-24 09:30:05,005 [monitor] INFO:   L2-Reconciliation: 4 findings (4 non-OK)
2026-06-24 09:30:05,006 [monitor] INFO: Running L3-PositionRisk...
2026-06-24 09:30:05,008 [monitor] INFO:   L3-PositionRisk: 7 findings (7 non-OK)
2026-06-24 09:30:05,008 [monitor] INFO: Running L4-Operations...
2026-06-24 09:30:05,073 [monitor] INFO:   L4-Operations: 5 findings (4 non-OK)
2026-06-24 09:30:05,073 [monitor] INFO: Running L5-Macro...
2026-06-24 09:30:05,074 [monitor] INFO:   L5-Macro: 4 findings (2 non-OK)
2026-06-24 09:30:05,074 [monitor] INFO: Running L6-Opportunity...
2026-06-24 09:30:05,088 [monitor] INFO:   L6-Opportunity: 0 findings (0 non-OK)
2026-06-24 09:30:05,088 [monitor] INFO: ============================================================
2026-06-24 09:30:05,088 [monitor] INFO: SUMMARY: 0 CRITICAL  5 ALERT  11 WARN  27 total findings
2026-06-24 09:30:06,594 [monitor] INFO: Monitor email sent: RAPTOR Monitor 🟠 ALERT (5) — 2026-06-24
2026-06-24 09:30:06,597 [monitor] INFO: Findings log written: logs\monitor_20260624.json
