2026-05-02 09:51:07,776 [raptor.main] INFO: ============================================================
2026-05-02 09:51:07,788 [raptor.main] INFO: RAPTOR v5.4 DAILY SCAN - 2026-05-02T09:51:07.788745
2026-05-02 09:51:07,789 [raptor.main] INFO: ============================================================
2026-05-02 09:51:07,790 [raptor.data_feeds] INFO: DataManager initialized with all feeds
2026-05-02 09:51:08,588 [raptor.main] INFO: Account: equity=$104992.29  my_allocation=$104992.29  positions=14
2026-05-02 09:51:08,592 [raptor.universe] INFO: Building universe...
2026-05-02 09:51:09,420 [raptor.universe] INFO: Alpaca tradeable assets: 7086 after initial filter
2026-05-02 09:51:09,445 [raptor.universe] INFO: Step 1: 7086 tradeable assets from Alpaca
2026-05-02 09:51:09,446 [raptor.universe] INFO: Step 2: Fetching bars for 7086 symbols (this takes 1-2 min)...
2026-05-02 09:51:41,707 [raptor.universe] INFO: Step 2: Got bars for 7075 symbols
2026-05-02 09:51:47,791 [raptor.universe] INFO: Step 3: 112 symbols passed all screens
2026-05-02 09:51:47,879 [raptor.main] INFO: Dynamic universe: 112 symbols
2026-05-02 09:51:50,148 [raptor.data_feeds] INFO: Fetched bars for 112 / 112 symbols
2026-05-02 09:51:50,755 [raptor.data_feeds] INFO: FRED fetch OK: T10Y2Y (749 observations)
2026-05-02 09:51:51,254 [raptor.data_feeds] INFO: FRED fetch OK: FEDFUNDS (36 observations)
2026-05-02 09:51:51,680 [raptor.data_feeds] INFO: FRED fetch OK: ICSA (156 observations)
2026-05-02 09:51:52,141 [raptor.data_feeds] INFO: FRED fetch OK: VIXCLS (773 observations)
2026-05-02 09:51:52,627 [raptor.data_feeds] INFO: FRED fetch OK: BAMLC0A4CBBB (785 observations)
2026-05-02 09:51:53,044 [raptor.data_feeds] INFO: FRED fetch OK: CPIAUCSL (34 observations)
2026-05-02 09:51:53,450 [raptor.data_feeds] INFO: FRED fetch OK: MANEMP (35 observations)
2026-05-02 09:51:54,165 [raptor.data_feeds] INFO: FRED fetch OK: M2SL (35 observations)
2026-05-02 09:51:55,052 [raptor.data_feeds] INFO: FRED fetch OK: RSXFS (35 observations)
2026-05-02 09:51:55,466 [raptor.data_feeds] INFO: FRED fetch OK: UNRATE (34 observations)
2026-05-02 09:51:55,469 [raptor.data_feeds] INFO: FRED regime: NEUTRAL (score=0.100)
2026-05-02 09:51:56,509 [raptor.main] INFO: Data: 112 symbols | Macro: NEUTRAL (0.100)
2026-05-02 09:51:59,131 [raptor.signals] INFO: v5.4 Signals: 5 from 112 | Macro=NEUTRAL Scale=1.0 | Micro={'TRENDING': 64, 'MIXED': 48}
2026-05-02 09:51:59,132 [raptor.main] INFO: Signals:
2026-05-02 09:51:59,132 [raptor.main] INFO:   1. CTRA  t=0.425  pctl=99%  entry=$35.37  stop=$32.06  tp=$0.00  kelly=0.096  hold~9d
2026-05-02 09:51:59,133 [raptor.main] INFO:   2. NVO  t=0.336  pctl=98%  entry=$43.88  stop=$39.66  tp=$0.00  kelly=0.092  hold~13d
2026-05-02 09:51:59,133 [raptor.main] INFO:   3. NOK  t=0.252  pctl=97%  entry=$13.28  stop=$11.33  tp=$0.00  kelly=0.088  hold~2d
2026-05-02 09:51:59,178 [raptor.data_feeds] INFO: Order submitted: BUY 285 CTRA @ 35.41
2026-05-02 09:51:59,181 [raptor.main] INFO: ORDER [v5.4]: BUY 285 CTRA @ $35.41
2026-05-02 09:51:59,181 [raptor.main] INFO: Scan complete. 1 orders placed for v5.4.
