2026-05-08 16:17:32,984 [raptor.main] INFO: ============================================================
2026-05-08 16:17:32,985 [raptor.main] INFO: RAPTOR v5.4 DAILY SCAN - 2026-05-08T16:17:32.985210
2026-05-08 16:17:32,985 [raptor.main] INFO: ============================================================
2026-05-08 16:17:32,988 [raptor.data_feeds] INFO: DataManager initialized with all feeds
2026-05-08 16:17:33,463 [raptor.main] INFO: Account: equity=$109111.53  my_allocation=$109111.53  positions=14
2026-05-08 16:17:33,470 [raptor.universe] INFO: Building universe...
2026-05-08 16:17:34,374 [raptor.universe] INFO: Alpaca tradeable assets: 7103 after initial filter
2026-05-08 16:17:34,392 [raptor.universe] INFO: Step 1: 7103 tradeable assets from Alpaca
2026-05-08 16:17:34,394 [raptor.universe] INFO: Step 2: Fetching bars for 7103 symbols (this takes 1-2 min)...
2026-05-08 16:18:13,366 [raptor.universe] INFO: Step 2: Got bars for 7093 symbols
2026-05-08 16:18:19,615 [raptor.universe] INFO: Step 3: 131 symbols passed all screens
2026-05-08 16:18:19,699 [raptor.main] INFO: Dynamic universe: 131 symbols
2026-05-08 16:18:21,773 [raptor.data_feeds] INFO: Fetched bars for 132 / 132 symbols
2026-05-08 16:18:22,352 [raptor.data_feeds] INFO: FRED fetch OK: T10Y2Y (749 observations)
2026-05-08 16:18:22,991 [raptor.data_feeds] INFO: FRED fetch OK: FEDFUNDS (36 observations)
2026-05-08 16:18:23,547 [raptor.data_feeds] INFO: FRED fetch OK: ICSA (156 observations)
2026-05-08 16:18:24,012 [raptor.data_feeds] INFO: FRED fetch OK: VIXCLS (774 observations)
2026-05-08 16:18:24,531 [raptor.data_feeds] INFO: FRED fetch OK: BAMLC0A4CBBB (786 observations)
2026-05-08 16:18:25,214 [raptor.data_feeds] INFO: FRED fetch OK: CPIAUCSL (34 observations)
2026-05-08 16:18:25,702 [raptor.data_feeds] INFO: FRED fetch OK: MANEMP (36 observations)
2026-05-08 16:18:26,219 [raptor.data_feeds] INFO: FRED fetch OK: M2SL (35 observations)
2026-05-08 16:18:26,718 [raptor.data_feeds] INFO: FRED fetch OK: RSXFS (35 observations)
2026-05-08 16:18:27,179 [raptor.data_feeds] INFO: FRED fetch OK: UNRATE (35 observations)
2026-05-08 16:18:27,182 [raptor.data_feeds] INFO: FRED regime: NEUTRAL (score=-0.050)
2026-05-08 16:18:28,272 [raptor.main] INFO: Data: 132 symbols | Macro: NEUTRAL (-0.050)
2026-05-08 16:18:31,575 [raptor.signals] INFO: v5.4 Signals: 5 from 131 | Macro=NEUTRAL Scale=1.0 | Micro={'TRENDING': 84, 'MIXED': 47}
2026-05-08 16:18:31,576 [raptor.main] INFO: Signals:
2026-05-08 16:18:31,576 [raptor.main] INFO:   1. DKNG  t=0.432  pctl=99%  entry=$25.51  stop=$22.47  tp=$0.00  kelly=0.097  hold~22d
2026-05-08 16:18:31,576 [raptor.main] INFO:   2. IREN  t=0.329  pctl=98%  entry=$61.19  stop=$46.79  tp=$0.00  kelly=0.091  hold~5d
2026-05-08 16:18:31,576 [raptor.main] INFO:   3. XBI  t=0.595  pctl=98%  entry=$134.70  stop=$126.18  tp=$0.00  kelly=0.105  hold~12d
2026-05-08 16:18:31,576 [raptor.main] INFO:   4. TSLG  t=0.312  pctl=97%  entry=$7.69  stop=$6.41  tp=$0.00  kelly=0.091  hold~24d
2026-05-08 16:18:31,621 [raptor.data_feeds] INFO: Order submitted: BUY 413 DKNG @ 25.54
2026-05-08 16:18:31,624 [raptor.main] INFO: ORDER [v5.4]: BUY 413 DKNG @ $25.54
2026-05-08 16:18:31,624 [raptor.main] INFO: Scan complete. 1 orders placed for v5.4.
2026-05-08 16:19:19,626 [raptor.main] INFO: ============================================================
2026-05-08 16:19:19,626 [raptor.main] INFO: RAPTOR v5.4 DAILY SCAN - 2026-05-08T16:19:19.626726
2026-05-08 16:19:19,627 [raptor.main] INFO: ============================================================
2026-05-08 16:19:19,628 [raptor.data_feeds] INFO: DataManager initialized with all feeds
2026-05-08 16:19:20,273 [raptor.main] INFO: Account: equity=$109063.19  my_allocation=$109063.19  positions=14
2026-05-08 16:19:20,286 [raptor.universe] INFO: Universe from cache: 131 symbols
2026-05-08 16:19:20,286 [raptor.main] INFO: Dynamic universe: 131 symbols
2026-05-08 16:19:22,072 [raptor.data_feeds] INFO: Fetched bars for 132 / 132 symbols
2026-05-08 16:19:22,184 [raptor.data_feeds] INFO: FRED regime: NEUTRAL (score=-0.050)
2026-05-08 16:19:23,362 [raptor.main] INFO: Data: 132 symbols | Macro: NEUTRAL (-0.050)
2026-05-08 16:19:26,207 [raptor.signals] INFO: v5.4 Signals: 5 from 131 | Macro=NEUTRAL Scale=1.0 | Micro={'TRENDING': 84, 'MIXED': 47}
2026-05-08 16:19:26,207 [raptor.main] INFO: Signals:
2026-05-08 16:19:26,208 [raptor.main] INFO:   1. DKNG  t=0.432  pctl=99%  entry=$25.51  stop=$22.47  tp=$0.00  kelly=0.097  hold~22d
2026-05-08 16:19:26,208 [raptor.main] INFO:   2. IREN  t=0.329  pctl=98%  entry=$61.19  stop=$46.79  tp=$0.00  kelly=0.091  hold~5d
2026-05-08 16:19:26,208 [raptor.main] INFO:   3. XBI  t=0.595  pctl=98%  entry=$134.70  stop=$126.18  tp=$0.00  kelly=0.105  hold~12d
2026-05-08 16:19:26,208 [raptor.main] INFO:   4. TSLG  t=0.312  pctl=97%  entry=$7.69  stop=$6.41  tp=$0.00  kelly=0.091  hold~24d
2026-05-08 16:19:26,239 [raptor.data_feeds] INFO: Order submitted: BUY 412 DKNG @ 25.54
2026-05-08 16:19:26,241 [raptor.main] INFO: ORDER [v5.4]: BUY 412 DKNG @ $25.54
2026-05-08 16:19:26,242 [raptor.main] INFO: Scan complete. 1 orders placed for v5.4.
