2026-04-25 09:51:11,069 [raptor.main] INFO: ============================================================
2026-04-25 09:51:11,070 [raptor.main] INFO: RAPTOR v5.4 DAILY SCAN - 2026-04-25T09:51:11.070767
2026-04-25 09:51:11,071 [raptor.main] INFO: ============================================================
2026-04-25 09:51:11,073 [raptor.data_feeds] INFO: DataManager initialized with all feeds
2026-04-25 09:51:12,325 [raptor.main] INFO: Account: equity=$104499.05  my_allocation=$104499.05  positions=7
2026-04-25 09:51:12,343 [raptor.universe] INFO: Universe from cache: 118 symbols
2026-04-25 09:51:12,344 [raptor.main] INFO: Dynamic universe: 118 symbols
2026-04-25 09:51:14,952 [raptor.data_feeds] INFO: Fetched bars for 118 / 118 symbols
2026-04-25 09:51:17,072 [raptor.data_feeds] INFO: FRED fetch OK: T10Y2Y (749 observations)
2026-04-25 09:51:19,907 [raptor.data_feeds] INFO: FRED fetch OK: FEDFUNDS (36 observations)
2026-04-25 09:51:22,878 [raptor.data_feeds] INFO: FRED fetch OK: ICSA (156 observations)
2026-04-25 09:51:24,117 [raptor.data_feeds] INFO: FRED fetch OK: VIXCLS (773 observations)
2026-04-25 09:51:25,751 [raptor.data_feeds] INFO: FRED fetch OK: BAMLC0A4CBBB (786 observations)
2026-04-25 09:51:27,383 [raptor.data_feeds] INFO: FRED fetch OK: CPIAUCSL (35 observations)
2026-04-25 09:51:28,719 [raptor.data_feeds] INFO: FRED fetch OK: MANEMP (36 observations)
2026-04-25 09:51:29,840 [raptor.data_feeds] INFO: FRED fetch OK: M2SL (35 observations)
2026-04-25 09:51:30,971 [raptor.data_feeds] INFO: FRED fetch OK: RSXFS (36 observations)
2026-04-25 09:51:31,992 [raptor.data_feeds] INFO: FRED fetch OK: UNRATE (35 observations)
2026-04-25 09:51:32,003 [raptor.data_feeds] INFO: FRED regime: NEUTRAL (score=0.100)
2026-04-25 09:51:34,598 [raptor.main] INFO: Data: 118 symbols | Macro: NEUTRAL (0.100)
2026-04-25 09:51:39,280 [raptor.signals] INFO: v5.4 Signals: 5 from 118 | Macro=NEUTRAL Scale=1.0 | Micro={'TRENDING': 77, 'MIXED': 41}
2026-04-25 09:51:39,282 [raptor.main] INFO: Signals:
2026-04-25 09:51:39,282 [raptor.main] INFO:   1. CSX  t=0.314  pctl=97%  entry=$45.38  stop=$42.57  tp=$0.00  kelly=0.091  hold~9d
2026-04-25 09:51:39,361 [raptor.data_feeds] INFO: Order submitted: BUY 208 CSX @ 45.43
2026-04-25 09:51:39,364 [raptor.main] INFO: ORDER [v5.4]: BUY 208 CSX @ $45.43
2026-04-25 09:51:39,365 [raptor.main] INFO: Scan complete. 1 orders placed for v5.4.
