2026-04-26 09:51:05,717 [raptor.main] INFO: ============================================================
2026-04-26 09:51:05,718 [raptor.main] INFO: RAPTOR v5.4 DAILY SCAN - 2026-04-26T09:51:05.718484
2026-04-26 09:51:05,718 [raptor.main] INFO: ============================================================
2026-04-26 09:51:05,720 [raptor.data_feeds] INFO: DataManager initialized with all feeds
2026-04-26 09:51:06,370 [raptor.main] INFO: Account: equity=$104499.05  my_allocation=$104499.05  positions=7
2026-04-26 09:51:06,393 [raptor.universe] INFO: Universe from cache: 118 symbols
2026-04-26 09:51:06,393 [raptor.main] INFO: Dynamic universe: 118 symbols
2026-04-26 09:51:07,876 [raptor.data_feeds] INFO: Fetched bars for 118 / 118 symbols
2026-04-26 09:51:08,572 [raptor.data_feeds] INFO: FRED fetch OK: T10Y2Y (748 observations)
2026-04-26 09:51:09,233 [raptor.data_feeds] INFO: FRED fetch OK: FEDFUNDS (36 observations)
2026-04-26 09:51:09,764 [raptor.data_feeds] INFO: FRED fetch OK: ICSA (156 observations)
2026-04-26 09:51:10,297 [raptor.data_feeds] INFO: FRED fetch OK: VIXCLS (772 observations)
2026-04-26 09:51:10,854 [raptor.data_feeds] INFO: FRED fetch OK: BAMLC0A4CBBB (785 observations)
2026-04-26 09:51:11,354 [raptor.data_feeds] INFO: FRED fetch OK: CPIAUCSL (35 observations)
2026-04-26 09:51:12,008 [raptor.data_feeds] INFO: FRED fetch OK: MANEMP (36 observations)
2026-04-26 09:51:12,721 [raptor.data_feeds] INFO: FRED fetch OK: M2SL (35 observations)
2026-04-26 09:51:13,261 [raptor.data_feeds] INFO: FRED fetch OK: RSXFS (36 observations)
2026-04-26 09:51:13,773 [raptor.data_feeds] INFO: FRED fetch OK: UNRATE (35 observations)
2026-04-26 09:51:13,776 [raptor.data_feeds] INFO: FRED regime: NEUTRAL (score=0.100)
2026-04-26 09:51:15,147 [raptor.main] INFO: Data: 118 symbols | Macro: NEUTRAL (0.100)
2026-04-26 09:51:18,055 [raptor.signals] INFO: v5.4 Signals: 5 from 118 | Macro=NEUTRAL Scale=1.0 | Micro={'TRENDING': 77, 'MIXED': 41}
2026-04-26 09:51:18,056 [raptor.main] INFO: Signals:
2026-04-26 09:51:18,056 [raptor.main] INFO:   1. CSX  t=0.311  pctl=97%  entry=$45.38  stop=$42.57  tp=$0.00  kelly=0.091  hold~9d
2026-04-26 09:51:18,115 [raptor.data_feeds] INFO: Order submitted: BUY 208 CSX @ 45.43
2026-04-26 09:51:18,117 [raptor.main] INFO: ORDER [v5.4]: BUY 208 CSX @ $45.43
2026-04-26 09:51:18,118 [raptor.main] INFO: Scan complete. 1 orders placed for v5.4.
