2026-06-18 09:35:04,028 [raptor.main] INFO: ============================================================
2026-06-18 09:35:04,028 [raptor.main] INFO: RAPTOR v5.4 DAILY SCAN - 2026-06-18T09:35:04.028833
2026-06-18 09:35:04,029 [raptor.main] INFO: ============================================================
2026-06-18 09:35:04,030 [raptor.data_feeds] INFO: DataManager initialized with all feeds
2026-06-18 09:35:05,359 [raptor.main] INFO: Account: equity=$106805.29  cap=none (compound)  sizing_base=$106805.29  positions=10
2026-06-18 09:35:05,366 [raptor.main] INFO: [MarketAgent] SCAN | scalar=1.00 | Macro regime is RISK_ON with a calm VIX and neutral sector breadth.
2026-06-18 09:35:05,928 [raptor.margin_guard] INFO: MARGIN GUARD: equity=$106,805  cap=none (compound)  cash=$43,834  positions=10
2026-06-18 09:35:05,928 [raptor.margin_guard] INFO: MARGIN GUARD: market_value=$62,971  utilization=59.0% of base  margin=NO
2026-06-18 09:35:05,947 [raptor.universe] INFO: Universe from cache: 77 symbols
2026-06-18 09:35:05,947 [raptor.main] INFO: Dynamic universe: 77 symbols
2026-06-18 09:35:08,989 [raptor.data_feeds] INFO: Fetched 77 new bars / 77 total cached
2026-06-18 09:35:09,185 [raptor.data_feeds] INFO: FRED regime: BULLISH (score=0.300)
2026-06-18 09:35:09,243 [raptor.main] INFO: Data: 77 symbols | Macro: RISK_ON (0.300)
2026-06-18 09:35:12,392 [raptor.signals] INFO: v5.4 Signals: 5 from 76 | Macro=RISK_ON Scale=0.8 | Micro={'REVERTING': 8, 'MIXED': 56, 'TRENDING': 12} | SNR min=1.89 max=2.41
2026-06-18 09:35:12,412 [raptor.main] INFO: Velocity gate: 4 signals remain | velocities: {'HOOD': '+0.000', 'GOOGL': '+0.000', 'CPNG': '+0.000', 'CRWV': '+0.000'}
2026-06-18 09:35:12,426 [raptor.main] INFO: Signals:
2026-06-18 09:35:12,427 [raptor.main] INFO:   1. HOOD  t=2.411  pctl=100%  entry=$105.68  stop=$87.85  tp=$0.00  kelly=0.120  hold~30d
2026-06-18 09:35:12,427 [raptor.main] INFO:   2. GOOGL  t=2.163  pctl=99%  entry=$364.11  stop=$336.69  tp=$0.00  kelly=0.117  hold~30d
2026-06-18 09:35:12,427 [raptor.main] INFO:   3. CPNG  t=1.931  pctl=97%  entry=$18.53  stop=$16.20  tp=$0.00  kelly=0.110  hold~30d
2026-06-18 09:35:12,427 [raptor.main] INFO:   4. CRWV  t=1.888  pctl=96%  entry=$117.99  stop=$94.56  tp=$0.00  kelly=0.108  hold~6d
2026-06-18 09:35:14,535 [AgentLayer] WARNING: EntryAgent batch failed ('"decision"') — deterministic rules only.
2026-06-18 09:35:14,579 [raptor.main] INFO: Deployable: cap=none  market_value=$62970  cash=$43834  headroom=$41642  available=$41642  (margin=OFF)
2026-06-18 09:35:14,580 [raptor.main] INFO: Scan complete. 0 orders placed for v5.4.
