2026-05-26 09:35:04,015 [raptor.main] INFO: ============================================================
2026-05-26 09:35:04,015 [raptor.main] INFO: RAPTOR v5.4 DAILY SCAN - 2026-05-26T09:35:04.015869
2026-05-26 09:35:04,016 [raptor.main] INFO: ============================================================
2026-05-26 09:35:04,017 [raptor.data_feeds] INFO: DataManager initialized with all feeds
2026-05-26 09:35:04,666 [raptor.main] INFO: Account: equity=$106921.57  my_allocation=$106921.57  positions=10
2026-05-26 09:35:04,672 [raptor.main] INFO: [MarketAgent] SCAN | scalar=1.00 | Macro conditions are favorable with a calm VIX and broad sector strength.
2026-05-26 09:35:05,016 [raptor.margin_guard] INFO: MARGIN GUARD: equity=$106,925  cash=$26,706  positions=10
2026-05-26 09:35:05,016 [raptor.margin_guard] INFO: MARGIN GUARD: market_value=$80,214  utilization=75.0%  margin=NO
2026-05-26 09:35:05,016 [raptor.margin_guard] WARNING: MARGIN GUARD: WARNING — utilization 75.0%
2026-05-26 09:35:05,037 [raptor.universe] INFO: Universe from cache: 70 symbols
2026-05-26 09:35:05,038 [raptor.main] INFO: Dynamic universe: 70 symbols
2026-05-26 09:35:07,358 [raptor.data_feeds] INFO: Fetched 71 new bars / 71 total cached
2026-05-26 09:35:07,920 [raptor.data_feeds] ERROR: FRED fetch failed for NAPM: 400 Client Error: Bad Request for url: https://api.stlouisfed.org/fred/series/observations?series_id=NAPM&api_key=da7dbeb2fb38addc5865122252685cee&file_type=json&observation_start=2023-05-27&observation_end=2026-05-26&sort_order=asc
2026-05-26 09:35:07,952 [raptor.data_feeds] INFO: FRED regime: BULLISH (score=0.150)
2026-05-26 09:35:07,953 [raptor.main] INFO: Data: 71 symbols | Macro: BULLISH (0.150)
2026-05-26 09:35:09,258 [raptor.signals] INFO: v5.4 Signals: 5 from 70 | Macro=BULLISH Scale=1.0 | Micro={'TRENDING': 40, 'MIXED': 30} | SNR min=1.62 max=1.92
2026-05-26 09:35:09,271 [raptor.main] INFO: Velocity gate: 5 signals remain | velocities: {'KRE': '+0.000', 'BAC': '+0.000', 'QBTS': '+0.000', 'RGTI': '+0.000', 'NVTS': '+0.000'}
2026-05-26 09:35:09,275 [raptor.main] INFO: Signals:
2026-05-26 09:35:09,275 [raptor.main] INFO:   1. KRE  t=1.922  pctl=94%  entry=$70.19  stop=$67.11  tp=$0.00  kelly=0.120  hold~29d
2026-05-26 09:35:09,275 [raptor.main] INFO:   2. BAC  t=1.903  pctl=93%  entry=$52.38  stop=$49.77  tp=$0.00  kelly=0.120  hold~29d
2026-05-26 09:35:09,275 [raptor.main] INFO:   3. QBTS  t=1.744  pctl=100%  entry=$27.43  stop=$19.51  tp=$0.00  kelly=0.120  hold~2d
2026-05-26 09:35:09,275 [raptor.main] INFO:   4. RGTI  t=1.738  pctl=99%  entry=$24.99  stop=$18.00  tp=$0.00  kelly=0.120  hold~2d
2026-05-26 09:35:09,275 [raptor.main] INFO:   5. NVTS  t=1.616  pctl=97%  entry=$32.30  stop=$22.85  tp=$0.00  kelly=0.120  hold~2d
2026-05-26 09:35:37,809 [AgentLayer] INFO: EntryAgent | RAW: '{"decision": "PASS", "confidence": 0.95, "veto_reason": null, "flags": []}'
2026-05-26 09:35:56,546 [AgentLayer] INFO: EntryAgent | RAW: '{"decision": "VETO", "confidence": 0.0, "veto_reason": "macro_regime="RISK_OFF" AND kelly_fraction > 0.07", "flags": []}'
2026-05-26 09:35:56,547 [AgentLayer] WARNING: EntryAgent | JSON parse error on BAC: Expecting ',' delimiter: line 1 column 71 (char 70)
2026-05-26 09:36:13,573 [AgentLayer] INFO: EntryAgent | RAW: '{"decision": "PASS", "confidence": 0.95, "veto_reason": null, "flags": []}'
2026-05-26 09:36:30,120 [AgentLayer] INFO: EntryAgent | RAW: '{"decision": "PASS", "confidence": 0.85, "veto_reason": null, "flags": []}'
2026-05-26 09:36:46,938 [AgentLayer] INFO: EntryAgent | RAW: '{"decision": "PASS", "confidence": 0.95, "veto_reason": null, "flags": []}'
2026-05-26 09:36:46,958 [AgentLayer] INFO: EntryAgent | Flushed 5 decisions -> entry_vetoes.json
2026-05-26 09:36:46,961 [raptor.main] INFO: Scan complete. 0 orders placed for v5.4.
