2026-05-14 09:35:04,127 [raptor.main] INFO: ============================================================
2026-05-14 09:35:04,128 [raptor.main] INFO: RAPTOR v5.4 DAILY SCAN - 2026-05-14T09:35:04.128415
2026-05-14 09:35:04,128 [raptor.main] INFO: ============================================================
2026-05-14 09:35:04,130 [raptor.data_feeds] INFO: DataManager initialized with all feeds
2026-05-14 09:35:04,587 [raptor.main] INFO: Account: equity=$106893.23  my_allocation=$106893.23  positions=15
2026-05-14 09:35:04,592 [raptor.main] INFO: [MarketAgent] SCAN | scalar=1.00 | All signals indicate a bullish market environment with broad strength and tight credit spreads, suggesting normal operation conditions.
2026-05-14 09:35:04,608 [raptor.universe] INFO: Universe from cache: 137 symbols
2026-05-14 09:35:04,609 [raptor.main] INFO: Dynamic universe: 137 symbols
2026-05-14 09:35:06,866 [raptor.data_feeds] INFO: Fetched 138 new bars / 138 total cached
2026-05-14 09:35:06,975 [raptor.data_feeds] INFO: FRED regime: NEUTRAL (score=-0.050)
2026-05-14 09:35:08,055 [raptor.main] INFO: Data: 138 symbols | Macro: NEUTRAL (-0.050)
2026-05-14 09:35:10,334 [raptor.signals] INFO: v5.4 Signals: 5 from 137 | Macro=NEUTRAL Scale=1.0 | Micro={'TRENDING': 97, 'MIXED': 40}
2026-05-14 09:35:10,335 [raptor.main] INFO: Signals:
2026-05-14 09:35:10,335 [raptor.main] INFO:   1. GDX  t=0.649  pctl=100%  entry=$94.96  stop=$85.03  tp=$0.00  kelly=0.107  hold~26d
2026-05-14 09:35:10,335 [raptor.main] INFO:   2. POET  t=0.272  pctl=99%  entry=$19.67  stop=$12.65  tp=$0.00  kelly=0.089  hold~2d
2026-05-14 09:35:10,336 [raptor.main] INFO:   3. F  t=0.279  pctl=99%  entry=$14.12  stop=$12.69  tp=$0.00  kelly=0.089  hold~3d
2026-05-14 09:35:10,336 [raptor.main] INFO:   4. FCX  t=0.422  pctl=98%  entry=$65.59  stop=$58.65  tp=$0.00  kelly=0.096  hold~29d
2026-05-14 09:35:10,336 [raptor.main] INFO:   5. SLV  t=0.443  pctl=97%  entry=$76.77  stop=$68.34  tp=$0.00  kelly=0.097  hold~20d
2026-05-14 09:36:23,309 [AgentLayer] INFO: EntryAgent | RAW: '{"decision": "PASS", "confidence": 1.0, "veto_reason": null, "flags": []}'
2026-05-14 09:37:00,161 [AgentLayer] INFO: EntryAgent | RAW: '{"decision": "PASS", "confidence": 1.0, "veto_reason": null, "flags": []}'
2026-05-14 09:37:37,608 [AgentLayer] INFO: EntryAgent | RAW: '{"decision": "PASS", "confidence": 1.0, "veto_reason": null, "flags": []}'
2026-05-14 09:38:15,971 [AgentLayer] INFO: EntryAgent | RAW: '{"decision": "PASS", "confidence": 1.0, "veto_reason": null, "flags": []}'
2026-05-14 09:38:54,319 [AgentLayer] INFO: EntryAgent | RAW: '{"decision": "PASS", "confidence": 1.0, "veto_reason": null, "flags": []}'
2026-05-14 09:38:54,526 [AgentLayer] INFO: EntryAgent | Flushed 5 decisions -> entry_vetoes.json
2026-05-14 09:38:54,530 [raptor.main] INFO: Scan complete. 0 orders placed for v5.4.
