2026-05-01 09:51:07,594 [raptor.main] INFO: ============================================================
2026-05-01 09:51:07,594 [raptor.main] INFO: RAPTOR v5.4 DAILY SCAN - 2026-05-01T09:51:07.594765
2026-05-01 09:51:07,595 [raptor.main] INFO: ============================================================
2026-05-01 09:51:07,597 [raptor.data_feeds] INFO: DataManager initialized with all feeds
2026-05-01 09:51:08,270 [raptor.main] INFO: Account: equity=$105119.98  my_allocation=$105119.98  positions=15
2026-05-01 09:51:08,280 [raptor.universe] INFO: Building universe...
2026-05-01 09:51:09,198 [raptor.universe] INFO: Alpaca tradeable assets: 7086 after initial filter
2026-05-01 09:51:09,214 [raptor.universe] INFO: Step 1: 7086 tradeable assets from Alpaca
2026-05-01 09:51:09,216 [raptor.universe] INFO: Step 2: Fetching bars for 7086 symbols (this takes 1-2 min)...
2026-05-01 09:52:00,778 [raptor.universe] INFO: Step 2: Got bars for 7074 symbols
2026-05-01 09:52:06,816 [raptor.universe] INFO: Step 3: 105 symbols passed all screens
2026-05-01 09:52:06,899 [raptor.main] INFO: Dynamic universe: 105 symbols
2026-05-01 09:52:08,144 [raptor.data_feeds] INFO: Fetched bars for 106 / 106 symbols
2026-05-01 09:52:08,859 [raptor.data_feeds] INFO: FRED fetch OK: T10Y2Y (749 observations)
2026-05-01 09:52:09,337 [raptor.data_feeds] INFO: FRED fetch OK: FEDFUNDS (35 observations)
2026-05-01 09:52:09,751 [raptor.data_feeds] INFO: FRED fetch OK: ICSA (156 observations)
2026-05-01 09:52:10,161 [raptor.data_feeds] INFO: FRED fetch OK: VIXCLS (774 observations)
2026-05-01 09:52:10,762 [raptor.data_feeds] INFO: FRED fetch OK: BAMLC0A4CBBB (786 observations)
2026-05-01 09:52:11,289 [raptor.data_feeds] INFO: FRED fetch OK: CPIAUCSL (34 observations)
2026-05-01 09:52:11,721 [raptor.data_feeds] INFO: FRED fetch OK: MANEMP (35 observations)
2026-05-01 09:52:12,277 [raptor.data_feeds] INFO: FRED fetch OK: M2SL (35 observations)
2026-05-01 09:52:12,719 [raptor.data_feeds] ERROR: FRED fetch failed for RSXFS: 500 Server Error: Internal Server Error for url: https://api.stlouisfed.org/fred/series/observations?series_id=RSXFS&api_key=da7dbeb2fb38addc5865122252685cee&file_type=json&observation_start=2023-05-02&observation_end=2026-05-01&sort_order=asc
2026-05-01 09:52:13,140 [raptor.data_feeds] INFO: FRED fetch OK: UNRATE (34 observations)
2026-05-01 09:52:13,142 [raptor.data_feeds] INFO: FRED regime: NEUTRAL (score=0.100)
2026-05-01 09:52:14,217 [raptor.main] INFO: Data: 106 symbols | Macro: NEUTRAL (0.100)
2026-05-01 09:52:16,630 [raptor.signals] INFO: v5.4 Signals: 5 from 106 | Macro=NEUTRAL Scale=1.0 | Micro={'TRENDING': 61, 'MIXED': 45}
2026-05-01 09:52:16,631 [raptor.main] INFO: Signals:
2026-05-01 09:52:16,631 [raptor.main] INFO:   1. CTRA  t=0.351  pctl=98%  entry=$35.48  stop=$32.30  tp=$0.00  kelly=0.093  hold~11d
2026-05-01 09:52:16,631 [raptor.main] INFO:   2. NOK  t=0.216  pctl=96%  entry=$13.41  stop=$11.53  tp=$0.00  kelly=0.086  hold~2d
2026-05-01 09:52:16,632 [raptor.main] INFO: Scan complete. 0 orders placed for v5.4.
