2026-05-24 09:35:05,672 [raptor.main] INFO: ============================================================
2026-05-24 09:35:05,674 [raptor.main] INFO: RAPTOR v5.4 DAILY SCAN - 2026-05-24T09:35:05.673966
2026-05-24 09:35:05,674 [raptor.main] INFO: ============================================================
2026-05-24 09:35:05,675 [raptor.data_feeds] INFO: DataManager initialized with all feeds
2026-05-24 09:35:06,132 [raptor.main] INFO: Account: equity=$106369.43  my_allocation=$106369.43  positions=10
2026-05-24 09:35:06,144 [MarketAgent] WARNING: [MarketAgent] market_decision.json is 48.3h old — defaulting to SCAN
2026-05-24 09:35:06,164 [raptor.main] INFO: [MarketAgent] SCAN | scalar=1.00 | Stale decision file — defaulting to SCAN
2026-05-24 09:35:06,214 [raptor.margin_guard] INFO: MARGIN GUARD: equity=$106,369  cash=$17,919  positions=10
2026-05-24 09:35:06,214 [raptor.margin_guard] INFO: MARGIN GUARD: market_value=$88,451  utilization=83.2%  margin=NO
2026-05-24 09:35:06,214 [raptor.margin_guard] WARNING: MARGIN GUARD: WARNING — utilization 83.2%
2026-05-24 09:35:06,225 [raptor.universe] INFO: Universe from cache: 70 symbols
2026-05-24 09:35:06,226 [raptor.main] INFO: Dynamic universe: 70 symbols
2026-05-24 09:35:07,027 [raptor.data_feeds] INFO: Fetched 71 new bars / 71 total cached
2026-05-24 09:35:07,704 [raptor.data_feeds] ERROR: FRED fetch failed for NAPM: 400 Client Error: Bad Request for url: https://api.stlouisfed.org/fred/series/observations?series_id=NAPM&api_key=da7dbeb2fb38addc5865122252685cee&file_type=json&observation_start=2023-05-25&observation_end=2026-05-24&sort_order=asc
2026-05-24 09:35:07,737 [raptor.data_feeds] INFO: FRED regime: BULLISH (score=0.150)
2026-05-24 09:35:07,737 [raptor.main] INFO: Data: 71 symbols | Macro: BULLISH (0.150)
2026-05-24 09:35:09,589 [raptor.signals] INFO: v5.5 Books: MOMENTUM=20 candidates  MEAN_REVERSION=SUSPENDED  Scale=1.0
2026-05-24 09:35:09,593 [raptor.signals] INFO: v5.5 Final signals: 5 MOMENTUM  0 MEAN_REVERSION  (scale=1.0  regime=BULLISH)
2026-05-24 09:35:09,593 [raptor.main] INFO: Signals:
2026-05-24 09:35:09,594 [raptor.main] INFO:   1. [MOM] AAPL  t=0.351  pctl=100%  entry=$308.81  stop=$291.70  tp=$0.00  kelly=0.092  hold~15d  pattern=none
2026-05-24 09:35:09,594 [raptor.main] INFO:   2. [MOM] HPE  t=0.130  pctl=90%  entry=$37.58  stop=$32.86  tp=$0.00  kelly=0.082  hold~15d  pattern=none
2026-05-24 09:35:09,594 [raptor.main] INFO:   3. [MOM] BAC  t=0.199  pctl=80%  entry=$51.79  stop=$48.57  tp=$0.00  kelly=0.085  hold~15d  pattern=shooting_star
2026-05-24 09:35:09,594 [raptor.main] INFO:   4. [MOM] F  t=0.129  pctl=70%  entry=$14.95  stop=$12.79  tp=$0.00  kelly=0.081  hold~15d  pattern=none
2026-05-24 09:35:09,594 [raptor.main] INFO:   5. [MOM] IONQ  t=0.122  pctl=60%  entry=$63.58  stop=$46.58  tp=$0.00  kelly=0.081  hold~15d  pattern=none
2026-05-24 09:35:41,477 [AgentLayer] INFO: EntryAgent | RAW: '{"decision": "PASS", "confidence": 0.95, "veto_reason": null, "flags": []}'
2026-05-24 09:35:58,815 [AgentLayer] INFO: EntryAgent | RAW: '{"decision": "PASS", "confidence": 0.95, "veto_reason": null, "flags": []}'
2026-05-24 09:36:18,152 [AgentLayer] INFO: EntryAgent | RAW: '{"decision": "VETO", "confidence": 0.0, "veto_reason": "macro_regime="RISK_OFF" AND kelly_fraction > 0.07", "flags": []}'
2026-05-24 09:36:18,154 [AgentLayer] WARNING: EntryAgent | JSON parse error on BAC: Expecting ',' delimiter: line 1 column 71 (char 70)
2026-05-24 09:36:35,827 [AgentLayer] INFO: EntryAgent | RAW: '{"decision": "PASS", "confidence": 0.9, "veto_reason": null, "flags": []}'
2026-05-24 09:36:54,265 [AgentLayer] INFO: EntryAgent | RAW: '{"decision": "VETO", "confidence": 0.0, "veto_reason": "macro_regime="RISK_OFF" AND kelly_fraction > 0.07", "flags": []}'
2026-05-24 09:36:54,266 [AgentLayer] WARNING: EntryAgent | JSON parse error on IONQ: Expecting ',' delimiter: line 1 column 71 (char 70)
2026-05-24 09:36:54,287 [AgentLayer] INFO: EntryAgent | Flushed 5 decisions -> entry_vetoes.json
2026-05-24 09:36:54,288 [raptor.main] INFO: Scan complete. 0 orders placed for v5.4.
