2026-04-16 09:30:03,091 [raptor.main] INFO: ============================================================
2026-04-16 09:30:03,092 [raptor.main] INFO: RAPTOR v5.4 DAILY SCAN - 2026-04-16T09:30:03.091977
2026-04-16 09:30:03,092 [raptor.main] INFO: ============================================================
2026-04-16 09:30:03,093 [raptor.data_feeds] INFO: DataManager initialized with all feeds
2026-04-16 09:30:03,732 [raptor.main] INFO: Account: equity=$105227.40  my_allocation=$105227.40  my_positions=15
2026-04-16 09:30:03,736 [raptor.universe] INFO: Building universe...
2026-04-16 09:30:04,758 [raptor.universe] INFO: Alpaca tradeable assets: 6830 after initial filter
2026-04-16 09:30:04,772 [raptor.universe] INFO: Step 1: 6830 tradeable assets from Alpaca
2026-04-16 09:30:04,774 [raptor.universe] INFO: Step 2: Fetching bars for 6830 symbols (this takes 1-2 min)...
2026-04-16 09:32:24,403 [raptor.universe] INFO: Step 2: Got bars for 6823 symbols
2026-04-16 09:32:29,894 [raptor.universe] INFO: Step 3: 120 symbols passed all screens
2026-04-16 09:32:29,959 [raptor.main] INFO: Dynamic universe: 120 symbols
2026-04-16 09:32:34,553 [raptor.data_feeds] INFO: Fetched bars for 120 / 120 symbols
2026-04-16 09:32:35,603 [raptor.data_feeds] INFO: FRED fetch OK: T10Y2Y (749 observations)
2026-04-16 09:32:36,220 [raptor.data_feeds] INFO: FRED fetch OK: FEDFUNDS (36 observations)
2026-04-16 09:32:36,792 [raptor.data_feeds] INFO: FRED fetch OK: ICSA (156 observations)
2026-04-16 09:32:37,233 [raptor.data_feeds] INFO: FRED fetch OK: VIXCLS (773 observations)
2026-04-16 09:32:38,400 [raptor.data_feeds] INFO: FRED fetch OK: BAMLC0A4CBBB (786 observations)
2026-04-16 09:32:38,861 [raptor.data_feeds] INFO: FRED fetch OK: CPIAUCSL (35 observations)
2026-04-16 09:32:39,799 [raptor.data_feeds] INFO: FRED fetch OK: MANEMP (36 observations)
2026-04-16 09:32:40,310 [raptor.data_feeds] INFO: FRED fetch OK: M2SL (35 observations)
2026-04-16 09:32:40,820 [raptor.data_feeds] ERROR: FRED fetch failed for RSXFS: 500 Server Error: Internal Server Error for url: https://api.stlouisfed.org/fred/series/observations?series_id=RSXFS&api_key=da7dbeb2fb38addc5865122252685cee&file_type=json&observation_start=2023-04-17&observation_end=2026-04-16&sort_order=asc
2026-04-16 09:32:41,335 [raptor.data_feeds] INFO: FRED fetch OK: UNRATE (35 observations)
2026-04-16 09:32:41,337 [raptor.data_feeds] INFO: FRED regime: NEUTRAL (score=0.100)
2026-04-16 09:32:44,432 [raptor.main] INFO: Data: 120 symbols | Macro: NEUTRAL (0.100)
2026-04-16 09:32:46,878 [raptor.signals] INFO: v5.4 Signals: 5 from 120 | Macro=NEUTRAL Scale=1.0 | Micro={'TRENDING': 80, 'MIXED': 40}
2026-04-16 09:32:46,879 [raptor.main] INFO: Signals:
2026-04-16 09:32:46,879 [raptor.main] INFO:   1. IBIT  t=0.578  pctl=100%  entry=$42.38  stop=$39.25  tp=$0.00  kelly=0.104  hold~29d
2026-04-16 09:32:46,879 [raptor.main] INFO:   2. QBTS  t=0.336  pctl=98%  entry=$21.61  stop=$17.36  tp=$0.00  kelly=0.092  hold~17d
2026-04-16 09:32:46,879 [raptor.main] INFO:   3. IONQ  t=0.331  pctl=98%  entry=$44.05  stop=$35.97  tp=$0.00  kelly=0.091  hold~20d
2026-04-16 09:32:46,879 [raptor.main] INFO:   4. SOFI  t=0.420  pctl=97%  entry=$19.53  stop=$17.07  tp=$0.00  kelly=0.096  hold~23d
2026-04-16 09:32:46,879 [raptor.main] INFO: Scan complete. 0 orders placed for v5.4.
2026-04-16 18:26:56,253 [raptor.main] INFO: ============================================================
2026-04-16 18:26:56,254 [raptor.main] INFO: RAPTOR v5.4 DAILY SCAN - 2026-04-16T18:26:56.254187
2026-04-16 18:26:56,254 [raptor.main] INFO: ============================================================
2026-04-16 18:26:56,256 [raptor.data_feeds] INFO: DataManager initialized with all feeds
2026-04-16 18:26:56,918 [raptor.main] INFO: Account: equity=$105227.40  my_allocation=$105227.40  my_positions=15
2026-04-16 18:26:56,933 [raptor.universe] INFO: Universe from cache: 120 symbols
2026-04-16 18:26:56,933 [raptor.main] INFO: Dynamic universe: 120 symbols
2026-04-16 18:26:59,190 [raptor.data_feeds] INFO: Fetched bars for 120 / 120 symbols
2026-04-16 18:27:00,392 [raptor.data_feeds] INFO: FRED fetch OK: T10Y2Y (750 observations)
2026-04-16 18:27:01,236 [raptor.data_feeds] INFO: FRED fetch OK: FEDFUNDS (36 observations)
2026-04-16 18:27:02,157 [raptor.data_feeds] INFO: FRED fetch OK: ICSA (156 observations)
2026-04-16 18:27:03,083 [raptor.data_feeds] INFO: FRED fetch OK: VIXCLS (774 observations)
2026-04-16 18:27:03,901 [raptor.data_feeds] INFO: FRED fetch OK: BAMLC0A4CBBB (787 observations)
2026-04-16 18:27:04,629 [raptor.data_feeds] INFO: FRED fetch OK: CPIAUCSL (35 observations)
2026-04-16 18:27:05,538 [raptor.data_feeds] INFO: FRED fetch OK: MANEMP (36 observations)
2026-04-16 18:27:06,457 [raptor.data_feeds] INFO: FRED fetch OK: M2SL (35 observations)
2026-04-16 18:27:07,277 [raptor.data_feeds] INFO: FRED fetch OK: RSXFS (35 observations)
2026-04-16 18:27:08,113 [raptor.data_feeds] INFO: FRED fetch OK: UNRATE (35 observations)
2026-04-16 18:27:08,115 [raptor.data_feeds] INFO: FRED regime: NEUTRAL (score=0.100)
2026-04-16 18:27:10,484 [raptor.main] INFO: Data: 120 symbols | Macro: NEUTRAL (0.100)
2026-04-16 18:27:14,085 [raptor.signals] INFO: v5.4 Signals: 5 from 120 | Macro=NEUTRAL Scale=1.0 | Micro={'TRENDING': 79, 'MIXED': 41}
2026-04-16 18:27:14,086 [raptor.main] INFO: Signals:
2026-04-16 18:27:14,086 [raptor.main] INFO:   1. IONQ  t=0.411  pctl=100%  entry=$44.62  stop=$35.81  tp=$0.00  kelly=0.096  hold~14d
2026-04-16 18:27:14,087 [raptor.main] INFO:   2. QBTS  t=0.384  pctl=99%  entry=$21.50  stop=$16.99  tp=$0.00  kelly=0.094  hold~14d
2026-04-16 18:27:14,087 [raptor.main] INFO:   3. HOOD  t=0.461  pctl=98%  entry=$86.83  stop=$72.95  tp=$0.00  kelly=0.098  hold~16d
2026-04-16 18:27:14,087 [raptor.main] INFO:   4. ORCL  t=0.357  pctl=97%  entry=$178.36  stop=$154.50  tp=$0.00  kelly=0.093  hold~14d
2026-04-16 18:27:14,087 [raptor.main] INFO: Scan complete. 0 orders placed for v5.4.
2026-04-16 18:31:58,073 [raptor.main] INFO: ============================================================
2026-04-16 18:31:58,074 [raptor.main] INFO: RAPTOR v5.4 DAILY SCAN - 2026-04-16T18:31:58.074560
2026-04-16 18:31:58,074 [raptor.main] INFO: ============================================================
2026-04-16 18:31:58,076 [raptor.data_feeds] INFO: DataManager initialized with all feeds
2026-04-16 18:31:58,720 [raptor.main] INFO: Account: equity=$105227.40  my_allocation=$105227.40  my_positions=15
2026-04-16 18:31:58,725 [raptor.universe] INFO: Universe from cache: 120 symbols
2026-04-16 18:31:58,726 [raptor.main] INFO: Dynamic universe: 120 symbols
2026-04-16 18:32:00,318 [raptor.data_feeds] INFO: Fetched bars for 120 / 120 symbols
2026-04-16 18:32:00,453 [raptor.data_feeds] INFO: FRED regime: NEUTRAL (score=0.100)
2026-04-16 18:32:01,981 [raptor.main] INFO: Data: 120 symbols | Macro: NEUTRAL (0.100)
2026-04-16 18:32:06,392 [raptor.signals] INFO: v5.4 Signals: 5 from 120 | Macro=NEUTRAL Scale=1.0 | Micro={'TRENDING': 79, 'MIXED': 41}
2026-04-16 18:32:06,393 [raptor.main] INFO: Signals:
2026-04-16 18:32:06,393 [raptor.main] INFO:   1. IONQ  t=0.411  pctl=100%  entry=$44.62  stop=$35.81  tp=$0.00  kelly=0.096  hold~14d
2026-04-16 18:32:06,393 [raptor.main] INFO:   2. QBTS  t=0.384  pctl=99%  entry=$21.50  stop=$16.99  tp=$0.00  kelly=0.094  hold~14d
2026-04-16 18:32:06,393 [raptor.main] INFO:   3. HOOD  t=0.461  pctl=98%  entry=$86.83  stop=$72.95  tp=$0.00  kelly=0.098  hold~16d
2026-04-16 18:32:06,393 [raptor.main] INFO:   4. ORCL  t=0.357  pctl=97%  entry=$178.36  stop=$154.50  tp=$0.00  kelly=0.093  hold~14d
2026-04-16 18:32:06,393 [raptor.main] INFO: Scan complete. 0 orders placed for v5.4.
2026-04-16 18:46:10,870 [raptor.main] INFO: ============================================================
2026-04-16 18:46:10,871 [raptor.main] INFO: RAPTOR v5.4 DAILY SCAN - 2026-04-16T18:46:10.871098
2026-04-16 18:46:10,871 [raptor.main] INFO: ============================================================
2026-04-16 18:46:10,873 [raptor.data_feeds] INFO: DataManager initialized with all feeds
2026-04-16 18:46:11,963 [raptor.main] INFO: Account: equity=$105227.40  my_allocation=$105227.40  my_positions=0
2026-04-16 18:46:11,998 [raptor.universe] INFO: Universe from cache: 120 symbols
2026-04-16 18:46:11,999 [raptor.main] INFO: Dynamic universe: 120 symbols
2026-04-16 18:46:14,155 [raptor.data_feeds] INFO: Fetched bars for 120 / 120 symbols
2026-04-16 18:46:14,215 [raptor.data_feeds] INFO: FRED regime: NEUTRAL (score=0.100)
2026-04-16 18:46:17,645 [raptor.main] INFO: Data: 120 symbols | Macro: NEUTRAL (0.100)
2026-04-16 18:46:20,808 [raptor.signals] INFO: v5.4 Signals: 5 from 120 | Macro=NEUTRAL Scale=1.0 | Micro={'TRENDING': 79, 'MIXED': 41}
2026-04-16 18:46:20,810 [raptor.main] INFO: Signals:
2026-04-16 18:46:20,810 [raptor.main] INFO:   1. IONQ  t=0.411  pctl=100%  entry=$44.62  stop=$35.81  tp=$0.00  kelly=0.096  hold~14d
2026-04-16 18:46:20,810 [raptor.main] INFO:   2. QBTS  t=0.384  pctl=99%  entry=$21.50  stop=$16.99  tp=$0.00  kelly=0.094  hold~14d
2026-04-16 18:46:20,810 [raptor.main] INFO:   3. IREN  t=0.502  pctl=98%  entry=$47.68  stop=$37.71  tp=$0.00  kelly=0.100  hold~22d
2026-04-16 18:46:20,811 [raptor.main] INFO:   4. HOOD  t=0.461  pctl=98%  entry=$86.83  stop=$72.95  tp=$0.00  kelly=0.098  hold~16d
2026-04-16 18:46:20,811 [raptor.main] INFO:   5. ORCL  t=0.357  pctl=97%  entry=$178.36  stop=$154.50  tp=$0.00  kelly=0.093  hold~14d
2026-04-16 18:46:20,866 [raptor.data_feeds] INFO: Order submitted: BUY 225 IONQ @ 44.66
2026-04-16 18:46:20,867 [raptor.main] INFO: ORDER [v5.4]: BUY 225 IONQ @ $44.66
2026-04-16 18:46:20,968 [raptor.data_feeds] INFO: Order submitted: BUY 461 QBTS @ 21.52
2026-04-16 18:46:20,970 [raptor.main] INFO: ORDER [v5.4]: BUY 461 QBTS @ $21.52
2026-04-16 18:46:20,999 [raptor.data_feeds] INFO: Order submitted: BUY 220 IREN @ 47.73
2026-04-16 18:46:21,001 [raptor.main] INFO: ORDER [v5.4]: BUY 220 IREN @ $47.73
2026-04-16 18:46:21,071 [raptor.data_feeds] INFO: Order submitted: BUY 118 HOOD @ 86.92
2026-04-16 18:46:21,073 [raptor.main] INFO: ORDER [v5.4]: BUY 118 HOOD @ $86.92
2026-04-16 18:46:21,173 [raptor.data_feeds] INFO: Order submitted: BUY 54 ORCL @ 178.54
2026-04-16 18:46:21,176 [raptor.main] INFO: ORDER [v5.4]: BUY 54 ORCL @ $178.54
2026-04-16 18:46:21,177 [raptor.main] INFO: Scan complete. 5 orders placed for v5.4.
2026-04-16 19:54:34,602 [raptor.main] INFO: ============================================================
2026-04-16 19:54:34,602 [raptor.main] INFO: RAPTOR v5.4 DAILY SCAN - 2026-04-16T19:54:34.602665
2026-04-16 19:54:34,602 [raptor.main] INFO: ============================================================
2026-04-16 19:54:34,603 [raptor.data_feeds] INFO: DataManager initialized with all feeds
2026-04-16 19:54:35,078 [raptor.main] INFO: Account: equity=$105227.40  my_allocation=$105227.40  my_positions=5
2026-04-16 19:54:35,085 [raptor.universe] INFO: Universe from cache: 120 symbols
2026-04-16 19:54:35,086 [raptor.main] INFO: Dynamic universe: 120 symbols
2026-04-16 19:54:36,854 [raptor.data_feeds] INFO: Fetched bars for 120 / 120 symbols
2026-04-16 19:54:36,896 [raptor.data_feeds] INFO: FRED regime: NEUTRAL (score=0.100)
2026-04-16 19:54:38,397 [raptor.main] INFO: Data: 120 symbols | Macro: NEUTRAL (0.100)
2026-04-16 19:54:42,997 [raptor.signals] INFO: v5.4 Signals: 5 from 120 | Macro=NEUTRAL Scale=1.0 | Micro={'TRENDING': 79, 'MIXED': 41}
2026-04-16 19:54:42,998 [raptor.main] INFO: No signals today. Patience.
