2026-04-23 09:51:05,243 [raptor.main] INFO: ============================================================
2026-04-23 09:51:05,244 [raptor.main] INFO: RAPTOR v5.4 DAILY SCAN - 2026-04-23T09:51:05.244734
2026-04-23 09:51:05,245 [raptor.main] INFO: ============================================================
2026-04-23 09:51:05,247 [raptor.data_feeds] INFO: DataManager initialized with all feeds
2026-04-23 09:51:09,070 [raptor.main] INFO: Account: equity=$104006.69  my_allocation=$104006.69  positions=5
2026-04-23 09:51:09,092 [raptor.universe] INFO: Universe from cache: 115 symbols
2026-04-23 09:51:09,093 [raptor.main] INFO: Dynamic universe: 115 symbols
2026-04-23 09:51:10,818 [raptor.data_feeds] INFO: Fetched bars for 115 / 115 symbols
2026-04-23 09:51:11,719 [raptor.data_feeds] INFO: FRED fetch OK: T10Y2Y (749 observations)
2026-04-23 09:51:12,257 [raptor.data_feeds] INFO: FRED fetch OK: FEDFUNDS (36 observations)
2026-04-23 09:51:12,960 [raptor.data_feeds] INFO: FRED fetch OK: ICSA (156 observations)
2026-04-23 09:51:13,695 [raptor.data_feeds] INFO: FRED fetch OK: VIXCLS (774 observations)
2026-04-23 09:51:14,554 [raptor.data_feeds] INFO: FRED fetch OK: BAMLC0A4CBBB (786 observations)
2026-04-23 09:51:15,410 [raptor.data_feeds] INFO: FRED fetch OK: CPIAUCSL (35 observations)
2026-04-23 09:51:15,966 [raptor.data_feeds] INFO: FRED fetch OK: MANEMP (36 observations)
2026-04-23 09:51:16,591 [raptor.data_feeds] INFO: FRED fetch OK: M2SL (35 observations)
2026-04-23 09:51:17,114 [raptor.data_feeds] INFO: FRED fetch OK: RSXFS (36 observations)
2026-04-23 09:51:17,684 [raptor.data_feeds] INFO: FRED fetch OK: UNRATE (35 observations)
2026-04-23 09:51:17,688 [raptor.data_feeds] INFO: FRED regime: NEUTRAL (score=0.100)
2026-04-23 09:51:24,454 [raptor.main] INFO: Data: 115 symbols | Macro: NEUTRAL (0.100)
2026-04-23 09:51:26,977 [raptor.signals] INFO: v5.4 Signals: 5 from 115 | Macro=NEUTRAL Scale=1.0 | Micro={'TRENDING': 80, 'MIXED': 35}
2026-04-23 09:51:26,978 [raptor.main] INFO: Signals:
2026-04-23 09:51:26,978 [raptor.main] INFO:   1. PLTR  t=0.355  pctl=98%  entry=$147.96  stop=$126.90  tp=$0.00  kelly=0.093  hold~14d
2026-04-23 09:51:26,978 [raptor.main] INFO:   2. PYPL  t=0.422  pctl=97%  entry=$49.95  stop=$45.94  tp=$0.00  kelly=0.096  hold~27d
2026-04-23 09:51:26,978 [raptor.main] INFO:   3. AMD  t=0.206  pctl=97%  entry=$304.25  stop=$273.16  tp=$0.00  kelly=0.085  hold~16d
2026-04-23 09:51:27,923 [raptor.data_feeds] INFO: Order submitted: BUY 65 PLTR @ 148.11
2026-04-23 09:51:27,925 [raptor.main] INFO: ORDER [v5.4]: BUY 65 PLTR @ $148.11
2026-04-23 09:51:28,933 [raptor.data_feeds] INFO: Order submitted: BUY 200 PYPL @ 50.0
2026-04-23 09:51:28,935 [raptor.main] INFO: ORDER [v5.4]: BUY 200 PYPL @ $50.00
2026-04-23 09:51:30,059 [raptor.data_feeds] INFO: Order submitted: BUY 29 AMD @ 304.55
2026-04-23 09:51:30,061 [raptor.main] INFO: ORDER [v5.4]: BUY 29 AMD @ $304.55
2026-04-23 09:51:30,061 [raptor.main] INFO: Scan complete. 3 orders placed for v5.4.
