2026-04-13 04:50:36,480 [raptor.main] INFO: ============================================================
2026-04-13 04:50:36,481 [raptor.main] INFO: RAPTOR v5.4 DAILY SCAN - 2026-04-13T04:50:36.481469
2026-04-13 04:50:36,482 [raptor.main] INFO: ============================================================
2026-04-13 04:50:36,539 [raptor.data_feeds] INFO: DataManager initialized with all feeds
2026-04-13 04:50:37,290 [raptor.main] INFO: Account: equity=$103873.05  my_allocation=$103873.05  my_positions=9
2026-04-13 04:50:37,294 [raptor.universe] INFO: Building universe...
2026-04-13 04:50:38,387 [raptor.universe] INFO: Alpaca tradeable assets: 6938 after initial filter
2026-04-13 04:50:38,409 [raptor.universe] INFO: Step 1: 6938 tradeable assets from Alpaca
2026-04-13 04:50:38,411 [raptor.universe] INFO: Step 2: Fetching bars for 6938 symbols (this takes 1-2 min)...
2026-04-13 04:51:03,867 [raptor.universe] INFO: Step 2: Got bars for 6930 symbols
2026-04-13 04:51:15,629 [raptor.universe] INFO: Step 3: 128 symbols passed all screens
2026-04-13 04:51:15,757 [raptor.main] INFO: Dynamic universe: 128 symbols
2026-04-13 04:51:17,430 [raptor.data_feeds] INFO: Fetched bars for 128 / 128 symbols
2026-04-13 04:51:18,346 [raptor.data_feeds] INFO: FRED fetch OK: T10Y2Y (747 observations)
2026-04-13 04:51:19,092 [raptor.data_feeds] INFO: FRED fetch OK: FEDFUNDS (36 observations)
2026-04-13 04:51:19,915 [raptor.data_feeds] INFO: FRED fetch OK: ICSA (156 observations)
2026-04-13 04:51:20,697 [raptor.data_feeds] INFO: FRED fetch OK: VIXCLS (771 observations)
2026-04-13 04:51:21,497 [raptor.data_feeds] INFO: FRED fetch OK: BAMLC0A4CBBB (784 observations)
2026-04-13 04:51:22,275 [raptor.data_feeds] INFO: FRED fetch OK: CPIAUCSL (35 observations)
2026-04-13 04:51:23,054 [raptor.data_feeds] INFO: FRED fetch OK: MANEMP (36 observations)
2026-04-13 04:51:23,914 [raptor.data_feeds] INFO: FRED fetch OK: M2SL (35 observations)
2026-04-13 04:51:24,711 [raptor.data_feeds] INFO: FRED fetch OK: RSXFS (35 observations)
2026-04-13 04:51:25,597 [raptor.data_feeds] INFO: FRED fetch OK: UNRATE (35 observations)
2026-04-13 04:51:25,601 [raptor.data_feeds] INFO: FRED regime: NEUTRAL (score=0.100)
2026-04-13 04:51:27,690 [raptor.main] INFO: Data: 128 symbols | Macro: NEUTRAL (0.100)
2026-04-13 04:51:32,435 [raptor.signals] INFO: v5.4 Signals: 5 from 128 | Macro=NEUTRAL Scale=0.8 | Micro={'TRENDING': 92, 'MIXED': 36}
2026-04-13 04:51:32,436 [raptor.main] INFO: No signals today. Patience.
2026-04-13 21:30:08,554 [raptor.main] INFO: ============================================================
2026-04-13 21:30:08,557 [raptor.main] INFO: RAPTOR v5.4 DAILY SCAN - 2026-04-13T21:30:08.557194
2026-04-13 21:30:08,557 [raptor.main] INFO: ============================================================
2026-04-13 21:30:08,560 [raptor.data_feeds] INFO: DataManager initialized with all feeds
2026-04-13 21:30:09,346 [raptor.main] INFO: Account: equity=$105563.93  my_allocation=$105563.93  my_positions=9
2026-04-13 21:30:09,369 [raptor.universe] INFO: Universe from cache: 128 symbols
2026-04-13 21:30:09,370 [raptor.main] INFO: Dynamic universe: 128 symbols
2026-04-13 21:30:11,332 [raptor.data_feeds] INFO: Fetched bars for 128 / 128 symbols
2026-04-13 21:30:12,086 [raptor.data_feeds] ERROR: FRED fetch failed for T10Y2Y: 500 Server Error: Internal Server Error for url: https://api.stlouisfed.org/fred/series/observations?series_id=T10Y2Y&api_key=da7dbeb2fb38addc5865122252685cee&file_type=json&observation_start=2023-04-14&observation_end=2026-04-13&sort_order=asc
2026-04-13 21:30:12,624 [raptor.data_feeds] ERROR: FRED fetch failed for FEDFUNDS: 500 Server Error: Internal Server Error for url: https://api.stlouisfed.org/fred/series/observations?series_id=FEDFUNDS&api_key=da7dbeb2fb38addc5865122252685cee&file_type=json&observation_start=2023-04-14&observation_end=2026-04-13&sort_order=asc
2026-04-13 21:30:13,098 [raptor.data_feeds] ERROR: FRED fetch failed for ICSA: 500 Server Error: Internal Server Error for url: https://api.stlouisfed.org/fred/series/observations?series_id=ICSA&api_key=da7dbeb2fb38addc5865122252685cee&file_type=json&observation_start=2023-04-14&observation_end=2026-04-13&sort_order=asc
2026-04-13 21:30:14,008 [raptor.data_feeds] ERROR: FRED fetch failed for VIXCLS: 500 Server Error: Internal Server Error for url: https://api.stlouisfed.org/fred/series/observations?series_id=VIXCLS&api_key=da7dbeb2fb38addc5865122252685cee&file_type=json&observation_start=2023-04-14&observation_end=2026-04-13&sort_order=asc
2026-04-13 21:30:14,814 [raptor.data_feeds] INFO: FRED fetch OK: BAMLC0A4CBBB (785 observations)
2026-04-13 21:30:15,821 [raptor.data_feeds] INFO: FRED fetch OK: CPIAUCSL (35 observations)
2026-04-13 21:30:16,702 [raptor.data_feeds] INFO: FRED fetch OK: MANEMP (36 observations)
2026-04-13 21:30:17,606 [raptor.data_feeds] ERROR: FRED fetch failed for M2SL: 500 Server Error: Internal Server Error for url: https://api.stlouisfed.org/fred/series/observations?series_id=M2SL&api_key=da7dbeb2fb38addc5865122252685cee&file_type=json&observation_start=2023-04-14&observation_end=2026-04-13&sort_order=asc
2026-04-13 21:30:18,590 [raptor.data_feeds] INFO: FRED fetch OK: RSXFS (35 observations)
2026-04-13 21:30:19,099 [raptor.data_feeds] ERROR: FRED fetch failed for UNRATE: 500 Server Error: Internal Server Error for url: https://api.stlouisfed.org/fred/series/observations?series_id=UNRATE&api_key=da7dbeb2fb38addc5865122252685cee&file_type=json&observation_start=2023-04-14&observation_end=2026-04-13&sort_order=asc
2026-04-13 21:30:19,102 [raptor.data_feeds] INFO: FRED regime: BEARISH (score=-0.200)
2026-04-13 21:30:20,487 [raptor.main] INFO: Data: 128 symbols | Macro: BEARISH (-0.200)
2026-04-13 21:30:23,363 [raptor.signals] INFO: v5.4 Signals: 5 from 128 | Macro=BEARISH Scale=1.0 | Micro={'TRENDING': 81, 'MIXED': 47}
2026-04-13 21:30:23,364 [raptor.main] INFO: Signals:
2026-04-13 21:30:23,364 [raptor.main] INFO:   1. RSP  t=0.380  pctl=100%  entry=$198.93  stop=$190.57  tp=$0.00  kelly=0.047  hold~12d
2026-04-13 21:30:23,364 [raptor.main] INFO:   2. CRWV  t=0.248  pctl=99%  entry=$110.32  stop=$87.49  tp=$0.00  kelly=0.044  hold~16d
2026-04-13 21:30:23,365 [raptor.main] INFO:   3. SCHX  t=0.304  pctl=98%  entry=$27.03  stop=$25.88  tp=$0.00  kelly=0.045  hold~10d
2026-04-13 21:30:23,365 [raptor.main] INFO:   4. VALE  t=0.316  pctl=98%  entry=$17.45  stop=$16.14  tp=$0.00  kelly=0.045  hold~26d
2026-04-13 21:30:23,365 [raptor.main] INFO:   5. IREN  t=0.299  pctl=97%  entry=$43.05  stop=$33.71  tp=$0.00  kelly=0.045  hold~24d
2026-04-13 21:30:23,399 [raptor.data_feeds] INFO: Order submitted: BUY 24 RSP @ 199.12
2026-04-13 21:30:23,401 [raptor.main] INFO: ORDER [v5.4]: BUY 24 RSP @ $199.12
2026-04-13 21:30:23,429 [raptor.data_feeds] INFO: Order submitted: BUY 41 CRWV @ 110.43
2026-04-13 21:30:23,431 [raptor.main] INFO: ORDER [v5.4]: BUY 41 CRWV @ $110.43
2026-04-13 21:30:23,460 [raptor.data_feeds] INFO: Order submitted: BUY 176 SCHX @ 27.06
2026-04-13 21:30:23,462 [raptor.main] INFO: ORDER [v5.4]: BUY 176 SCHX @ $27.06
2026-04-13 21:30:23,491 [raptor.data_feeds] INFO: Order submitted: BUY 274 VALE @ 17.47
2026-04-13 21:30:23,493 [raptor.main] INFO: ORDER [v5.4]: BUY 274 VALE @ $17.47
2026-04-13 21:30:23,521 [raptor.data_feeds] INFO: Order submitted: BUY 110 IREN @ 43.09
2026-04-13 21:30:23,523 [raptor.main] INFO: ORDER [v5.4]: BUY 110 IREN @ $43.09
2026-04-13 21:30:23,524 [raptor.main] INFO: Scan complete. 5 orders placed for v5.4.
