2026-04-11 09:30:10,511 [raptor.main] INFO: ============================================================
2026-04-11 09:30:10,512 [raptor.main] INFO: RAPTOR v5.4 DAILY SCAN - 2026-04-11T09:30:10.512371
2026-04-11 09:30:10,513 [raptor.main] INFO: ============================================================
2026-04-11 09:30:10,543 [raptor.data_feeds] INFO: DataManager initialized with all feeds
2026-04-11 09:30:11,405 [raptor.main] INFO: Account: equity=$104441.03  my_allocation=$104441.03  my_positions=8
2026-04-11 09:30:11,425 [raptor.universe] INFO: Building universe...
2026-04-11 09:30:12,535 [raptor.universe] INFO: Alpaca tradeable assets: 6936 after initial filter
2026-04-11 09:30:12,550 [raptor.universe] INFO: Step 1: 6936 tradeable assets from Alpaca
2026-04-11 09:30:12,552 [raptor.universe] INFO: Step 2: Fetching bars for 6936 symbols (this takes 1-2 min)...
2026-04-11 09:30:50,023 [raptor.universe] INFO: Step 2: Got bars for 6928 symbols
2026-04-11 09:30:56,266 [raptor.universe] INFO: Step 3: 128 symbols passed all screens
2026-04-11 09:30:56,350 [raptor.main] INFO: Dynamic universe: 128 symbols
2026-04-11 09:30:57,931 [raptor.data_feeds] INFO: Fetched bars for 128 / 128 symbols
2026-04-11 09:30:58,584 [raptor.data_feeds] ERROR: FRED fetch failed for T10Y2Y: 500 Server Error: Internal Server Error for url: https://api.stlouisfed.org/fred/series/observations?series_id=T10Y2Y&api_key=da7dbeb2fb38addc5865122252685cee&file_type=json&observation_start=2023-04-12&observation_end=2026-04-11&sort_order=asc
2026-04-11 09:30:59,201 [raptor.data_feeds] INFO: FRED fetch OK: FEDFUNDS (36 observations)
2026-04-11 09:31:00,004 [raptor.data_feeds] INFO: FRED fetch OK: ICSA (156 observations)
2026-04-11 09:31:00,622 [raptor.data_feeds] INFO: FRED fetch OK: VIXCLS (773 observations)
2026-04-11 09:31:01,337 [raptor.data_feeds] INFO: FRED fetch OK: BAMLC0A4CBBB (786 observations)
2026-04-11 09:31:01,929 [raptor.data_feeds] INFO: FRED fetch OK: CPIAUCSL (35 observations)
2026-04-11 09:31:02,555 [raptor.data_feeds] INFO: FRED fetch OK: MANEMP (36 observations)
2026-04-11 09:31:03,114 [raptor.data_feeds] ERROR: FRED fetch failed for M2SL: 500 Server Error: Internal Server Error for url: https://api.stlouisfed.org/fred/series/observations?series_id=M2SL&api_key=da7dbeb2fb38addc5865122252685cee&file_type=json&observation_start=2023-04-12&observation_end=2026-04-11&sort_order=asc
2026-04-11 09:31:03,652 [raptor.data_feeds] ERROR: FRED fetch failed for RSXFS: 500 Server Error: Internal Server Error for url: https://api.stlouisfed.org/fred/series/observations?series_id=RSXFS&api_key=da7dbeb2fb38addc5865122252685cee&file_type=json&observation_start=2023-04-12&observation_end=2026-04-11&sort_order=asc
2026-04-11 09:31:04,293 [raptor.data_feeds] INFO: FRED fetch OK: UNRATE (35 observations)
2026-04-11 09:31:04,297 [raptor.data_feeds] INFO: FRED regime: NEUTRAL (score=-0.050)
2026-04-11 09:31:05,812 [raptor.main] INFO: Data: 128 symbols | Macro: NEUTRAL (-0.050)
2026-04-11 09:31:08,849 [raptor.signals] INFO: v5.4 Signals: 5 from 128 | Macro=NEUTRAL Scale=0.8 | Micro={'TRENDING': 91, 'MIXED': 37}
2026-04-11 09:31:08,850 [raptor.main] INFO: Signals:
2026-04-11 09:31:08,850 [raptor.main] INFO:   1. NBIS  t=0.219  pctl=97%  entry=$144.90  stop=$117.93  tp=$0.00  kelly=0.069  hold~8d
2026-04-11 09:31:08,911 [raptor.data_feeds] INFO: Order submitted: BUY 49 NBIS @ 145.04
2026-04-11 09:31:08,913 [raptor.main] INFO: ORDER [v5.4]: BUY 49 NBIS @ $145.04
2026-04-11 09:31:08,913 [raptor.main] INFO: Scan complete. 1 orders placed for v5.4.
2026-04-11 13:30:02,101 [raptor.main] INFO: ============================================================
2026-04-11 13:30:02,103 [raptor.main] INFO: RAPTOR v5.4 DAILY SCAN - 2026-04-11T13:30:02.103730
2026-04-11 13:30:02,104 [raptor.main] INFO: ============================================================
2026-04-11 13:30:02,105 [raptor.data_feeds] INFO: DataManager initialized with all feeds
2026-04-11 13:30:02,673 [raptor.main] INFO: Account: equity=$104441.03  my_allocation=$104441.03  my_positions=9
2026-04-11 13:30:02,691 [raptor.universe] INFO: Universe from cache: 128 symbols
2026-04-11 13:30:02,692 [raptor.main] INFO: Dynamic universe: 128 symbols
2026-04-11 13:30:04,591 [raptor.data_feeds] INFO: Fetched bars for 128 / 128 symbols
2026-04-11 13:30:04,723 [raptor.data_feeds] INFO: FRED regime: NEUTRAL (score=0.100)
2026-04-11 13:30:06,324 [raptor.main] INFO: Data: 128 symbols | Macro: NEUTRAL (0.100)
2026-04-11 13:30:09,059 [raptor.signals] INFO: v5.4 Signals: 5 from 128 | Macro=NEUTRAL Scale=0.8 | Micro={'TRENDING': 91, 'MIXED': 37}
2026-04-11 13:30:09,059 [raptor.main] INFO: No signals today. Patience.
