2026-04-22 09:51:04,298 [raptor.main] INFO: ============================================================
2026-04-22 09:51:04,299 [raptor.main] INFO: RAPTOR v5.4 DAILY SCAN - 2026-04-22T09:51:04.298935
2026-04-22 09:51:04,299 [raptor.main] INFO: ============================================================
2026-04-22 09:51:04,302 [raptor.data_feeds] INFO: DataManager initialized with all feeds
2026-04-22 09:51:04,939 [raptor.main] INFO: Account: equity=$104649.25  my_allocation=$104649.25  positions=5
2026-04-22 09:51:04,943 [raptor.universe] INFO: Universe from cache: 116 symbols
2026-04-22 09:51:04,944 [raptor.main] INFO: Dynamic universe: 116 symbols
2026-04-22 09:51:18,266 [raptor.data_feeds] INFO: Fetched bars for 116 / 116 symbols
2026-04-22 09:51:19,078 [raptor.data_feeds] INFO: FRED fetch OK: T10Y2Y (748 observations)
2026-04-22 09:51:19,729 [raptor.data_feeds] INFO: FRED fetch OK: FEDFUNDS (36 observations)
2026-04-22 09:51:20,265 [raptor.data_feeds] INFO: FRED fetch OK: ICSA (155 observations)
2026-04-22 09:51:21,001 [raptor.data_feeds] INFO: FRED fetch OK: VIXCLS (773 observations)
2026-04-22 09:51:21,821 [raptor.data_feeds] INFO: FRED fetch OK: BAMLC0A4CBBB (785 observations)
2026-04-22 09:51:22,374 [raptor.data_feeds] INFO: FRED fetch OK: CPIAUCSL (35 observations)
2026-04-22 09:51:22,907 [raptor.data_feeds] INFO: FRED fetch OK: MANEMP (36 observations)
2026-04-22 09:51:23,480 [raptor.data_feeds] INFO: FRED fetch OK: M2SL (35 observations)
2026-04-22 09:51:24,025 [raptor.data_feeds] INFO: FRED fetch OK: RSXFS (36 observations)
2026-04-22 09:51:24,614 [raptor.data_feeds] INFO: FRED fetch OK: UNRATE (35 observations)
2026-04-22 09:51:24,617 [raptor.data_feeds] INFO: FRED regime: NEUTRAL (score=0.100)
2026-04-22 09:51:28,219 [raptor.main] INFO: Data: 116 symbols | Macro: NEUTRAL (0.100)
2026-04-22 09:51:30,973 [raptor.signals] INFO: v5.4 Signals: 5 from 116 | Macro=NEUTRAL Scale=1.0 | Micro={'TRENDING': 85, 'MIXED': 31}
2026-04-22 09:51:30,973 [raptor.main] INFO: Signals:
2026-04-22 09:51:30,973 [raptor.main] INFO:   1. IGV  t=0.384  pctl=98%  entry=$88.20  stop=$80.00  tp=$0.00  kelly=0.094  hold~11d
2026-04-22 09:51:30,974 [raptor.main] INFO:   2. CMCSA  t=0.431  pctl=97%  entry=$29.30  stop=$27.45  tp=$0.00  kelly=0.097  hold~29d
2026-04-22 09:51:31,005 [raptor.data_feeds] INFO: Order submitted: BUY 111 IGV @ 88.29
2026-04-22 09:51:31,007 [raptor.main] INFO: ORDER [v5.4]: BUY 111 IGV @ $88.29
2026-04-22 09:51:31,034 [raptor.data_feeds] INFO: Order submitted: BUY 345 CMCSA @ 29.32
2026-04-22 09:51:31,037 [raptor.main] INFO: ORDER [v5.4]: BUY 345 CMCSA @ $29.32
2026-04-22 09:51:31,037 [raptor.main] INFO: Scan complete. 2 orders placed for v5.4.
