2026-04-28 09:51:05,120 [raptor.main] INFO: ============================================================
2026-04-28 09:51:05,121 [raptor.main] INFO: RAPTOR v5.4 DAILY SCAN - 2026-04-28T09:51:05.121342
2026-04-28 09:51:05,121 [raptor.main] INFO: ============================================================
2026-04-28 09:51:05,124 [raptor.data_feeds] INFO: DataManager initialized with all feeds
2026-04-28 09:51:05,758 [raptor.main] INFO: Account: equity=$102380.82  my_allocation=$102380.82  positions=10
2026-04-28 09:51:05,764 [raptor.universe] INFO: Universe from cache: 113 symbols
2026-04-28 09:51:05,764 [raptor.main] INFO: Dynamic universe: 113 symbols
2026-04-28 09:51:09,899 [raptor.data_feeds] INFO: Fetched bars for 113 / 113 symbols
2026-04-28 09:51:10,536 [raptor.data_feeds] INFO: FRED fetch OK: T10Y2Y (747 observations)
2026-04-28 09:51:11,115 [raptor.data_feeds] INFO: FRED fetch OK: FEDFUNDS (36 observations)
2026-04-28 09:51:11,748 [raptor.data_feeds] INFO: FRED fetch OK: ICSA (156 observations)
2026-04-28 09:51:12,424 [raptor.data_feeds] INFO: FRED fetch OK: VIXCLS (772 observations)
2026-04-28 09:51:12,934 [raptor.data_feeds] ERROR: FRED fetch failed for BAMLC0A4CBBB: 500 Server Error: Internal Server Error for url: https://api.stlouisfed.org/fred/series/observations?series_id=BAMLC0A4CBBB&api_key=da7dbeb2fb38addc5865122252685cee&file_type=json&observation_start=2023-04-29&observation_end=2026-04-28&sort_order=asc
2026-04-28 09:51:13,498 [raptor.data_feeds] INFO: FRED fetch OK: CPIAUCSL (35 observations)
2026-04-28 09:51:14,044 [raptor.data_feeds] INFO: FRED fetch OK: MANEMP (36 observations)
2026-04-28 09:51:14,724 [raptor.data_feeds] INFO: FRED fetch OK: M2SL (35 observations)
2026-04-28 09:51:15,299 [raptor.data_feeds] INFO: FRED fetch OK: RSXFS (36 observations)
2026-04-28 09:51:15,783 [raptor.data_feeds] INFO: FRED fetch OK: UNRATE (35 observations)
2026-04-28 09:51:15,786 [raptor.data_feeds] INFO: FRED regime: NEUTRAL (score=0.100)
2026-04-28 09:51:18,655 [raptor.main] INFO: Data: 113 symbols | Macro: NEUTRAL (0.100)
2026-04-28 09:51:21,303 [raptor.signals] INFO: v5.4 Signals: 5 from 113 | Macro=NEUTRAL Scale=1.0 | Micro={'TRENDING': 64, 'MIXED': 49}
2026-04-28 09:51:21,303 [raptor.main] INFO: Signals:
2026-04-28 09:51:21,303 [raptor.main] INFO:   1. KO  t=0.234  pctl=98%  entry=$79.75  stop=$75.50  tp=$0.00  kelly=0.087  hold~5d
2026-04-28 09:51:21,304 [raptor.main] INFO:   2. TFC  t=0.351  pctl=97%  entry=$51.58  stop=$48.50  tp=$0.00  kelly=0.092  hold~28d
2026-04-28 09:51:21,391 [raptor.data_feeds] INFO: Order submitted: BUY 111 KO @ 79.83
2026-04-28 09:51:21,392 [raptor.main] INFO: ORDER [v5.4]: BUY 111 KO @ $79.83
2026-04-28 09:51:21,421 [raptor.data_feeds] INFO: Order submitted: BUY 183 TFC @ 51.63
2026-04-28 09:51:21,422 [raptor.main] INFO: ORDER [v5.4]: BUY 183 TFC @ $51.63
2026-04-28 09:51:21,423 [raptor.main] INFO: Scan complete. 2 orders placed for v5.4.
