2026-04-21 09:51:04,612 [raptor.main] INFO: ============================================================
2026-04-21 09:51:04,613 [raptor.main] INFO: RAPTOR v5.4 DAILY SCAN - 2026-04-21T09:51:04.613301
2026-04-21 09:51:04,614 [raptor.main] INFO: ============================================================
2026-04-21 09:51:04,615 [raptor.data_feeds] INFO: DataManager initialized with all feeds
2026-04-21 09:51:05,255 [raptor.main] INFO: Account: equity=$105896.22  my_allocation=$105896.22  positions=5
2026-04-21 09:51:05,258 [raptor.universe] INFO: Universe from cache: 122 symbols
2026-04-21 09:51:05,258 [raptor.main] INFO: Dynamic universe: 122 symbols
2026-04-21 09:51:06,882 [raptor.data_feeds] INFO: Fetched bars for 122 / 122 symbols
2026-04-21 09:51:07,624 [raptor.data_feeds] INFO: FRED fetch OK: T10Y2Y (747 observations)
2026-04-21 09:51:08,219 [raptor.data_feeds] INFO: FRED fetch OK: FEDFUNDS (36 observations)
2026-04-21 09:51:08,867 [raptor.data_feeds] INFO: FRED fetch OK: ICSA (156 observations)
2026-04-21 09:51:09,467 [raptor.data_feeds] INFO: FRED fetch OK: VIXCLS (772 observations)
2026-04-21 09:51:10,199 [raptor.data_feeds] INFO: FRED fetch OK: BAMLC0A4CBBB (785 observations)
2026-04-21 09:51:10,818 [raptor.data_feeds] INFO: FRED fetch OK: CPIAUCSL (35 observations)
2026-04-21 09:51:11,389 [raptor.data_feeds] INFO: FRED fetch OK: MANEMP (36 observations)
2026-04-21 09:51:12,076 [raptor.data_feeds] INFO: FRED fetch OK: M2SL (35 observations)
2026-04-21 09:51:12,619 [raptor.data_feeds] INFO: FRED fetch OK: RSXFS (36 observations)
2026-04-21 09:51:13,164 [raptor.data_feeds] INFO: FRED fetch OK: UNRATE (35 observations)
2026-04-21 09:51:13,167 [raptor.data_feeds] INFO: FRED regime: NEUTRAL (score=0.100)
2026-04-21 09:51:16,537 [raptor.main] INFO: Data: 122 symbols | Macro: NEUTRAL (0.100)
2026-04-21 09:51:19,371 [raptor.signals] INFO: v5.4 Signals: 5 from 122 | Macro=NEUTRAL Scale=1.0 | Micro={'TRENDING': 92, 'MIXED': 30}
2026-04-21 09:51:19,372 [raptor.main] INFO: Signals:
2026-04-21 09:51:19,372 [raptor.main] INFO:   1. SMCI  t=0.550  pctl=100%  entry=$29.44  stop=$25.50  tp=$0.00  kelly=0.102  hold~29d
2026-04-21 09:51:19,373 [raptor.main] INFO:   2. AAL  t=0.393  pctl=98%  entry=$12.17  stop=$10.39  tp=$0.00  kelly=0.095  hold~16d
2026-04-21 09:51:19,373 [raptor.main] INFO:   3. RKT  t=0.422  pctl=97%  entry=$17.32  stop=$15.12  tp=$0.00  kelly=0.096  hold~26d
2026-04-21 09:51:19,446 [raptor.data_feeds] INFO: Order submitted: BUY 368 SMCI @ 29.47
2026-04-21 09:51:19,447 [raptor.main] INFO: ORDER [v5.4]: BUY 368 SMCI @ $29.47
2026-04-21 09:51:19,518 [raptor.data_feeds] INFO: Order submitted: BUY 823 AAL @ 12.18
2026-04-21 09:51:19,520 [raptor.main] INFO: ORDER [v5.4]: BUY 823 AAL @ $12.18
2026-04-21 09:51:19,590 [raptor.data_feeds] INFO: Order submitted: BUY 587 RKT @ 17.34
2026-04-21 09:51:19,591 [raptor.main] INFO: ORDER [v5.4]: BUY 587 RKT @ $17.34
2026-04-21 09:51:19,592 [raptor.main] INFO: Scan complete. 3 orders placed for v5.4.
