2026-04-17 06:51:09,445 [raptor.main] INFO: ============================================================
2026-04-17 06:51:09,447 [raptor.main] INFO: RAPTOR v5.4 DAILY SCAN - 2026-04-17T06:51:09.447527
2026-04-17 06:51:09,447 [raptor.main] INFO: ============================================================
2026-04-17 06:51:09,450 [raptor.data_feeds] INFO: DataManager initialized with all feeds
2026-04-17 06:51:10,203 [raptor.main] INFO: Account: equity=$105227.40  my_allocation=$105227.40  my_positions=5
2026-04-17 06:51:10,211 [raptor.universe] INFO: Building universe...
2026-04-17 06:51:11,475 [raptor.universe] INFO: Alpaca tradeable assets: 6994 after initial filter
2026-04-17 06:51:11,504 [raptor.universe] INFO: Step 1: 6994 tradeable assets from Alpaca
2026-04-17 06:51:11,507 [raptor.universe] INFO: Step 2: Fetching bars for 6994 symbols (this takes 1-2 min)...
2026-04-17 06:51:45,813 [raptor.universe] INFO: Step 2: Got bars for 6986 symbols
2026-04-17 06:51:53,519 [raptor.universe] INFO: Step 3: 130 symbols passed all screens
2026-04-17 06:51:53,597 [raptor.main] INFO: Dynamic universe: 130 symbols
2026-04-17 06:51:55,218 [raptor.data_feeds] INFO: Fetched bars for 130 / 130 symbols
2026-04-17 06:51:56,201 [raptor.data_feeds] INFO: FRED fetch OK: T10Y2Y (749 observations)
2026-04-17 06:51:57,205 [raptor.data_feeds] INFO: FRED fetch OK: FEDFUNDS (36 observations)
2026-04-17 06:51:58,025 [raptor.data_feeds] INFO: FRED fetch OK: ICSA (156 observations)
2026-04-17 06:51:58,848 [raptor.data_feeds] INFO: FRED fetch OK: VIXCLS (773 observations)
2026-04-17 06:51:59,510 [raptor.data_feeds] INFO: FRED fetch OK: BAMLC0A4CBBB (786 observations)
2026-04-17 06:52:00,380 [raptor.data_feeds] INFO: FRED fetch OK: CPIAUCSL (35 observations)
2026-04-17 06:52:01,130 [raptor.data_feeds] INFO: FRED fetch OK: MANEMP (36 observations)
2026-04-17 06:52:01,916 [raptor.data_feeds] INFO: FRED fetch OK: M2SL (35 observations)
2026-04-17 06:52:02,738 [raptor.data_feeds] INFO: FRED fetch OK: RSXFS (35 observations)
2026-04-17 06:52:03,658 [raptor.data_feeds] INFO: FRED fetch OK: UNRATE (35 observations)
2026-04-17 06:52:03,664 [raptor.data_feeds] INFO: FRED regime: NEUTRAL (score=0.100)
2026-04-17 06:52:05,590 [raptor.main] INFO: Data: 130 symbols | Macro: NEUTRAL (0.100)
2026-04-17 06:52:09,346 [raptor.signals] INFO: v5.4 Signals: 5 from 130 | Macro=NEUTRAL Scale=1.0 | Micro={'TRENDING': 87, 'MIXED': 43}
2026-04-17 06:52:09,347 [raptor.main] INFO: Signals:
2026-04-17 06:52:09,347 [raptor.main] INFO:   1. HIMS  t=0.525  pctl=100%  entry=$26.98  stop=$21.71  tp=$0.00  kelly=0.101  hold~17d
2026-04-17 06:52:09,492 [raptor.data_feeds] INFO: Order submitted: BUY 394 HIMS @ 27.01
2026-04-17 06:52:09,494 [raptor.main] INFO: ORDER [v5.4]: BUY 394 HIMS @ $27.01
2026-04-17 06:52:09,494 [raptor.main] INFO: Scan complete. 1 orders placed for v5.4.
2026-04-17 12:54:13,607 [raptor.main] INFO: ============================================================
2026-04-17 12:54:13,608 [raptor.main] INFO: RAPTOR v5.4 DAILY SCAN - 2026-04-17T12:54:13.608330
2026-04-17 12:54:13,608 [raptor.main] INFO: ============================================================
2026-04-17 12:54:13,609 [raptor.data_feeds] INFO: DataManager initialized with all feeds
2026-04-17 12:54:14,215 [raptor.main] INFO: Account: equity=$105383.40  my_allocation=$105383.40  my_positions=0
2026-04-17 12:54:14,218 [raptor.universe] INFO: Universe from cache: 130 symbols
2026-04-17 12:54:14,218 [raptor.main] INFO: Dynamic universe: 130 symbols
2026-04-17 12:54:18,876 [raptor.data_feeds] INFO: Fetched bars for 130 / 130 symbols
2026-04-17 12:54:19,453 [raptor.data_feeds] INFO: FRED fetch OK: T10Y2Y (749 observations)
2026-04-17 12:54:25,980 [raptor.data_feeds] INFO: FRED fetch OK: FEDFUNDS (36 observations)
2026-04-17 12:54:30,089 [raptor.data_feeds] INFO: FRED fetch OK: ICSA (156 observations)
2026-04-17 12:54:30,911 [raptor.data_feeds] INFO: FRED fetch OK: VIXCLS (774 observations)
2026-04-17 12:54:32,552 [raptor.data_feeds] INFO: FRED fetch OK: BAMLC0A4CBBB (787 observations)
2026-04-17 12:54:33,272 [raptor.data_feeds] ERROR: FRED fetch failed for CPIAUCSL: 500 Server Error: Internal Server Error for url: https://api.stlouisfed.org/fred/series/observations?series_id=CPIAUCSL&api_key=da7dbeb2fb38addc5865122252685cee&file_type=json&observation_start=2023-04-18&observation_end=2026-04-17&sort_order=asc
2026-04-17 12:54:34,293 [raptor.data_feeds] ERROR: FRED fetch failed for MANEMP: 500 Server Error: Internal Server Error for url: https://api.stlouisfed.org/fred/series/observations?series_id=MANEMP&api_key=da7dbeb2fb38addc5865122252685cee&file_type=json&observation_start=2023-04-18&observation_end=2026-04-17&sort_order=asc
2026-04-17 12:54:34,856 [raptor.data_feeds] ERROR: FRED fetch failed for M2SL: 500 Server Error: Internal Server Error for url: https://api.stlouisfed.org/fred/series/observations?series_id=M2SL&api_key=da7dbeb2fb38addc5865122252685cee&file_type=json&observation_start=2023-04-18&observation_end=2026-04-17&sort_order=asc
2026-04-17 12:54:41,046 [raptor.data_feeds] INFO: FRED fetch OK: RSXFS (35 observations)
2026-04-17 12:54:44,697 [raptor.data_feeds] INFO: FRED fetch OK: UNRATE (35 observations)
2026-04-17 12:54:44,700 [raptor.data_feeds] INFO: FRED regime: BULLISH (score=0.300)
2026-04-17 12:54:46,740 [raptor.main] INFO: Data: 130 symbols | Macro: BULLISH (0.300)
2026-04-17 12:54:51,094 [raptor.signals] INFO: v5.4 Signals: 5 from 130 | Macro=BULLISH Scale=1.0 | Micro={'TRENDING': 97, 'MIXED': 33}
2026-04-17 12:54:51,095 [raptor.main] INFO: Signals:
2026-04-17 12:54:51,095 [raptor.main] INFO:   1. HIMS  t=0.399  pctl=99%  entry=$28.05  stop=$22.55  tp=$0.00  kelly=0.095  hold~15d
2026-04-17 12:54:51,095 [raptor.main] INFO:   2. HOOD  t=0.493  pctl=98%  entry=$92.22  stop=$77.90  tp=$0.00  kelly=0.100  hold~13d
2026-04-17 12:54:51,096 [raptor.main] INFO:   3. MSFT  t=0.447  pctl=98%  entry=$428.06  stop=$398.03  tp=$0.00  kelly=0.097  hold~12d
2026-04-17 12:54:51,096 [raptor.main] INFO:   4. UBER  t=0.500  pctl=97%  entry=$77.58  stop=$70.56  tp=$0.00  kelly=0.100  hold~24d
2026-04-17 12:54:51,126 [raptor.data_feeds] INFO: Order submitted: BUY 356 HIMS @ 28.08
2026-04-17 12:54:51,127 [raptor.main] INFO: ORDER [v5.4]: BUY 356 HIMS @ $28.08
2026-04-17 12:54:51,157 [raptor.data_feeds] INFO: Order submitted: BUY 113 HOOD @ 92.31
2026-04-17 12:54:51,159 [raptor.main] INFO: ORDER [v5.4]: BUY 113 HOOD @ $92.31
2026-04-17 12:54:51,187 [raptor.data_feeds] INFO: Order submitted: BUY 23 MSFT @ 428.49
2026-04-17 12:54:51,188 [raptor.main] INFO: ORDER [v5.4]: BUY 23 MSFT @ $428.49
2026-04-17 12:54:51,218 [raptor.data_feeds] INFO: Order submitted: BUY 135 UBER @ 77.66
2026-04-17 12:54:51,220 [raptor.main] INFO: ORDER [v5.4]: BUY 135 UBER @ $77.66
2026-04-17 12:54:51,220 [raptor.main] INFO: Scan complete. 4 orders placed for v5.4.
2026-04-17 13:01:31,761 [raptor.main] INFO: ============================================================
2026-04-17 13:01:31,762 [raptor.main] INFO: RAPTOR v5.4 DAILY SCAN - 2026-04-17T13:01:31.762464
2026-04-17 13:01:31,763 [raptor.main] INFO: ============================================================
2026-04-17 13:01:31,764 [raptor.data_feeds] INFO: DataManager initialized with all feeds
2026-04-17 13:01:32,405 [raptor.main] INFO: Account: equity=$105294.52  my_allocation=$105294.52  my_positions=4
2026-04-17 13:01:32,409 [raptor.universe] INFO: Universe from cache: 130 symbols
2026-04-17 13:01:32,410 [raptor.main] INFO: Dynamic universe: 130 symbols
2026-04-17 13:01:36,713 [raptor.data_feeds] INFO: Fetched bars for 130 / 130 symbols
2026-04-17 13:01:38,649 [raptor.data_feeds] INFO: FRED fetch OK: CPIAUCSL (35 observations)
2026-04-17 13:01:39,141 [raptor.data_feeds] INFO: FRED fetch OK: MANEMP (36 observations)
2026-04-17 13:01:42,708 [raptor.data_feeds] INFO: FRED fetch OK: M2SL (35 observations)
2026-04-17 13:01:42,733 [raptor.data_feeds] INFO: FRED regime: NEUTRAL (score=0.100)
2026-04-17 13:01:46,028 [raptor.main] INFO: Data: 130 symbols | Macro: NEUTRAL (0.100)
2026-04-17 13:01:48,997 [raptor.signals] INFO: v5.4 Signals: 5 from 130 | Macro=NEUTRAL Scale=1.0 | Micro={'TRENDING': 97, 'MIXED': 33}
2026-04-17 13:01:48,998 [raptor.main] INFO: Signals:
2026-04-17 13:01:48,999 [raptor.main] INFO:   1. TSLL  t=0.390  pctl=97%  entry=$14.21  stop=$11.06  tp=$0.00  kelly=0.095  hold~12d
2026-04-17 13:01:49,097 [raptor.data_feeds] INFO: Order submitted: BUY 700 TSLL @ 14.22
2026-04-17 13:01:49,098 [raptor.main] INFO: ORDER [v5.4]: BUY 700 TSLL @ $14.22
2026-04-17 13:01:49,099 [raptor.main] INFO: Scan complete. 1 orders placed for v5.4.
2026-04-17 14:15:29,876 [raptor.main] INFO: ============================================================
2026-04-17 14:15:29,878 [raptor.main] INFO: RAPTOR v5.4 DAILY SCAN - 2026-04-17T14:15:29.877969
2026-04-17 14:15:29,878 [raptor.main] INFO: ============================================================
2026-04-17 14:15:29,880 [raptor.data_feeds] INFO: DataManager initialized with all feeds
2026-04-17 14:15:30,393 [raptor.main] INFO: Account: equity=$104586.06  my_allocation=$104586.06  my_positions=5
2026-04-17 14:15:30,397 [raptor.universe] INFO: Universe from cache: 130 symbols
2026-04-17 14:15:30,398 [raptor.main] INFO: Dynamic universe: 130 symbols
2026-04-17 14:15:35,336 [raptor.data_feeds] INFO: Fetched bars for 130 / 130 symbols
2026-04-17 14:15:35,369 [raptor.data_feeds] INFO: FRED regime: NEUTRAL (score=0.100)
2026-04-17 14:15:37,190 [raptor.main] INFO: Data: 130 symbols | Macro: NEUTRAL (0.100)
2026-04-17 14:15:39,960 [raptor.signals] INFO: v5.4 Signals: 5 from 130 | Macro=NEUTRAL Scale=1.0 | Micro={'TRENDING': 97, 'MIXED': 33}
2026-04-17 14:15:39,961 [raptor.main] INFO: Signals:
2026-04-17 14:15:39,962 [raptor.main] INFO:   1. IONQ  t=0.323  pctl=97%  entry=$44.45  stop=$35.76  tp=$0.00  kelly=0.091  hold~16d
2026-04-17 14:15:40,057 [raptor.data_feeds] INFO: Order submitted: BUY 214 IONQ @ 44.49
2026-04-17 14:15:40,059 [raptor.main] INFO: ORDER [v5.4]: BUY 214 IONQ @ $44.49
2026-04-17 14:15:40,060 [raptor.main] INFO: Scan complete. 1 orders placed for v5.4.
