2026-04-03 09:30:11,797 [raptor.main] INFO: ============================================================
2026-04-03 09:30:11,799 [raptor.main] INFO: RAPTOR v5.2 DAILY SCAN - 2026-04-03T09:30:11.799066
2026-04-03 09:30:11,799 [raptor.main] INFO: ============================================================
2026-04-03 09:30:11,823 [raptor.data_feeds] INFO: DataManager initialized with all feeds
2026-04-03 09:30:12,742 [raptor.main] INFO: Account: equity=$103876.77  my_allocation=$51938.39  my_positions=4
2026-04-03 09:30:12,746 [raptor.universe] INFO: Building universe...
2026-04-03 09:30:13,767 [raptor.universe] INFO: Alpaca tradeable assets: 6899 after initial filter
2026-04-03 09:30:13,782 [raptor.universe] INFO: Step 1: 6899 tradeable assets from Alpaca
2026-04-03 09:30:13,783 [raptor.universe] INFO: Step 2: Fetching bars for 6899 symbols (this takes 1-2 min)...
2026-04-03 09:31:32,052 [raptor.universe] INFO: Step 2: Got bars for 6892 symbols
2026-04-03 09:31:38,717 [raptor.universe] INFO: Step 3: 135 symbols passed all screens
2026-04-03 09:31:38,810 [raptor.main] INFO: Dynamic universe: 135 symbols
2026-04-03 09:31:40,241 [raptor.data_feeds] INFO: Fetched bars for 135 / 135 symbols
2026-04-03 09:31:41,689 [raptor.data_feeds] INFO: FRED fetch OK: T10Y2Y (749 observations)
2026-04-03 09:31:42,477 [raptor.data_feeds] INFO: FRED fetch OK: FEDFUNDS (36 observations)
2026-04-03 09:31:43,081 [raptor.data_feeds] INFO: FRED fetch OK: ICSA (156 observations)
2026-04-03 09:31:43,782 [raptor.data_feeds] ERROR: FRED fetch failed for VIXCLS: 500 Server Error: Internal Server Error for url: https://api.stlouisfed.org/fred/series/observations?series_id=VIXCLS&api_key=da7dbeb2fb38addc5865122252685cee&file_type=json&observation_start=2023-04-04&observation_end=2026-04-03&sort_order=asc
2026-04-03 09:31:44,367 [raptor.data_feeds] INFO: FRED fetch OK: BAMLC0A4CBBB (785 observations)
2026-04-03 09:31:44,972 [raptor.data_feeds] INFO: FRED fetch OK: CPIAUCSL (34 observations)
2026-04-03 09:31:45,613 [raptor.data_feeds] INFO: FRED fetch OK: MANEMP (36 observations)
2026-04-03 09:31:46,200 [raptor.data_feeds] INFO: FRED fetch OK: M2SL (35 observations)
2026-04-03 09:31:46,899 [raptor.data_feeds] INFO: FRED fetch OK: RSXFS (35 observations)
2026-04-03 09:31:47,596 [raptor.data_feeds] INFO: FRED fetch OK: UNRATE (35 observations)
2026-04-03 09:31:47,600 [raptor.data_feeds] INFO: FRED regime: NEUTRAL (score=0.050)
2026-04-03 09:31:49,068 [raptor.main] INFO: Data: 135 symbols | Macro: NEUTRAL (0.050)
2026-04-03 09:31:51,843 [raptor.signals] INFO: Signals: 4 from 135 syms (regime=NEUTRAL)
2026-04-03 09:31:51,844 [raptor.signals] INFO: Composite: mean=-0.0120 std=0.2227 max=0.6464
2026-04-03 09:31:51,844 [raptor.main] INFO: No signals today. Patience.
2026-04-03 10:30:02,069 [raptor.main] INFO: ============================================================
2026-04-03 10:30:02,070 [raptor.main] INFO: RAPTOR v5.2 DAILY SCAN - 2026-04-03T10:30:02.070515
2026-04-03 10:30:02,070 [raptor.main] INFO: ============================================================
2026-04-03 10:30:02,072 [raptor.data_feeds] INFO: DataManager initialized with all feeds
2026-04-03 10:30:02,751 [raptor.main] INFO: Account: equity=$103876.77  my_allocation=$51938.39  my_positions=4
2026-04-03 10:30:02,755 [raptor.universe] INFO: Universe from cache: 135 symbols
2026-04-03 10:30:02,755 [raptor.main] INFO: Dynamic universe: 135 symbols
2026-04-03 10:30:04,454 [raptor.data_feeds] INFO: Fetched bars for 135 / 135 symbols
2026-04-03 10:30:04,501 [raptor.data_feeds] INFO: FRED regime: NEUTRAL (score=-0.100)
2026-04-03 10:30:06,102 [raptor.main] INFO: Data: 135 symbols | Macro: NEUTRAL (-0.100)
2026-04-03 10:30:08,635 [raptor.signals] INFO: Signals: 4 from 135 syms (regime=NEUTRAL)
2026-04-03 10:30:08,635 [raptor.signals] INFO: Composite: mean=-0.0120 std=0.2227 max=0.6464
2026-04-03 10:30:08,636 [raptor.main] INFO: No signals today. Patience.
2026-04-03 19:37:06,633 [raptor.main] INFO: ============================================================
2026-04-03 19:37:06,635 [raptor.main] INFO: RAPTOR v5.2 DAILY SCAN - 2026-04-03T19:37:06.635353
2026-04-03 19:37:06,636 [raptor.main] INFO: ============================================================
2026-04-03 19:37:06,638 [raptor.data_feeds] INFO: DataManager initialized with all feeds
2026-04-03 19:37:07,596 [raptor.main] INFO: Account: equity=$103876.77  my_allocation=$51938.39  my_positions=4
2026-04-03 19:37:07,603 [raptor.universe] INFO: Universe from cache: 135 symbols
2026-04-03 19:37:07,604 [raptor.main] INFO: Dynamic universe: 135 symbols
2026-04-03 19:37:09,262 [raptor.data_feeds] INFO: Fetched bars for 135 / 135 symbols
2026-04-03 19:37:10,033 [raptor.data_feeds] INFO: FRED fetch OK: T10Y2Y (750 observations)
2026-04-03 19:37:10,813 [raptor.data_feeds] INFO: FRED fetch OK: FEDFUNDS (36 observations)
2026-04-03 19:37:11,440 [raptor.data_feeds] INFO: FRED fetch OK: ICSA (156 observations)
2026-04-03 19:37:12,123 [raptor.data_feeds] INFO: FRED fetch OK: VIXCLS (773 observations)
2026-04-03 19:37:12,730 [raptor.data_feeds] INFO: FRED fetch OK: BAMLC0A4CBBB (786 observations)
2026-04-03 19:37:13,495 [raptor.data_feeds] INFO: FRED fetch OK: CPIAUCSL (34 observations)
2026-04-03 19:37:14,381 [raptor.data_feeds] INFO: FRED fetch OK: MANEMP (36 observations)
2026-04-03 19:37:14,962 [raptor.data_feeds] INFO: FRED fetch OK: M2SL (35 observations)
2026-04-03 19:37:15,507 [raptor.data_feeds] INFO: FRED fetch OK: RSXFS (35 observations)
2026-04-03 19:37:16,121 [raptor.data_feeds] INFO: FRED fetch OK: UNRATE (35 observations)
2026-04-03 19:37:16,125 [raptor.data_feeds] INFO: FRED regime: NEUTRAL (score=-0.100)
2026-04-03 19:37:17,541 [raptor.main] INFO: Data: 135 symbols | Macro: NEUTRAL (-0.100)
2026-04-03 19:37:20,141 [raptor.signals] INFO: Signals: 4 from 135 syms (regime=NEUTRAL)
2026-04-03 19:37:20,142 [raptor.signals] INFO: Composite: mean=-0.0124 std=0.2206 max=0.6464
2026-04-03 19:37:20,142 [raptor.main] INFO: No signals today. Patience.
2026-04-03 20:30:01,449 [raptor.main] INFO: ============================================================
2026-04-03 20:30:01,450 [raptor.main] INFO: RAPTOR v5.2 DAILY SCAN - 2026-04-03T20:30:01.450635
2026-04-03 20:30:01,451 [raptor.main] INFO: ============================================================
2026-04-03 20:30:01,453 [raptor.data_feeds] INFO: DataManager initialized with all feeds
2026-04-03 20:30:01,990 [raptor.main] INFO: Account: equity=$103876.77  my_allocation=$51938.39  my_positions=4
2026-04-03 20:30:01,996 [raptor.universe] INFO: Universe from cache: 135 symbols
2026-04-03 20:30:01,997 [raptor.main] INFO: Dynamic universe: 135 symbols
2026-04-03 20:30:03,464 [raptor.data_feeds] INFO: Fetched bars for 135 / 135 symbols
2026-04-03 20:30:03,497 [raptor.data_feeds] INFO: FRED regime: NEUTRAL (score=-0.100)
2026-04-03 20:30:06,095 [raptor.main] INFO: Data: 135 symbols | Macro: NEUTRAL (-0.100)
2026-04-03 20:30:08,509 [raptor.signals] INFO: Signals: 4 from 135 syms (regime=NEUTRAL)
2026-04-03 20:30:08,510 [raptor.signals] INFO: Composite: mean=-0.0124 std=0.2206 max=0.6464
2026-04-03 20:30:08,511 [raptor.main] INFO: No signals today. Patience.
