2026-04-09 19:02:05,885 [raptor.main] INFO: ============================================================
2026-04-09 19:02:05,887 [raptor.main] INFO: RAPTOR v5.4 DAILY SCAN - 2026-04-09T19:02:05.887519
2026-04-09 19:02:05,889 [raptor.main] INFO: ============================================================
2026-04-09 19:02:05,890 [raptor.data_feeds] INFO: DataManager initialized with all feeds
2026-04-09 19:02:06,763 [raptor.main] INFO: Account: equity=$104979.96  my_allocation=$104979.96  my_positions=0
2026-04-09 19:02:06,805 [raptor.universe] INFO: Building universe...
2026-04-09 19:02:08,778 [raptor.universe] INFO: Alpaca tradeable assets: 6906 after initial filter
2026-04-09 19:02:08,813 [raptor.universe] INFO: Step 1: 6906 tradeable assets from Alpaca
2026-04-09 19:02:08,817 [raptor.universe] INFO: Step 2: Fetching bars for 6906 symbols (this takes 1-2 min)...
2026-04-09 19:02:45,997 [raptor.universe] INFO: Step 2: Got bars for 6897 symbols
2026-04-09 19:02:55,368 [raptor.universe] INFO: Step 3: 132 symbols passed all screens
2026-04-09 19:02:55,463 [raptor.main] INFO: Dynamic universe: 132 symbols
2026-04-09 19:02:57,633 [raptor.data_feeds] INFO: Fetched bars for 132 / 132 symbols
2026-04-09 19:02:59,007 [raptor.data_feeds] INFO: FRED fetch OK: T10Y2Y (750 observations)
2026-04-09 19:02:59,808 [raptor.data_feeds] INFO: FRED fetch OK: FEDFUNDS (36 observations)
2026-04-09 19:03:00,655 [raptor.data_feeds] INFO: FRED fetch OK: ICSA (156 observations)
2026-04-09 19:03:01,572 [raptor.data_feeds] INFO: FRED fetch OK: VIXCLS (774 observations)
2026-04-09 19:03:02,576 [raptor.data_feeds] INFO: FRED fetch OK: BAMLC0A4CBBB (787 observations)
2026-04-09 19:03:03,392 [raptor.data_feeds] INFO: FRED fetch OK: CPIAUCSL (34 observations)
2026-04-09 19:03:04,217 [raptor.data_feeds] INFO: FRED fetch OK: MANEMP (36 observations)
2026-04-09 19:03:05,031 [raptor.data_feeds] INFO: FRED fetch OK: M2SL (35 observations)
2026-04-09 19:03:05,953 [raptor.data_feeds] INFO: FRED fetch OK: RSXFS (35 observations)
2026-04-09 19:03:06,873 [raptor.data_feeds] INFO: FRED fetch OK: UNRATE (35 observations)
2026-04-09 19:03:06,879 [raptor.data_feeds] INFO: FRED regime: NEUTRAL (score=0.100)
2026-04-09 19:03:09,487 [raptor.main] INFO: Data: 132 symbols | Macro: NEUTRAL (0.100)
2026-04-09 19:03:13,980 [raptor.signals] INFO: v5.4 Signals: 5 from 132 | Macro=NEUTRAL Scale=0.8 | Micro={'TRENDING': 93, 'MIXED': 39}
2026-04-09 19:03:13,981 [raptor.main] INFO: Signals:
2026-04-09 19:03:13,981 [raptor.main] INFO:   1. BAC  t=0.377  pctl=99%  entry=$52.71  stop=$49.22  tp=$0.00  kelly=0.075  hold~18d
2026-04-09 19:03:13,981 [raptor.main] INFO:   2. CRWV  t=0.332  pctl=98%  entry=$91.94  stop=$75.71  tp=$0.00  kelly=0.073  hold~21d
2026-04-09 19:03:13,981 [raptor.main] INFO:   3. MU  t=0.358  pctl=97%  entry=$421.45  stop=$340.26  tp=$0.00  kelly=0.074  hold~9d
2026-04-09 19:03:14,141 [raptor.data_feeds] INFO: Order submitted: BUY 149 BAC @ 52.76
2026-04-09 19:03:14,143 [raptor.main] INFO: ORDER [v5.4]: BUY 149 BAC @ $52.76
2026-04-09 19:03:14,245 [raptor.data_feeds] INFO: Order submitted: BUY 83 CRWV @ 92.03
2026-04-09 19:03:14,248 [raptor.main] INFO: ORDER [v5.4]: BUY 83 CRWV @ $92.03
2026-04-09 19:03:14,276 [raptor.data_feeds] INFO: Order submitted: BUY 18 MU @ 421.87
2026-04-09 19:03:14,279 [raptor.main] INFO: ORDER [v5.4]: BUY 18 MU @ $421.87
2026-04-09 19:03:14,279 [raptor.main] INFO: Scan complete. 3 orders placed for v5.4.
2026-04-09 19:30:00,402 [raptor.main] INFO: ============================================================
2026-04-09 19:30:00,405 [raptor.main] INFO: RAPTOR v5.4 DAILY SCAN - 2026-04-09T19:30:00.405251
2026-04-09 19:30:00,405 [raptor.main] INFO: ============================================================
2026-04-09 19:30:00,408 [raptor.data_feeds] INFO: DataManager initialized with all feeds
2026-04-09 19:30:01,044 [raptor.main] INFO: Account: equity=$104864.11  my_allocation=$104864.11  my_positions=3
2026-04-09 19:30:01,061 [raptor.universe] INFO: Universe from cache: 132 symbols
2026-04-09 19:30:01,062 [raptor.main] INFO: Dynamic universe: 132 symbols
2026-04-09 19:30:02,875 [raptor.data_feeds] INFO: Fetched bars for 132 / 132 symbols
2026-04-09 19:30:02,901 [raptor.data_feeds] INFO: FRED regime: NEUTRAL (score=0.100)
2026-04-09 19:30:04,310 [raptor.main] INFO: Data: 132 symbols | Macro: NEUTRAL (0.100)
2026-04-09 19:30:07,561 [raptor.signals] INFO: v5.4 Signals: 5 from 132 | Macro=NEUTRAL Scale=0.8 | Micro={'TRENDING': 93, 'MIXED': 39}
2026-04-09 19:30:07,562 [raptor.main] INFO: No signals today. Patience.
2026-04-09 20:30:01,158 [raptor.main] INFO: ============================================================
2026-04-09 20:30:01,162 [raptor.main] INFO: RAPTOR v5.4 DAILY SCAN - 2026-04-09T20:30:01.162184
2026-04-09 20:30:01,163 [raptor.main] INFO: ============================================================
2026-04-09 20:30:01,165 [raptor.data_feeds] INFO: DataManager initialized with all feeds
2026-04-09 20:30:02,131 [raptor.main] INFO: Account: equity=$104324.36  my_allocation=$104324.36  my_positions=3
2026-04-09 20:30:02,135 [raptor.universe] INFO: Universe from cache: 132 symbols
2026-04-09 20:30:02,136 [raptor.main] INFO: Dynamic universe: 132 symbols
2026-04-09 20:30:03,776 [raptor.data_feeds] INFO: Fetched bars for 132 / 132 symbols
2026-04-09 20:30:03,810 [raptor.data_feeds] INFO: FRED regime: NEUTRAL (score=0.100)
2026-04-09 20:30:05,505 [raptor.main] INFO: Data: 132 symbols | Macro: NEUTRAL (0.100)
2026-04-09 20:30:08,305 [raptor.signals] INFO: v5.4 Signals: 5 from 132 | Macro=NEUTRAL Scale=0.8 | Micro={'TRENDING': 93, 'MIXED': 39}
2026-04-09 20:30:08,306 [raptor.main] INFO: No signals today. Patience.
