2026-06-10 11:58:57,244 [raptor.main] INFO: ============================================================
2026-06-10 11:58:57,244 [raptor.main] INFO: RAPTOR v5.4 DAILY SCAN - 2026-06-10T11:58:57.244750
2026-06-10 11:58:57,245 [raptor.main] INFO: ============================================================
2026-06-10 11:58:57,246 [raptor.data_feeds] INFO: DataManager initialized with all feeds
2026-06-10 11:58:57,903 [raptor.main] INFO: Account: equity=$107034.77  cap=none (compound)  sizing_base=$107034.77  positions=6
2026-06-10 11:58:57,906 [MarketAgent] WARNING: [MarketAgent] market_decision.json is 26.7h old — defaulting to SCAN
2026-06-10 11:58:57,906 [raptor.main] INFO: [MarketAgent] SCAN | scalar=1.00 | Stale decision file — defaulting to SCAN
2026-06-10 11:58:57,973 [raptor.margin_guard] INFO: MARGIN GUARD: equity=$107,035  cap=none (compound)  cash=$54,610  positions=6
2026-06-10 11:58:57,974 [raptor.margin_guard] INFO: MARGIN GUARD: market_value=$52,424  utilization=49.0% of base  margin=NO
2026-06-10 11:58:57,982 [raptor.universe] INFO: Building universe...
2026-06-10 11:58:59,073 [raptor.universe] INFO: Alpaca tradeable assets: 6902 after initial filter
2026-06-10 11:58:59,086 [raptor.universe] INFO: Step 1: 6902 tradeable assets from Alpaca
2026-06-10 11:58:59,087 [raptor.universe] INFO: Step 2: Fetching bars for 6902 symbols (this takes 1-2 min)...
2026-06-10 11:59:41,088 [raptor.universe] INFO: Step 2: Got bars for 6894 symbols
2026-06-10 11:59:47,156 [raptor.universe] INFO: Step 3: 69 symbols passed all screens
2026-06-10 11:59:47,245 [raptor.main] INFO: Dynamic universe: 69 symbols
2026-06-10 11:59:48,304 [raptor.data_feeds] INFO: Fetched 69 new bars / 69 total cached
2026-06-10 11:59:49,022 [raptor.data_feeds] INFO: FRED fetch OK: T10Y2Y (748 observations)
2026-06-10 11:59:49,558 [raptor.data_feeds] INFO: FRED fetch OK: FEDFUNDS (36 observations)
2026-06-10 11:59:50,239 [raptor.data_feeds] INFO: FRED fetch OK: ICSA (155 observations)
2026-06-10 11:59:50,775 [raptor.data_feeds] INFO: FRED fetch OK: VIXCLS (773 observations)
2026-06-10 11:59:51,419 [raptor.data_feeds] INFO: FRED fetch OK: BAMLC0A4CBBB (786 observations)
2026-06-10 11:59:52,039 [raptor.data_feeds] INFO: FRED fetch OK: CPIAUCSL (35 observations)
2026-06-10 11:59:52,548 [raptor.data_feeds] INFO: FRED fetch OK: IPMAN (35 observations)
2026-06-10 11:59:53,198 [raptor.data_feeds] INFO: FRED fetch OK: M2SL (35 observations)
2026-06-10 11:59:53,807 [raptor.data_feeds] INFO: FRED fetch OK: RSXFS (35 observations)
2026-06-10 11:59:54,355 [raptor.data_feeds] INFO: FRED fetch OK: UNRATE (35 observations)
2026-06-10 11:59:54,357 [raptor.data_feeds] INFO: FRED regime: BULLISH (score=0.200)
2026-06-10 11:59:54,392 [raptor.main] INFO: Data: 69 symbols | Macro: NEUTRAL (0.200)
2026-06-10 11:59:55,424 [raptor.signals] INFO: v5.4 Signals: 5 from 68 | Macro=NEUTRAL Scale=0.8 | Micro={'MIXED': 47, 'TRENDING': 18, 'REVERTING': 3} | SNR min=1.62 max=2.04
2026-06-10 11:59:55,435 [raptor.main] INFO: Velocity gate: 2 signals remain | velocities: {'CSX': '+0.000', 'BAC': '+0.000'}
2026-06-10 11:59:55,436 [raptor.main] INFO: Signals:
2026-06-10 11:59:55,437 [raptor.main] INFO:   1. CSX  t=2.015  pctl=97%  entry=$46.90  stop=$44.57  tp=$0.00  kelly=0.113  hold~12d
2026-06-10 11:59:55,437 [raptor.main] INFO:   2. BAC  t=1.671  pctl=99%  entry=$54.79  stop=$51.59  tp=$0.00  kelly=0.102  hold~24d
2026-06-10 11:59:57,512 [AgentLayer] WARNING: EntryAgent batch failed ('"decision"') — deterministic rules only.
2026-06-10 11:59:57,516 [raptor.main] INFO: Deployable: cap=none  market_value=$52425  cash=$54610  headroom=$51880  available=$51880  (margin=OFF)
2026-06-10 11:59:57,565 [raptor.data_feeds] INFO: Order submitted: BUY 256 CSX @ 46.95
2026-06-10 11:59:57,570 [raptor.main] INFO: ORDER [v5.4]: BUY 256 CSX @ $46.95
2026-06-10 11:59:57,598 [raptor.data_feeds] INFO: Order submitted: BUY 198 BAC @ 54.84
2026-06-10 11:59:57,603 [raptor.main] INFO: ORDER [v5.4]: BUY 198 BAC @ $54.84
2026-06-10 11:59:57,603 [raptor.main] INFO: Scan complete. 2 orders placed for v5.4.
