2026-03-31 18:50:33,900 [raptor.main] INFO: ============================================================
2026-03-31 18:50:33,901 [raptor.main] INFO: RAPTOR v5.0.0 DAILY SCAN — 2026-03-31T18:50:33.901433
2026-03-31 18:50:33,902 [raptor.main] INFO: ============================================================
2026-03-31 18:50:33,904 [raptor.data_feeds] INFO: DataManager initialized with all feeds
2026-03-31 18:50:34,644 [raptor.main] INFO: Account: equity=$103035.13  cash=$-65682.91  positions=6
2026-03-31 18:50:35,949 [raptor.data_feeds] INFO: Fetched bars for 46 / 47 symbols
2026-03-31 18:50:36,867 [raptor.data_feeds] INFO: FRED fetch OK: T10Y2Y (748 observations)
2026-03-31 18:50:37,587 [raptor.data_feeds] INFO: FRED fetch OK: FEDFUNDS (35 observations)
2026-03-31 18:50:38,228 [raptor.data_feeds] INFO: FRED fetch OK: ICSA (156 observations)
2026-03-31 18:50:38,913 [raptor.data_feeds] INFO: FRED fetch OK: VIXCLS (772 observations)
2026-03-31 18:50:39,616 [raptor.data_feeds] INFO: FRED fetch OK: BAA10Y (746 observations)
2026-03-31 18:50:40,243 [raptor.data_feeds] INFO: FRED fetch OK: CPIAUCSL (34 observations)
2026-03-31 18:50:40,934 [raptor.data_feeds] INFO: FRED fetch OK: MANEMP (35 observations)
2026-03-31 18:50:41,625 [raptor.data_feeds] INFO: FRED fetch OK: M2SL (35 observations)
2026-03-31 18:50:42,253 [raptor.data_feeds] INFO: FRED fetch OK: RSXFS (34 observations)
2026-03-31 18:50:42,891 [raptor.data_feeds] INFO: FRED fetch OK: UNRATE (34 observations)
2026-03-31 18:50:42,895 [raptor.data_feeds] INFO: FRED regime: NEUTRAL (score=0.150)
2026-03-31 18:50:43,475 [raptor.main] INFO: Data: 46 symbols with bars  |  Macro regime: NEUTRAL (0.150)  |  Sentiment for 46 symbols
2026-03-31 18:50:44,495 [raptor.signals] INFO: Generated 0 signals from 46 symbols (regime=NEUTRAL)
2026-03-31 18:50:44,496 [raptor.main] INFO: No new signals today.
