2026-04-27 20:33:09,724 [raptor.main] INFO: ============================================================
2026-04-27 20:33:09,725 [raptor.main] INFO: RAPTOR v5.4 DAILY SCAN - 2026-04-27T20:33:09.725768
2026-04-27 20:33:09,726 [raptor.main] INFO: ============================================================
2026-04-27 20:33:09,727 [raptor.data_feeds] INFO: DataManager initialized with all feeds
2026-04-27 20:33:10,430 [raptor.main] INFO: Account: equity=$103061.79  my_allocation=$103061.79  positions=7
2026-04-27 20:33:10,435 [raptor.universe] INFO: Universe from cache: 118 symbols
2026-04-27 20:33:10,436 [raptor.main] INFO: Dynamic universe: 118 symbols
2026-04-27 20:33:11,775 [raptor.data_feeds] INFO: Fetched bars for 118 / 118 symbols
2026-04-27 20:33:12,886 [raptor.data_feeds] INFO: FRED fetch OK: T10Y2Y (748 observations)
2026-04-27 20:33:13,479 [raptor.data_feeds] INFO: FRED fetch OK: FEDFUNDS (36 observations)
2026-04-27 20:33:14,049 [raptor.data_feeds] INFO: FRED fetch OK: ICSA (156 observations)
2026-04-27 20:33:14,635 [raptor.data_feeds] INFO: FRED fetch OK: VIXCLS (772 observations)
2026-04-27 20:33:15,197 [raptor.data_feeds] INFO: FRED fetch OK: BAMLC0A4CBBB (785 observations)
2026-04-27 20:33:15,769 [raptor.data_feeds] INFO: FRED fetch OK: CPIAUCSL (35 observations)
2026-04-27 20:33:16,498 [raptor.data_feeds] INFO: FRED fetch OK: MANEMP (36 observations)
2026-04-27 20:33:17,105 [raptor.data_feeds] INFO: FRED fetch OK: M2SL (35 observations)
2026-04-27 20:33:17,683 [raptor.data_feeds] INFO: FRED fetch OK: RSXFS (36 observations)
2026-04-27 20:33:18,253 [raptor.data_feeds] INFO: FRED fetch OK: UNRATE (35 observations)
2026-04-27 20:33:18,257 [raptor.data_feeds] INFO: FRED regime: NEUTRAL (score=0.100)
2026-04-27 20:33:19,904 [raptor.main] INFO: Data: 118 symbols | Macro: NEUTRAL (0.100)
2026-04-27 20:33:22,697 [raptor.signals] INFO: v5.4 Signals: 5 from 118 | Macro=NEUTRAL Scale=1.0 | Micro={'TRENDING': 71, 'MIXED': 47}
2026-04-27 20:33:22,697 [raptor.main] INFO: Signals:
2026-04-27 20:33:22,697 [raptor.main] INFO:   1. TTD  t=0.490  pctl=98%  entry=$23.16  stop=$20.12  tp=$0.00  kelly=0.100  hold~26d
2026-04-27 20:33:22,698 [raptor.main] INFO:   2. SOXL  t=0.199  pctl=97%  entry=$123.35  stop=$100.09  tp=$0.00  kelly=0.085  hold~2d
2026-04-27 20:33:22,698 [raptor.main] INFO:   3. NVDA  t=0.225  pctl=97%  entry=$216.54  stop=$199.76  tp=$0.00  kelly=0.086  hold~16d
2026-04-27 20:33:22,749 [raptor.data_feeds] INFO: Order submitted: BUY 442 TTD @ 23.18
2026-04-27 20:33:22,751 [raptor.main] INFO: ORDER [v5.4]: BUY 442 TTD @ $23.18
2026-04-27 20:33:22,817 [raptor.data_feeds] INFO: Order submitted: BUY 70 SOXL @ 123.47
2026-04-27 20:33:22,819 [raptor.main] INFO: ORDER [v5.4]: BUY 70 SOXL @ $123.47
2026-04-27 20:33:22,845 [raptor.data_feeds] INFO: Order submitted: BUY 41 NVDA @ 216.76
2026-04-27 20:33:22,847 [raptor.main] INFO: ORDER [v5.4]: BUY 41 NVDA @ $216.76
2026-04-27 20:33:22,847 [raptor.main] INFO: Scan complete. 3 orders placed for v5.4.
