2026-05-07 09:51:09,441 [raptor.main] INFO: ============================================================
2026-05-07 09:51:09,451 [raptor.main] INFO: RAPTOR v5.4 DAILY SCAN - 2026-05-07T09:51:09.451854
2026-05-07 09:51:09,452 [raptor.main] INFO: ============================================================
2026-05-07 09:51:09,454 [raptor.data_feeds] INFO: DataManager initialized with all feeds
2026-05-07 09:51:10,181 [raptor.main] INFO: Account: equity=$104913.49  my_allocation=$104913.49  positions=11
2026-05-07 09:51:10,201 [raptor.universe] INFO: Building universe...
2026-05-07 09:51:11,139 [raptor.universe] INFO: Alpaca tradeable assets: 7116 after initial filter
2026-05-07 09:51:11,154 [raptor.universe] INFO: Step 1: 7116 tradeable assets from Alpaca
2026-05-07 09:51:11,155 [raptor.universe] INFO: Step 2: Fetching bars for 7116 symbols (this takes 1-2 min)...
2026-05-07 09:53:31,065 [raptor.universe] INFO: Step 2: Got bars for 7107 symbols
2026-05-07 09:53:36,960 [raptor.universe] INFO: Step 3: 113 symbols passed all screens
2026-05-07 09:53:37,045 [raptor.main] INFO: Dynamic universe: 113 symbols
2026-05-07 09:53:41,109 [raptor.data_feeds] INFO: Fetched bars for 114 / 114 symbols
2026-05-07 09:53:41,693 [raptor.data_feeds] INFO: FRED fetch OK: T10Y2Y (749 observations)
2026-05-07 09:53:42,195 [raptor.data_feeds] INFO: FRED fetch OK: FEDFUNDS (36 observations)
2026-05-07 09:53:42,729 [raptor.data_feeds] INFO: FRED fetch OK: ICSA (156 observations)
2026-05-07 09:53:43,151 [raptor.data_feeds] INFO: FRED fetch OK: VIXCLS (774 observations)
2026-05-07 09:53:43,619 [raptor.data_feeds] INFO: FRED fetch OK: BAMLC0A4CBBB (786 observations)
2026-05-07 09:53:44,051 [raptor.data_feeds] INFO: FRED fetch OK: CPIAUCSL (34 observations)
2026-05-07 09:53:44,494 [raptor.data_feeds] INFO: FRED fetch OK: MANEMP (35 observations)
2026-05-07 09:53:44,979 [raptor.data_feeds] INFO: FRED fetch OK: M2SL (35 observations)
2026-05-07 09:53:45,383 [raptor.data_feeds] ERROR: FRED fetch failed for RSXFS: 500 Server Error: Internal Server Error for url: https://api.stlouisfed.org/fred/series/observations?series_id=RSXFS&api_key=da7dbeb2fb38addc5865122252685cee&file_type=json&observation_start=2023-05-08&observation_end=2026-05-07&sort_order=asc
2026-05-07 09:53:45,819 [raptor.data_feeds] INFO: FRED fetch OK: UNRATE (34 observations)
2026-05-07 09:53:45,823 [raptor.data_feeds] INFO: FRED regime: NEUTRAL (score=-0.050)
2026-05-07 09:53:46,937 [raptor.main] INFO: Data: 114 symbols | Macro: NEUTRAL (-0.050)
2026-05-07 09:53:49,706 [raptor.signals] INFO: v5.4 Signals: 5 from 114 | Macro=NEUTRAL Scale=1.0 | Micro={'TRENDING': 76, 'MIXED': 38}
2026-05-07 09:53:49,707 [raptor.main] INFO: Signals:
2026-05-07 09:53:49,707 [raptor.main] INFO:   1. SMCI  t=0.402  pctl=100%  entry=$34.30  stop=$28.31  tp=$0.00  kelly=0.095  hold~13d
2026-05-07 09:53:49,707 [raptor.main] INFO:   2. TSLL  t=0.476  pctl=99%  entry=$14.28  stop=$11.65  tp=$0.00  kelly=0.099  hold~28d
2026-05-07 09:53:49,707 [raptor.main] INFO:   3. FXI  t=0.440  pctl=97%  entry=$37.34  stop=$36.26  tp=$0.00  kelly=0.097  hold~29d
2026-05-07 09:53:50,054 [raptor.data_feeds] INFO: Order submitted: BUY 290 SMCI @ 34.33
2026-05-07 09:53:50,057 [raptor.main] INFO: ORDER [v5.4]: BUY 290 SMCI @ $34.33
2026-05-07 09:53:50,092 [raptor.data_feeds] INFO: Order submitted: BUY 725 TSLL @ 14.29
2026-05-07 09:53:50,094 [raptor.main] INFO: ORDER [v5.4]: BUY 725 TSLL @ $14.29
2026-05-07 09:53:50,127 [raptor.data_feeds] INFO: Order submitted: BUY 272 FXI @ 37.38
2026-05-07 09:53:50,129 [raptor.main] INFO: ORDER [v5.4]: BUY 272 FXI @ $37.38
2026-05-07 09:53:50,129 [raptor.main] INFO: Scan complete. 3 orders placed for v5.4.
