2026-06-11 09:35:04,013 [raptor.main] INFO: ============================================================
2026-06-11 09:35:04,013 [raptor.main] INFO: RAPTOR v5.4 DAILY SCAN - 2026-06-11T09:35:04.013788
2026-06-11 09:35:04,014 [raptor.main] INFO: ============================================================
2026-06-11 09:35:04,016 [raptor.data_feeds] INFO: DataManager initialized with all feeds
2026-06-11 09:35:05,002 [raptor.main] INFO: Account: equity=$107077.31  cap=none (compound)  sizing_base=$107077.31  positions=8
2026-06-11 09:35:05,006 [raptor.main] INFO: [MarketAgent] SCAN | scalar=1.00 | Neutral macro conditions with no extreme signals present.
2026-06-11 09:35:05,219 [raptor.margin_guard] INFO: MARGIN GUARD: equity=$107,081  cap=none (compound)  cash=$31,744  positions=8
2026-06-11 09:35:05,220 [raptor.margin_guard] INFO: MARGIN GUARD: market_value=$75,333  utilization=70.4% of base  margin=NO
2026-06-11 09:35:05,241 [raptor.universe] INFO: Universe from cache: 73 symbols
2026-06-11 09:35:05,241 [raptor.main] INFO: Dynamic universe: 73 symbols
2026-06-11 09:35:08,046 [raptor.data_feeds] INFO: Fetched 73 new bars / 73 total cached
2026-06-11 09:35:08,229 [raptor.data_feeds] INFO: FRED regime: BULLISH (score=0.200)
2026-06-11 09:35:08,285 [raptor.main] INFO: Data: 73 symbols | Macro: NEUTRAL (0.200)
2026-06-11 09:35:09,855 [raptor.signals] INFO: v5.4 Signals: 5 from 72 | Macro=NEUTRAL Scale=0.5 | Micro={'MIXED': 49, 'TRENDING': 19, 'REVERTING': 4} | SNR min=2.01 max=2.55
2026-06-11 09:35:09,873 [raptor.main] INFO: Velocity gate: 3 signals remain | velocities: {'PFE': '+0.000', 'WULF': '+0.000', 'SCHW': '+0.000'}
2026-06-11 09:35:09,890 [raptor.main] INFO: Signals:
2026-06-11 09:35:09,890 [raptor.main] INFO:   1. PFE  t=2.553  pctl=100%  entry=$26.18  stop=$25.28  tp=$0.00  kelly=0.081  hold~25d
2026-06-11 09:35:09,890 [raptor.main] INFO:   2. WULF  t=2.036  pctl=96%  entry=$23.66  stop=$19.50  tp=$0.00  kelly=0.071  hold~2d
2026-06-11 09:35:09,890 [raptor.main] INFO:   3. SCHW  t=2.009  pctl=94%  entry=$89.40  stop=$85.59  tp=$0.00  kelly=0.070  hold~27d
2026-06-11 09:35:11,974 [AgentLayer] WARNING: EntryAgent batch failed ('"decision"') — deterministic rules only.
2026-06-11 09:35:11,999 [raptor.main] INFO: Deployable: cap=none  market_value=$75337  cash=$31744  headroom=$30157  available=$30157  (margin=OFF)
2026-06-11 09:35:12,048 [raptor.data_feeds] INFO: Order submitted: BUY 331 PFE @ 26.21
2026-06-11 09:35:12,054 [raptor.main] INFO: ORDER [v5.4]: BUY 331 PFE @ $26.21
2026-06-11 09:35:12,084 [raptor.slippage] INFO: SLIPPAGE BUY 331 PFE: decision=$26.1800 fill=PENDING (order f8678c85)
2026-06-11 09:35:12,137 [raptor.data_feeds] INFO: Order submitted: BUY 319 WULF @ 23.68
2026-06-11 09:35:12,142 [raptor.main] INFO: ORDER [v5.4]: BUY 319 WULF @ $23.68
2026-06-11 09:35:12,157 [raptor.slippage] INFO: SLIPPAGE BUY 319 WULF: decision=$23.6600 fill=PENDING (order 1f44fe63)
2026-06-11 09:35:12,158 [raptor.main] INFO: Scan complete. 2 orders placed for v5.4.
