2026-04-15 08:25:21,946 [raptor.main] INFO: ============================================================
2026-04-15 08:25:21,946 [raptor.main] INFO: RAPTOR v5.4 DAILY SCAN - 2026-04-15T08:25:21.946691
2026-04-15 08:25:21,947 [raptor.main] INFO: ============================================================
2026-04-15 08:25:21,948 [raptor.data_feeds] INFO: DataManager initialized with all feeds
2026-04-15 08:25:23,743 [raptor.main] INFO: Account: equity=$105214.81  my_allocation=$105214.81  my_positions=15
2026-04-15 08:25:23,767 [raptor.universe] INFO: Building universe...
2026-04-15 08:25:24,626 [raptor.universe] INFO: Alpaca tradeable assets: 6970 after initial filter
2026-04-15 08:25:24,642 [raptor.universe] INFO: Step 1: 6970 tradeable assets from Alpaca
2026-04-15 08:25:24,644 [raptor.universe] INFO: Step 2: Fetching bars for 6970 symbols (this takes 1-2 min)...
2026-04-15 08:25:57,053 [raptor.universe] INFO: Step 2: Got bars for 6962 symbols
2026-04-15 08:26:04,345 [raptor.universe] INFO: Step 3: 127 symbols passed all screens
2026-04-15 08:26:04,442 [raptor.main] INFO: Dynamic universe: 127 symbols
2026-04-15 08:26:06,050 [raptor.data_feeds] INFO: Fetched bars for 127 / 127 symbols
2026-04-15 08:26:06,716 [raptor.data_feeds] INFO: FRED fetch OK: T10Y2Y (748 observations)
2026-04-15 08:26:07,268 [raptor.data_feeds] INFO: FRED fetch OK: FEDFUNDS (36 observations)
2026-04-15 08:26:08,127 [raptor.data_feeds] INFO: FRED fetch OK: ICSA (155 observations)
2026-04-15 08:26:09,301 [raptor.data_feeds] INFO: FRED fetch OK: VIXCLS (772 observations)
2026-04-15 08:26:10,685 [raptor.data_feeds] INFO: FRED fetch OK: BAMLC0A4CBBB (785 observations)
2026-04-15 08:26:11,301 [raptor.data_feeds] INFO: FRED fetch OK: CPIAUCSL (35 observations)
2026-04-15 08:26:11,940 [raptor.data_feeds] INFO: FRED fetch OK: MANEMP (36 observations)
2026-04-15 08:26:12,507 [raptor.data_feeds] INFO: FRED fetch OK: M2SL (35 observations)
2026-04-15 08:26:13,120 [raptor.data_feeds] INFO: FRED fetch OK: RSXFS (35 observations)
2026-04-15 08:26:13,666 [raptor.data_feeds] INFO: FRED fetch OK: UNRATE (35 observations)
2026-04-15 08:26:13,670 [raptor.data_feeds] INFO: FRED regime: NEUTRAL (score=0.100)
2026-04-15 08:26:15,128 [raptor.main] INFO: Data: 127 symbols | Macro: NEUTRAL (0.100)
2026-04-15 08:26:18,399 [raptor.signals] INFO: v5.4 Signals: 5 from 127 | Macro=NEUTRAL Scale=1.0 | Micro={'TRENDING': 79, 'MIXED': 48}
2026-04-15 08:26:18,400 [raptor.main] INFO: Signals:
2026-04-15 08:26:18,400 [raptor.main] INFO:   1. META  t=0.438  pctl=100%  entry=$662.38  stop=$590.44  tp=$0.00  kelly=0.097  hold~6d
2026-04-15 08:26:18,400 [raptor.main] INFO:   2. SCHG  t=0.326  pctl=98%  entry=$31.51  stop=$29.74  tp=$0.00  kelly=0.091  hold~2d
2026-04-15 08:26:18,400 [raptor.main] INFO: Scan complete. 0 orders placed for v5.4.
2026-04-15 08:27:43,547 [raptor.main] INFO: ============================================================
2026-04-15 08:27:43,547 [raptor.main] INFO: RAPTOR v5.4 DAILY SCAN - 2026-04-15T08:27:43.547881
2026-04-15 08:27:43,548 [raptor.main] INFO: ============================================================
2026-04-15 08:27:43,550 [raptor.data_feeds] INFO: DataManager initialized with all feeds
2026-04-15 08:27:44,137 [raptor.main] INFO: Account: equity=$105208.61  my_allocation=$105208.61  my_positions=15
2026-04-15 08:27:44,151 [raptor.universe] INFO: Universe from cache: 127 symbols
2026-04-15 08:27:44,152 [raptor.main] INFO: Dynamic universe: 127 symbols
2026-04-15 08:27:45,646 [raptor.data_feeds] INFO: Fetched bars for 127 / 127 symbols
2026-04-15 08:27:45,856 [raptor.data_feeds] INFO: FRED regime: NEUTRAL (score=0.100)
2026-04-15 08:27:48,270 [raptor.main] INFO: Data: 127 symbols | Macro: NEUTRAL (0.100)
2026-04-15 08:27:52,894 [raptor.signals] INFO: v5.4 Signals: 5 from 127 | Macro=NEUTRAL Scale=1.0 | Micro={'TRENDING': 79, 'MIXED': 48}
2026-04-15 08:27:52,895 [raptor.main] INFO: Signals:
2026-04-15 08:27:52,895 [raptor.main] INFO:   1. META  t=0.438  pctl=100%  entry=$662.38  stop=$590.44  tp=$0.00  kelly=0.097  hold~6d
2026-04-15 08:27:52,895 [raptor.main] INFO:   2. SCHG  t=0.326  pctl=98%  entry=$31.51  stop=$29.74  tp=$0.00  kelly=0.091  hold~2d
2026-04-15 08:27:52,896 [raptor.main] INFO: Scan complete. 0 orders placed for v5.4.
2026-04-15 09:30:03,953 [raptor.main] INFO: ============================================================
2026-04-15 09:30:03,955 [raptor.main] INFO: RAPTOR v5.4 DAILY SCAN - 2026-04-15T09:30:03.955382
2026-04-15 09:30:03,956 [raptor.main] INFO: ============================================================
2026-04-15 09:30:03,959 [raptor.data_feeds] INFO: DataManager initialized with all feeds
2026-04-15 09:30:05,024 [raptor.main] INFO: Account: equity=$105283.89  my_allocation=$105283.89  my_positions=15
2026-04-15 09:30:05,033 [raptor.universe] INFO: Universe from cache: 127 symbols
2026-04-15 09:30:05,034 [raptor.main] INFO: Dynamic universe: 127 symbols
2026-04-15 09:30:17,909 [raptor.data_feeds] INFO: Fetched bars for 127 / 127 symbols
2026-04-15 09:30:17,961 [raptor.data_feeds] INFO: FRED regime: NEUTRAL (score=0.100)
2026-04-15 09:30:36,722 [raptor.main] INFO: Data: 127 symbols | Macro: NEUTRAL (0.100)
2026-04-15 09:30:42,617 [raptor.signals] INFO: v5.4 Signals: 5 from 127 | Macro=NEUTRAL Scale=1.0 | Micro={'TRENDING': 79, 'MIXED': 48}
2026-04-15 09:30:42,618 [raptor.main] INFO: Signals:
2026-04-15 09:30:42,619 [raptor.main] INFO:   1. META  t=0.438  pctl=100%  entry=$662.38  stop=$590.44  tp=$0.00  kelly=0.097  hold~6d
2026-04-15 09:30:42,620 [raptor.main] INFO:   2. SCHG  t=0.326  pctl=98%  entry=$31.51  stop=$29.74  tp=$0.00  kelly=0.091  hold~2d
2026-04-15 09:30:42,620 [raptor.main] INFO: Scan complete. 0 orders placed for v5.4.
2026-04-15 15:50:35,559 [raptor.main] INFO: ============================================================
2026-04-15 15:50:35,562 [raptor.main] INFO: RAPTOR v5.4 DAILY SCAN - 2026-04-15T15:50:35.562103
2026-04-15 15:50:35,563 [raptor.main] INFO: ============================================================
2026-04-15 15:50:35,566 [raptor.data_feeds] INFO: DataManager initialized with all feeds
2026-04-15 15:50:36,304 [raptor.main] INFO: Account: equity=$105226.47  my_allocation=$105226.47  my_positions=15
2026-04-15 15:50:36,319 [raptor.universe] INFO: Universe from cache: 127 symbols
2026-04-15 15:50:36,320 [raptor.main] INFO: Dynamic universe: 127 symbols
2026-04-15 15:50:38,846 [raptor.data_feeds] INFO: Fetched bars for 127 / 127 symbols
2026-04-15 15:50:39,817 [raptor.data_feeds] INFO: FRED fetch OK: T10Y2Y (748 observations)
2026-04-15 15:50:40,651 [raptor.data_feeds] INFO: FRED fetch OK: FEDFUNDS (36 observations)
2026-04-15 15:50:41,554 [raptor.data_feeds] INFO: FRED fetch OK: ICSA (155 observations)
2026-04-15 15:50:42,322 [raptor.data_feeds] INFO: FRED fetch OK: VIXCLS (773 observations)
2026-04-15 15:50:43,214 [raptor.data_feeds] INFO: FRED fetch OK: BAMLC0A4CBBB (786 observations)
2026-04-15 15:50:44,028 [raptor.data_feeds] INFO: FRED fetch OK: CPIAUCSL (35 observations)
2026-04-15 15:50:45,263 [raptor.data_feeds] INFO: FRED fetch OK: MANEMP (36 observations)
2026-04-15 15:50:45,976 [raptor.data_feeds] INFO: FRED fetch OK: M2SL (35 observations)
2026-04-15 15:50:46,938 [raptor.data_feeds] INFO: FRED fetch OK: RSXFS (35 observations)
2026-04-15 15:50:47,820 [raptor.data_feeds] INFO: FRED fetch OK: UNRATE (35 observations)
2026-04-15 15:50:47,831 [raptor.data_feeds] INFO: FRED regime: NEUTRAL (score=0.100)
2026-04-15 15:50:52,162 [raptor.main] INFO: Data: 127 symbols | Macro: NEUTRAL (0.100)
2026-04-15 15:50:56,108 [raptor.signals] INFO: v5.4 Signals: 5 from 127 | Macro=NEUTRAL Scale=1.0 | Micro={'TRENDING': 88, 'MIXED': 39}
2026-04-15 15:50:56,110 [raptor.main] INFO: Signals:
2026-04-15 15:50:56,111 [raptor.main] INFO:   1. IONQ  t=0.323  pctl=100%  entry=$42.61  stop=$34.29  tp=$0.00  kelly=0.091  hold~18d
2026-04-15 15:50:56,112 [raptor.main] INFO:   2. HOOD  t=0.326  pctl=98%  entry=$87.31  stop=$73.87  tp=$0.00  kelly=0.091  hold~18d
2026-04-15 15:50:56,112 [raptor.main] INFO: Scan complete. 0 orders placed for v5.4.
2026-04-15 15:53:51,047 [raptor.main] INFO: ============================================================
2026-04-15 15:53:51,049 [raptor.main] INFO: RAPTOR v5.4 DAILY SCAN - 2026-04-15T15:53:51.049659
2026-04-15 15:53:51,051 [raptor.main] INFO: ============================================================
2026-04-15 15:53:51,054 [raptor.data_feeds] INFO: DataManager initialized with all feeds
2026-04-15 15:53:51,940 [raptor.main] INFO: Account: equity=$105227.46  my_allocation=$105227.46  my_positions=15
2026-04-15 15:53:51,947 [raptor.universe] INFO: Universe from cache: 127 symbols
2026-04-15 15:53:51,948 [raptor.main] INFO: Dynamic universe: 127 symbols
2026-04-15 15:53:54,754 [raptor.data_feeds] INFO: Fetched bars for 127 / 127 symbols
2026-04-15 15:53:54,794 [raptor.data_feeds] INFO: FRED regime: NEUTRAL (score=0.100)
2026-04-15 15:53:58,620 [raptor.main] INFO: Data: 127 symbols | Macro: NEUTRAL (0.100)
2026-04-15 15:54:05,029 [raptor.signals] INFO: v5.4 Signals: 5 from 127 | Macro=NEUTRAL Scale=1.0 | Micro={'TRENDING': 88, 'MIXED': 39}
2026-04-15 15:54:05,030 [raptor.main] INFO: Signals:
2026-04-15 15:54:05,031 [raptor.main] INFO:   1. IONQ  t=0.381  pctl=100%  entry=$43.03  stop=$34.71  tp=$0.00  kelly=0.094  hold~18d
2026-04-15 15:54:05,032 [raptor.main] INFO:   2. ETHA  t=0.518  pctl=98%  entry=$17.97  stop=$16.11  tp=$0.00  kelly=0.101  hold~24d
2026-04-15 15:54:05,032 [raptor.main] INFO:   3. HOOD  t=0.326  pctl=97%  entry=$87.44  stop=$73.98  tp=$0.00  kelly=0.091  hold~18d
2026-04-15 15:54:05,033 [raptor.main] INFO: Scan complete. 0 orders placed for v5.4.
