2026-04-30 09:51:05,406 [raptor.main] INFO: ============================================================
2026-04-30 09:51:05,407 [raptor.main] INFO: RAPTOR v5.4 DAILY SCAN - 2026-04-30T09:51:05.407945
2026-04-30 09:51:05,408 [raptor.main] INFO: ============================================================
2026-04-30 09:51:05,409 [raptor.data_feeds] INFO: DataManager initialized with all feeds
2026-04-30 09:51:05,995 [raptor.main] INFO: Account: equity=$102923.81  my_allocation=$102923.81  positions=12
2026-04-30 09:51:06,013 [raptor.universe] INFO: Universe from cache: 112 symbols
2026-04-30 09:51:06,015 [raptor.main] INFO: Dynamic universe: 112 symbols
2026-04-30 09:51:08,363 [raptor.data_feeds] INFO: Fetched bars for 112 / 112 symbols
2026-04-30 09:51:09,014 [raptor.data_feeds] INFO: FRED fetch OK: T10Y2Y (749 observations)
2026-04-30 09:51:09,584 [raptor.data_feeds] INFO: FRED fetch OK: FEDFUNDS (35 observations)
2026-04-30 09:51:10,080 [raptor.data_feeds] INFO: FRED fetch OK: ICSA (156 observations)
2026-04-30 09:51:10,707 [raptor.data_feeds] INFO: FRED fetch OK: VIXCLS (774 observations)
2026-04-30 09:51:11,323 [raptor.data_feeds] INFO: FRED fetch OK: BAMLC0A4CBBB (785 observations)
2026-04-30 09:51:11,882 [raptor.data_feeds] INFO: FRED fetch OK: CPIAUCSL (34 observations)
2026-04-30 09:51:12,534 [raptor.data_feeds] INFO: FRED fetch OK: MANEMP (35 observations)
2026-04-30 09:51:13,097 [raptor.data_feeds] INFO: FRED fetch OK: M2SL (35 observations)
2026-04-30 09:51:13,682 [raptor.data_feeds] INFO: FRED fetch OK: RSXFS (35 observations)
2026-04-30 09:51:14,820 [raptor.data_feeds] INFO: FRED fetch OK: UNRATE (34 observations)
2026-04-30 09:51:14,825 [raptor.data_feeds] INFO: FRED regime: NEUTRAL (score=0.100)
2026-04-30 09:51:17,872 [raptor.main] INFO: Data: 112 symbols | Macro: NEUTRAL (0.100)
2026-04-30 09:51:21,126 [raptor.signals] INFO: v5.4 Signals: 5 from 112 | Macro=NEUTRAL Scale=1.0 | Micro={'TRENDING': 67, 'MIXED': 45}
2026-04-30 09:51:21,127 [raptor.main] INFO: Signals:
2026-04-30 09:51:21,127 [raptor.main] INFO:   1. CVE  t=0.304  pctl=99%  entry=$28.69  stop=$26.41  tp=$0.00  kelly=0.090  hold~23d
2026-04-30 09:51:21,128 [raptor.main] INFO:   2. DVN  t=0.336  pctl=97%  entry=$50.92  stop=$46.23  tp=$0.00  kelly=0.092  hold~10d
2026-04-30 09:51:21,128 [raptor.main] INFO:   3. XOM  t=0.379  pctl=96%  entry=$154.04  stop=$144.23  tp=$0.00  kelly=0.094  hold~23d
2026-04-30 09:51:21,158 [raptor.data_feeds] INFO: Order submitted: BUY 323 CVE @ 28.72
2026-04-30 09:51:21,160 [raptor.main] INFO: ORDER [v5.4]: BUY 323 CVE @ $28.72
2026-04-30 09:51:21,195 [raptor.data_feeds] INFO: Order submitted: BUY 185 DVN @ 50.97
2026-04-30 09:51:21,197 [raptor.main] INFO: ORDER [v5.4]: BUY 185 DVN @ $50.97
2026-04-30 09:51:21,228 [raptor.data_feeds] INFO: Order submitted: BUY 62 XOM @ 154.2
2026-04-30 09:51:21,232 [raptor.main] INFO: ORDER [v5.4]: BUY 62 XOM @ $154.20
2026-04-30 09:51:21,232 [raptor.main] INFO: Scan complete. 3 orders placed for v5.4.
