2026-06-25 09:35:03,724 [raptor.main] INFO: ============================================================
2026-06-25 09:35:03,724 [raptor.main] INFO: RAPTOR v5.4 DAILY SCAN - 2026-06-25T09:35:03.724404
2026-06-25 09:35:03,724 [raptor.main] INFO: ============================================================
2026-06-25 09:35:03,725 [raptor.data_feeds] INFO: DataManager initialized with all feeds
2026-06-25 09:35:04,751 [raptor.main] INFO: Account: equity=$103119.22  cap=none (compound)  sizing_base=$103119.22  positions=9
2026-06-25 09:35:04,757 [raptor.main] INFO: [MarketAgent] SCAN | scalar=1.00 | Neutral macro conditions with no extreme signals present.
2026-06-25 09:35:05,188 [raptor.margin_guard] INFO: MARGIN GUARD: equity=$103,114  cap=none (compound)  cash=$30,808  positions=9
2026-06-25 09:35:05,188 [raptor.margin_guard] INFO: MARGIN GUARD: market_value=$72,311  utilization=70.1% of base  margin=NO
2026-06-25 09:35:05,195 [raptor.universe] INFO: Building universe...
2026-06-25 09:35:06,371 [raptor.universe] INFO: Alpaca tradeable assets: 6927 after initial filter
2026-06-25 09:35:06,396 [raptor.universe] INFO: Step 1: 6927 tradeable assets from Alpaca
2026-06-25 09:35:06,398 [raptor.universe] INFO: Step 2: Fetching bars for 6927 symbols (this takes 1-2 min)...
2026-06-25 09:36:31,887 [raptor.universe] INFO: Step 2: Got bars for 6915 symbols
2026-06-25 09:36:37,630 [raptor.universe] INFO: Step 3: 78 symbols passed all screens
2026-06-25 09:36:37,695 [raptor.main] INFO: Dynamic universe: 78 symbols
2026-06-25 09:36:39,126 [raptor.data_feeds] INFO: Fetched 78 new bars / 78 total cached
2026-06-25 09:36:39,900 [raptor.data_feeds] INFO: FRED fetch OK: T10Y2Y (749 observations)
2026-06-25 09:36:40,631 [raptor.data_feeds] INFO: FRED fetch OK: FEDFUNDS (36 observations)
2026-06-25 09:36:42,141 [raptor.data_feeds] INFO: FRED fetch OK: ICSA (156 observations)
2026-06-25 09:36:43,224 [raptor.data_feeds] INFO: FRED fetch OK: VIXCLS (773 observations)
2026-06-25 09:36:43,808 [raptor.data_feeds] INFO: FRED fetch OK: BAMLC0A4CBBB (786 observations)
2026-06-25 09:36:45,096 [raptor.data_feeds] INFO: FRED fetch OK: CPIAUCSL (35 observations)
2026-06-25 09:36:45,723 [raptor.data_feeds] INFO: FRED fetch OK: IPMAN (36 observations)
2026-06-25 09:36:46,245 [raptor.data_feeds] INFO: FRED fetch OK: M2SL (36 observations)
2026-06-25 09:36:47,098 [raptor.data_feeds] INFO: FRED fetch OK: RSXFS (36 observations)
2026-06-25 09:36:47,673 [raptor.data_feeds] INFO: FRED fetch OK: UNRATE (35 observations)
2026-06-25 09:36:47,675 [raptor.data_feeds] INFO: FRED regime: BULLISH (score=0.200)
2026-06-25 09:36:47,732 [raptor.main] INFO: Data: 78 symbols | Macro: NEUTRAL (0.200)
2026-06-25 09:36:49,084 [raptor.signals] INFO: v5.4 Signals: 5 from 77 | Macro=NEUTRAL Scale=0.8 | Micro={'MIXED': 57, 'REVERTING': 8, 'TRENDING': 12} | SNR min=1.74 max=2.50
2026-06-25 09:36:49,101 [raptor.main] INFO: Velocity gate: 4 signals remain | velocities: {'XLU': '+0.000', 'UMC': '+0.000', 'CIFR': '+0.000', 'STM': '+0.000'}
2026-06-25 09:36:49,102 [raptor.main] INFO: Signals:
2026-06-25 09:36:49,102 [raptor.main] INFO:   1. XLU  t=2.503  pctl=99%  entry=$45.99  stop=$44.34  tp=$0.00  kelly=0.120  hold~30d
2026-06-25 09:36:49,102 [raptor.main] INFO:   2. UMC  t=2.094  pctl=97%  entry=$28.72  stop=$24.42  tp=$0.00  kelly=0.115  hold~30d
2026-06-25 09:36:49,102 [raptor.main] INFO:   3. CIFR  t=1.819  pctl=96%  entry=$27.24  stop=$20.62  tp=$0.00  kelly=0.106  hold~5d
2026-06-25 09:36:49,103 [raptor.main] INFO:   4. STM  t=1.770  pctl=94%  entry=$75.52  stop=$65.31  tp=$0.00  kelly=0.105  hold~30d
2026-06-25 09:36:51,197 [AgentLayer] WARNING: EntryAgent batch failed ('"decision"') — deterministic rules only.
2026-06-25 09:36:51,215 [raptor.main] INFO: Deployable: cap=none  market_value=$72309  cash=$30808  headroom=$29267  available=$29267  (margin=OFF)
2026-06-25 09:36:51,600 [raptor.data_feeds] INFO: Order submitted: BUY 269 XLU @ 46.04
2026-06-25 09:36:51,606 [raptor.main] INFO: ORDER [v5.4]: BUY 269 XLU @ $46.04
2026-06-25 09:36:51,615 [raptor.slippage] INFO: SLIPPAGE BUY 269 XLU: decision=$45.9950 fill=PENDING (order 8c2b4c91)
2026-06-25 09:36:51,615 [raptor.main] INFO: Scan complete. 1 orders placed for v5.4.
