2026-05-25 09:35:05,329 [raptor.main] INFO: ============================================================
2026-05-25 09:35:05,329 [raptor.main] INFO: RAPTOR v5.5 DAILY SCAN - 2026-05-25T09:35:05.329760
2026-05-25 09:35:05,330 [raptor.main] INFO: ============================================================
2026-05-25 09:35:05,331 [raptor.data_feeds] INFO: DataManager initialized with all feeds
2026-05-25 09:35:06,095 [raptor.main] INFO: Account: equity=$106369.43  my_allocation=$106369.43  positions=10
2026-05-25 09:35:06,100 [raptor.main] INFO: [MarketAgent] SCAN | scalar=1.00 | Macro environment is neutral with a bullish trend and broad strength, indicating a suitable risk-on regime for swing trading.
2026-05-25 09:35:06,370 [raptor.margin_guard] INFO: MARGIN GUARD: equity=$106,369  cash=$17,919  positions=10
2026-05-25 09:35:06,372 [raptor.margin_guard] INFO: MARGIN GUARD: market_value=$88,451  utilization=83.2%  margin=NO
2026-05-25 09:35:06,373 [raptor.margin_guard] WARNING: MARGIN GUARD: WARNING — utilization 83.2%
2026-05-25 09:35:06,391 [raptor.universe] INFO: Building universe...
2026-05-25 09:35:07,523 [raptor.universe] INFO: Alpaca tradeable assets: 7157 after initial filter
2026-05-25 09:35:07,542 [raptor.universe] INFO: Step 1: 7157 tradeable assets from Alpaca
2026-05-25 09:35:07,544 [raptor.universe] INFO: Step 2: Fetching bars for 7157 symbols (this takes 1-2 min)...
2026-05-25 09:35:35,949 [raptor.universe] INFO: Step 2: Got bars for 7147 symbols
2026-05-25 09:35:44,297 [raptor.universe] INFO: Step 3: 70 symbols passed all screens
2026-05-25 09:35:44,375 [raptor.main] INFO: Dynamic universe: 70 symbols
2026-05-25 09:35:45,468 [raptor.data_feeds] INFO: Fetched 71 new bars / 71 total cached
2026-05-25 09:35:46,305 [raptor.data_feeds] INFO: FRED fetch OK: T10Y2Y (747 observations)
2026-05-25 09:35:46,905 [raptor.data_feeds] INFO: FRED fetch OK: FEDFUNDS (36 observations)
2026-05-25 09:35:47,443 [raptor.data_feeds] INFO: FRED fetch OK: ICSA (156 observations)
2026-05-25 09:35:48,063 [raptor.data_feeds] INFO: FRED fetch OK: VIXCLS (771 observations)
2026-05-25 09:35:48,652 [raptor.data_feeds] INFO: FRED fetch OK: BAMLC0A4CBBB (783 observations)
2026-05-25 09:35:49,161 [raptor.data_feeds] INFO: FRED fetch OK: CPIAUCSL (35 observations)
2026-05-25 09:35:49,770 [raptor.data_feeds] ERROR: FRED fetch failed for NAPM: 400 Client Error: Bad Request for url: https://api.stlouisfed.org/fred/series/observations?series_id=NAPM&api_key=da7dbeb2fb38addc5865122252685cee&file_type=json&observation_start=2023-05-26&observation_end=2026-05-25&sort_order=asc
2026-05-25 09:35:50,398 [raptor.data_feeds] INFO: FRED fetch OK: M2SL (35 observations)
2026-05-25 09:35:51,316 [raptor.data_feeds] INFO: FRED fetch OK: RSXFS (36 observations)
2026-05-25 09:35:51,861 [raptor.data_feeds] INFO: FRED fetch OK: UNRATE (35 observations)
2026-05-25 09:35:51,866 [raptor.data_feeds] INFO: FRED regime: BULLISH (score=0.150)
2026-05-25 09:35:51,866 [raptor.main] INFO: Data: 71 symbols | Macro: BULLISH (0.150)
2026-05-25 09:35:53,729 [raptor.signals] INFO: Signals: 4 from 70 syms (regime=BULLISH)
2026-05-25 09:35:53,729 [raptor.signals] INFO: Composite: mean=-0.0056 std=0.2928 max=0.6885
2026-05-25 09:35:53,770 [raptor.main] INFO: Signals after gates:
