2026-05-11 09:35:06,197 [raptor.main] INFO: ============================================================
2026-05-11 09:35:06,198 [raptor.main] INFO: RAPTOR v5.4 DAILY SCAN - 2026-05-11T09:35:06.198716
2026-05-11 09:35:06,199 [raptor.main] INFO: ============================================================
2026-05-11 09:35:06,200 [raptor.data_feeds] INFO: DataManager initialized with all feeds
2026-05-11 09:35:06,662 [raptor.main] INFO: Account: equity=$109293.20  my_allocation=$109293.20  positions=15
2026-05-11 09:35:06,676 [raptor.universe] INFO: Universe from cache: 131 symbols
2026-05-11 09:35:06,677 [raptor.main] INFO: Dynamic universe: 131 symbols
2026-05-11 09:35:08,575 [raptor.data_feeds] INFO: Fetched 132 new bars / 132 total cached
2026-05-11 09:35:08,691 [raptor.data_feeds] INFO: FRED regime: NEUTRAL (score=-0.050)
2026-05-11 09:35:09,723 [raptor.main] INFO: Data: 132 symbols | Macro: NEUTRAL (-0.050)
2026-05-11 09:35:11,858 [raptor.signals] INFO: v5.4 Signals: 5 from 131 | Macro=NEUTRAL Scale=1.0 | Micro={'TRENDING': 89, 'MIXED': 42}
2026-05-11 09:35:11,859 [raptor.main] INFO: Signals:
2026-05-11 09:35:11,860 [raptor.main] INFO:   1. B  t=0.314  pctl=99%  entry=$46.12  stop=$41.85  tp=$0.00  kelly=0.091  hold~24d
2026-05-11 09:35:11,860 [raptor.main] INFO:   2. SLV  t=0.324  pctl=98%  entry=$77.16  stop=$69.34  tp=$0.00  kelly=0.091  hold~23d
2026-05-11 09:35:11,860 [raptor.main] INFO:   3. TSLG  t=0.340  pctl=98%  entry=$7.49  stop=$6.22  tp=$0.00  kelly=0.092  hold~26d
2026-05-11 09:35:11,860 [raptor.main] INFO:   4. FCX  t=0.328  pctl=97%  entry=$63.63  stop=$55.59  tp=$0.00  kelly=0.091  hold~22d
2026-05-11 09:36:13,986 [AgentLayer] INFO: EntryAgent | RAW: '{"decision": "PASS", "confidence": 1.0, "veto_reason": null, "flags": []}'
2026-05-11 09:36:57,309 [AgentLayer] INFO: EntryAgent | RAW: '{"decision": "PASS", "confidence": 1.0, "veto_reason": null, "flags": []}'
2026-05-11 09:37:42,075 [AgentLayer] INFO: EntryAgent | RAW: '{"decision": "VETO", "confidence": 1.0, "veto_reason": "kelly_fraction > 0.10 AND atr_pct > 3.5"}'
2026-05-11 09:38:25,976 [AgentLayer] INFO: EntryAgent | RAW: '{"decision": "PASS", "confidence": 1.0, "veto_reason": null, "flags": []}'
2026-05-11 09:38:26,526 [AgentLayer] INFO: EntryAgent | Flushed 4 decisions -> entry_vetoes.json
2026-05-11 09:38:27,527 [raptor.main] INFO: EntryAgent vetoed 1 candidate(s).
2026-05-11 09:38:27,811 [raptor.main] INFO: Scan complete. 0 orders placed for v5.4.
