2026-04-14 19:04:30,286 [raptor.main] INFO: ============================================================
2026-04-14 19:04:30,288 [raptor.main] INFO: RAPTOR v5.4 DAILY SCAN - 2026-04-14T19:04:30.288169
2026-04-14 19:04:30,288 [raptor.main] INFO: ============================================================
2026-04-14 19:04:30,291 [raptor.data_feeds] INFO: DataManager initialized with all feeds
2026-04-14 19:04:31,185 [raptor.main] INFO: Account: equity=$105413.30  my_allocation=$105413.30  my_positions=14
2026-04-14 19:04:31,192 [raptor.universe] INFO: Building universe...
2026-04-14 19:04:32,533 [raptor.universe] INFO: Alpaca tradeable assets: 6961 after initial filter
2026-04-14 19:04:32,552 [raptor.universe] INFO: Step 1: 6961 tradeable assets from Alpaca
2026-04-14 19:04:32,554 [raptor.universe] INFO: Step 2: Fetching bars for 6961 symbols (this takes 1-2 min)...
2026-04-14 19:05:06,271 [raptor.universe] INFO: Step 2: Got bars for 6953 symbols
2026-04-14 19:05:16,787 [raptor.universe] INFO: Step 3: 127 symbols passed all screens
2026-04-14 19:05:16,892 [raptor.main] INFO: Dynamic universe: 127 symbols
2026-04-14 19:05:19,195 [raptor.data_feeds] INFO: Fetched bars for 127 / 127 symbols
2026-04-14 19:05:20,348 [raptor.data_feeds] INFO: FRED fetch OK: T10Y2Y (748 observations)
2026-04-14 19:05:21,286 [raptor.data_feeds] INFO: FRED fetch OK: FEDFUNDS (36 observations)
2026-04-14 19:05:22,286 [raptor.data_feeds] INFO: FRED fetch OK: ICSA (156 observations)
2026-04-14 19:05:23,304 [raptor.data_feeds] ERROR: FRED fetch failed for VIXCLS: 500 Server Error: Internal Server Error for url: https://api.stlouisfed.org/fred/series/observations?series_id=VIXCLS&api_key=da7dbeb2fb38addc5865122252685cee&file_type=json&observation_start=2023-04-15&observation_end=2026-04-14&sort_order=asc
2026-04-14 19:05:24,232 [raptor.data_feeds] INFO: FRED fetch OK: BAMLC0A4CBBB (785 observations)
2026-04-14 19:05:25,253 [raptor.data_feeds] INFO: FRED fetch OK: CPIAUCSL (35 observations)
2026-04-14 19:05:26,380 [raptor.data_feeds] INFO: FRED fetch OK: MANEMP (36 observations)
2026-04-14 19:05:27,719 [raptor.data_feeds] INFO: FRED fetch OK: M2SL (35 observations)
2026-04-14 19:05:28,839 [raptor.data_feeds] INFO: FRED fetch OK: RSXFS (35 observations)
2026-04-14 19:05:29,971 [raptor.data_feeds] INFO: FRED fetch OK: UNRATE (35 observations)
2026-04-14 19:05:29,976 [raptor.data_feeds] INFO: FRED regime: NEUTRAL (score=0.050)
2026-04-14 19:05:32,775 [raptor.main] INFO: Data: 127 symbols | Macro: NEUTRAL (0.050)
2026-04-14 19:05:37,463 [raptor.signals] INFO: v5.4 Signals: 5 from 127 | Macro=NEUTRAL Scale=1.0 | Micro={'TRENDING': 78, 'MIXED': 49}
2026-04-14 19:05:37,464 [raptor.main] INFO: Signals:
2026-04-14 19:05:37,464 [raptor.main] INFO:   1. XLB  t=0.458  pctl=99%  entry=$52.02  stop=$49.63  tp=$0.00  kelly=0.098  hold~23d
2026-04-14 19:05:37,464 [raptor.main] INFO:   2. META  t=0.409  pctl=98%  entry=$662.38  stop=$590.44  tp=$0.00  kelly=0.095  hold~6d
2026-04-14 19:05:37,465 [raptor.main] INFO:   3. SCHG  t=0.310  pctl=97%  entry=$31.51  stop=$29.74  tp=$0.00  kelly=0.090  hold~2d
2026-04-14 19:05:37,540 [raptor.data_feeds] INFO: Order submitted: BUY 198 XLB @ 52.07
2026-04-14 19:05:37,542 [raptor.main] INFO: ORDER [v5.4]: BUY 198 XLB @ $52.07
2026-04-14 19:05:37,543 [raptor.main] INFO: Scan complete. 1 orders placed for v5.4.
2026-04-14 19:30:02,414 [raptor.main] INFO: ============================================================
2026-04-14 19:30:02,415 [raptor.main] INFO: RAPTOR v5.4 DAILY SCAN - 2026-04-14T19:30:02.415875
2026-04-14 19:30:02,416 [raptor.main] INFO: ============================================================
2026-04-14 19:30:02,418 [raptor.data_feeds] INFO: DataManager initialized with all feeds
2026-04-14 19:30:03,006 [raptor.main] INFO: Account: equity=$105436.81  my_allocation=$105436.81  my_positions=15
2026-04-14 19:30:03,012 [raptor.universe] INFO: Universe from cache: 127 symbols
2026-04-14 19:30:03,013 [raptor.main] INFO: Dynamic universe: 127 symbols
2026-04-14 19:30:04,977 [raptor.data_feeds] INFO: Fetched bars for 127 / 127 symbols
2026-04-14 19:30:05,031 [raptor.data_feeds] INFO: FRED regime: NEUTRAL (score=0.100)
2026-04-14 19:30:06,645 [raptor.main] INFO: Data: 127 symbols | Macro: NEUTRAL (0.100)
2026-04-14 19:30:09,343 [raptor.signals] INFO: v5.4 Signals: 5 from 127 | Macro=NEUTRAL Scale=1.0 | Micro={'TRENDING': 78, 'MIXED': 49}
2026-04-14 19:30:09,344 [raptor.main] INFO: Signals:
2026-04-14 19:30:09,344 [raptor.main] INFO:   1. META  t=0.409  pctl=98%  entry=$662.38  stop=$590.44  tp=$0.00  kelly=0.095  hold~6d
2026-04-14 19:30:09,344 [raptor.main] INFO:   2. SCHG  t=0.310  pctl=97%  entry=$31.51  stop=$29.74  tp=$0.00  kelly=0.090  hold~2d
2026-04-14 19:30:09,344 [raptor.main] INFO: Scan complete. 0 orders placed for v5.4.
