[2026-05-26T20:33:34.202353] Recap email sent OK.
[2026-05-27T15:50:33.733249] Recap email sent OK.
[2026-05-27T16:30:13.939160] Recap email sent OK.
[2026-05-27T16:30:14.480046] Recap email sent OK.
[2026-05-28T15:50:34.507543] FATAL: daily_recap.py crashed
Traceback (most recent call last):
  File "C:\Users\steve\OneDrive\Desktop\Raptor\daily_recap.py", line 863, in main
    html = build_html(
        account, positions, entries, exits, signals, macro, scale,
        spy_price, spy_returns, spy_mas, analytics, open_ledger, portfolio_beta,
        closed_trades=closed_trades
    )
  File "C:\Users\steve\OneDrive\Desktop\Raptor\daily_recap.py", line 754, in build_html
    {build_health_html()}
     ~~~~~~~~~~~~~~~~~^^
  File "C:\Users\steve\OneDrive\Desktop\Raptor\hold_monitor.py", line 846, in build_health_html
    <td style="padding:7px 10px;border-bottom:1px solid #2a2a3e;color:#a0a0b0;text-align:right">{stop_atr:.2f} ATR</td>
                                                                                                ^^^^^^^^^^^^^^
TypeError: unsupported format string passed to NoneType.__format__

[2026-05-28T16:30:13.863325] Recap email sent OK.
[2026-05-28T16:30:14.540395] Recap email sent OK.
[2026-05-29T16:30:10.496902] run_monitor() failed: [WinError 32] The process cannot access the file because it is being used by another process: 'hold_history.json.tmp' -> 'hold_history.json'
Traceback (most recent call last):
  File "C:\Users\steve\OneDrive\Desktop\Raptor\daily_recap.py", line 946, in main
    run_monitor()
    ~~~~~~~~~~~^^
  File "C:\Users\steve\OneDrive\Desktop\Raptor\hold_monitor.py", line 756, in run_monitor
    save_history(history)
    ~~~~~~~~~~~~^^^^^^^^^
  File "C:\Users\steve\OneDrive\Desktop\Raptor\hold_monitor.py", line 94, in save_history
    os.replace(tmp, HISTORY_FILE)
    ~~~~~~~~~~^^^^^^^^^^^^^^^^^^^
PermissionError: [WinError 32] The process cannot access the file because it is being used by another process: 'hold_history.json.tmp' -> 'hold_history.json'

[2026-05-29T16:30:12.340003] Recap email sent OK.
[2026-05-29T16:30:14.086391] Recap email sent OK.
[2026-06-01T16:30:14.005217] Recap email sent OK.
[2026-06-01T16:30:14.366124] Recap email sent OK.
[2026-06-02T16:30:15.232436] Recap email sent OK.
[2026-06-02T16:30:15.667972] Recap email sent OK.
[2026-06-03T16:30:24.475063] Recap email sent OK.
[2026-06-03T17:30:47.827892] Recap email sent OK.
[2026-06-04T16:30:18.600578] Recap email sent OK.
[2026-06-04T16:30:19.411046] Recap email sent OK.
[2026-06-05T16:30:18.405814] Recap email sent OK.
[2026-06-05T16:30:19.295361] Recap email sent OK.
[2026-06-08T16:30:44.883876] Recap email sent OK.
[2026-06-08T16:30:45.640061] Recap email sent OK.
[2026-06-09T16:30:16.436611] Recap email sent OK.
[2026-06-09T16:30:16.645104] Recap email sent OK.
[2026-06-10T16:30:15.424558] Recap email sent OK.
[2026-06-10T16:30:15.775605] Recap email sent OK.
[2026-06-10T16:49:40.471567] Recap email sent OK.
[2026-06-11T16:30:45.106282] run_monitor() failed: [WinError 32] The process cannot access the file because it is being used by another process: 'hold_history.json.tmp' -> 'hold_history.json'
Traceback (most recent call last):
  File "C:\Users\steve\OneDrive\Desktop\Raptor\daily_recap.py", line 1229, in main
    run_monitor()
    ~~~~~~~~~~~^^
  File "C:\Users\steve\OneDrive\Desktop\Raptor\hold_monitor.py", line 756, in run_monitor
    save_history(history)
    ~~~~~~~~~~~~^^^^^^^^^
  File "C:\Users\steve\OneDrive\Desktop\Raptor\hold_monitor.py", line 94, in save_history
    os.replace(tmp, HISTORY_FILE)
    ~~~~~~~~~~^^^^^^^^^^^^^^^^^^^
PermissionError: [WinError 32] The process cannot access the file because it is being used by another process: 'hold_history.json.tmp' -> 'hold_history.json'

[2026-06-11T16:30:47.610859] Recap email sent OK.
[2026-06-11T16:30:49.174962] Recap email sent OK.
[2026-06-12T16:30:55.480466] FATAL: daily_recap.py crashed
Traceback (most recent call last):
  File "C:\Users\steve\OneDrive\Desktop\Raptor\daily_recap.py", line 1288, in main
    analytics = get_portfolio_analytics(closed_trades, float(account["equity"]))
  File "C:\Users\steve\OneDrive\Desktop\Raptor\daily_recap.py", line 414, in get_portfolio_analytics
    "regime_drift": _get_regime_drift(trades),
                                      ^^^^^^
NameError: name 'trades' is not defined

[2026-06-12T16:30:55.507060] FATAL: daily_recap.py crashed
Traceback (most recent call last):
  File "C:\Users\steve\OneDrive\Desktop\Raptor\daily_recap.py", line 1288, in main
    analytics = get_portfolio_analytics(closed_trades, float(account["equity"]))
  File "C:\Users\steve\OneDrive\Desktop\Raptor\daily_recap.py", line 414, in get_portfolio_analytics
    "regime_drift": _get_regime_drift(trades),
                                      ^^^^^^
NameError: name 'trades' is not defined

[2026-06-12T17:44:53.110451] FATAL: daily_recap.py crashed
Traceback (most recent call last):
  File "C:\Users\steve\OneDrive\Desktop\Raptor\daily_recap.py", line 1288, in main
    analytics = get_portfolio_analytics(closed_trades, float(account["equity"]))
  File "C:\Users\steve\OneDrive\Desktop\Raptor\daily_recap.py", line 414, in get_portfolio_analytics
    "regime_drift": _get_regime_drift(trades),
                                      ^^^^^^
NameError: name 'trades' is not defined

[2026-06-12T17:46:27.119699] FATAL: daily_recap.py crashed
Traceback (most recent call last):
  File "C:\Users\steve\OneDrive\Desktop\Raptor\daily_recap.py", line 1288, in main
    analytics = get_portfolio_analytics(closed_trades, float(account["equity"]))
  File "C:\Users\steve\OneDrive\Desktop\Raptor\daily_recap.py", line 414, in get_portfolio_analytics
    "regime_drift": _get_regime_drift(trades),
                                      ^^^^^^
NameError: name 'trades' is not defined

[2026-06-12T17:48:03.496723] Recap email sent OK.
[2026-06-15T16:30:53.599822] Recap email sent OK.
[2026-06-15T16:30:55.362719] Recap email sent OK.
[2026-06-16T16:30:49.600739] Recap email sent OK.
[2026-06-16T16:30:50.245677] Recap email sent OK.
[2026-06-17T16:30:56.198600] Recap email sent OK.
[2026-06-17T16:30:58.292419] Recap email sent OK.
[2026-06-18T16:30:44.401934] Recap email sent OK.
[2026-06-18T16:30:47.409614] Recap email sent OK.
[2026-06-22T16:54:21.936406] Recap email sent OK.
[2026-06-22T16:58:53.539891] Recap email sent OK.
[2026-06-22T17:00:04.522787] Recap email sent OK.
[2026-06-23T18:49:48.901319] Recap email sent OK.
[2026-06-23T18:57:39.993930] Recap email sent OK.
[2026-06-23T19:12:44.284331] Recap email sent OK.
[2026-06-26T09:23:37.221275] Recap email sent OK.
[2026-06-26T09:46:14.093474] Recap email sent OK.
[2026-06-26T16:15:27.574704] Recap email sent OK.
[2026-06-29T16:15:18.933005] Recap email sent OK.
[2026-06-30T16:15:17.563664] Recap email sent OK.
[2026-07-01T16:15:17.299737] Recap email sent OK.
[2026-07-02T16:15:24.593975] Recap email sent OK.
[2026-07-03T16:15:27.300723] Recap email sent OK.
[2026-07-06T16:15:04.990874] FATAL: daily_recap.py crashed
Traceback (most recent call last):
  File "C:\Raptor\daily_recap.py", line 1325, in main
    dm, account, positions = get_account_data()
                             ~~~~~~~~~~~~~~~~^^
  File "C:\Raptor\daily_recap.py", line 60, in get_account_data
    account = dm.alpaca.get_account()
  File "C:\Raptor\data_feeds.py", line 132, in get_account
    "day_trade_count": int(acct.daytrade_count),
                       ~~~^^^^^^^^^^^^^^^^^^^^^
TypeError: int() argument must be a string, a bytes-like object or a real number, not 'NoneType'

[2026-07-07T16:15:21.329053] Recap email sent OK.
[2026-07-08T16:15:24.381715] Recap email sent OK.
[2026-07-09T16:15:22.201341] Recap email sent OK.
[2026-07-10T16:15:19.509246] Recap email sent OK.
[2026-07-13T16:15:20.478446] Recap email sent OK.
[2026-07-14T16:15:21.112211] Recap email sent OK.
[2026-07-16T16:15:25.263642] Recap email sent OK.
[2026-07-17T16:15:21.958430] Recap email sent OK.
[2026-07-20T16:15:22.378117] Recap email sent OK.
[2026-07-21T16:15:53.259187] Recap email sent OK.
[2026-07-22T16:15:25.685699] Recap email sent OK.
[2026-07-23T16:15:26.653153] Recap email sent OK.
[2026-08-03T16:15:28.971147] Recap email sent OK.
[2026-08-04T16:15:22.357952] Recap email sent OK.
[2026-08-05T16:15:21.011839] Recap email sent OK.
[2026-08-06T16:15:32.557697] Recap email sent OK.
