2026-04-16 00:31:18,971 [viper] INFO: ============================================================
2026-04-16 00:31:18,972 [viper] INFO: VIPER OPTIONS ENGINE v1.0 - 2026-04-16T00:31:18.972207
2026-04-16 00:31:18,972 [viper] INFO: ============================================================
2026-04-16 00:31:21,557 [viper] INFO: Account: equity=$105227.46  cash=$105227.46
2026-04-16 00:31:21,630 [viper] INFO: Analyzing 36 stocks...
2026-04-16 00:31:24,262 [viper] INFO: Analyzed 36 / 36 stocks
2026-04-16 00:31:24,263 [viper] INFO: CSP: 0 candidates
2026-04-16 00:32:04,003 [viper] INFO: Momentum Calls: 0 candidates
2026-04-16 00:32:04,005 [viper] INFO: IV Crush: 0 candidates
2026-04-16 00:32:04,005 [viper] INFO: 
2026-04-16 00:32:04,005 [viper] INFO: ============================================================
2026-04-16 00:32:04,006 [viper] INFO:   SCAN RESULTS
2026-04-16 00:32:04,006 [viper] INFO: ============================================================
2026-04-16 00:32:04,006 [viper] INFO:   No opportunities found. Patience.
2026-04-16 00:32:04,006 [viper] INFO: ============================================================
2026-04-16 01:02:04,906 [viper] INFO: ============================================================
2026-04-16 01:02:04,906 [viper] INFO: VIPER OPTIONS ENGINE v1.0 - 2026-04-16T01:02:04.906584
2026-04-16 01:02:04,906 [viper] INFO: ============================================================
2026-04-16 01:02:05,870 [viper] INFO: Account: equity=$105227.46  cash=$105227.46
2026-04-16 01:02:05,945 [viper] INFO: Analyzing 36 stocks...
2026-04-16 01:02:08,901 [viper] INFO: Analyzed 36 / 36 stocks
2026-04-16 01:02:08,902 [viper] INFO: CSP: 0 candidates
2026-04-16 01:02:47,863 [viper] INFO: Momentum Calls: 0 candidates
2026-04-16 01:02:47,863 [viper] INFO: IV Crush: 0 candidates
2026-04-16 01:02:47,864 [viper] INFO: 
2026-04-16 01:02:47,864 [viper] INFO: ============================================================
2026-04-16 01:02:47,864 [viper] INFO:   SCAN RESULTS
2026-04-16 01:02:47,864 [viper] INFO: ============================================================
2026-04-16 01:02:47,864 [viper] INFO:   No opportunities found. Patience.
2026-04-16 01:02:47,864 [viper] INFO: ============================================================
2026-04-16 01:32:48,873 [viper] INFO: ============================================================
2026-04-16 01:32:48,874 [viper] INFO: VIPER OPTIONS ENGINE v1.0 - 2026-04-16T01:32:48.874095
2026-04-16 01:32:48,874 [viper] INFO: ============================================================
2026-04-16 01:32:49,878 [viper] INFO: Account: equity=$105227.46  cash=$105227.46
2026-04-16 01:32:49,954 [viper] INFO: Analyzing 36 stocks...
2026-04-16 01:32:52,616 [viper] INFO: Analyzed 36 / 36 stocks
2026-04-16 01:32:52,616 [viper] INFO: CSP: 0 candidates
2026-04-16 01:33:31,870 [viper] INFO: Momentum Calls: 0 candidates
2026-04-16 01:33:31,871 [viper] INFO: IV Crush: 0 candidates
2026-04-16 01:33:31,871 [viper] INFO: 
2026-04-16 01:33:31,871 [viper] INFO: ============================================================
2026-04-16 01:33:31,872 [viper] INFO:   SCAN RESULTS
2026-04-16 01:33:31,872 [viper] INFO: ============================================================
2026-04-16 01:33:31,872 [viper] INFO:   No opportunities found. Patience.
2026-04-16 01:33:31,872 [viper] INFO: ============================================================
2026-04-16 02:03:32,927 [viper] INFO: ============================================================
2026-04-16 02:03:32,927 [viper] INFO: VIPER OPTIONS ENGINE v1.0 - 2026-04-16T02:03:32.927949
2026-04-16 02:03:32,928 [viper] INFO: ============================================================
2026-04-16 02:03:33,885 [viper] INFO: Account: equity=$105227.46  cash=$105227.46
2026-04-16 02:03:33,963 [viper] INFO: Analyzing 36 stocks...
2026-04-16 02:03:37,172 [viper] INFO: Analyzed 36 / 36 stocks
2026-04-16 02:03:37,173 [viper] INFO: CSP: 0 candidates
2026-04-16 02:04:15,975 [viper] INFO: Momentum Calls: 0 candidates
2026-04-16 02:04:15,976 [viper] INFO: IV Crush: 0 candidates
2026-04-16 02:04:15,976 [viper] INFO: 
2026-04-16 02:04:15,976 [viper] INFO: ============================================================
2026-04-16 02:04:15,976 [viper] INFO:   SCAN RESULTS
2026-04-16 02:04:15,976 [viper] INFO: ============================================================
2026-04-16 02:04:15,976 [viper] INFO:   No opportunities found. Patience.
2026-04-16 02:04:15,976 [viper] INFO: ============================================================
2026-04-16 02:34:16,868 [viper] INFO: ============================================================
2026-04-16 02:34:16,868 [viper] INFO: VIPER OPTIONS ENGINE v1.0 - 2026-04-16T02:34:16.868918
2026-04-16 02:34:16,869 [viper] INFO: ============================================================
2026-04-16 02:34:17,793 [viper] INFO: Account: equity=$105227.46  cash=$105227.46
2026-04-16 02:34:17,869 [viper] INFO: Analyzing 36 stocks...
2026-04-16 02:34:21,649 [viper] INFO: Analyzed 36 / 36 stocks
2026-04-16 02:34:21,650 [viper] INFO: CSP: 0 candidates
2026-04-16 02:34:59,303 [viper] INFO: Momentum Calls: 0 candidates
2026-04-16 02:34:59,303 [viper] INFO: IV Crush: 0 candidates
2026-04-16 02:34:59,304 [viper] INFO: 
2026-04-16 02:34:59,304 [viper] INFO: ============================================================
2026-04-16 02:34:59,304 [viper] INFO:   SCAN RESULTS
2026-04-16 02:34:59,304 [viper] INFO: ============================================================
2026-04-16 02:34:59,304 [viper] INFO:   No opportunities found. Patience.
2026-04-16 02:34:59,304 [viper] INFO: ============================================================
2026-04-16 03:04:59,910 [viper] INFO: ============================================================
2026-04-16 03:04:59,911 [viper] INFO: VIPER OPTIONS ENGINE v1.0 - 2026-04-16T03:04:59.911054
2026-04-16 03:04:59,911 [viper] INFO: ============================================================
2026-04-16 03:05:00,779 [viper] INFO: Account: equity=$105227.46  cash=$105227.46
2026-04-16 03:05:00,854 [viper] INFO: Analyzing 36 stocks...
2026-04-16 03:05:04,616 [viper] INFO: Analyzed 36 / 36 stocks
2026-04-16 03:05:04,617 [viper] INFO: CSP: 0 candidates
2026-04-16 03:05:41,765 [viper] INFO: Momentum Calls: 0 candidates
2026-04-16 03:05:41,765 [viper] INFO: IV Crush: 0 candidates
2026-04-16 03:05:41,766 [viper] INFO: 
2026-04-16 03:05:41,766 [viper] INFO: ============================================================
2026-04-16 03:05:41,766 [viper] INFO:   SCAN RESULTS
2026-04-16 03:05:41,766 [viper] INFO: ============================================================
2026-04-16 03:05:41,766 [viper] INFO:   No opportunities found. Patience.
2026-04-16 03:05:41,766 [viper] INFO: ============================================================
2026-04-16 03:35:41,839 [viper] INFO: ============================================================
2026-04-16 03:35:41,840 [viper] INFO: VIPER OPTIONS ENGINE v1.0 - 2026-04-16T03:35:41.840222
2026-04-16 03:35:41,840 [viper] INFO: ============================================================
2026-04-16 03:35:42,840 [viper] INFO: Account: equity=$105227.46  cash=$105227.46
2026-04-16 03:35:42,916 [viper] INFO: Analyzing 36 stocks...
2026-04-16 03:35:45,827 [viper] INFO: Analyzed 36 / 36 stocks
2026-04-16 03:35:45,828 [viper] INFO: CSP: 0 candidates
2026-04-16 03:36:24,769 [viper] INFO: Momentum Calls: 0 candidates
2026-04-16 03:36:24,769 [viper] INFO: IV Crush: 0 candidates
2026-04-16 03:36:24,769 [viper] INFO: 
2026-04-16 03:36:24,769 [viper] INFO: ============================================================
2026-04-16 03:36:24,769 [viper] INFO:   SCAN RESULTS
2026-04-16 03:36:24,769 [viper] INFO: ============================================================
2026-04-16 03:36:24,769 [viper] INFO:   No opportunities found. Patience.
2026-04-16 03:36:24,770 [viper] INFO: ============================================================
2026-04-16 04:06:24,871 [viper] INFO: ============================================================
2026-04-16 04:06:24,871 [viper] INFO: VIPER OPTIONS ENGINE v1.0 - 2026-04-16T04:06:24.871776
2026-04-16 04:06:24,872 [viper] INFO: ============================================================
2026-04-16 04:06:26,064 [viper] INFO: Account: equity=$105227.46  cash=$105227.46
2026-04-16 04:06:26,089 [viper] INFO: Analyzing 36 stocks...
2026-04-16 04:06:28,927 [viper] INFO: Analyzed 36 / 36 stocks
2026-04-16 04:06:28,927 [viper] INFO: CSP: 0 candidates
2026-04-16 04:07:11,370 [viper] INFO: Momentum Calls: 0 candidates
2026-04-16 04:07:11,371 [viper] INFO: IV Crush: 0 candidates
2026-04-16 04:07:11,371 [viper] INFO: 
2026-04-16 04:07:11,371 [viper] INFO: ============================================================
2026-04-16 04:07:11,371 [viper] INFO:   SCAN RESULTS
2026-04-16 04:07:11,371 [viper] INFO: ============================================================
2026-04-16 04:07:11,371 [viper] INFO:   No opportunities found. Patience.
2026-04-16 04:07:11,371 [viper] INFO: ============================================================
2026-04-16 04:37:11,868 [viper] INFO: ============================================================
2026-04-16 04:37:11,868 [viper] INFO: VIPER OPTIONS ENGINE v1.0 - 2026-04-16T04:37:11.868758
2026-04-16 04:37:11,869 [viper] INFO: ============================================================
2026-04-16 04:37:12,983 [viper] INFO: Account: equity=$105227.40  cash=$105227.40
2026-04-16 04:37:13,084 [viper] INFO: Analyzing 36 stocks...
2026-04-16 04:37:16,302 [viper] INFO: Analyzed 36 / 36 stocks
2026-04-16 04:37:16,303 [viper] INFO: CSP: 0 candidates
2026-04-16 04:37:55,234 [viper] INFO: Momentum Calls: 0 candidates
2026-04-16 04:37:55,235 [viper] INFO: IV Crush: 0 candidates
2026-04-16 04:37:55,235 [viper] INFO: 
2026-04-16 04:37:55,235 [viper] INFO: ============================================================
2026-04-16 04:37:55,235 [viper] INFO:   SCAN RESULTS
2026-04-16 04:37:55,235 [viper] INFO: ============================================================
2026-04-16 04:37:55,235 [viper] INFO:   No opportunities found. Patience.
2026-04-16 04:37:55,235 [viper] INFO: ============================================================
2026-04-16 05:07:55,872 [viper] INFO: ============================================================
2026-04-16 05:07:55,872 [viper] INFO: VIPER OPTIONS ENGINE v1.0 - 2026-04-16T05:07:55.872760
2026-04-16 05:07:55,873 [viper] INFO: ============================================================
2026-04-16 05:07:56,783 [viper] INFO: Account: equity=$105227.40  cash=$105227.40
2026-04-16 05:07:56,889 [viper] INFO: Analyzing 36 stocks...
2026-04-16 05:07:59,719 [viper] INFO: Analyzed 36 / 36 stocks
2026-04-16 05:07:59,720 [viper] INFO: CSP: 0 candidates
2026-04-16 05:08:43,221 [viper] INFO: Momentum Calls: 0 candidates
2026-04-16 05:08:43,221 [viper] INFO: IV Crush: 0 candidates
2026-04-16 05:08:43,221 [viper] INFO: 
2026-04-16 05:08:43,222 [viper] INFO: ============================================================
2026-04-16 05:08:43,222 [viper] INFO:   SCAN RESULTS
2026-04-16 05:08:43,222 [viper] INFO: ============================================================
2026-04-16 05:08:43,222 [viper] INFO:   No opportunities found. Patience.
2026-04-16 05:08:43,222 [viper] INFO: ============================================================
2026-04-16 05:38:43,909 [viper] INFO: ============================================================
2026-04-16 05:38:43,910 [viper] INFO: VIPER OPTIONS ENGINE v1.0 - 2026-04-16T05:38:43.910283
2026-04-16 05:38:43,910 [viper] INFO: ============================================================
2026-04-16 05:38:44,914 [viper] INFO: Account: equity=$105227.40  cash=$105227.40
2026-04-16 05:38:44,990 [viper] INFO: Analyzing 36 stocks...
2026-04-16 05:38:47,873 [viper] INFO: Analyzed 36 / 36 stocks
2026-04-16 05:38:47,874 [viper] INFO: CSP: 0 candidates
2026-04-16 05:39:25,467 [viper] INFO: Momentum Calls: 0 candidates
2026-04-16 05:39:25,468 [viper] INFO: IV Crush: 0 candidates
2026-04-16 05:39:25,468 [viper] INFO: 
2026-04-16 05:39:25,468 [viper] INFO: ============================================================
2026-04-16 05:39:25,468 [viper] INFO:   SCAN RESULTS
2026-04-16 05:39:25,468 [viper] INFO: ============================================================
2026-04-16 05:39:25,469 [viper] INFO:   No opportunities found. Patience.
2026-04-16 05:39:25,469 [viper] INFO: ============================================================
2026-04-16 06:09:25,922 [viper] INFO: ============================================================
2026-04-16 06:09:25,922 [viper] INFO: VIPER OPTIONS ENGINE v1.0 - 2026-04-16T06:09:25.922685
2026-04-16 06:09:25,923 [viper] INFO: ============================================================
2026-04-16 06:09:27,003 [viper] INFO: Account: equity=$105227.40  cash=$105227.40
2026-04-16 06:09:27,105 [viper] INFO: Analyzing 36 stocks...
2026-04-16 06:09:30,544 [viper] INFO: Analyzed 36 / 36 stocks
2026-04-16 06:09:30,545 [viper] INFO: CSP: 0 candidates
2026-04-16 06:10:11,245 [viper] INFO: Momentum Calls: 0 candidates
2026-04-16 06:10:11,246 [viper] INFO: IV Crush: 0 candidates
2026-04-16 06:10:11,246 [viper] INFO: 
2026-04-16 06:10:11,246 [viper] INFO: ============================================================
2026-04-16 06:10:11,247 [viper] INFO:   SCAN RESULTS
2026-04-16 06:10:11,247 [viper] INFO: ============================================================
2026-04-16 06:10:11,247 [viper] INFO:   No opportunities found. Patience.
2026-04-16 06:10:11,247 [viper] INFO: ============================================================
2026-04-16 06:40:11,890 [viper] INFO: ============================================================
2026-04-16 06:40:11,890 [viper] INFO: VIPER OPTIONS ENGINE v1.0 - 2026-04-16T06:40:11.890836
2026-04-16 06:40:11,891 [viper] INFO: ============================================================
2026-04-16 06:40:12,767 [viper] INFO: Account: equity=$105227.40  cash=$105227.40
2026-04-16 06:40:12,839 [viper] INFO: Analyzing 36 stocks...
2026-04-16 06:40:15,290 [viper] INFO: Analyzed 36 / 36 stocks
2026-04-16 06:40:15,291 [viper] INFO: CSP: 0 candidates
2026-04-16 06:40:57,713 [viper] INFO: Momentum Calls: 0 candidates
2026-04-16 06:40:57,714 [viper] INFO: IV Crush: 0 candidates
2026-04-16 06:40:57,714 [viper] INFO: 
2026-04-16 06:40:57,714 [viper] INFO: ============================================================
2026-04-16 06:40:57,714 [viper] INFO:   SCAN RESULTS
2026-04-16 06:40:57,714 [viper] INFO: ============================================================
2026-04-16 06:40:57,715 [viper] INFO:   No opportunities found. Patience.
2026-04-16 06:40:57,715 [viper] INFO: ============================================================
2026-04-16 07:10:57,847 [viper] INFO: ============================================================
2026-04-16 07:10:57,847 [viper] INFO: VIPER OPTIONS ENGINE v1.0 - 2026-04-16T07:10:57.847619
2026-04-16 07:10:57,847 [viper] INFO: ============================================================
2026-04-16 07:10:58,800 [viper] INFO: Account: equity=$105227.40  cash=$105227.40
2026-04-16 07:10:58,877 [viper] INFO: Analyzing 36 stocks...
2026-04-16 07:11:02,072 [viper] INFO: Analyzed 36 / 36 stocks
2026-04-16 07:11:02,073 [viper] INFO: CSP: 0 candidates
2026-04-16 07:11:44,009 [viper] INFO: Momentum Calls: 0 candidates
2026-04-16 07:11:44,010 [viper] INFO: IV Crush: 0 candidates
2026-04-16 07:11:44,010 [viper] INFO: 
2026-04-16 07:11:44,010 [viper] INFO: ============================================================
2026-04-16 07:11:44,010 [viper] INFO:   SCAN RESULTS
2026-04-16 07:11:44,010 [viper] INFO: ============================================================
2026-04-16 07:11:44,010 [viper] INFO:   No opportunities found. Patience.
2026-04-16 07:11:44,011 [viper] INFO: ============================================================
2026-04-16 07:41:46,819 [viper] INFO: ============================================================
2026-04-16 07:41:46,820 [viper] INFO: VIPER OPTIONS ENGINE v1.0 - 2026-04-16T07:41:46.820061
2026-04-16 07:41:46,820 [viper] INFO: ============================================================
2026-04-16 07:41:48,092 [viper] INFO: Account: equity=$105227.40  cash=$105227.40
2026-04-16 07:41:48,143 [viper] INFO: Analyzing 36 stocks...
2026-04-16 07:41:50,789 [viper] INFO: Analyzed 36 / 36 stocks
2026-04-16 07:41:50,789 [viper] INFO: CSP: 0 candidates
2026-04-16 07:42:35,683 [viper] INFO: Momentum Calls: 0 candidates
2026-04-16 07:42:35,683 [viper] INFO: IV Crush: 0 candidates
2026-04-16 07:42:35,683 [viper] INFO: 
2026-04-16 07:42:35,683 [viper] INFO: ============================================================
2026-04-16 07:42:35,684 [viper] INFO:   SCAN RESULTS
2026-04-16 07:42:35,684 [viper] INFO: ============================================================
2026-04-16 07:42:35,684 [viper] INFO:   No opportunities found. Patience.
2026-04-16 07:42:35,684 [viper] INFO: ============================================================
2026-04-16 08:12:35,946 [viper] INFO: ============================================================
2026-04-16 08:12:35,946 [viper] INFO: VIPER OPTIONS ENGINE v1.0 - 2026-04-16T08:12:35.946787
2026-04-16 08:12:35,947 [viper] INFO: ============================================================
2026-04-16 08:12:37,032 [viper] INFO: Account: equity=$105227.40  cash=$105227.40
2026-04-16 08:12:37,134 [viper] INFO: Analyzing 36 stocks...
2026-04-16 08:12:40,734 [viper] INFO: Analyzed 36 / 36 stocks
2026-04-16 08:12:40,735 [viper] INFO: CSP: 0 candidates
2026-04-16 08:13:21,573 [viper] INFO: Momentum Calls: 0 candidates
2026-04-16 08:13:21,574 [viper] INFO: IV Crush: 0 candidates
2026-04-16 08:13:21,574 [viper] INFO: 
2026-04-16 08:13:21,574 [viper] INFO: ============================================================
2026-04-16 08:13:21,575 [viper] INFO:   SCAN RESULTS
2026-04-16 08:13:21,575 [viper] INFO: ============================================================
2026-04-16 08:13:21,575 [viper] INFO:   No opportunities found. Patience.
2026-04-16 08:13:21,575 [viper] INFO: ============================================================
2026-04-16 08:43:21,847 [viper] INFO: ============================================================
2026-04-16 08:43:21,847 [viper] INFO: VIPER OPTIONS ENGINE v1.0 - 2026-04-16T08:43:21.847830
2026-04-16 08:43:21,848 [viper] INFO: ============================================================
2026-04-16 08:43:22,787 [viper] INFO: Account: equity=$105227.40  cash=$105227.40
2026-04-16 08:43:22,864 [viper] INFO: Analyzing 36 stocks...
2026-04-16 08:43:25,708 [viper] INFO: Analyzed 36 / 36 stocks
2026-04-16 08:43:25,709 [viper] INFO: CSP: 0 candidates
2026-04-16 08:44:07,101 [viper] INFO: Momentum Calls: 0 candidates
2026-04-16 08:44:07,102 [viper] INFO: IV Crush: 0 candidates
2026-04-16 08:44:07,102 [viper] INFO: 
2026-04-16 08:44:07,103 [viper] INFO: ============================================================
2026-04-16 08:44:07,103 [viper] INFO:   SCAN RESULTS
2026-04-16 08:44:07,103 [viper] INFO: ============================================================
2026-04-16 08:44:07,103 [viper] INFO:   No opportunities found. Patience.
2026-04-16 08:44:07,103 [viper] INFO: ============================================================
2026-04-16 09:14:07,913 [viper] INFO: ============================================================
2026-04-16 09:14:07,914 [viper] INFO: VIPER OPTIONS ENGINE v1.0 - 2026-04-16T09:14:07.914079
2026-04-16 09:14:07,914 [viper] INFO: ============================================================
2026-04-16 09:14:09,961 [viper] INFO: Account: equity=$105227.40  cash=$105227.40
2026-04-16 09:14:10,037 [viper] INFO: Analyzing 36 stocks...
2026-04-16 09:14:13,720 [viper] INFO: Analyzed 36 / 36 stocks
2026-04-16 09:14:13,721 [viper] INFO: CSP: 0 candidates
2026-04-16 09:14:58,841 [viper] INFO: Momentum Calls: 0 candidates
2026-04-16 09:14:58,841 [viper] INFO: IV Crush: 0 candidates
2026-04-16 09:14:58,842 [viper] INFO: 
2026-04-16 09:14:58,842 [viper] INFO: ============================================================
2026-04-16 09:14:58,842 [viper] INFO:   SCAN RESULTS
2026-04-16 09:14:58,842 [viper] INFO: ============================================================
2026-04-16 09:14:58,842 [viper] INFO:   No opportunities found. Patience.
2026-04-16 09:14:58,843 [viper] INFO: ============================================================
2026-04-16 09:44:59,814 [viper] INFO: ============================================================
2026-04-16 09:44:59,814 [viper] INFO: VIPER OPTIONS ENGINE v1.0 - 2026-04-16T09:44:59.814920
2026-04-16 09:44:59,815 [viper] INFO: ============================================================
2026-04-16 09:45:00,900 [viper] INFO: Account: equity=$105227.40  cash=$105227.40
2026-04-16 09:45:01,002 [viper] INFO: Analyzing 36 stocks...
2026-04-16 09:45:04,013 [viper] INFO: Analyzed 36 / 36 stocks
2026-04-16 09:45:04,013 [viper] INFO: CSP: 0 candidates
2026-04-16 09:47:42,087 [viper] INFO: Momentum Calls: 0 candidates
2026-04-16 09:47:42,088 [viper] INFO: IV Crush: 0 candidates
2026-04-16 09:47:42,088 [viper] INFO: 
2026-04-16 09:47:42,088 [viper] INFO: ============================================================
2026-04-16 09:47:42,088 [viper] INFO:   SCAN RESULTS
2026-04-16 09:47:42,088 [viper] INFO: ============================================================
2026-04-16 09:47:42,089 [viper] INFO:   No opportunities found. Patience.
2026-04-16 09:47:42,089 [viper] INFO: ============================================================
2026-04-16 10:17:42,866 [viper] INFO: ============================================================
2026-04-16 10:17:42,867 [viper] INFO: VIPER OPTIONS ENGINE v1.0 - 2026-04-16T10:17:42.866988
2026-04-16 10:17:42,867 [viper] INFO: ============================================================
2026-04-16 10:17:43,826 [viper] INFO: Account: equity=$105227.40  cash=$105227.40
2026-04-16 10:17:43,900 [viper] INFO: Analyzing 36 stocks...
2026-04-16 10:17:47,260 [viper] INFO: Analyzed 36 / 36 stocks
2026-04-16 10:17:47,260 [viper] INFO: CSP: 0 candidates
2026-04-16 10:20:29,346 [viper] INFO: Momentum Calls: 0 candidates
2026-04-16 10:20:29,347 [viper] INFO: IV Crush: 0 candidates
2026-04-16 10:20:29,347 [viper] INFO: 
2026-04-16 10:20:29,347 [viper] INFO: ============================================================
2026-04-16 10:20:29,347 [viper] INFO:   SCAN RESULTS
2026-04-16 10:20:29,347 [viper] INFO: ============================================================
2026-04-16 10:20:29,348 [viper] INFO:   No opportunities found. Patience.
2026-04-16 10:20:29,348 [viper] INFO: ============================================================
2026-04-16 10:50:29,877 [viper] INFO: ============================================================
2026-04-16 10:50:29,878 [viper] INFO: VIPER OPTIONS ENGINE v1.0 - 2026-04-16T10:50:29.878103
2026-04-16 10:50:29,878 [viper] INFO: ============================================================
2026-04-16 10:50:30,820 [viper] INFO: Account: equity=$105227.40  cash=$105227.40
2026-04-16 10:50:30,895 [viper] INFO: Analyzing 36 stocks...
2026-04-16 10:50:50,659 [viper] INFO: Analyzed 36 / 36 stocks
2026-04-16 10:50:50,659 [viper] INFO: CSP: 0 candidates
2026-04-16 18:26:45,072 [viper] INFO: ============================================================
2026-04-16 18:26:45,075 [viper] INFO: VIPER OPTIONS ENGINE v1.0 - 2026-04-16T18:26:45.075618
2026-04-16 18:26:45,076 [viper] INFO: ============================================================
2026-04-16 18:26:47,156 [viper] INFO: Account: equity=$105227.40  cash=$105227.40
2026-04-16 18:26:47,185 [viper] INFO: Analyzing 36 stocks...
2026-04-16 18:26:51,292 [viper] INFO: Analyzed 36 / 36 stocks
2026-04-16 18:26:51,292 [viper] INFO: CSP: 0 candidates
2026-04-16 18:27:56,533 [viper] INFO: Momentum Calls: 0 candidates
2026-04-16 18:27:56,534 [viper] INFO: IV Crush: 0 candidates
2026-04-16 18:27:56,534 [viper] INFO: 
2026-04-16 18:27:56,534 [viper] INFO: ============================================================
2026-04-16 18:27:56,534 [viper] INFO:   SCAN RESULTS
2026-04-16 18:27:56,534 [viper] INFO: ============================================================
2026-04-16 18:27:56,535 [viper] INFO:   No opportunities found. Patience.
2026-04-16 18:27:56,535 [viper] INFO: ============================================================
2026-04-16 18:31:55,193 [viper] INFO: ============================================================
2026-04-16 18:31:55,193 [viper] INFO: VIPER OPTIONS ENGINE v1.0 - 2026-04-16T18:31:55.193527
2026-04-16 18:31:55,193 [viper] INFO: ============================================================
2026-04-16 18:31:56,808 [viper] INFO: Account: equity=$105227.40  cash=$105227.40
2026-04-16 18:31:56,876 [viper] INFO: Analyzing 36 stocks...
2026-04-16 18:32:00,120 [viper] INFO: Analyzed 36 / 36 stocks
2026-04-16 18:32:00,120 [viper] INFO: CSP: 0 candidates
2026-04-16 18:32:42,917 [viper] INFO: Momentum Calls: 0 candidates
2026-04-16 18:32:42,918 [viper] INFO: IV Crush: 0 candidates
2026-04-16 18:32:42,918 [viper] INFO: 
2026-04-16 18:32:42,918 [viper] INFO: ============================================================
2026-04-16 18:32:42,918 [viper] INFO:   SCAN RESULTS
2026-04-16 18:32:42,918 [viper] INFO: ============================================================
2026-04-16 18:32:42,918 [viper] INFO:   No opportunities found. Patience.
2026-04-16 18:32:42,919 [viper] INFO: ============================================================
2026-04-16 18:48:34,910 [viper] INFO: ============================================================
2026-04-16 18:48:34,911 [viper] INFO: VIPER OPTIONS ENGINE v1.0 - 2026-04-16T18:48:34.911305
2026-04-16 18:48:34,911 [viper] INFO: ============================================================
2026-04-16 18:48:36,271 [viper] INFO: Account: equity=$105227.40  cash=$105227.40
2026-04-16 18:48:36,348 [viper] INFO: Analyzing 36 stocks...
2026-04-16 18:48:40,963 [viper] INFO: Analyzed 36 / 36 stocks
2026-04-16 18:48:40,963 [viper] INFO: CSP: 0 candidates
2026-04-16 18:49:45,194 [viper] INFO: Momentum Calls: 0 candidates
2026-04-16 18:49:45,194 [viper] INFO: IV Crush: 0 candidates
2026-04-16 18:49:45,195 [viper] INFO: 
2026-04-16 18:49:45,195 [viper] INFO: ============================================================
2026-04-16 18:49:45,195 [viper] INFO:   SCAN RESULTS
2026-04-16 18:49:45,196 [viper] INFO: ============================================================
2026-04-16 18:49:45,196 [viper] INFO:   No opportunities found. Patience.
2026-04-16 18:49:45,196 [viper] INFO: ============================================================
2026-04-16 18:52:28,036 [viper] INFO: ============================================================
2026-04-16 18:52:28,036 [viper] INFO: VIPER OPTIONS ENGINE v1.0 - 2026-04-16T18:52:28.036747
2026-04-16 18:52:28,037 [viper] INFO: ============================================================
2026-04-16 18:52:29,661 [viper] INFO: Account: equity=$105227.40  cash=$105227.40
2026-04-16 18:52:29,730 [viper] INFO: Analyzing 36 stocks...
2026-04-16 18:52:34,345 [viper] INFO: Analyzed 36 / 36 stocks
2026-04-16 18:57:57,405 [viper] INFO: ============================================================
2026-04-16 18:57:57,406 [viper] INFO: VIPER OPTIONS ENGINE v1.0 - 2026-04-16T18:57:57.406325
2026-04-16 18:57:57,406 [viper] INFO: ============================================================
2026-04-16 18:57:58,960 [viper] INFO: Account: equity=$105227.40  cash=$105227.40
2026-04-16 18:57:59,061 [viper] INFO: Analyzing 36 stocks...
2026-04-16 18:58:03,697 [viper] INFO: Analyzed 36 / 36 stocks
2026-04-16 19:11:29,607 [viper] INFO: CSP: 0 candidates
2026-04-16 19:14:39,967 [viper] INFO: Momentum Calls: 0 candidates
2026-04-16 19:14:39,975 [viper] INFO: IV Crush: 0 candidates
2026-04-16 19:14:39,975 [viper] INFO: 
2026-04-16 19:14:39,975 [viper] INFO: ============================================================
2026-04-16 19:14:39,976 [viper] INFO:   SCAN RESULTS
2026-04-16 19:14:39,976 [viper] INFO: ============================================================
2026-04-16 19:14:39,976 [viper] INFO:   No opportunities found. Patience.
2026-04-16 19:14:39,976 [viper] INFO: ============================================================
2026-04-16 19:44:41,313 [viper] INFO: ============================================================
2026-04-16 19:44:41,314 [viper] INFO: VIPER OPTIONS ENGINE v1.0 - 2026-04-16T19:44:41.314006
2026-04-16 19:44:41,314 [viper] INFO: ============================================================
2026-04-16 19:44:42,681 [viper] INFO: Account: equity=$105227.40  cash=$105227.40
2026-04-16 19:44:42,807 [viper] INFO: Analyzing 36 stocks...
2026-04-16 19:44:46,908 [viper] INFO: Analyzed 36 / 36 stocks
2026-04-16 19:51:07,719 [viper] INFO: ============================================================
2026-04-16 19:51:07,720 [viper] INFO: VIPER OPTIONS ENGINE v1.0 - 2026-04-16T19:51:07.720259
2026-04-16 19:51:07,720 [viper] INFO: ============================================================
2026-04-16 19:51:08,885 [viper] INFO: Account: equity=$105227.40  cash=$105227.40
2026-04-16 19:51:08,974 [viper] INFO: Analyzing 36 stocks...
2026-04-16 19:51:13,278 [viper] INFO: Analyzed 36 / 36 stocks
2026-04-16 19:51:33,244 [viper] INFO: CSP: 0 candidates
2026-04-16 19:51:45,715 [viper] INFO: ============================================================
2026-04-16 19:51:45,716 [viper] INFO: VIPER OPTIONS ENGINE v1.0 - 2026-04-16T19:51:45.716043
2026-04-16 19:51:45,716 [viper] INFO: ============================================================
2026-04-16 19:51:47,096 [viper] INFO: Account: equity=$105227.40  cash=$105227.40
2026-04-16 19:51:47,172 [viper] INFO: Analyzing 36 stocks...
2026-04-16 19:51:51,414 [viper] INFO: Analyzed 36 / 36 stocks
2026-04-16 19:52:45,272 [viper] INFO: ============================================================
2026-04-16 19:52:45,272 [viper] INFO: VIPER OPTIONS ENGINE v1.0 - 2026-04-16T19:52:45.272943
2026-04-16 19:52:45,273 [viper] INFO: ============================================================
2026-04-16 19:52:46,489 [viper] INFO: Account: equity=$105227.40  cash=$105227.40
2026-04-16 19:52:46,566 [viper] INFO: Analyzing 36 stocks...
2026-04-16 19:52:51,077 [viper] INFO: Analyzed 36 / 36 stocks
2026-04-16 19:53:12,577 [viper] INFO: CSP: 0 candidates
2026-04-16 19:53:17,390 [viper] INFO: Momentum Calls: 0 candidates
2026-04-16 19:53:17,390 [viper] INFO: IV Crush: 0 candidates
2026-04-16 19:53:17,391 [viper] INFO: 
2026-04-16 19:53:17,391 [viper] INFO: ============================================================
2026-04-16 19:53:17,391 [viper] INFO:   SCAN RESULTS
2026-04-16 19:53:17,391 [viper] INFO: ============================================================
2026-04-16 19:53:17,391 [viper] INFO:   No opportunities found. Patience.
2026-04-16 19:53:17,392 [viper] INFO: ============================================================
2026-04-16 19:54:31,403 [viper] INFO: ============================================================
2026-04-16 19:54:31,404 [viper] INFO: VIPER OPTIONS ENGINE v1.0 - 2026-04-16T19:54:31.404370
2026-04-16 19:54:31,404 [viper] INFO: ============================================================
2026-04-16 19:54:32,913 [viper] INFO: Account: equity=$105227.40  cash=$105227.40
2026-04-16 19:54:32,937 [viper] INFO: Analyzing 36 stocks...
2026-04-16 19:54:35,101 [viper] INFO: Analyzed 36 / 36 stocks
2026-04-16 19:54:51,354 [viper] INFO: CSP: 0 candidates
2026-04-16 19:54:54,856 [viper] INFO: Momentum Calls: 0 candidates
2026-04-16 19:54:54,857 [viper] INFO: IV Crush: 0 candidates
2026-04-16 19:54:54,857 [viper] INFO: 
2026-04-16 19:54:54,857 [viper] INFO: ============================================================
2026-04-16 19:54:54,858 [viper] INFO:   SCAN RESULTS
2026-04-16 19:54:54,858 [viper] INFO: ============================================================
2026-04-16 19:54:54,858 [viper] INFO:   No opportunities found. Patience.
2026-04-16 19:54:54,858 [viper] INFO: ============================================================
2026-04-16 20:24:58,240 [viper] INFO: ============================================================
2026-04-16 20:24:58,241 [viper] INFO: VIPER OPTIONS ENGINE v1.0 - 2026-04-16T20:24:58.241130
2026-04-16 20:24:58,241 [viper] INFO: ============================================================
2026-04-16 20:25:00,370 [viper] INFO: Account: equity=$105227.40  cash=$105227.40
2026-04-16 20:25:00,404 [viper] INFO: Analyzing 36 stocks...
2026-04-16 20:25:03,653 [viper] INFO: Analyzed 36 / 36 stocks
2026-04-16 20:25:23,627 [viper] INFO: CSP: 0 candidates
2026-04-16 20:25:28,336 [viper] INFO: Momentum Calls: 0 candidates
2026-04-16 20:25:28,336 [viper] INFO: IV Crush: 0 candidates
2026-04-16 20:25:28,336 [viper] INFO: 
2026-04-16 20:25:28,337 [viper] INFO: ============================================================
2026-04-16 20:25:28,337 [viper] INFO:   SCAN RESULTS
2026-04-16 20:25:28,337 [viper] INFO: ============================================================
2026-04-16 20:25:28,337 [viper] INFO:   No opportunities found. Patience.
2026-04-16 20:25:28,337 [viper] INFO: ============================================================
2026-04-16 20:55:28,894 [viper] INFO: ============================================================
2026-04-16 20:55:28,895 [viper] INFO: VIPER OPTIONS ENGINE v1.0 - 2026-04-16T20:55:28.895069
2026-04-16 20:55:28,895 [viper] INFO: ============================================================
2026-04-16 20:55:29,869 [viper] INFO: Account: equity=$105227.40  cash=$105227.40
2026-04-16 20:55:29,946 [viper] INFO: Analyzing 36 stocks...
2026-04-16 20:55:33,215 [viper] INFO: Analyzed 36 / 36 stocks
2026-04-16 20:55:53,806 [viper] INFO: CSP: 0 candidates
2026-04-16 20:55:58,927 [viper] INFO: Momentum Calls: 0 candidates
2026-04-16 20:55:58,927 [viper] INFO: IV Crush: 0 candidates
2026-04-16 20:55:58,927 [viper] INFO: 
2026-04-16 20:55:58,927 [viper] INFO: ============================================================
2026-04-16 20:55:58,928 [viper] INFO:   SCAN RESULTS
2026-04-16 20:55:58,928 [viper] INFO: ============================================================
2026-04-16 20:55:58,928 [viper] INFO:   No opportunities found. Patience.
2026-04-16 20:55:58,928 [viper] INFO: ============================================================
2026-04-16 21:25:59,862 [viper] INFO: ============================================================
2026-04-16 21:25:59,862 [viper] INFO: VIPER OPTIONS ENGINE v1.0 - 2026-04-16T21:25:59.862592
2026-04-16 21:25:59,862 [viper] INFO: ============================================================
2026-04-16 21:26:00,872 [viper] INFO: Account: equity=$105227.40  cash=$105227.40
2026-04-16 21:26:00,948 [viper] INFO: Analyzing 36 stocks...
2026-04-16 21:26:04,037 [viper] INFO: Analyzed 36 / 36 stocks
2026-04-16 21:26:24,398 [viper] INFO: CSP: 0 candidates
2026-04-16 21:26:29,211 [viper] INFO: Momentum Calls: 0 candidates
2026-04-16 21:26:29,212 [viper] INFO: IV Crush: 0 candidates
2026-04-16 21:26:29,212 [viper] INFO: 
2026-04-16 21:26:29,212 [viper] INFO: ============================================================
2026-04-16 21:26:29,212 [viper] INFO:   SCAN RESULTS
2026-04-16 21:26:29,212 [viper] INFO: ============================================================
2026-04-16 21:26:29,213 [viper] INFO:   No opportunities found. Patience.
2026-04-16 21:26:29,213 [viper] INFO: ============================================================
2026-04-16 21:56:29,926 [viper] INFO: ============================================================
2026-04-16 21:56:29,927 [viper] INFO: VIPER OPTIONS ENGINE v1.0 - 2026-04-16T21:56:29.927197
2026-04-16 21:56:29,927 [viper] INFO: ============================================================
2026-04-16 21:56:30,953 [viper] INFO: Account: equity=$105227.40  cash=$105227.40
2026-04-16 21:56:31,027 [viper] INFO: Analyzing 36 stocks...
2026-04-16 21:56:33,981 [viper] INFO: Analyzed 36 / 36 stocks
2026-04-16 21:56:53,249 [viper] INFO: CSP: 0 candidates
2026-04-16 21:56:58,063 [viper] INFO: Momentum Calls: 0 candidates
2026-04-16 21:56:58,063 [viper] INFO: IV Crush: 0 candidates
2026-04-16 21:56:58,064 [viper] INFO: 
2026-04-16 21:56:58,064 [viper] INFO: ============================================================
2026-04-16 21:56:58,064 [viper] INFO:   SCAN RESULTS
2026-04-16 21:56:58,065 [viper] INFO: ============================================================
2026-04-16 21:56:58,065 [viper] INFO:   No opportunities found. Patience.
2026-04-16 21:56:58,065 [viper] INFO: ============================================================
2026-04-16 22:26:58,901 [viper] INFO: ============================================================
2026-04-16 22:26:58,901 [viper] INFO: VIPER OPTIONS ENGINE v1.0 - 2026-04-16T22:26:58.901855
2026-04-16 22:26:58,902 [viper] INFO: ============================================================
2026-04-16 22:26:59,728 [viper] INFO: Account: equity=$105227.40  cash=$105227.40
2026-04-16 22:26:59,752 [viper] INFO: Analyzing 36 stocks...
2026-04-16 22:27:02,759 [viper] INFO: Analyzed 36 / 36 stocks
2026-04-16 22:27:22,817 [viper] INFO: CSP: 0 candidates
2026-04-16 22:27:27,630 [viper] INFO: Momentum Calls: 0 candidates
2026-04-16 22:27:27,631 [viper] INFO: IV Crush: 0 candidates
2026-04-16 22:27:27,631 [viper] INFO: 
2026-04-16 22:27:27,631 [viper] INFO: ============================================================
2026-04-16 22:27:27,631 [viper] INFO:   SCAN RESULTS
2026-04-16 22:27:27,631 [viper] INFO: ============================================================
2026-04-16 22:27:27,631 [viper] INFO:   No opportunities found. Patience.
2026-04-16 22:27:27,632 [viper] INFO: ============================================================
2026-04-16 22:57:27,939 [viper] INFO: ============================================================
2026-04-16 22:57:27,940 [viper] INFO: VIPER OPTIONS ENGINE v1.0 - 2026-04-16T22:57:27.940169
2026-04-16 22:57:27,940 [viper] INFO: ============================================================
2026-04-16 22:57:30,283 [viper] INFO: Account: equity=$105227.40  cash=$105227.40
2026-04-16 22:57:30,368 [viper] INFO: Analyzing 36 stocks...
2026-04-16 22:57:32,856 [viper] INFO: Analyzed 36 / 36 stocks
2026-04-16 22:57:52,897 [viper] INFO: CSP: 0 candidates
2026-04-16 22:57:57,838 [viper] INFO: Momentum Calls: 0 candidates
2026-04-16 22:57:57,839 [viper] INFO: IV Crush: 0 candidates
2026-04-16 22:57:57,839 [viper] INFO: 
2026-04-16 22:57:57,840 [viper] INFO: ============================================================
2026-04-16 22:57:57,840 [viper] INFO:   SCAN RESULTS
2026-04-16 22:57:57,840 [viper] INFO: ============================================================
2026-04-16 22:57:57,840 [viper] INFO:   No opportunities found. Patience.
2026-04-16 22:57:57,840 [viper] INFO: ============================================================
2026-04-16 23:27:58,908 [viper] INFO: ============================================================
2026-04-16 23:27:58,909 [viper] INFO: VIPER OPTIONS ENGINE v1.0 - 2026-04-16T23:27:58.909363
2026-04-16 23:27:58,909 [viper] INFO: ============================================================
2026-04-16 23:27:59,926 [viper] INFO: Account: equity=$105227.40  cash=$105227.40
2026-04-16 23:28:00,035 [viper] INFO: Analyzing 36 stocks...
2026-04-16 23:28:03,289 [viper] INFO: Analyzed 36 / 36 stocks
2026-04-16 23:28:23,283 [viper] INFO: CSP: 0 candidates
2026-04-16 23:28:27,994 [viper] INFO: Momentum Calls: 0 candidates
2026-04-16 23:28:27,995 [viper] INFO: IV Crush: 0 candidates
2026-04-16 23:28:27,995 [viper] INFO: 
2026-04-16 23:28:27,995 [viper] INFO: ============================================================
2026-04-16 23:28:27,996 [viper] INFO:   SCAN RESULTS
2026-04-16 23:28:27,996 [viper] INFO: ============================================================
2026-04-16 23:28:27,996 [viper] INFO:   No opportunities found. Patience.
2026-04-16 23:28:27,996 [viper] INFO: ============================================================
2026-04-16 23:58:29,513 [viper] INFO: ============================================================
2026-04-16 23:58:29,513 [viper] INFO: VIPER OPTIONS ENGINE v1.0 - 2026-04-16T23:58:29.513738
2026-04-16 23:58:29,514 [viper] INFO: ============================================================
2026-04-16 23:58:30,714 [viper] INFO: Account: equity=$105227.40  cash=$105227.40
2026-04-16 23:58:30,818 [viper] INFO: Analyzing 36 stocks...
2026-04-16 23:58:33,770 [viper] INFO: Analyzed 36 / 36 stocks
2026-04-16 23:58:52,117 [viper] INFO: CSP: 0 candidates
2026-04-16 23:58:56,828 [viper] INFO: Momentum Calls: 0 candidates
2026-04-16 23:58:56,829 [viper] INFO: IV Crush: 0 candidates
2026-04-16 23:58:56,829 [viper] INFO: 
2026-04-16 23:58:56,829 [viper] INFO: ============================================================
2026-04-16 23:58:56,829 [viper] INFO:   SCAN RESULTS
2026-04-16 23:58:56,830 [viper] INFO: ============================================================
2026-04-16 23:58:56,830 [viper] INFO:   No opportunities found. Patience.
2026-04-16 23:58:56,830 [viper] INFO: ============================================================
2026-04-20 19:37:56,519 [viper] INFO: Momentum Calls: 0 candidates
2026-04-20 19:37:56,625 [viper] INFO: IV Crush: 0 candidates
2026-04-20 19:37:56,627 [viper] INFO: 
2026-04-20 19:37:56,627 [viper] INFO: ============================================================
2026-04-20 19:37:56,627 [viper] INFO:   SCAN RESULTS
2026-04-20 19:37:56,627 [viper] INFO: ============================================================
2026-04-20 19:37:56,627 [viper] INFO:   No opportunities found. Patience.
2026-04-20 19:37:56,628 [viper] INFO: ============================================================
