2026-04-28 00:14:06,976 [viper] INFO: ============================================================
2026-04-28 00:14:06,977 [viper] INFO: VIPER OPTIONS ENGINE v1.0 - 2026-04-28T00:14:06.977285
2026-04-28 00:14:06,977 [viper] INFO: ============================================================
2026-04-28 00:14:07,922 [viper] INFO: Account: equity=$103081.75  cash=$24789.23
2026-04-28 00:14:07,982 [raptor.universe] INFO: Building universe...
2026-04-28 00:14:09,058 [raptor.universe] INFO: Alpaca tradeable assets: 7046 after initial filter
2026-04-28 00:14:09,072 [raptor.universe] INFO: Step 1: 7046 tradeable assets from Alpaca
2026-04-28 00:14:09,074 [raptor.universe] INFO: Step 2: Fetching bars for 7046 symbols (this takes 1-2 min)...
2026-04-28 00:14:59,283 [raptor.universe] INFO: Step 2: Got bars for 7038 symbols
2026-04-28 00:15:06,084 [raptor.universe] INFO: Step 3: 113 symbols passed all screens
2026-04-28 00:15:06,173 [viper] INFO: Dynamic universe: 113 stocks
2026-04-28 00:15:13,409 [viper] INFO: Analyzed 109 / 36 stocks
2026-04-28 00:16:31,967 [viper] INFO: CSP: 0 candidates
2026-04-28 00:17:09,191 [viper] INFO: Momentum Calls: 0 candidates
2026-04-28 00:17:10,727 [viper] INFO: IV Crush: 0 candidates
2026-04-28 00:17:10,727 [viper] INFO: 
2026-04-28 00:17:10,728 [viper] INFO: ============================================================
2026-04-28 00:17:10,728 [viper] INFO:   SCAN RESULTS
2026-04-28 00:17:10,728 [viper] INFO: ============================================================
2026-04-28 00:17:10,728 [viper] INFO:   No opportunities found. Patience.
2026-04-28 00:17:10,728 [viper] INFO: ============================================================
2026-04-28 00:47:10,909 [viper] INFO: ============================================================
2026-04-28 00:47:10,911 [viper] INFO: VIPER OPTIONS ENGINE v1.0 - 2026-04-28T00:47:10.911634
2026-04-28 00:47:10,912 [viper] INFO: ============================================================
2026-04-28 00:47:11,857 [viper] INFO: Account: equity=$103037.63  cash=$24789.23
2026-04-28 00:47:11,953 [raptor.universe] INFO: Universe from cache: 113 symbols
2026-04-28 00:47:11,954 [viper] INFO: Dynamic universe: 113 stocks
2026-04-28 00:47:17,418 [viper] INFO: Analyzed 109 / 36 stocks
2026-04-28 00:48:39,642 [viper] INFO: CSP: 0 candidates
2026-04-28 00:49:17,010 [viper] INFO: Momentum Calls: 0 candidates
2026-04-28 00:49:18,165 [viper] INFO: IV Crush: 0 candidates
2026-04-28 00:49:18,165 [viper] INFO: 
2026-04-28 00:49:18,166 [viper] INFO: ============================================================
2026-04-28 00:49:18,166 [viper] INFO:   SCAN RESULTS
2026-04-28 00:49:18,166 [viper] INFO: ============================================================
2026-04-28 00:49:18,166 [viper] INFO:   No opportunities found. Patience.
2026-04-28 00:49:18,167 [viper] INFO: ============================================================
2026-04-28 01:19:19,030 [viper] INFO: ============================================================
2026-04-28 01:19:19,033 [viper] INFO: VIPER OPTIONS ENGINE v1.0 - 2026-04-28T01:19:19.033073
2026-04-28 01:19:19,033 [viper] INFO: ============================================================
2026-04-28 01:19:20,039 [viper] INFO: Account: equity=$102952.88  cash=$24789.23
2026-04-28 01:19:20,128 [raptor.universe] INFO: Universe from cache: 113 symbols
2026-04-28 01:19:20,128 [viper] INFO: Dynamic universe: 113 stocks
2026-04-28 01:19:26,153 [viper] INFO: Analyzed 109 / 36 stocks
2026-04-28 01:20:46,443 [viper] INFO: CSP: 0 candidates
2026-04-28 01:21:22,080 [viper] INFO: Momentum Calls: 0 candidates
2026-04-28 01:21:23,616 [viper] INFO: IV Crush: 0 candidates
2026-04-28 01:21:23,616 [viper] INFO: 
2026-04-28 01:21:23,617 [viper] INFO: ============================================================
2026-04-28 01:21:23,617 [viper] INFO:   SCAN RESULTS
2026-04-28 01:21:23,617 [viper] INFO: ============================================================
2026-04-28 01:21:23,617 [viper] INFO:   No opportunities found. Patience.
2026-04-28 01:21:23,618 [viper] INFO: ============================================================
2026-04-28 01:51:26,678 [viper] INFO: ============================================================
2026-04-28 01:51:26,679 [viper] INFO: VIPER OPTIONS ENGINE v1.0 - 2026-04-28T01:51:26.679595
2026-04-28 01:51:26,680 [viper] INFO: ============================================================
2026-04-28 01:51:28,553 [viper] INFO: Account: equity=$102872.92  cash=$24789.23
2026-04-28 01:51:28,604 [raptor.universe] INFO: Universe from cache: 113 symbols
2026-04-28 01:51:28,604 [viper] INFO: Dynamic universe: 113 stocks
2026-04-28 01:51:34,638 [viper] INFO: Analyzed 109 / 36 stocks
2026-04-28 01:52:56,942 [viper] INFO: CSP: 0 candidates
2026-04-28 01:53:34,258 [viper] INFO: Momentum Calls: 0 candidates
2026-04-28 01:53:35,899 [viper] INFO: IV Crush: 0 candidates
2026-04-28 01:53:35,900 [viper] INFO: 
2026-04-28 01:53:35,901 [viper] INFO: ============================================================
2026-04-28 01:53:35,901 [viper] INFO:   SCAN RESULTS
2026-04-28 01:53:35,902 [viper] INFO: ============================================================
2026-04-28 01:53:35,902 [viper] INFO:   No opportunities found. Patience.
2026-04-28 01:53:35,902 [viper] INFO: ============================================================
2026-04-28 02:23:37,515 [viper] INFO: ============================================================
2026-04-28 02:23:37,516 [viper] INFO: VIPER OPTIONS ENGINE v1.0 - 2026-04-28T02:23:37.516069
2026-04-28 02:23:37,516 [viper] INFO: ============================================================
2026-04-28 02:23:39,170 [viper] INFO: Account: equity=$102795.53  cash=$24789.23
2026-04-28 02:23:39,264 [raptor.universe] INFO: Universe from cache: 113 symbols
2026-04-28 02:23:39,265 [viper] INFO: Dynamic universe: 113 stocks
2026-04-28 02:23:44,970 [viper] INFO: Analyzed 109 / 36 stocks
2026-04-28 02:24:54,480 [viper] INFO: CSP: 0 candidates
2026-04-28 02:25:32,304 [viper] INFO: Momentum Calls: 0 candidates
2026-04-28 02:25:33,739 [viper] INFO: IV Crush: 0 candidates
2026-04-28 02:25:33,739 [viper] INFO: 
2026-04-28 02:25:33,740 [viper] INFO: ============================================================
2026-04-28 02:25:33,740 [viper] INFO:   SCAN RESULTS
2026-04-28 02:25:33,740 [viper] INFO: ============================================================
2026-04-28 02:25:33,740 [viper] INFO:   No opportunities found. Patience.
2026-04-28 02:25:33,741 [viper] INFO: ============================================================
2026-04-28 02:55:34,177 [viper] INFO: ============================================================
2026-04-28 02:55:34,178 [viper] INFO: VIPER OPTIONS ENGINE v1.0 - 2026-04-28T02:55:34.178732
2026-04-28 02:55:34,179 [viper] INFO: ============================================================
2026-04-28 02:55:37,307 [viper] INFO: Account: equity=$102682.32  cash=$24789.23
2026-04-28 02:55:37,383 [raptor.universe] INFO: Universe from cache: 113 symbols
2026-04-28 02:55:37,384 [viper] INFO: Dynamic universe: 113 stocks
2026-04-28 02:55:42,669 [viper] INFO: Analyzed 109 / 36 stocks
2026-04-28 02:57:05,774 [viper] INFO: CSP: 0 candidates
2026-04-28 02:57:42,435 [viper] INFO: Momentum Calls: 0 candidates
2026-04-28 02:57:43,971 [viper] INFO: IV Crush: 0 candidates
2026-04-28 02:57:43,972 [viper] INFO: 
2026-04-28 02:57:43,973 [viper] INFO: ============================================================
2026-04-28 02:57:43,973 [viper] INFO:   SCAN RESULTS
2026-04-28 02:57:43,974 [viper] INFO: ============================================================
2026-04-28 02:57:43,974 [viper] INFO:   No opportunities found. Patience.
2026-04-28 02:57:43,974 [viper] INFO: ============================================================
2026-04-28 03:27:45,436 [viper] INFO: ============================================================
2026-04-28 03:27:45,437 [viper] INFO: VIPER OPTIONS ENGINE v1.0 - 2026-04-28T03:27:45.437564
2026-04-28 03:27:45,438 [viper] INFO: ============================================================
2026-04-28 03:27:46,711 [viper] INFO: Account: equity=$102772.62  cash=$24789.23
2026-04-28 03:27:46,827 [raptor.universe] INFO: Universe from cache: 113 symbols
2026-04-28 03:27:46,828 [viper] INFO: Dynamic universe: 113 stocks
2026-04-28 03:27:52,133 [viper] INFO: Analyzed 109 / 36 stocks
2026-04-28 03:29:13,959 [viper] INFO: CSP: 0 candidates
2026-04-28 03:29:51,748 [viper] INFO: Momentum Calls: 0 candidates
2026-04-28 03:29:53,284 [viper] INFO: IV Crush: 0 candidates
2026-04-28 03:29:53,285 [viper] INFO: 
2026-04-28 03:29:53,285 [viper] INFO: ============================================================
2026-04-28 03:29:53,285 [viper] INFO:   SCAN RESULTS
2026-04-28 03:29:53,285 [viper] INFO: ============================================================
2026-04-28 03:29:53,286 [viper] INFO:   No opportunities found. Patience.
2026-04-28 03:29:53,286 [viper] INFO: ============================================================
2026-04-28 03:59:54,148 [viper] INFO: ============================================================
2026-04-28 03:59:54,149 [viper] INFO: VIPER OPTIONS ENGINE v1.0 - 2026-04-28T03:59:54.149619
2026-04-28 03:59:54,150 [viper] INFO: ============================================================
2026-04-28 03:59:55,240 [viper] INFO: Account: equity=$102742.73  cash=$24789.23
2026-04-28 03:59:55,318 [raptor.universe] INFO: Universe from cache: 113 symbols
2026-04-28 03:59:55,319 [viper] INFO: Dynamic universe: 113 stocks
2026-04-28 04:00:01,521 [viper] INFO: Analyzed 109 / 36 stocks
2026-04-28 04:01:25,888 [viper] INFO: CSP: 0 candidates
2026-04-28 04:02:02,494 [viper] INFO: Momentum Calls: 0 candidates
2026-04-28 04:02:04,131 [viper] INFO: IV Crush: 0 candidates
2026-04-28 04:02:04,132 [viper] INFO: 
2026-04-28 04:02:04,133 [viper] INFO: ============================================================
2026-04-28 04:02:04,133 [viper] INFO:   SCAN RESULTS
2026-04-28 04:02:04,134 [viper] INFO: ============================================================
2026-04-28 04:02:04,134 [viper] INFO:   No opportunities found. Patience.
2026-04-28 04:02:04,135 [viper] INFO: ============================================================
2026-04-28 04:32:05,433 [viper] INFO: ============================================================
2026-04-28 04:32:05,434 [viper] INFO: VIPER OPTIONS ENGINE v1.0 - 2026-04-28T04:32:05.434357
2026-04-28 04:32:05,435 [viper] INFO: ============================================================
2026-04-28 04:32:06,672 [viper] INFO: Account: equity=$102424.24  cash=$24789.17
2026-04-28 04:32:06,804 [raptor.universe] INFO: Universe from cache: 113 symbols
2026-04-28 04:32:06,805 [viper] INFO: Dynamic universe: 113 stocks
2026-04-28 04:32:13,455 [viper] INFO: Analyzed 109 / 36 stocks
2026-04-28 04:33:36,885 [viper] INFO: CSP: 0 candidates
2026-04-28 04:34:14,365 [viper] INFO: Momentum Calls: 0 candidates
2026-04-28 04:34:15,902 [viper] INFO: IV Crush: 0 candidates
2026-04-28 04:34:15,902 [viper] INFO: 
2026-04-28 04:34:15,903 [viper] INFO: ============================================================
2026-04-28 04:34:15,904 [viper] INFO:   SCAN RESULTS
2026-04-28 04:34:15,904 [viper] INFO: ============================================================
2026-04-28 04:34:15,904 [viper] INFO:   No opportunities found. Patience.
2026-04-28 04:34:15,905 [viper] INFO: ============================================================
2026-04-28 05:04:17,209 [viper] INFO: ============================================================
2026-04-28 05:04:17,209 [viper] INFO: VIPER OPTIONS ENGINE v1.0 - 2026-04-28T05:04:17.209799
2026-04-28 05:04:17,210 [viper] INFO: ============================================================
2026-04-28 05:04:18,377 [viper] INFO: Account: equity=$102510.77  cash=$24789.17
2026-04-28 05:04:18,448 [raptor.universe] INFO: Universe from cache: 113 symbols
2026-04-28 05:04:18,448 [viper] INFO: Dynamic universe: 113 stocks
2026-04-28 05:04:24,815 [viper] INFO: Analyzed 109 / 36 stocks
2026-04-28 05:05:47,631 [viper] INFO: CSP: 0 candidates
2026-04-28 05:06:23,268 [viper] INFO: Momentum Calls: 0 candidates
2026-04-28 05:06:24,804 [viper] INFO: IV Crush: 0 candidates
2026-04-28 05:06:24,804 [viper] INFO: 
2026-04-28 05:06:24,805 [viper] INFO: ============================================================
2026-04-28 05:06:24,805 [viper] INFO:   SCAN RESULTS
2026-04-28 05:06:24,805 [viper] INFO: ============================================================
2026-04-28 05:06:24,805 [viper] INFO:   No opportunities found. Patience.
2026-04-28 05:06:24,806 [viper] INFO: ============================================================
2026-04-28 05:36:26,445 [viper] INFO: ============================================================
2026-04-28 05:36:26,446 [viper] INFO: VIPER OPTIONS ENGINE v1.0 - 2026-04-28T05:36:26.446209
2026-04-28 05:36:26,446 [viper] INFO: ============================================================
2026-04-28 05:36:27,682 [viper] INFO: Account: equity=$102163.77  cash=$24789.17
2026-04-28 05:36:27,763 [raptor.universe] INFO: Universe from cache: 113 symbols
2026-04-28 05:36:27,764 [viper] INFO: Dynamic universe: 113 stocks
2026-04-28 05:36:33,971 [viper] INFO: Analyzed 109 / 36 stocks
2026-04-28 05:37:54,752 [viper] INFO: CSP: 0 candidates
2026-04-28 05:38:31,895 [viper] INFO: Momentum Calls: 0 candidates
2026-04-28 05:38:33,430 [viper] INFO: IV Crush: 0 candidates
2026-04-28 05:38:33,431 [viper] INFO: 
2026-04-28 05:38:33,432 [viper] INFO: ============================================================
2026-04-28 05:38:33,432 [viper] INFO:   SCAN RESULTS
2026-04-28 05:38:33,432 [viper] INFO: ============================================================
2026-04-28 05:38:33,433 [viper] INFO:   No opportunities found. Patience.
2026-04-28 05:38:33,433 [viper] INFO: ============================================================
2026-04-28 06:08:34,199 [viper] INFO: ============================================================
2026-04-28 06:08:34,200 [viper] INFO: VIPER OPTIONS ENGINE v1.0 - 2026-04-28T06:08:34.200620
2026-04-28 06:08:34,201 [viper] INFO: ============================================================
2026-04-28 06:08:35,462 [viper] INFO: Account: equity=$102132.48  cash=$24789.17
2026-04-28 06:08:35,537 [raptor.universe] INFO: Universe from cache: 113 symbols
2026-04-28 06:08:35,538 [viper] INFO: Dynamic universe: 113 stocks
2026-04-28 06:08:41,835 [viper] INFO: Analyzed 109 / 36 stocks
2026-04-28 06:10:04,432 [viper] INFO: CSP: 0 candidates
2026-04-28 06:10:41,995 [viper] INFO: Momentum Calls: 0 candidates
2026-04-28 06:10:43,560 [viper] INFO: IV Crush: 0 candidates
2026-04-28 06:10:43,561 [viper] INFO: 
2026-04-28 06:10:43,563 [viper] INFO: ============================================================
2026-04-28 06:10:43,563 [viper] INFO:   SCAN RESULTS
2026-04-28 06:10:43,563 [viper] INFO: ============================================================
2026-04-28 06:10:43,564 [viper] INFO:   No opportunities found. Patience.
2026-04-28 06:10:43,564 [viper] INFO: ============================================================
2026-04-28 06:40:44,501 [viper] INFO: ============================================================
2026-04-28 06:40:44,502 [viper] INFO: VIPER OPTIONS ENGINE v1.0 - 2026-04-28T06:40:44.502307
2026-04-28 06:40:44,503 [viper] INFO: ============================================================
2026-04-28 06:40:45,798 [viper] INFO: Account: equity=$102039.93  cash=$24789.17
2026-04-28 06:40:45,889 [raptor.universe] INFO: Universe from cache: 113 symbols
2026-04-28 06:40:45,890 [viper] INFO: Dynamic universe: 113 stocks
2026-04-28 06:40:52,397 [viper] INFO: Analyzed 109 / 36 stocks
2026-04-28 06:42:15,055 [viper] INFO: CSP: 0 candidates
2026-04-28 06:42:52,561 [viper] INFO: Momentum Calls: 0 candidates
2026-04-28 06:42:54,072 [viper] INFO: IV Crush: 0 candidates
2026-04-28 06:42:54,072 [viper] INFO: 
2026-04-28 06:42:54,073 [viper] INFO: ============================================================
2026-04-28 06:42:54,073 [viper] INFO:   SCAN RESULTS
2026-04-28 06:42:54,074 [viper] INFO: ============================================================
2026-04-28 06:42:54,074 [viper] INFO:   No opportunities found. Patience.
2026-04-28 06:42:54,074 [viper] INFO: ============================================================
2026-04-28 07:12:55,195 [viper] INFO: ============================================================
2026-04-28 07:12:55,197 [viper] INFO: VIPER OPTIONS ENGINE v1.0 - 2026-04-28T07:12:55.196985
2026-04-28 07:12:55,197 [viper] INFO: ============================================================
2026-04-28 07:12:56,383 [viper] INFO: Account: equity=$101720.76  cash=$24789.17
2026-04-28 07:12:56,517 [raptor.universe] INFO: Universe from cache: 113 symbols
2026-04-28 07:12:56,518 [viper] INFO: Dynamic universe: 113 stocks
2026-04-28 07:13:02,503 [viper] INFO: Analyzed 109 / 36 stocks
2026-04-28 07:14:25,084 [viper] INFO: CSP: 0 candidates
2026-04-28 07:15:02,770 [viper] INFO: Momentum Calls: 0 candidates
2026-04-28 07:15:04,306 [viper] INFO: IV Crush: 0 candidates
2026-04-28 07:15:04,307 [viper] INFO: 
2026-04-28 07:15:04,307 [viper] INFO: ============================================================
2026-04-28 07:15:04,308 [viper] INFO:   SCAN RESULTS
2026-04-28 07:15:04,308 [viper] INFO: ============================================================
2026-04-28 07:15:04,309 [viper] INFO:   No opportunities found. Patience.
2026-04-28 07:15:04,309 [viper] INFO: ============================================================
2026-04-28 07:45:05,544 [viper] INFO: ============================================================
2026-04-28 07:45:05,545 [viper] INFO: VIPER OPTIONS ENGINE v1.0 - 2026-04-28T07:45:05.545027
2026-04-28 07:45:05,545 [viper] INFO: ============================================================
2026-04-28 07:45:06,811 [viper] INFO: Account: equity=$101435.19  cash=$24789.17
2026-04-28 07:45:06,958 [raptor.universe] INFO: Universe from cache: 113 symbols
2026-04-28 07:45:06,959 [viper] INFO: Dynamic universe: 113 stocks
2026-04-28 07:45:12,503 [viper] INFO: Analyzed 109 / 36 stocks
2026-04-28 07:46:35,072 [viper] INFO: CSP: 0 candidates
2026-04-28 07:47:12,219 [viper] INFO: Momentum Calls: 0 candidates
2026-04-28 07:47:13,824 [viper] INFO: IV Crush: 0 candidates
2026-04-28 07:47:13,824 [viper] INFO: 
2026-04-28 07:47:13,825 [viper] INFO: ============================================================
2026-04-28 07:47:13,826 [viper] INFO:   SCAN RESULTS
2026-04-28 07:47:13,826 [viper] INFO: ============================================================
2026-04-28 07:47:13,826 [viper] INFO:   No opportunities found. Patience.
2026-04-28 07:47:13,827 [viper] INFO: ============================================================
2026-04-28 08:17:15,018 [viper] INFO: ============================================================
2026-04-28 08:17:15,019 [viper] INFO: VIPER OPTIONS ENGINE v1.0 - 2026-04-28T08:17:15.019833
2026-04-28 08:17:15,020 [viper] INFO: ============================================================
2026-04-28 08:17:15,947 [viper] INFO: Account: equity=$101599.72  cash=$24789.17
2026-04-28 08:17:16,070 [raptor.universe] INFO: Universe from cache: 113 symbols
2026-04-28 08:17:16,071 [viper] INFO: Dynamic universe: 113 stocks
2026-04-28 08:17:23,954 [viper] INFO: Analyzed 109 / 36 stocks
2026-04-28 08:18:46,883 [viper] INFO: CSP: 0 candidates
2026-04-28 08:19:23,647 [viper] INFO: Momentum Calls: 0 candidates
2026-04-28 08:19:25,285 [viper] INFO: IV Crush: 0 candidates
2026-04-28 08:19:25,286 [viper] INFO: 
2026-04-28 08:19:25,286 [viper] INFO: ============================================================
2026-04-28 08:19:25,287 [viper] INFO:   SCAN RESULTS
2026-04-28 08:19:25,287 [viper] INFO: ============================================================
2026-04-28 08:19:25,287 [viper] INFO:   No opportunities found. Patience.
2026-04-28 08:19:25,288 [viper] INFO: ============================================================
2026-04-28 08:49:25,967 [viper] INFO: ============================================================
2026-04-28 08:49:25,968 [viper] INFO: VIPER OPTIONS ENGINE v1.0 - 2026-04-28T08:49:25.968480
2026-04-28 08:49:25,968 [viper] INFO: ============================================================
2026-04-28 08:49:27,027 [viper] INFO: Account: equity=$101642.74  cash=$24789.17
2026-04-28 08:49:27,095 [raptor.universe] INFO: Universe from cache: 113 symbols
2026-04-28 08:49:27,096 [viper] INFO: Dynamic universe: 113 stocks
2026-04-28 08:49:34,925 [viper] INFO: Analyzed 109 / 36 stocks
2026-04-28 08:50:54,044 [viper] INFO: CSP: 0 candidates
2026-04-28 08:51:28,759 [viper] INFO: Momentum Calls: 0 candidates
2026-04-28 08:51:30,398 [viper] INFO: IV Crush: 0 candidates
2026-04-28 08:51:30,398 [viper] INFO: 
2026-04-28 08:51:30,398 [viper] INFO: ============================================================
2026-04-28 08:51:30,399 [viper] INFO:   SCAN RESULTS
2026-04-28 08:51:30,399 [viper] INFO: ============================================================
2026-04-28 08:51:30,399 [viper] INFO:   No opportunities found. Patience.
2026-04-28 08:51:30,399 [viper] INFO: ============================================================
2026-04-28 09:21:30,921 [viper] INFO: ============================================================
2026-04-28 09:21:30,922 [viper] INFO: VIPER OPTIONS ENGINE v1.0 - 2026-04-28T09:21:30.922581
2026-04-28 09:21:30,923 [viper] INFO: ============================================================
2026-04-28 09:21:31,936 [viper] INFO: Account: equity=$101706.24  cash=$24789.17
2026-04-28 09:21:32,019 [raptor.universe] INFO: Universe from cache: 113 symbols
2026-04-28 09:21:32,020 [viper] INFO: Dynamic universe: 113 stocks
2026-04-28 09:21:39,431 [viper] INFO: Analyzed 109 / 36 stocks
2026-04-28 09:23:03,960 [viper] INFO: CSP: 0 candidates
2026-04-28 09:23:42,680 [viper] INFO: Momentum Calls: 0 candidates
2026-04-28 09:23:44,217 [viper] INFO: IV Crush: 0 candidates
2026-04-28 09:23:44,218 [viper] INFO: 
2026-04-28 09:23:44,218 [viper] INFO: ============================================================
2026-04-28 09:23:44,219 [viper] INFO:   SCAN RESULTS
2026-04-28 09:23:44,219 [viper] INFO: ============================================================
2026-04-28 09:23:44,220 [viper] INFO:   No opportunities found. Patience.
2026-04-28 09:23:44,220 [viper] INFO: ============================================================
2026-04-28 09:53:45,227 [viper] INFO: ============================================================
2026-04-28 09:53:45,228 [viper] INFO: VIPER OPTIONS ENGINE v1.0 - 2026-04-28T09:53:45.228869
2026-04-28 09:53:45,229 [viper] INFO: ============================================================
2026-04-28 09:53:46,292 [viper] INFO: Account: equity=$102087.85  cash=$-9606.87
2026-04-28 09:53:46,419 [raptor.universe] INFO: Universe from cache: 113 symbols
2026-04-28 09:53:46,420 [viper] INFO: Dynamic universe: 113 stocks
2026-04-28 09:53:51,890 [viper] INFO: Analyzed 107 / 36 stocks
2026-04-28 09:55:20,985 [viper] INFO: CSP: 0 candidates
2026-04-28 09:56:04,438 [viper] INFO: Momentum Calls: 0 candidates
2026-04-28 09:56:06,076 [viper] INFO: IV Crush: 0 candidates
2026-04-28 09:56:06,077 [viper] INFO: 
2026-04-28 09:56:06,078 [viper] INFO: ============================================================
2026-04-28 09:56:06,078 [viper] INFO:   SCAN RESULTS
2026-04-28 09:56:06,079 [viper] INFO: ============================================================
2026-04-28 09:56:06,079 [viper] INFO:   No opportunities found. Patience.
2026-04-28 09:56:06,079 [viper] INFO: ============================================================
2026-04-28 10:26:06,924 [viper] INFO: ============================================================
2026-04-28 10:26:06,925 [viper] INFO: VIPER OPTIONS ENGINE v1.0 - 2026-04-28T10:26:06.925092
2026-04-28 10:26:06,925 [viper] INFO: ============================================================
2026-04-28 10:26:07,997 [viper] INFO: Account: equity=$102034.93  cash=$-9606.87
2026-04-28 10:26:08,114 [raptor.universe] INFO: Universe from cache: 113 symbols
2026-04-28 10:26:08,115 [viper] INFO: Dynamic universe: 113 stocks
2026-04-28 10:26:13,661 [viper] INFO: Analyzed 107 / 36 stocks
2026-04-28 10:29:36,848 [viper] INFO: CSP: 0 candidates
2026-04-28 10:31:28,832 [viper] INFO: Momentum Calls: 0 candidates
2026-04-28 10:31:31,904 [viper] INFO: IV Crush: 0 candidates
2026-04-28 10:31:31,904 [viper] INFO: 
2026-04-28 10:31:31,905 [viper] INFO: ============================================================
2026-04-28 10:31:31,905 [viper] INFO:   SCAN RESULTS
2026-04-28 10:31:31,905 [viper] INFO: ============================================================
2026-04-28 10:31:31,905 [viper] INFO:   No opportunities found. Patience.
2026-04-28 10:31:31,906 [viper] INFO: ============================================================
2026-04-28 11:01:32,914 [viper] INFO: ============================================================
2026-04-28 11:01:32,915 [viper] INFO: VIPER OPTIONS ENGINE v1.0 - 2026-04-28T11:01:32.915436
2026-04-28 11:01:32,916 [viper] INFO: ============================================================
2026-04-28 11:01:33,912 [viper] INFO: Account: equity=$101647.57  cash=$-9606.87
2026-04-28 11:01:34,049 [raptor.universe] INFO: Universe from cache: 113 symbols
2026-04-28 11:01:34,050 [viper] INFO: Dynamic universe: 113 stocks
2026-04-28 11:01:41,795 [viper] INFO: Analyzed 107 / 36 stocks
2026-04-28 11:05:12,203 [viper] INFO: CSP: 0 candidates
2026-04-28 11:06:59,164 [viper] INFO: Momentum Calls: 0 candidates
2026-04-28 11:07:02,790 [viper] INFO: IV Crush: 0 candidates
2026-04-28 11:07:02,791 [viper] INFO: 
2026-04-28 11:07:02,792 [viper] INFO: ============================================================
2026-04-28 11:07:02,792 [viper] INFO:   SCAN RESULTS
2026-04-28 11:07:02,792 [viper] INFO: ============================================================
2026-04-28 11:07:02,792 [viper] INFO:   No opportunities found. Patience.
2026-04-28 11:07:02,793 [viper] INFO: ============================================================
2026-04-28 11:37:03,992 [viper] INFO: ============================================================
2026-04-28 11:37:03,993 [viper] INFO: VIPER OPTIONS ENGINE v1.0 - 2026-04-28T11:37:03.993156
2026-04-28 11:37:03,993 [viper] INFO: ============================================================
2026-04-28 11:37:05,260 [viper] INFO: Account: equity=$101373.84  cash=$-9606.87
2026-04-28 11:37:05,339 [raptor.universe] INFO: Universe from cache: 113 symbols
2026-04-28 11:37:05,340 [viper] INFO: Dynamic universe: 113 stocks
2026-04-28 11:37:57,514 [viper] INFO: Analyzed 107 / 36 stocks
2026-04-28 11:41:06,197 [viper] INFO: CSP: 0 candidates
2026-04-28 11:42:43,322 [viper] INFO: Momentum Calls: 0 candidates
2026-04-28 11:42:46,510 [viper] INFO: IV Crush: 0 candidates
2026-04-28 11:42:46,511 [viper] INFO: 
2026-04-28 11:42:46,512 [viper] INFO: ============================================================
2026-04-28 11:42:46,512 [viper] INFO:   SCAN RESULTS
2026-04-28 11:42:46,512 [viper] INFO: ============================================================
2026-04-28 11:42:46,513 [viper] INFO:   No opportunities found. Patience.
2026-04-28 11:42:46,513 [viper] INFO: ============================================================
2026-04-28 12:12:46,942 [viper] INFO: ============================================================
2026-04-28 12:12:46,943 [viper] INFO: VIPER OPTIONS ENGINE v1.0 - 2026-04-28T12:12:46.943022
2026-04-28 12:12:46,943 [viper] INFO: ============================================================
2026-04-28 12:12:47,931 [viper] INFO: Account: equity=$101676.14  cash=$-9606.87
2026-04-28 12:12:48,031 [raptor.universe] INFO: Universe from cache: 113 symbols
2026-04-28 12:12:48,032 [viper] INFO: Dynamic universe: 113 stocks
2026-04-28 12:13:24,852 [viper] INFO: Analyzed 107 / 36 stocks
2026-04-28 12:16:20,658 [viper] INFO: CSP: 0 candidates
2026-04-28 12:17:55,632 [viper] INFO: Momentum Calls: 0 candidates
2026-04-28 12:17:58,499 [viper] INFO: IV Crush: 0 candidates
2026-04-28 12:17:58,500 [viper] INFO: 
2026-04-28 12:17:58,501 [viper] INFO: ============================================================
2026-04-28 12:17:58,501 [viper] INFO:   SCAN RESULTS
2026-04-28 12:17:58,501 [viper] INFO: ============================================================
2026-04-28 12:17:58,501 [viper] INFO:   No opportunities found. Patience.
2026-04-28 12:17:58,501 [viper] INFO: ============================================================
2026-04-28 12:47:59,492 [viper] INFO: ============================================================
2026-04-28 12:47:59,493 [viper] INFO: VIPER OPTIONS ENGINE v1.0 - 2026-04-28T12:47:59.493210
2026-04-28 12:47:59,493 [viper] INFO: ============================================================
2026-04-28 12:48:00,761 [viper] INFO: Account: equity=$101600.02  cash=$-9606.87
2026-04-28 12:48:00,854 [raptor.universe] INFO: Universe from cache: 113 symbols
2026-04-28 12:48:00,855 [viper] INFO: Dynamic universe: 113 stocks
2026-04-28 12:48:08,096 [viper] INFO: Analyzed 107 / 36 stocks
2026-04-28 12:50:51,605 [viper] INFO: CSP: 0 candidates
2026-04-28 12:52:20,645 [viper] INFO: Momentum Calls: 0 candidates
2026-04-28 12:52:23,394 [viper] INFO: IV Crush: 0 candidates
2026-04-28 12:52:23,395 [viper] INFO: 
2026-04-28 12:52:23,396 [viper] INFO: ============================================================
2026-04-28 12:52:23,397 [viper] INFO:   SCAN RESULTS
2026-04-28 12:52:23,397 [viper] INFO: ============================================================
2026-04-28 12:52:23,397 [viper] INFO:   No opportunities found. Patience.
2026-04-28 12:52:23,398 [viper] INFO: ============================================================
2026-04-28 13:22:24,083 [viper] INFO: ============================================================
2026-04-28 13:22:24,083 [viper] INFO: VIPER OPTIONS ENGINE v1.0 - 2026-04-28T13:22:24.083909
2026-04-28 13:22:24,084 [viper] INFO: ============================================================
2026-04-28 13:22:25,350 [viper] INFO: Account: equity=$101743.24  cash=$-9606.87
2026-04-28 13:22:25,460 [raptor.universe] INFO: Universe from cache: 113 symbols
2026-04-28 13:22:25,461 [viper] INFO: Dynamic universe: 113 stocks
2026-04-28 13:22:33,952 [viper] INFO: Analyzed 107 / 36 stocks
2026-04-28 13:24:10,745 [viper] INFO: CSP: 0 candidates
2026-04-28 13:25:01,380 [viper] INFO: Momentum Calls: 0 candidates
2026-04-28 13:25:02,833 [viper] INFO: IV Crush: 0 candidates
2026-04-28 13:25:02,834 [viper] INFO: 
2026-04-28 13:25:02,835 [viper] INFO: ============================================================
2026-04-28 13:25:02,835 [viper] INFO:   SCAN RESULTS
2026-04-28 13:25:02,836 [viper] INFO: ============================================================
2026-04-28 13:25:02,836 [viper] INFO:   No opportunities found. Patience.
2026-04-28 13:25:02,837 [viper] INFO: ============================================================
2026-04-28 13:55:04,440 [viper] INFO: ============================================================
2026-04-28 13:55:04,441 [viper] INFO: VIPER OPTIONS ENGINE v1.0 - 2026-04-28T13:55:04.441020
2026-04-28 13:55:04,441 [viper] INFO: ============================================================
2026-04-28 13:55:05,563 [viper] INFO: Account: equity=$102150.73  cash=$-9606.87
2026-04-28 13:55:05,599 [raptor.universe] INFO: Universe from cache: 113 symbols
2026-04-28 13:55:05,600 [viper] INFO: Dynamic universe: 113 stocks
2026-04-28 13:55:39,659 [viper] INFO: Analyzed 107 / 36 stocks
2026-04-28 13:58:21,718 [viper] INFO: CSP: 0 candidates
2026-04-28 13:59:43,582 [viper] INFO: Momentum Calls: 0 candidates
2026-04-28 13:59:46,449 [viper] INFO: IV Crush: 0 candidates
2026-04-28 13:59:46,451 [viper] INFO: 
2026-04-28 13:59:46,451 [viper] INFO: ============================================================
2026-04-28 13:59:46,452 [viper] INFO:   SCAN RESULTS
2026-04-28 13:59:46,452 [viper] INFO: ============================================================
2026-04-28 13:59:46,452 [viper] INFO:   No opportunities found. Patience.
2026-04-28 13:59:46,453 [viper] INFO: ============================================================
2026-04-28 14:29:46,968 [viper] INFO: ============================================================
2026-04-28 14:29:46,969 [viper] INFO: VIPER OPTIONS ENGINE v1.0 - 2026-04-28T14:29:46.969846
2026-04-28 14:29:46,970 [viper] INFO: ============================================================
2026-04-28 14:29:47,984 [viper] INFO: Account: equity=$102044.85  cash=$-9606.87
2026-04-28 14:29:48,108 [raptor.universe] INFO: Universe from cache: 113 symbols
2026-04-28 14:29:48,109 [viper] INFO: Dynamic universe: 113 stocks
2026-04-28 14:29:57,777 [viper] INFO: Analyzed 107 / 36 stocks
2026-04-28 14:32:47,841 [viper] INFO: CSP: 0 candidates
2026-04-28 14:34:04,381 [viper] INFO: Momentum Calls: 0 candidates
2026-04-28 14:34:06,737 [viper] INFO: IV Crush: 0 candidates
2026-04-28 14:34:06,738 [viper] INFO: 
2026-04-28 14:34:06,738 [viper] INFO: ============================================================
2026-04-28 14:34:06,738 [viper] INFO:   SCAN RESULTS
2026-04-28 14:34:06,739 [viper] INFO: ============================================================
2026-04-28 14:34:06,739 [viper] INFO:   No opportunities found. Patience.
2026-04-28 14:34:06,740 [viper] INFO: ============================================================
2026-04-28 15:04:07,886 [viper] INFO: ============================================================
2026-04-28 15:04:07,887 [viper] INFO: VIPER OPTIONS ENGINE v1.0 - 2026-04-28T15:04:07.887550
2026-04-28 15:04:07,888 [viper] INFO: ============================================================
2026-04-28 15:04:08,963 [viper] INFO: Account: equity=$102216.83  cash=$-9606.87
2026-04-28 15:04:09,082 [raptor.universe] INFO: Universe from cache: 113 symbols
2026-04-28 15:04:09,083 [viper] INFO: Dynamic universe: 113 stocks
2026-04-28 15:04:16,981 [viper] INFO: Analyzed 107 / 36 stocks
2026-04-28 15:05:46,316 [viper] INFO: CSP: 0 candidates
2026-04-28 15:06:31,409 [viper] INFO: Momentum Calls: 0 candidates
2026-04-28 15:06:33,047 [viper] INFO: IV Crush: 0 candidates
2026-04-28 15:06:33,048 [viper] INFO: 
2026-04-28 15:06:33,049 [viper] INFO: ============================================================
2026-04-28 15:06:33,049 [viper] INFO:   SCAN RESULTS
2026-04-28 15:06:33,049 [viper] INFO: ============================================================
2026-04-28 15:06:33,050 [viper] INFO:   No opportunities found. Patience.
2026-04-28 15:06:33,050 [viper] INFO: ============================================================
2026-04-28 15:36:33,943 [viper] INFO: ============================================================
2026-04-28 15:36:33,944 [viper] INFO: VIPER OPTIONS ENGINE v1.0 - 2026-04-28T15:36:33.944254
2026-04-28 15:36:33,944 [viper] INFO: ============================================================
2026-04-28 15:36:34,993 [viper] INFO: Account: equity=$101647.07  cash=$-9606.87
2026-04-28 15:36:35,089 [raptor.universe] INFO: Universe from cache: 113 symbols
2026-04-28 15:36:35,090 [viper] INFO: Dynamic universe: 113 stocks
2026-04-28 15:36:42,088 [viper] INFO: Analyzed 107 / 36 stocks
2026-04-28 15:39:19,228 [viper] INFO: CSP: 0 candidates
2026-04-28 15:40:48,420 [viper] INFO: Momentum Calls: 0 candidates
2026-04-28 15:40:51,492 [viper] INFO: IV Crush: 0 candidates
2026-04-28 15:40:51,493 [viper] INFO: 
2026-04-28 15:40:51,494 [viper] INFO: ============================================================
2026-04-28 15:40:51,494 [viper] INFO:   SCAN RESULTS
2026-04-28 15:40:51,494 [viper] INFO: ============================================================
2026-04-28 15:40:51,495 [viper] INFO:   No opportunities found. Patience.
2026-04-28 15:40:51,495 [viper] INFO: ============================================================
2026-04-28 16:10:51,981 [viper] INFO: ============================================================
2026-04-28 16:10:51,982 [viper] INFO: VIPER OPTIONS ENGINE v1.0 - 2026-04-28T16:10:51.982000
2026-04-28 16:10:51,982 [viper] INFO: ============================================================
2026-04-28 16:10:53,024 [viper] INFO: Account: equity=$101804.71  cash=$-9606.87
2026-04-28 16:10:53,123 [raptor.universe] INFO: Universe from cache: 113 symbols
2026-04-28 16:10:53,123 [viper] INFO: Dynamic universe: 113 stocks
2026-04-28 16:11:01,180 [viper] INFO: Analyzed 107 / 36 stocks
2026-04-28 16:12:35,458 [viper] INFO: CSP: 0 candidates
2026-04-28 16:13:21,898 [viper] INFO: Momentum Calls: 0 candidates
2026-04-28 16:13:23,434 [viper] INFO: IV Crush: 0 candidates
2026-04-28 16:13:23,434 [viper] INFO: 
2026-04-28 16:13:23,435 [viper] INFO: ============================================================
2026-04-28 16:13:23,435 [viper] INFO:   SCAN RESULTS
2026-04-28 16:13:23,435 [viper] INFO: ============================================================
2026-04-28 16:13:23,435 [viper] INFO:   No opportunities found. Patience.
2026-04-28 16:13:23,435 [viper] INFO: ============================================================
2026-04-28 16:43:23,919 [viper] INFO: ============================================================
2026-04-28 16:43:23,920 [viper] INFO: VIPER OPTIONS ENGINE v1.0 - 2026-04-28T16:43:23.920592
2026-04-28 16:43:23,921 [viper] INFO: ============================================================
2026-04-28 16:43:24,867 [viper] INFO: Account: equity=$101826.51  cash=$-9606.87
2026-04-28 16:43:24,960 [raptor.universe] INFO: Universe from cache: 113 symbols
2026-04-28 16:43:24,960 [viper] INFO: Dynamic universe: 113 stocks
2026-04-28 16:43:32,216 [viper] INFO: Analyzed 107 / 36 stocks
2026-04-28 16:45:07,338 [viper] INFO: CSP: 0 candidates
2026-04-28 16:45:56,299 [viper] INFO: Momentum Calls: 0 candidates
2026-04-28 16:45:57,938 [viper] INFO: IV Crush: 0 candidates
2026-04-28 16:45:57,939 [viper] INFO: 
2026-04-28 16:45:57,939 [viper] INFO: ============================================================
2026-04-28 16:45:57,940 [viper] INFO:   SCAN RESULTS
2026-04-28 16:45:57,940 [viper] INFO: ============================================================
2026-04-28 16:45:57,940 [viper] INFO:   No opportunities found. Patience.
2026-04-28 16:45:57,941 [viper] INFO: ============================================================
2026-04-28 17:15:58,932 [viper] INFO: ============================================================
2026-04-28 17:15:58,933 [viper] INFO: VIPER OPTIONS ENGINE v1.0 - 2026-04-28T17:15:58.932984
2026-04-28 17:15:58,933 [viper] INFO: ============================================================
2026-04-28 17:15:59,960 [viper] INFO: Account: equity=$101834.65  cash=$-9606.87
2026-04-28 17:16:00,075 [raptor.universe] INFO: Universe from cache: 113 symbols
2026-04-28 17:16:00,076 [viper] INFO: Dynamic universe: 113 stocks
2026-04-28 17:16:05,990 [viper] INFO: Analyzed 107 / 36 stocks
2026-04-28 17:17:40,469 [viper] INFO: CSP: 0 candidates
2026-04-28 17:18:26,604 [viper] INFO: Momentum Calls: 0 candidates
2026-04-28 17:18:28,140 [viper] INFO: IV Crush: 0 candidates
2026-04-28 17:18:28,140 [viper] INFO: 
2026-04-28 17:18:28,141 [viper] INFO: ============================================================
2026-04-28 17:18:28,142 [viper] INFO:   SCAN RESULTS
2026-04-28 17:18:28,142 [viper] INFO: ============================================================
2026-04-28 17:18:28,143 [viper] INFO:   No opportunities found. Patience.
2026-04-28 17:18:28,143 [viper] INFO: ============================================================
2026-04-28 17:48:28,961 [viper] INFO: ============================================================
2026-04-28 17:48:28,962 [viper] INFO: VIPER OPTIONS ENGINE v1.0 - 2026-04-28T17:48:28.962017
2026-04-28 17:48:28,963 [viper] INFO: ============================================================
2026-04-28 17:48:29,986 [viper] INFO: Account: equity=$101815.14  cash=$-9606.87
2026-04-28 17:48:30,075 [raptor.universe] INFO: Universe from cache: 113 symbols
2026-04-28 17:48:30,076 [viper] INFO: Dynamic universe: 113 stocks
2026-04-28 17:48:36,175 [viper] INFO: Analyzed 107 / 36 stocks
2026-04-28 17:50:08,417 [viper] INFO: CSP: 0 candidates
2026-04-28 17:50:55,885 [viper] INFO: Momentum Calls: 0 candidates
2026-04-28 17:50:57,420 [viper] INFO: IV Crush: 0 candidates
2026-04-28 17:50:57,420 [viper] INFO: 
2026-04-28 17:50:57,421 [viper] INFO: ============================================================
2026-04-28 17:50:57,421 [viper] INFO:   SCAN RESULTS
2026-04-28 17:50:57,421 [viper] INFO: ============================================================
2026-04-28 17:50:57,421 [viper] INFO:   No opportunities found. Patience.
2026-04-28 17:50:57,422 [viper] INFO: ============================================================
2026-04-28 18:21:00,432 [viper] INFO: ============================================================
2026-04-28 18:21:00,434 [viper] INFO: VIPER OPTIONS ENGINE v1.0 - 2026-04-28T18:21:00.433956
2026-04-28 18:21:00,434 [viper] INFO: ============================================================
2026-04-28 18:21:02,105 [viper] INFO: Account: equity=$102009.68  cash=$-9606.87
2026-04-28 18:21:02,230 [raptor.universe] INFO: Universe from cache: 113 symbols
2026-04-28 18:21:02,230 [viper] INFO: Dynamic universe: 113 stocks
2026-04-28 18:21:07,745 [viper] INFO: Analyzed 107 / 36 stocks
2026-04-28 18:22:42,256 [viper] INFO: CSP: 0 candidates
2026-04-28 18:23:30,695 [viper] INFO: Momentum Calls: 0 candidates
2026-04-28 18:23:32,128 [viper] INFO: IV Crush: 0 candidates
2026-04-28 18:23:32,129 [viper] INFO: 
2026-04-28 18:23:32,129 [viper] INFO: ============================================================
2026-04-28 18:23:32,130 [viper] INFO:   SCAN RESULTS
2026-04-28 18:23:32,130 [viper] INFO: ============================================================
2026-04-28 18:23:32,130 [viper] INFO:   No opportunities found. Patience.
2026-04-28 18:23:32,131 [viper] INFO: ============================================================
2026-04-28 19:01:19,318 [viper] INFO: ============================================================
2026-04-28 19:01:19,320 [viper] INFO: VIPER OPTIONS ENGINE v1.0 - 2026-04-28T19:01:19.320661
2026-04-28 19:01:19,321 [viper] INFO: ============================================================
2026-04-28 19:01:21,081 [viper] INFO: Account: equity=$101808.25  cash=$-9606.87
2026-04-28 19:01:21,234 [raptor.universe] INFO: Universe from cache: 113 symbols
2026-04-28 19:01:21,236 [viper] INFO: Dynamic universe: 113 stocks
2026-04-28 19:01:34,289 [viper] INFO: Analyzed 107 / 36 stocks
2026-04-28 19:03:19,102 [viper] INFO: CSP: 0 candidates
2026-04-28 19:04:09,494 [viper] INFO: Momentum Calls: 0 candidates
2026-04-28 19:04:11,065 [viper] INFO: IV Crush: 0 candidates
2026-04-28 19:04:11,067 [viper] INFO: 
2026-04-28 19:04:11,068 [viper] INFO: ============================================================
2026-04-28 19:04:11,068 [viper] INFO:   SCAN RESULTS
2026-04-28 19:04:11,069 [viper] INFO: ============================================================
2026-04-28 19:04:11,069 [viper] INFO:   No opportunities found. Patience.
2026-04-28 19:04:11,069 [viper] INFO: ============================================================
2026-04-28 19:34:12,807 [viper] INFO: ============================================================
2026-04-28 19:34:12,809 [viper] INFO: VIPER OPTIONS ENGINE v1.0 - 2026-04-28T19:34:12.809380
2026-04-28 19:34:12,810 [viper] INFO: ============================================================
2026-04-28 19:34:14,309 [viper] INFO: Account: equity=$102044.34  cash=$-9606.87
2026-04-28 19:34:14,352 [raptor.universe] INFO: Universe from cache: 113 symbols
2026-04-28 19:34:14,353 [viper] INFO: Dynamic universe: 113 stocks
2026-04-28 19:34:19,482 [viper] INFO: Analyzed 107 / 36 stocks
2026-04-28 19:35:45,869 [viper] INFO: CSP: 0 candidates
2026-04-28 19:36:34,103 [viper] INFO: Momentum Calls: 0 candidates
2026-04-28 19:36:35,670 [viper] INFO: IV Crush: 0 candidates
2026-04-28 19:36:35,671 [viper] INFO: 
2026-04-28 19:36:35,672 [viper] INFO: ============================================================
2026-04-28 19:36:35,672 [viper] INFO:   SCAN RESULTS
2026-04-28 19:36:35,672 [viper] INFO: ============================================================
2026-04-28 19:36:35,673 [viper] INFO:   No opportunities found. Patience.
2026-04-28 19:36:35,673 [viper] INFO: ============================================================
2026-04-28 20:06:37,510 [viper] INFO: ============================================================
2026-04-28 20:06:37,512 [viper] INFO: VIPER OPTIONS ENGINE v1.0 - 2026-04-28T20:06:37.512152
2026-04-28 20:06:37,513 [viper] INFO: ============================================================
2026-04-28 20:06:38,919 [viper] INFO: Account: equity=$102119.94  cash=$-9606.87
2026-04-28 20:06:39,042 [raptor.universe] INFO: Universe from cache: 113 symbols
2026-04-28 20:06:39,043 [viper] INFO: Dynamic universe: 113 stocks
2026-04-28 20:06:51,393 [viper] INFO: Analyzed 107 / 36 stocks
2026-04-28 20:08:28,978 [viper] INFO: CSP: 0 candidates
2026-04-28 20:09:18,196 [viper] INFO: Momentum Calls: 0 candidates
2026-04-28 20:09:19,669 [viper] INFO: IV Crush: 0 candidates
2026-04-28 20:09:19,671 [viper] INFO: 
2026-04-28 20:09:19,671 [viper] INFO: ============================================================
2026-04-28 20:09:19,672 [viper] INFO:   SCAN RESULTS
2026-04-28 20:09:19,672 [viper] INFO: ============================================================
2026-04-28 20:09:19,673 [viper] INFO:   No opportunities found. Patience.
2026-04-28 20:09:19,674 [viper] INFO: ============================================================
2026-04-28 20:39:21,297 [viper] INFO: ============================================================
2026-04-28 20:39:21,298 [viper] INFO: VIPER OPTIONS ENGINE v1.0 - 2026-04-28T20:39:21.298793
2026-04-28 20:39:21,299 [viper] INFO: ============================================================
2026-04-28 20:39:22,821 [viper] INFO: Account: equity=$102144.89  cash=$-9606.87
2026-04-28 20:39:22,950 [raptor.universe] INFO: Universe from cache: 113 symbols
2026-04-28 20:39:22,951 [viper] INFO: Dynamic universe: 113 stocks
2026-04-28 20:39:34,707 [viper] INFO: Analyzed 107 / 36 stocks
2026-04-28 20:41:12,205 [viper] INFO: CSP: 0 candidates
2026-04-28 20:42:00,833 [viper] INFO: Momentum Calls: 0 candidates
2026-04-28 20:42:02,265 [viper] INFO: IV Crush: 0 candidates
2026-04-28 20:42:02,267 [viper] INFO: 
2026-04-28 20:42:02,268 [viper] INFO: ============================================================
2026-04-28 20:42:02,268 [viper] INFO:   SCAN RESULTS
2026-04-28 20:42:02,269 [viper] INFO: ============================================================
2026-04-28 20:42:02,270 [viper] INFO:   No opportunities found. Patience.
2026-04-28 20:42:02,271 [viper] INFO: ============================================================
2026-04-28 21:12:04,314 [viper] INFO: ============================================================
2026-04-28 21:12:04,316 [viper] INFO: VIPER OPTIONS ENGINE v1.0 - 2026-04-28T21:12:04.316015
2026-04-28 21:12:04,317 [viper] INFO: ============================================================
2026-04-28 21:12:06,077 [viper] INFO: Account: equity=$101972.13  cash=$-9606.87
2026-04-28 21:12:06,171 [raptor.universe] INFO: Universe from cache: 113 symbols
2026-04-28 21:12:06,172 [viper] INFO: Dynamic universe: 113 stocks
2026-04-28 21:12:18,634 [viper] INFO: Analyzed 107 / 36 stocks
2026-04-28 21:13:55,766 [viper] INFO: CSP: 0 candidates
2026-04-28 21:14:45,477 [viper] INFO: Momentum Calls: 0 candidates
2026-04-28 21:14:47,014 [viper] INFO: IV Crush: 0 candidates
2026-04-28 21:14:47,016 [viper] INFO: 
2026-04-28 21:14:47,016 [viper] INFO: ============================================================
2026-04-28 21:14:47,016 [viper] INFO:   SCAN RESULTS
2026-04-28 21:14:47,017 [viper] INFO: ============================================================
2026-04-28 21:14:47,017 [viper] INFO:   No opportunities found. Patience.
2026-04-28 21:14:47,018 [viper] INFO: ============================================================
2026-04-28 21:44:48,959 [viper] INFO: ============================================================
2026-04-28 21:44:48,960 [viper] INFO: VIPER OPTIONS ENGINE v1.0 - 2026-04-28T21:44:48.960867
2026-04-28 21:44:48,961 [viper] INFO: ============================================================
2026-04-28 21:44:50,789 [viper] INFO: Account: equity=$102130.23  cash=$-9606.87
2026-04-28 21:44:50,909 [raptor.universe] INFO: Universe from cache: 113 symbols
2026-04-28 21:44:50,911 [viper] INFO: Dynamic universe: 113 stocks
2026-04-28 21:45:03,381 [viper] INFO: Analyzed 107 / 36 stocks
2026-04-28 21:46:42,503 [viper] INFO: CSP: 0 candidates
2026-04-28 21:47:32,068 [viper] INFO: Momentum Calls: 0 candidates
2026-04-28 21:47:33,706 [viper] INFO: IV Crush: 0 candidates
2026-04-28 21:47:33,707 [viper] INFO: 
2026-04-28 21:47:33,707 [viper] INFO: ============================================================
2026-04-28 21:47:33,707 [viper] INFO:   SCAN RESULTS
2026-04-28 21:47:33,707 [viper] INFO: ============================================================
2026-04-28 21:47:33,708 [viper] INFO:   No opportunities found. Patience.
2026-04-28 21:47:33,708 [viper] INFO: ============================================================
2026-04-28 22:17:36,230 [viper] INFO: ============================================================
2026-04-28 22:17:36,231 [viper] INFO: VIPER OPTIONS ENGINE v1.0 - 2026-04-28T22:17:36.231232
2026-04-28 22:17:36,232 [viper] INFO: ============================================================
2026-04-28 22:17:37,993 [viper] INFO: Account: equity=$102126.66  cash=$-9606.87
2026-04-28 22:17:38,104 [raptor.universe] INFO: Universe from cache: 113 symbols
2026-04-28 22:17:38,104 [viper] INFO: Dynamic universe: 113 stocks
2026-04-28 22:17:50,075 [viper] INFO: Analyzed 107 / 36 stocks
2026-04-28 22:19:27,111 [viper] INFO: CSP: 0 candidates
2026-04-28 22:20:16,815 [viper] INFO: Momentum Calls: 0 candidates
2026-04-28 22:20:18,454 [viper] INFO: IV Crush: 0 candidates
2026-04-28 22:20:18,455 [viper] INFO: 
2026-04-28 22:20:18,456 [viper] INFO: ============================================================
2026-04-28 22:20:18,457 [viper] INFO:   SCAN RESULTS
2026-04-28 22:20:18,458 [viper] INFO: ============================================================
2026-04-28 22:20:18,459 [viper] INFO:   No opportunities found. Patience.
2026-04-28 22:20:18,459 [viper] INFO: ============================================================
2026-04-28 22:50:20,412 [viper] INFO: ============================================================
2026-04-28 22:50:20,414 [viper] INFO: VIPER OPTIONS ENGINE v1.0 - 2026-04-28T22:50:20.414257
2026-04-28 22:50:20,415 [viper] INFO: ============================================================
2026-04-28 22:50:21,959 [viper] INFO: Account: equity=$102167.55  cash=$-9606.87
2026-04-28 22:50:22,047 [raptor.universe] INFO: Universe from cache: 113 symbols
2026-04-28 22:50:22,048 [viper] INFO: Dynamic universe: 113 stocks
2026-04-28 22:50:33,491 [viper] INFO: Analyzed 107 / 36 stocks
2026-04-28 22:52:11,443 [viper] INFO: CSP: 0 candidates
2026-04-28 22:53:00,027 [viper] INFO: Momentum Calls: 0 candidates
2026-04-28 22:53:01,666 [viper] INFO: IV Crush: 0 candidates
2026-04-28 22:53:01,667 [viper] INFO: 
2026-04-28 22:53:01,668 [viper] INFO: ============================================================
2026-04-28 22:53:01,668 [viper] INFO:   SCAN RESULTS
2026-04-28 22:53:01,669 [viper] INFO: ============================================================
2026-04-28 22:53:01,669 [viper] INFO:   No opportunities found. Patience.
2026-04-28 22:53:01,669 [viper] INFO: ============================================================
2026-04-28 23:23:03,507 [viper] INFO: ============================================================
2026-04-28 23:23:03,508 [viper] INFO: VIPER OPTIONS ENGINE v1.0 - 2026-04-28T23:23:03.508857
2026-04-28 23:23:03,510 [viper] INFO: ============================================================
2026-04-28 23:23:04,844 [viper] INFO: Account: equity=$102304.02  cash=$-9606.87
2026-04-28 23:23:04,938 [raptor.universe] INFO: Universe from cache: 113 symbols
2026-04-28 23:23:04,940 [viper] INFO: Dynamic universe: 113 stocks
2026-04-28 23:23:16,908 [viper] INFO: Analyzed 107 / 36 stocks
2026-04-28 23:24:54,859 [viper] INFO: CSP: 0 candidates
2026-04-28 23:25:43,342 [viper] INFO: Momentum Calls: 0 candidates
2026-04-28 23:25:44,880 [viper] INFO: IV Crush: 0 candidates
2026-04-28 23:25:44,881 [viper] INFO: 
2026-04-28 23:25:44,884 [viper] INFO: ============================================================
2026-04-28 23:25:44,885 [viper] INFO:   SCAN RESULTS
2026-04-28 23:25:44,886 [viper] INFO: ============================================================
2026-04-28 23:25:44,886 [viper] INFO:   No opportunities found. Patience.
2026-04-28 23:25:44,887 [viper] INFO: ============================================================
2026-04-28 23:55:46,349 [viper] INFO: ============================================================
2026-04-28 23:55:46,350 [viper] INFO: VIPER OPTIONS ENGINE v1.0 - 2026-04-28T23:55:46.350680
2026-04-28 23:55:46,351 [viper] INFO: ============================================================
2026-04-28 23:55:47,652 [viper] INFO: Account: equity=$102155.54  cash=$-9606.87
2026-04-28 23:55:47,781 [raptor.universe] INFO: Universe from cache: 113 symbols
2026-04-28 23:55:47,783 [viper] INFO: Dynamic universe: 113 stocks
2026-04-28 23:56:00,086 [viper] INFO: Analyzed 107 / 36 stocks
2026-04-28 23:57:37,629 [viper] INFO: CSP: 0 candidates
2026-04-28 23:58:26,144 [viper] INFO: Momentum Calls: 0 candidates
2026-04-28 23:58:27,629 [viper] INFO: IV Crush: 0 candidates
2026-04-28 23:58:27,631 [viper] INFO: 
2026-04-28 23:58:27,631 [viper] INFO: ============================================================
2026-04-28 23:58:27,632 [viper] INFO:   SCAN RESULTS
2026-04-28 23:58:27,635 [viper] INFO: ============================================================
2026-04-28 23:58:27,636 [viper] INFO:   No opportunities found. Patience.
2026-04-28 23:58:27,638 [viper] INFO: ============================================================
