2026-04-17 00:29:00,181 [viper] INFO: ============================================================
2026-04-17 00:29:00,182 [viper] INFO: VIPER OPTIONS ENGINE v1.0 - 2026-04-17T00:29:00.182325
2026-04-17 00:29:00,182 [viper] INFO: ============================================================
2026-04-17 00:29:01,562 [viper] INFO: Account: equity=$105227.40  cash=$105227.40
2026-04-17 00:29:01,584 [viper] INFO: Analyzing 36 stocks...
2026-04-17 00:29:04,119 [viper] INFO: Analyzed 36 / 36 stocks
2026-04-17 00:29:23,118 [viper] INFO: CSP: 0 candidates
2026-04-17 00:29:27,931 [viper] INFO: Momentum Calls: 0 candidates
2026-04-17 00:29:27,934 [viper] INFO: IV Crush: 0 candidates
2026-04-17 00:29:27,934 [viper] INFO: 
2026-04-17 00:29:27,934 [viper] INFO: ============================================================
2026-04-17 00:29:27,935 [viper] INFO:   SCAN RESULTS
2026-04-17 00:29:27,935 [viper] INFO: ============================================================
2026-04-17 00:29:27,935 [viper] INFO:   No opportunities found. Patience.
2026-04-17 00:29:27,935 [viper] INFO: ============================================================
2026-04-17 00:59:28,907 [viper] INFO: ============================================================
2026-04-17 00:59:28,908 [viper] INFO: VIPER OPTIONS ENGINE v1.0 - 2026-04-17T00:59:28.908657
2026-04-17 00:59:28,909 [viper] INFO: ============================================================
2026-04-17 00:59:29,872 [viper] INFO: Account: equity=$105227.40  cash=$105227.40
2026-04-17 00:59:29,951 [viper] INFO: Analyzing 36 stocks...
2026-04-17 00:59:32,749 [viper] INFO: Analyzed 36 / 36 stocks
2026-04-17 00:59:51,764 [viper] INFO: CSP: 0 candidates
2026-04-17 00:59:56,404 [viper] INFO: Momentum Calls: 0 candidates
2026-04-17 00:59:56,404 [viper] INFO: IV Crush: 0 candidates
2026-04-17 00:59:56,404 [viper] INFO: 
2026-04-17 00:59:56,404 [viper] INFO: ============================================================
2026-04-17 00:59:56,405 [viper] INFO:   SCAN RESULTS
2026-04-17 00:59:56,405 [viper] INFO: ============================================================
2026-04-17 00:59:56,405 [viper] INFO:   No opportunities found. Patience.
2026-04-17 00:59:56,405 [viper] INFO: ============================================================
2026-04-17 01:29:57,423 [viper] INFO: ============================================================
2026-04-17 01:29:57,424 [viper] INFO: VIPER OPTIONS ENGINE v1.0 - 2026-04-17T01:29:57.424332
2026-04-17 01:29:57,424 [viper] INFO: ============================================================
2026-04-17 01:29:58,528 [viper] INFO: Account: equity=$105227.40  cash=$105227.40
2026-04-17 01:29:58,599 [viper] INFO: Analyzing 36 stocks...
2026-04-17 01:30:01,798 [viper] INFO: Analyzed 36 / 36 stocks
2026-04-17 01:30:21,639 [viper] INFO: CSP: 0 candidates
2026-04-17 01:30:26,514 [viper] INFO: Momentum Calls: 0 candidates
2026-04-17 01:30:26,515 [viper] INFO: IV Crush: 0 candidates
2026-04-17 01:30:26,515 [viper] INFO: 
2026-04-17 01:30:26,515 [viper] INFO: ============================================================
2026-04-17 01:30:26,515 [viper] INFO:   SCAN RESULTS
2026-04-17 01:30:26,516 [viper] INFO: ============================================================
2026-04-17 01:30:26,516 [viper] INFO:   No opportunities found. Patience.
2026-04-17 01:30:26,516 [viper] INFO: ============================================================
2026-04-17 02:00:26,984 [viper] INFO: ============================================================
2026-04-17 02:00:26,985 [viper] INFO: VIPER OPTIONS ENGINE v1.0 - 2026-04-17T02:00:26.984998
2026-04-17 02:00:26,985 [viper] INFO: ============================================================
2026-04-17 02:00:27,987 [viper] INFO: Account: equity=$105227.40  cash=$105227.40
2026-04-17 02:00:28,063 [viper] INFO: Analyzing 36 stocks...
2026-04-17 02:00:31,583 [viper] INFO: Analyzed 36 / 36 stocks
2026-04-17 02:00:51,819 [viper] INFO: CSP: 0 candidates
2026-04-17 02:00:56,635 [viper] INFO: Momentum Calls: 0 candidates
2026-04-17 02:00:56,635 [viper] INFO: IV Crush: 0 candidates
2026-04-17 02:00:56,636 [viper] INFO: 
2026-04-17 02:00:56,636 [viper] INFO: ============================================================
2026-04-17 02:00:56,636 [viper] INFO:   SCAN RESULTS
2026-04-17 02:00:56,636 [viper] INFO: ============================================================
2026-04-17 02:00:56,636 [viper] INFO:   No opportunities found. Patience.
2026-04-17 02:00:56,636 [viper] INFO: ============================================================
2026-04-17 02:30:57,317 [viper] INFO: ============================================================
2026-04-17 02:30:57,318 [viper] INFO: VIPER OPTIONS ENGINE v1.0 - 2026-04-17T02:30:57.318081
2026-04-17 02:30:57,318 [viper] INFO: ============================================================
2026-04-17 02:30:58,484 [viper] INFO: Account: equity=$105227.40  cash=$105227.40
2026-04-17 02:30:58,554 [viper] INFO: Analyzing 36 stocks...
2026-04-17 02:31:00,909 [viper] INFO: Analyzed 36 / 36 stocks
2026-04-17 02:31:19,919 [viper] INFO: CSP: 0 candidates
2026-04-17 02:31:24,162 [viper] INFO: Momentum Calls: 0 candidates
2026-04-17 02:31:24,163 [viper] INFO: IV Crush: 0 candidates
2026-04-17 02:31:24,164 [viper] INFO: 
2026-04-17 02:31:24,164 [viper] INFO: ============================================================
2026-04-17 02:31:24,164 [viper] INFO:   SCAN RESULTS
2026-04-17 02:31:24,165 [viper] INFO: ============================================================
2026-04-17 02:31:24,165 [viper] INFO:   No opportunities found. Patience.
2026-04-17 02:31:24,165 [viper] INFO: ============================================================
2026-04-17 03:01:24,972 [viper] INFO: ============================================================
2026-04-17 03:01:24,973 [viper] INFO: VIPER OPTIONS ENGINE v1.0 - 2026-04-17T03:01:24.973686
2026-04-17 03:01:24,974 [viper] INFO: ============================================================
2026-04-17 03:01:25,916 [viper] INFO: Account: equity=$105227.40  cash=$105227.40
2026-04-17 03:01:26,014 [viper] INFO: Analyzing 36 stocks...
2026-04-17 03:01:29,730 [viper] INFO: Analyzed 36 / 36 stocks
2026-04-17 03:01:49,735 [viper] INFO: CSP: 0 candidates
2026-04-17 03:01:54,336 [viper] INFO: Momentum Calls: 0 candidates
2026-04-17 03:01:54,338 [viper] INFO: IV Crush: 0 candidates
2026-04-17 03:01:54,338 [viper] INFO: 
2026-04-17 03:01:54,339 [viper] INFO: ============================================================
2026-04-17 03:01:54,340 [viper] INFO:   SCAN RESULTS
2026-04-17 03:01:54,340 [viper] INFO: ============================================================
2026-04-17 03:01:54,341 [viper] INFO:   No opportunities found. Patience.
2026-04-17 03:01:54,341 [viper] INFO: ============================================================
2026-04-17 03:31:54,953 [viper] INFO: ============================================================
2026-04-17 03:31:54,954 [viper] INFO: VIPER OPTIONS ENGINE v1.0 - 2026-04-17T03:31:54.954325
2026-04-17 03:31:54,954 [viper] INFO: ============================================================
2026-04-17 03:31:55,914 [viper] INFO: Account: equity=$105227.40  cash=$105227.40
2026-04-17 03:31:56,051 [viper] INFO: Analyzing 36 stocks...
2026-04-17 03:31:58,593 [viper] INFO: Analyzed 36 / 36 stocks
2026-04-17 03:32:17,865 [viper] INFO: CSP: 0 candidates
2026-04-17 03:32:22,676 [viper] INFO: Momentum Calls: 0 candidates
2026-04-17 03:32:22,677 [viper] INFO: IV Crush: 0 candidates
2026-04-17 03:32:22,677 [viper] INFO: 
2026-04-17 03:32:22,677 [viper] INFO: ============================================================
2026-04-17 03:32:22,678 [viper] INFO:   SCAN RESULTS
2026-04-17 03:32:22,678 [viper] INFO: ============================================================
2026-04-17 03:32:22,679 [viper] INFO:   No opportunities found. Patience.
2026-04-17 03:32:22,679 [viper] INFO: ============================================================
2026-04-17 04:02:22,985 [viper] INFO: ============================================================
2026-04-17 04:02:22,986 [viper] INFO: VIPER OPTIONS ENGINE v1.0 - 2026-04-17T04:02:22.986407
2026-04-17 04:02:22,986 [viper] INFO: ============================================================
2026-04-17 04:02:24,187 [viper] INFO: Account: equity=$105227.40  cash=$105227.40
2026-04-17 04:02:24,287 [viper] INFO: Analyzing 36 stocks...
2026-04-17 04:02:26,967 [viper] INFO: Analyzed 36 / 36 stocks
2026-04-17 04:02:47,124 [viper] INFO: CSP: 0 candidates
2026-04-17 04:02:51,806 [viper] INFO: Momentum Calls: 0 candidates
2026-04-17 04:02:51,807 [viper] INFO: IV Crush: 0 candidates
2026-04-17 04:02:51,807 [viper] INFO: 
2026-04-17 04:02:51,807 [viper] INFO: ============================================================
2026-04-17 04:02:51,808 [viper] INFO:   SCAN RESULTS
2026-04-17 04:02:51,808 [viper] INFO: ============================================================
2026-04-17 04:02:51,808 [viper] INFO:   No opportunities found. Patience.
2026-04-17 04:02:51,808 [viper] INFO: ============================================================
2026-04-17 04:32:52,938 [viper] INFO: ============================================================
2026-04-17 04:32:52,939 [viper] INFO: VIPER OPTIONS ENGINE v1.0 - 2026-04-17T04:32:52.939772
2026-04-17 04:32:52,940 [viper] INFO: ============================================================
2026-04-17 04:32:53,857 [viper] INFO: Account: equity=$105227.40  cash=$105227.40
2026-04-17 04:32:53,959 [viper] INFO: Analyzing 36 stocks...
2026-04-17 04:32:56,413 [viper] INFO: Analyzed 36 / 36 stocks
2026-04-17 04:33:15,690 [viper] INFO: CSP: 0 candidates
2026-04-17 04:33:20,482 [viper] INFO: Momentum Calls: 0 candidates
2026-04-17 04:33:20,483 [viper] INFO: IV Crush: 0 candidates
2026-04-17 04:33:20,484 [viper] INFO: 
2026-04-17 04:33:20,484 [viper] INFO: ============================================================
2026-04-17 04:33:20,485 [viper] INFO:   SCAN RESULTS
2026-04-17 04:33:20,485 [viper] INFO: ============================================================
2026-04-17 04:33:20,486 [viper] INFO:   No opportunities found. Patience.
2026-04-17 04:33:20,486 [viper] INFO: ============================================================
2026-04-17 05:03:20,915 [viper] INFO: ============================================================
2026-04-17 05:03:20,916 [viper] INFO: VIPER OPTIONS ENGINE v1.0 - 2026-04-17T05:03:20.916448
2026-04-17 05:03:20,917 [viper] INFO: ============================================================
2026-04-17 05:03:21,808 [viper] INFO: Account: equity=$105227.40  cash=$105227.40
2026-04-17 05:03:21,889 [viper] INFO: Analyzing 36 stocks...
2026-04-17 05:03:24,453 [viper] INFO: Analyzed 36 / 36 stocks
2026-04-17 05:03:44,520 [viper] INFO: CSP: 0 candidates
2026-04-17 05:03:49,231 [viper] INFO: Momentum Calls: 0 candidates
2026-04-17 05:03:49,232 [viper] INFO: IV Crush: 0 candidates
2026-04-17 05:03:49,232 [viper] INFO: 
2026-04-17 05:03:49,233 [viper] INFO: ============================================================
2026-04-17 05:03:49,233 [viper] INFO:   SCAN RESULTS
2026-04-17 05:03:49,234 [viper] INFO: ============================================================
2026-04-17 05:03:49,234 [viper] INFO:   No opportunities found. Patience.
2026-04-17 05:03:49,235 [viper] INFO: ============================================================
2026-04-17 05:33:49,904 [viper] INFO: ============================================================
2026-04-17 05:33:49,905 [viper] INFO: VIPER OPTIONS ENGINE v1.0 - 2026-04-17T05:33:49.905163
2026-04-17 05:33:49,905 [viper] INFO: ============================================================
2026-04-17 05:33:50,869 [viper] INFO: Account: equity=$105227.40  cash=$105227.40
2026-04-17 05:33:50,945 [viper] INFO: Analyzing 36 stocks...
2026-04-17 05:33:54,488 [viper] INFO: Analyzed 36 / 36 stocks
2026-04-17 05:34:13,577 [viper] INFO: CSP: 0 candidates
2026-04-17 05:34:18,492 [viper] INFO: Momentum Calls: 0 candidates
2026-04-17 05:34:18,493 [viper] INFO: IV Crush: 0 candidates
2026-04-17 05:34:18,494 [viper] INFO: 
2026-04-17 05:34:18,495 [viper] INFO: ============================================================
2026-04-17 05:34:18,495 [viper] INFO:   SCAN RESULTS
2026-04-17 05:34:18,495 [viper] INFO: ============================================================
2026-04-17 05:34:18,496 [viper] INFO:   No opportunities found. Patience.
2026-04-17 05:34:18,496 [viper] INFO: ============================================================
2026-04-17 06:04:18,959 [viper] INFO: ============================================================
2026-04-17 06:04:18,960 [viper] INFO: VIPER OPTIONS ENGINE v1.0 - 2026-04-17T06:04:18.960287
2026-04-17 06:04:18,960 [viper] INFO: ============================================================
2026-04-17 06:04:19,929 [viper] INFO: Account: equity=$105227.40  cash=$105227.40
2026-04-17 06:04:20,001 [viper] INFO: Analyzing 36 stocks...
2026-04-17 06:04:22,466 [viper] INFO: Analyzed 36 / 36 stocks
2026-04-17 06:04:42,838 [viper] INFO: CSP: 0 candidates
2026-04-17 06:04:47,650 [viper] INFO: Momentum Calls: 0 candidates
2026-04-17 06:04:47,651 [viper] INFO: IV Crush: 0 candidates
2026-04-17 06:04:47,651 [viper] INFO: 
2026-04-17 06:04:47,652 [viper] INFO: ============================================================
2026-04-17 06:04:47,652 [viper] INFO:   SCAN RESULTS
2026-04-17 06:04:47,652 [viper] INFO: ============================================================
2026-04-17 06:04:47,653 [viper] INFO:   No opportunities found. Patience.
2026-04-17 06:04:47,653 [viper] INFO: ============================================================
2026-04-17 06:34:48,413 [viper] INFO: ============================================================
2026-04-17 06:34:48,414 [viper] INFO: VIPER OPTIONS ENGINE v1.0 - 2026-04-17T06:34:48.414674
2026-04-17 06:34:48,415 [viper] INFO: ============================================================
2026-04-17 06:34:49,706 [viper] INFO: Account: equity=$105227.40  cash=$105227.40
2026-04-17 06:34:49,775 [viper] INFO: Analyzing 36 stocks...
2026-04-17 06:34:52,410 [viper] INFO: Analyzed 36 / 36 stocks
2026-04-17 06:35:12,343 [viper] INFO: CSP: 0 candidates
2026-04-17 06:35:16,604 [viper] INFO: Momentum Calls: 0 candidates
2026-04-17 06:35:16,605 [viper] INFO: IV Crush: 0 candidates
2026-04-17 06:35:16,605 [viper] INFO: 
2026-04-17 06:35:16,606 [viper] INFO: ============================================================
2026-04-17 06:35:16,606 [viper] INFO:   SCAN RESULTS
2026-04-17 06:35:16,607 [viper] INFO: ============================================================
2026-04-17 06:35:16,607 [viper] INFO:   No opportunities found. Patience.
2026-04-17 06:35:16,608 [viper] INFO: ============================================================
2026-04-17 07:29:05,909 [viper] INFO: ============================================================
2026-04-17 07:29:05,910 [viper] INFO: VIPER OPTIONS ENGINE v1.0 - 2026-04-17T07:29:05.910883
2026-04-17 07:29:05,911 [viper] INFO: ============================================================
2026-04-17 07:29:07,416 [viper] INFO: Account: equity=$105227.40  cash=$105227.40
2026-04-17 07:29:07,441 [viper] INFO: Analyzing 36 stocks...
2026-04-17 07:29:09,442 [viper] INFO: Analyzed 36 / 36 stocks
2026-04-17 07:29:28,063 [viper] INFO: CSP: 0 candidates
2026-04-17 07:29:32,774 [viper] INFO: Momentum Calls: 0 candidates
2026-04-17 07:29:32,775 [viper] INFO: IV Crush: 0 candidates
2026-04-17 07:29:32,775 [viper] INFO: 
2026-04-17 07:29:32,776 [viper] INFO: ============================================================
2026-04-17 07:29:32,776 [viper] INFO:   SCAN RESULTS
2026-04-17 07:29:32,776 [viper] INFO: ============================================================
2026-04-17 07:29:32,777 [viper] INFO:   No opportunities found. Patience.
2026-04-17 07:29:32,777 [viper] INFO: ============================================================
2026-04-17 07:59:32,912 [viper] INFO: ============================================================
2026-04-17 07:59:32,913 [viper] INFO: VIPER OPTIONS ENGINE v1.0 - 2026-04-17T07:59:32.913165
2026-04-17 07:59:32,913 [viper] INFO: ============================================================
2026-04-17 07:59:33,898 [viper] INFO: Account: equity=$105227.40  cash=$105227.40
2026-04-17 07:59:33,972 [viper] INFO: Analyzing 36 stocks...
2026-04-17 07:59:36,305 [viper] INFO: Analyzed 36 / 36 stocks
2026-04-17 07:59:55,476 [viper] INFO: CSP: 0 candidates
2026-04-17 08:00:00,391 [viper] INFO: Momentum Calls: 0 candidates
2026-04-17 08:00:00,392 [viper] INFO: IV Crush: 0 candidates
2026-04-17 08:00:00,392 [viper] INFO: 
2026-04-17 08:00:00,392 [viper] INFO: ============================================================
2026-04-17 08:00:00,392 [viper] INFO:   SCAN RESULTS
2026-04-17 08:00:00,392 [viper] INFO: ============================================================
2026-04-17 08:00:00,392 [viper] INFO:   No opportunities found. Patience.
2026-04-17 08:00:00,393 [viper] INFO: ============================================================
2026-04-17 08:30:02,880 [viper] INFO: ============================================================
2026-04-17 08:30:02,882 [viper] INFO: VIPER OPTIONS ENGINE v1.0 - 2026-04-17T08:30:02.882194
2026-04-17 08:30:02,882 [viper] INFO: ============================================================
2026-04-17 08:30:04,253 [viper] INFO: Account: equity=$105227.40  cash=$105227.40
2026-04-17 08:30:04,355 [viper] INFO: Analyzing 36 stocks...
2026-04-17 08:30:09,474 [viper] INFO: Analyzed 36 / 36 stocks
2026-04-17 08:30:30,189 [viper] INFO: CSP: 0 candidates
2026-04-17 08:30:33,708 [viper] INFO: Momentum Calls: 0 candidates
2026-04-17 08:30:33,709 [viper] INFO: IV Crush: 0 candidates
2026-04-17 08:30:33,710 [viper] INFO: 
2026-04-17 08:30:33,711 [viper] INFO: ============================================================
2026-04-17 08:30:33,711 [viper] INFO:   SCAN RESULTS
2026-04-17 08:30:33,712 [viper] INFO: ============================================================
2026-04-17 08:30:33,713 [viper] INFO:   No opportunities found. Patience.
2026-04-17 08:30:33,713 [viper] INFO: ============================================================
2026-04-17 09:00:33,907 [viper] INFO: ============================================================
2026-04-17 09:00:33,908 [viper] INFO: VIPER OPTIONS ENGINE v1.0 - 2026-04-17T09:00:33.908278
2026-04-17 09:00:33,908 [viper] INFO: ============================================================
2026-04-17 09:00:34,924 [viper] INFO: Account: equity=$105227.40  cash=$105227.40
2026-04-17 09:00:35,048 [raptor.universe] INFO: Universe from cache: 130 symbols
2026-04-17 09:00:35,048 [viper] INFO: Dynamic universe: 130 stocks
2026-04-17 09:00:52,480 [viper] INFO: Analyzed 125 / 36 stocks
2026-04-17 09:01:57,609 [viper] INFO: CSP: 0 candidates
2026-04-17 09:02:21,576 [viper] INFO: Momentum Calls: 0 candidates
2026-04-17 09:02:23,423 [viper] INFO: IV Crush: 0 candidates
2026-04-17 09:02:23,424 [viper] INFO: 
2026-04-17 09:02:23,424 [viper] INFO: ============================================================
2026-04-17 09:02:23,425 [viper] INFO:   SCAN RESULTS
2026-04-17 09:02:23,425 [viper] INFO: ============================================================
2026-04-17 09:02:23,425 [viper] INFO:   No opportunities found. Patience.
2026-04-17 09:02:23,426 [viper] INFO: ============================================================
2026-04-17 09:32:23,921 [viper] INFO: ============================================================
2026-04-17 09:32:23,922 [viper] INFO: VIPER OPTIONS ENGINE v1.0 - 2026-04-17T09:32:23.922553
2026-04-17 09:32:23,923 [viper] INFO: ============================================================
2026-04-17 09:32:24,995 [viper] INFO: Account: equity=$105283.65  cash=$95183.40
2026-04-17 09:32:25,134 [raptor.universe] INFO: Universe from cache: 130 symbols
2026-04-17 09:32:25,135 [viper] INFO: Dynamic universe: 130 stocks
2026-04-17 09:32:32,467 [viper] INFO: Analyzed 120 / 36 stocks
2026-04-17 09:34:23,820 [viper] INFO: CSP: 0 candidates
2026-04-17 09:34:51,367 [viper] INFO: Momentum Calls: 0 candidates
2026-04-17 09:34:57,103 [viper] INFO: IV Crush: 0 candidates
2026-04-17 09:34:57,104 [viper] INFO: 
2026-04-17 09:34:57,104 [viper] INFO: ============================================================
2026-04-17 09:34:57,104 [viper] INFO:   SCAN RESULTS
2026-04-17 09:34:57,104 [viper] INFO: ============================================================
2026-04-17 09:34:57,104 [viper] INFO:   No opportunities found. Patience.
2026-04-17 09:34:57,105 [viper] INFO: ============================================================
2026-04-17 10:04:57,957 [viper] INFO: ============================================================
2026-04-17 10:04:57,957 [viper] INFO: VIPER OPTIONS ENGINE v1.0 - 2026-04-17T10:04:57.957823
2026-04-17 10:04:57,958 [viper] INFO: ============================================================
2026-04-17 10:05:01,377 [viper] INFO: Account: equity=$105203.15  cash=$84686.05
2026-04-17 10:05:05,071 [raptor.universe] INFO: Universe from cache: 130 symbols
2026-04-17 10:05:05,072 [viper] INFO: Dynamic universe: 130 stocks
2026-04-17 10:06:00,170 [viper] INFO: Analyzed 120 / 36 stocks
2026-04-17 10:06:56,993 [viper] INFO: CSP: 0 candidates
2026-04-17 10:07:14,708 [viper] INFO: Momentum Calls: 0 candidates
2026-04-17 10:07:16,449 [viper] INFO: IV Crush: 0 candidates
2026-04-17 10:07:16,450 [viper] INFO: 
2026-04-17 10:07:16,450 [viper] INFO: ============================================================
2026-04-17 10:07:16,451 [viper] INFO:   SCAN RESULTS
2026-04-17 10:07:16,451 [viper] INFO: ============================================================
2026-04-17 10:07:16,452 [viper] INFO:   No opportunities found. Patience.
2026-04-17 10:07:16,452 [viper] INFO: ============================================================
2026-04-17 10:37:16,889 [viper] INFO: ============================================================
2026-04-17 10:37:16,890 [viper] INFO: VIPER OPTIONS ENGINE v1.0 - 2026-04-17T10:37:16.890217
2026-04-17 10:37:16,890 [viper] INFO: ============================================================
2026-04-17 10:37:17,957 [viper] INFO: Account: equity=$105524.00  cash=$65127.54
2026-04-17 10:37:18,068 [raptor.universe] INFO: Universe from cache: 130 symbols
2026-04-17 10:37:18,068 [viper] INFO: Dynamic universe: 130 stocks
2026-04-17 10:37:26,934 [viper] INFO: Analyzed 120 / 36 stocks
2026-04-17 10:39:01,591 [viper] INFO: CSP: 0 candidates
2026-04-17 10:39:29,548 [viper] INFO: Momentum Calls: 0 candidates
2026-04-17 10:39:32,722 [viper] INFO: IV Crush: 0 candidates
2026-04-17 10:39:32,723 [viper] INFO: 
2026-04-17 10:39:32,723 [viper] INFO: ============================================================
2026-04-17 10:39:32,724 [viper] INFO:   SCAN RESULTS
2026-04-17 10:39:32,725 [viper] INFO: ============================================================
2026-04-17 10:39:32,725 [viper] INFO:   No opportunities found. Patience.
2026-04-17 10:39:32,725 [viper] INFO: ============================================================
2026-04-17 11:09:32,966 [viper] INFO: ============================================================
2026-04-17 11:09:32,967 [viper] INFO: VIPER OPTIONS ENGINE v1.0 - 2026-04-17T11:09:32.967670
2026-04-17 11:09:32,968 [viper] INFO: ============================================================
2026-04-17 11:09:33,880 [viper] INFO: Account: equity=$105590.30  cash=$65127.54
2026-04-17 11:09:33,932 [raptor.universe] INFO: Universe from cache: 130 symbols
2026-04-17 11:09:33,933 [viper] INFO: Dynamic universe: 130 stocks
2026-04-17 11:09:43,826 [viper] INFO: Analyzed 120 / 36 stocks
2026-04-17 11:10:16,011 [viper] INFO: CSP: 0 candidates
2026-04-17 11:10:27,068 [viper] INFO: Momentum Calls: 0 candidates
2026-04-17 11:10:28,710 [viper] INFO: IV Crush: 0 candidates
2026-04-17 11:10:28,711 [viper] INFO: 
2026-04-17 11:10:28,712 [viper] INFO: ============================================================
2026-04-17 11:10:28,712 [viper] INFO:   SCAN RESULTS
2026-04-17 11:10:28,712 [viper] INFO: ============================================================
2026-04-17 11:10:28,713 [viper] INFO:   No opportunities found. Patience.
2026-04-17 11:10:28,713 [viper] INFO: ============================================================
2026-04-17 11:40:28,952 [viper] INFO: ============================================================
2026-04-17 11:40:28,953 [viper] INFO: VIPER OPTIONS ENGINE v1.0 - 2026-04-17T11:40:28.953874
2026-04-17 11:40:28,954 [viper] INFO: ============================================================
2026-04-17 11:40:31,140 [viper] INFO: Account: equity=$105422.15  cash=$65127.54
2026-04-17 11:40:31,354 [raptor.universe] INFO: Universe from cache: 130 symbols
2026-04-17 11:40:31,355 [viper] INFO: Dynamic universe: 130 stocks
2026-04-17 11:40:38,391 [viper] INFO: Analyzed 121 / 36 stocks
2026-04-17 11:41:55,725 [viper] INFO: CSP: 0 candidates
2026-04-17 11:42:17,845 [viper] INFO: Momentum Calls: 0 candidates
2026-04-17 11:42:21,326 [viper] INFO: IV Crush: 0 candidates
2026-04-17 11:42:21,327 [viper] INFO: 
2026-04-17 11:42:21,328 [viper] INFO: ============================================================
2026-04-17 11:42:21,329 [viper] INFO:   SCAN RESULTS
2026-04-17 11:42:21,329 [viper] INFO: ============================================================
2026-04-17 11:42:21,330 [viper] INFO:   No opportunities found. Patience.
2026-04-17 11:42:21,330 [viper] INFO: ============================================================
2026-04-17 12:12:21,993 [viper] INFO: ============================================================
2026-04-17 12:12:21,993 [viper] INFO: VIPER OPTIONS ENGINE v1.0 - 2026-04-17T12:12:21.993900
2026-04-17 12:12:21,994 [viper] INFO: ============================================================
2026-04-17 12:12:22,844 [viper] INFO: Account: equity=$105457.20  cash=$65127.54
2026-04-17 12:12:22,876 [raptor.universe] INFO: Universe from cache: 130 symbols
2026-04-17 12:12:22,877 [viper] INFO: Dynamic universe: 130 stocks
2026-04-17 12:12:30,582 [viper] INFO: Analyzed 121 / 36 stocks
2026-04-17 12:13:02,158 [viper] INFO: CSP: 0 candidates
2026-04-17 12:13:11,580 [viper] INFO: Momentum Calls: 0 candidates
2026-04-17 12:13:13,083 [viper] INFO: IV Crush: 0 candidates
2026-04-17 12:13:13,085 [viper] INFO: 
2026-04-17 12:13:13,085 [viper] INFO: ============================================================
2026-04-17 12:13:13,086 [viper] INFO:   SCAN RESULTS
2026-04-17 12:13:13,086 [viper] INFO: ============================================================
2026-04-17 12:13:13,087 [viper] INFO:   No opportunities found. Patience.
2026-04-17 12:13:13,087 [viper] INFO: ============================================================
2026-04-17 12:43:13,977 [viper] INFO: ============================================================
2026-04-17 12:43:13,978 [viper] INFO: VIPER OPTIONS ENGINE v1.0 - 2026-04-17T12:43:13.978165
2026-04-17 12:43:13,978 [viper] INFO: ============================================================
2026-04-17 12:43:14,961 [viper] INFO: Account: equity=$105295.50  cash=$65127.54
2026-04-17 12:43:15,045 [raptor.universe] INFO: Universe from cache: 130 symbols
2026-04-17 12:43:15,046 [viper] INFO: Dynamic universe: 130 stocks
2026-04-17 12:43:37,150 [viper] INFO: Analyzed 121 / 36 stocks
2026-04-17 12:44:18,013 [viper] INFO: CSP: 0 candidates
2026-04-17 12:44:29,995 [viper] INFO: Momentum Calls: 0 candidates
2026-04-17 12:44:31,940 [viper] INFO: IV Crush: 0 candidates
2026-04-17 12:44:31,941 [viper] INFO: 
2026-04-17 12:44:31,942 [viper] INFO: ============================================================
2026-04-17 12:44:31,943 [viper] INFO:   SCAN RESULTS
2026-04-17 12:44:31,943 [viper] INFO: ============================================================
2026-04-17 12:44:31,944 [viper] INFO:   No opportunities found. Patience.
2026-04-17 12:44:31,944 [viper] INFO: ============================================================
2026-04-17 13:01:51,733 [viper] INFO: ============================================================
2026-04-17 13:01:51,733 [viper] INFO: VIPER OPTIONS ENGINE v1.0 - 2026-04-17T13:01:51.733771
2026-04-17 13:01:51,734 [viper] INFO: ============================================================
2026-04-17 13:01:52,725 [viper] INFO: Account: equity=$105357.32  cash=$24415.10
2026-04-17 13:01:52,762 [raptor.universe] INFO: Universe from cache: 130 symbols
2026-04-17 13:01:52,763 [viper] INFO: Dynamic universe: 130 stocks
2026-04-17 13:03:06,931 [viper] INFO: Analyzed 121 / 36 stocks
2026-04-17 13:03:54,119 [viper] INFO: CSP: 0 candidates
2026-04-17 13:04:08,368 [viper] INFO: Momentum Calls: 0 candidates
2026-04-17 13:04:11,031 [viper] INFO: IV Crush: 0 candidates
2026-04-17 13:04:11,031 [viper] INFO: 
2026-04-17 13:04:11,031 [viper] INFO: ============================================================
2026-04-17 13:04:11,032 [viper] INFO:   SCAN RESULTS
2026-04-17 13:04:11,032 [viper] INFO: ============================================================
2026-04-17 13:04:11,032 [viper] INFO:   No opportunities found. Patience.
2026-04-17 13:04:11,032 [viper] INFO: ============================================================
2026-04-17 13:14:32,913 [viper] INFO: ============================================================
2026-04-17 13:14:32,914 [viper] INFO: VIPER OPTIONS ENGINE v1.0 - 2026-04-17T13:14:32.914494
2026-04-17 13:14:32,915 [viper] INFO: ============================================================
2026-04-17 13:14:35,496 [viper] INFO: Account: equity=$105058.92  cash=$55163.16
2026-04-17 13:14:37,552 [raptor.universe] INFO: Universe from cache: 130 symbols
2026-04-17 13:14:37,553 [viper] INFO: Dynamic universe: 130 stocks
2026-04-17 13:14:45,133 [viper] INFO: Analyzed 122 / 36 stocks
2026-04-17 13:15:59,263 [viper] INFO: CSP: 0 candidates
2026-04-17 13:16:28,037 [viper] INFO: Momentum Calls: 0 candidates
2026-04-17 13:16:31,213 [viper] INFO: IV Crush: 0 candidates
2026-04-17 13:16:31,215 [viper] INFO: 
2026-04-17 13:16:31,215 [viper] INFO: ============================================================
2026-04-17 13:16:31,216 [viper] INFO:   SCAN RESULTS
2026-04-17 13:16:31,216 [viper] INFO: ============================================================
2026-04-17 13:16:31,217 [viper] INFO:   No opportunities found. Patience.
2026-04-17 13:16:31,217 [viper] INFO: ============================================================
2026-04-17 13:34:11,943 [viper] INFO: ============================================================
2026-04-17 13:34:11,944 [viper] INFO: VIPER OPTIONS ENGINE v1.0 - 2026-04-17T13:34:11.944391
2026-04-17 13:34:11,945 [viper] INFO: ============================================================
2026-04-17 13:34:14,102 [viper] INFO: Account: equity=$104820.47  cash=$55163.16
2026-04-17 13:34:14,985 [raptor.universe] INFO: Universe from cache: 130 symbols
2026-04-17 13:34:14,987 [viper] INFO: Dynamic universe: 130 stocks
2026-04-17 13:35:25,968 [viper] INFO: Analyzed 122 / 36 stocks
2026-04-17 13:36:14,809 [viper] INFO: CSP: 0 candidates
2026-04-17 13:36:34,881 [viper] INFO: Momentum Calls: 0 candidates
2026-04-17 13:36:37,646 [viper] INFO: IV Crush: 0 candidates
2026-04-17 13:36:37,646 [viper] INFO: 
2026-04-17 13:36:37,647 [viper] INFO: ============================================================
2026-04-17 13:36:37,647 [viper] INFO:   SCAN RESULTS
2026-04-17 13:36:37,647 [viper] INFO: ============================================================
2026-04-17 13:36:37,648 [viper] INFO:   No opportunities found. Patience.
2026-04-17 13:36:37,648 [viper] INFO: ============================================================
2026-04-17 13:46:31,911 [viper] INFO: ============================================================
2026-04-17 13:46:31,912 [viper] INFO: VIPER OPTIONS ENGINE v1.0 - 2026-04-17T13:46:31.912536
2026-04-17 13:46:31,913 [viper] INFO: ============================================================
2026-04-17 13:46:34,667 [viper] INFO: Account: equity=$104916.29  cash=$55163.16
2026-04-17 13:46:35,395 [raptor.universe] INFO: Universe from cache: 130 symbols
2026-04-17 13:46:35,396 [viper] INFO: Dynamic universe: 130 stocks
2026-04-17 13:46:43,721 [viper] INFO: Analyzed 123 / 36 stocks
2026-04-17 13:47:59,868 [viper] INFO: CSP: 0 candidates
2026-04-17 13:48:26,595 [viper] INFO: Momentum Calls: 0 candidates
2026-04-17 13:48:30,077 [viper] INFO: IV Crush: 0 candidates
2026-04-17 13:48:30,078 [viper] INFO: 
2026-04-17 13:48:30,078 [viper] INFO: ============================================================
2026-04-17 13:48:30,078 [viper] INFO:   SCAN RESULTS
2026-04-17 13:48:30,079 [viper] INFO: ============================================================
2026-04-17 13:48:30,079 [viper] INFO:   No opportunities found. Patience.
2026-04-17 13:48:30,079 [viper] INFO: ============================================================
2026-04-17 14:06:38,800 [viper] INFO: ============================================================
2026-04-17 14:06:38,802 [viper] INFO: VIPER OPTIONS ENGINE v1.0 - 2026-04-17T14:06:38.802496
2026-04-17 14:06:38,803 [viper] INFO: ============================================================
2026-04-17 14:06:40,141 [viper] INFO: Account: equity=$104725.76  cash=$55163.16
2026-04-17 14:06:40,180 [raptor.universe] INFO: Universe from cache: 130 symbols
2026-04-17 14:06:40,181 [viper] INFO: Dynamic universe: 130 stocks
2026-04-17 14:06:47,402 [viper] INFO: Analyzed 123 / 36 stocks
2026-04-17 14:07:29,212 [viper] INFO: CSP: 0 candidates
2026-04-17 14:07:45,216 [viper] INFO: Momentum Calls: 0 candidates
2026-04-17 14:07:46,848 [viper] INFO: IV Crush: 0 candidates
2026-04-17 14:07:46,849 [viper] INFO: 
2026-04-17 14:07:46,849 [viper] INFO: ============================================================
2026-04-17 14:07:46,850 [viper] INFO:   SCAN RESULTS
2026-04-17 14:07:46,850 [viper] INFO: ============================================================
2026-04-17 14:07:46,851 [viper] INFO:   No opportunities found. Patience.
2026-04-17 14:07:46,852 [viper] INFO: ============================================================
2026-04-17 14:18:31,114 [viper] INFO: ============================================================
2026-04-17 14:18:31,114 [viper] INFO: VIPER OPTIONS ENGINE v1.0 - 2026-04-17T14:18:31.114890
2026-04-17 14:18:31,115 [viper] INFO: ============================================================
2026-04-17 14:18:32,387 [viper] INFO: Account: equity=$104690.67  cash=$55323.30
2026-04-17 14:18:32,426 [raptor.universe] INFO: Universe from cache: 130 symbols
2026-04-17 14:18:32,427 [viper] INFO: Dynamic universe: 130 stocks
2026-04-17 14:19:45,325 [viper] INFO: Analyzed 123 / 36 stocks
2026-04-17 14:21:05,910 [viper] INFO: CSP: 0 candidates
2026-04-17 14:21:37,756 [viper] INFO: Momentum Calls: 0 candidates
2026-04-17 14:21:42,672 [viper] INFO: IV Crush: 0 candidates
2026-04-17 14:21:42,673 [viper] INFO: 
2026-04-17 14:21:42,674 [viper] INFO: ============================================================
2026-04-17 14:21:42,675 [viper] INFO:   SCAN RESULTS
2026-04-17 14:21:42,675 [viper] INFO: ============================================================
2026-04-17 14:21:42,676 [viper] INFO:   No opportunities found. Patience.
2026-04-17 14:21:42,676 [viper] INFO: ============================================================
2026-04-17 14:37:49,237 [viper] INFO: ============================================================
2026-04-17 14:37:49,239 [viper] INFO: VIPER OPTIONS ENGINE v1.0 - 2026-04-17T14:37:49.239365
2026-04-17 14:37:49,240 [viper] INFO: ============================================================
2026-04-17 14:37:52,045 [viper] INFO: Account: equity=$104983.31  cash=$55323.30
2026-04-17 14:37:53,497 [raptor.universe] INFO: Universe from cache: 130 symbols
2026-04-17 14:37:53,498 [viper] INFO: Dynamic universe: 130 stocks
2026-04-17 14:38:18,813 [viper] INFO: Analyzed 123 / 36 stocks
2026-04-17 14:39:27,987 [viper] INFO: CSP: 0 candidates
2026-04-17 14:39:52,257 [viper] INFO: Momentum Calls: 0 candidates
2026-04-17 14:39:54,758 [viper] INFO: IV Crush: 0 candidates
2026-04-17 14:39:54,759 [viper] INFO: 
2026-04-17 14:39:54,760 [viper] INFO: ============================================================
2026-04-17 14:39:54,761 [viper] INFO:   SCAN RESULTS
2026-04-17 14:39:54,762 [viper] INFO: ============================================================
2026-04-17 14:39:54,762 [viper] INFO:   No opportunities found. Patience.
2026-04-17 14:39:54,762 [viper] INFO: ============================================================
2026-04-17 14:51:44,055 [viper] INFO: ============================================================
2026-04-17 14:51:44,057 [viper] INFO: VIPER OPTIONS ENGINE v1.0 - 2026-04-17T14:51:44.057357
2026-04-17 14:51:44,058 [viper] INFO: ============================================================
2026-04-17 14:51:45,823 [viper] INFO: Account: equity=$105352.62  cash=$55323.30
2026-04-17 14:51:45,932 [raptor.universe] INFO: Universe from cache: 130 symbols
2026-04-17 14:51:45,933 [viper] INFO: Dynamic universe: 130 stocks
2026-04-17 14:52:55,249 [viper] INFO: Analyzed 123 / 36 stocks
2026-04-17 14:53:28,116 [viper] INFO: CSP: 0 candidates
2026-04-17 14:53:40,610 [viper] INFO: Momentum Calls: 0 candidates
2026-04-17 14:53:41,940 [viper] INFO: IV Crush: 0 candidates
2026-04-17 14:53:41,942 [viper] INFO: 
2026-04-17 14:53:41,942 [viper] INFO: ============================================================
2026-04-17 14:53:41,943 [viper] INFO:   SCAN RESULTS
2026-04-17 14:53:41,944 [viper] INFO: ============================================================
2026-04-17 14:53:41,944 [viper] INFO:   No opportunities found. Patience.
2026-04-17 14:53:41,945 [viper] INFO: ============================================================
2026-04-17 15:09:56,945 [viper] INFO: ============================================================
2026-04-17 15:09:56,947 [viper] INFO: VIPER OPTIONS ENGINE v1.0 - 2026-04-17T15:09:56.947180
2026-04-17 15:09:56,948 [viper] INFO: ============================================================
2026-04-17 15:09:58,520 [viper] INFO: Account: equity=$105166.25  cash=$55323.30
2026-04-17 15:09:58,589 [raptor.universe] INFO: Universe from cache: 130 symbols
2026-04-17 15:09:58,589 [viper] INFO: Dynamic universe: 130 stocks
2026-04-17 15:11:21,835 [viper] INFO: Analyzed 123 / 36 stocks
2026-04-17 15:12:38,072 [viper] INFO: CSP: 0 candidates
2026-04-17 15:13:04,439 [viper] INFO: Momentum Calls: 0 candidates
2026-04-17 15:13:08,429 [viper] INFO: IV Crush: 0 candidates
2026-04-17 15:13:08,430 [viper] INFO: 
2026-04-17 15:13:08,430 [viper] INFO: ============================================================
2026-04-17 15:13:08,431 [viper] INFO:   SCAN RESULTS
2026-04-17 15:13:08,431 [viper] INFO: ============================================================
2026-04-17 15:13:08,431 [viper] INFO:   No opportunities found. Patience.
2026-04-17 15:13:08,432 [viper] INFO: ============================================================
2026-04-17 15:23:43,886 [viper] INFO: ============================================================
2026-04-17 15:23:43,887 [viper] INFO: VIPER OPTIONS ENGINE v1.0 - 2026-04-17T15:23:43.887170
2026-04-17 15:23:43,887 [viper] INFO: ============================================================
2026-04-17 15:23:45,431 [viper] INFO: Account: equity=$105145.37  cash=$55323.30
2026-04-17 15:23:45,507 [raptor.universe] INFO: Universe from cache: 130 symbols
2026-04-17 15:23:45,508 [viper] INFO: Dynamic universe: 130 stocks
2026-04-17 15:24:09,411 [viper] INFO: Analyzed 123 / 36 stocks
2026-04-17 15:24:57,892 [viper] INFO: CSP: 0 candidates
2026-04-17 15:25:15,096 [viper] INFO: Momentum Calls: 0 candidates
2026-04-17 15:25:16,836 [viper] INFO: IV Crush: 0 candidates
2026-04-17 15:25:16,837 [viper] INFO: 
2026-04-17 15:25:16,838 [viper] INFO: ============================================================
2026-04-17 15:25:16,838 [viper] INFO:   SCAN RESULTS
2026-04-17 15:25:16,840 [viper] INFO: ============================================================
2026-04-17 15:25:16,840 [viper] INFO:   No opportunities found. Patience.
2026-04-17 15:25:16,841 [viper] INFO: ============================================================
2026-04-17 15:43:09,603 [viper] INFO: ============================================================
2026-04-17 15:43:09,604 [viper] INFO: VIPER OPTIONS ENGINE v1.0 - 2026-04-17T15:43:09.604116
2026-04-17 15:43:09,604 [viper] INFO: ============================================================
2026-04-17 15:43:12,911 [viper] INFO: Account: equity=$105421.80  cash=$55323.30
2026-04-17 15:43:14,255 [raptor.universe] INFO: Universe from cache: 130 symbols
2026-04-17 15:43:14,256 [viper] INFO: Dynamic universe: 130 stocks
2026-04-17 15:43:22,551 [viper] INFO: Analyzed 123 / 36 stocks
2026-04-17 15:44:30,630 [viper] INFO: CSP: 0 candidates
2026-04-17 15:44:54,183 [viper] INFO: Momentum Calls: 0 candidates
2026-04-17 15:44:58,024 [viper] INFO: IV Crush: 0 candidates
2026-04-17 15:44:58,024 [viper] INFO: 
2026-04-17 15:44:58,024 [viper] INFO: ============================================================
2026-04-17 15:44:58,024 [viper] INFO:   SCAN RESULTS
2026-04-17 15:44:58,025 [viper] INFO: ============================================================
2026-04-17 15:44:58,025 [viper] INFO:   No opportunities found. Patience.
2026-04-17 15:44:58,025 [viper] INFO: ============================================================
2026-04-17 15:55:18,709 [viper] INFO: ============================================================
2026-04-17 15:55:18,710 [viper] INFO: VIPER OPTIONS ENGINE v1.0 - 2026-04-17T15:55:18.710541
2026-04-17 15:55:18,711 [viper] INFO: ============================================================
2026-04-17 15:55:20,290 [viper] INFO: Account: equity=$105662.86  cash=$55323.30
2026-04-17 15:55:20,402 [raptor.universe] INFO: Universe from cache: 130 symbols
2026-04-17 15:55:20,403 [viper] INFO: Dynamic universe: 130 stocks
2026-04-17 15:55:27,996 [viper] INFO: Analyzed 123 / 36 stocks
2026-04-17 15:55:59,973 [viper] INFO: CSP: 0 candidates
2026-04-17 15:56:08,174 [viper] INFO: Momentum Calls: 0 candidates
2026-04-17 15:56:09,335 [viper] INFO: IV Crush: 0 candidates
2026-04-17 15:56:09,336 [viper] INFO: 
2026-04-17 15:56:09,336 [viper] INFO: ============================================================
2026-04-17 15:56:09,336 [viper] INFO:   SCAN RESULTS
2026-04-17 15:56:09,337 [viper] INFO: ============================================================
2026-04-17 15:56:09,337 [viper] INFO:   No opportunities found. Patience.
2026-04-17 15:56:09,338 [viper] INFO: ============================================================
2026-04-17 16:14:59,743 [viper] INFO: ============================================================
2026-04-17 16:14:59,744 [viper] INFO: VIPER OPTIONS ENGINE v1.0 - 2026-04-17T16:14:59.744410
2026-04-17 16:14:59,745 [viper] INFO: ============================================================
2026-04-17 16:15:01,850 [viper] INFO: Account: equity=$105230.08  cash=$55323.30
2026-04-17 16:15:02,154 [raptor.universe] INFO: Universe from cache: 130 symbols
2026-04-17 16:15:02,155 [viper] INFO: Dynamic universe: 130 stocks
2026-04-17 16:15:10,209 [viper] INFO: Analyzed 123 / 36 stocks
2026-04-17 16:15:46,787 [viper] INFO: CSP: 0 candidates
2026-04-17 16:15:56,618 [viper] INFO: Momentum Calls: 0 candidates
2026-04-17 16:15:58,154 [viper] INFO: IV Crush: 0 candidates
2026-04-17 16:15:58,155 [viper] INFO: 
2026-04-17 16:15:58,155 [viper] INFO: ============================================================
2026-04-17 16:15:58,155 [viper] INFO:   SCAN RESULTS
2026-04-17 16:15:58,156 [viper] INFO: ============================================================
2026-04-17 16:15:58,156 [viper] INFO:   No opportunities found. Patience.
2026-04-17 16:15:58,156 [viper] INFO: ============================================================
2026-04-17 16:26:10,647 [viper] INFO: ============================================================
2026-04-17 16:26:10,648 [viper] INFO: VIPER OPTIONS ENGINE v1.0 - 2026-04-17T16:26:10.648671
2026-04-17 16:26:10,649 [viper] INFO: ============================================================
2026-04-17 16:26:12,047 [viper] INFO: Account: equity=$105163.54  cash=$55323.30
2026-04-17 16:26:12,185 [raptor.universe] INFO: Universe from cache: 130 symbols
2026-04-17 16:26:12,186 [viper] INFO: Dynamic universe: 130 stocks
2026-04-17 16:26:21,767 [viper] INFO: Analyzed 123 / 36 stocks
2026-04-17 16:26:56,657 [viper] INFO: CSP: 0 candidates
2026-04-17 16:27:06,565 [viper] INFO: Momentum Calls: 0 candidates
2026-04-17 16:27:07,720 [viper] INFO: IV Crush: 0 candidates
2026-04-17 16:27:07,720 [viper] INFO: 
2026-04-17 16:27:07,721 [viper] INFO: ============================================================
2026-04-17 16:27:07,721 [viper] INFO:   SCAN RESULTS
2026-04-17 16:27:07,721 [viper] INFO: ============================================================
2026-04-17 16:27:07,721 [viper] INFO:   No opportunities found. Patience.
2026-04-17 16:27:07,721 [viper] INFO: ============================================================
2026-04-17 16:45:59,697 [viper] INFO: ============================================================
2026-04-17 16:45:59,698 [viper] INFO: VIPER OPTIONS ENGINE v1.0 - 2026-04-17T16:45:59.698382
2026-04-17 16:45:59,699 [viper] INFO: ============================================================
2026-04-17 16:46:01,436 [viper] INFO: Account: equity=$105037.23  cash=$55323.30
2026-04-17 16:46:01,625 [raptor.universe] INFO: Universe from cache: 130 symbols
2026-04-17 16:46:01,626 [viper] INFO: Dynamic universe: 130 stocks
2026-04-17 16:46:09,675 [viper] INFO: Analyzed 123 / 36 stocks
2026-04-17 16:46:45,022 [viper] INFO: CSP: 0 candidates
2026-04-17 16:46:56,082 [viper] INFO: Momentum Calls: 0 candidates
2026-04-17 16:46:57,721 [viper] INFO: IV Crush: 0 candidates
2026-04-17 16:46:57,722 [viper] INFO: 
2026-04-17 16:46:57,722 [viper] INFO: ============================================================
2026-04-17 16:46:57,723 [viper] INFO:   SCAN RESULTS
2026-04-17 16:46:57,723 [viper] INFO: ============================================================
2026-04-17 16:46:57,723 [viper] INFO:   No opportunities found. Patience.
2026-04-17 16:46:57,724 [viper] INFO: ============================================================
2026-04-17 16:57:10,442 [viper] INFO: ============================================================
2026-04-17 16:57:10,444 [viper] INFO: VIPER OPTIONS ENGINE v1.0 - 2026-04-17T16:57:10.444827
2026-04-17 16:57:10,445 [viper] INFO: ============================================================
2026-04-17 16:57:12,555 [viper] INFO: Account: equity=$105185.76  cash=$55323.30
2026-04-17 16:57:12,677 [raptor.universe] INFO: Universe from cache: 130 symbols
2026-04-17 16:57:12,678 [viper] INFO: Dynamic universe: 130 stocks
2026-04-17 16:57:20,720 [viper] INFO: Analyzed 123 / 36 stocks
2026-04-17 16:57:56,490 [viper] INFO: CSP: 0 candidates
2026-04-17 16:58:06,931 [viper] INFO: Momentum Calls: 0 candidates
2026-04-17 16:58:08,676 [viper] INFO: IV Crush: 0 candidates
2026-04-17 16:58:08,677 [viper] INFO: 
2026-04-17 16:58:08,678 [viper] INFO: ============================================================
2026-04-17 16:58:08,679 [viper] INFO:   SCAN RESULTS
2026-04-17 16:58:08,679 [viper] INFO: ============================================================
2026-04-17 16:58:08,680 [viper] INFO:   No opportunities found. Patience.
2026-04-17 16:58:08,680 [viper] INFO: ============================================================
2026-04-17 17:28:10,804 [viper] INFO: ============================================================
2026-04-17 17:28:10,805 [viper] INFO: VIPER OPTIONS ENGINE v1.0 - 2026-04-17T17:28:10.805549
2026-04-17 17:28:10,806 [viper] INFO: ============================================================
2026-04-17 17:28:12,153 [viper] INFO: Account: equity=$105165.07  cash=$55323.30
2026-04-17 17:28:12,196 [raptor.universe] INFO: Universe from cache: 130 symbols
2026-04-17 17:28:12,196 [viper] INFO: Dynamic universe: 130 stocks
2026-04-17 17:28:18,482 [viper] INFO: Analyzed 123 / 36 stocks
2026-04-17 17:28:45,795 [viper] INFO: CSP: 0 candidates
2026-04-17 17:28:54,300 [viper] INFO: Momentum Calls: 0 candidates
2026-04-17 17:28:55,452 [viper] INFO: IV Crush: 0 candidates
2026-04-17 17:28:55,453 [viper] INFO: 
2026-04-17 17:28:55,453 [viper] INFO: ============================================================
2026-04-17 17:28:55,453 [viper] INFO:   SCAN RESULTS
2026-04-17 17:28:55,453 [viper] INFO: ============================================================
2026-04-17 17:28:55,453 [viper] INFO:   No opportunities found. Patience.
2026-04-17 17:28:55,453 [viper] INFO: ============================================================
2026-04-17 17:58:56,911 [viper] INFO: ============================================================
2026-04-17 17:58:56,913 [viper] INFO: VIPER OPTIONS ENGINE v1.0 - 2026-04-17T17:58:56.913117
2026-04-17 17:58:56,914 [viper] INFO: ============================================================
2026-04-17 17:58:58,292 [viper] INFO: Account: equity=$105122.23  cash=$55323.30
2026-04-17 17:58:58,333 [raptor.universe] INFO: Universe from cache: 130 symbols
2026-04-17 17:58:58,334 [viper] INFO: Dynamic universe: 130 stocks
2026-04-17 17:59:04,541 [viper] INFO: Analyzed 123 / 36 stocks
2026-04-17 17:59:31,936 [viper] INFO: CSP: 0 candidates
2026-04-17 17:59:40,118 [viper] INFO: Momentum Calls: 0 candidates
2026-04-17 17:59:41,293 [viper] INFO: IV Crush: 0 candidates
2026-04-17 17:59:41,295 [viper] INFO: 
2026-04-17 17:59:41,296 [viper] INFO: ============================================================
2026-04-17 17:59:41,296 [viper] INFO:   SCAN RESULTS
2026-04-17 17:59:41,297 [viper] INFO: ============================================================
2026-04-17 17:59:41,297 [viper] INFO:   No opportunities found. Patience.
2026-04-17 17:59:41,298 [viper] INFO: ============================================================
2026-04-17 18:29:44,632 [viper] INFO: ============================================================
2026-04-17 18:29:44,633 [viper] INFO: VIPER OPTIONS ENGINE v1.0 - 2026-04-17T18:29:44.633816
2026-04-17 18:29:44,634 [viper] INFO: ============================================================
2026-04-17 18:29:46,229 [viper] INFO: Account: equity=$105117.78  cash=$55323.30
2026-04-17 18:29:46,351 [raptor.universe] INFO: Universe from cache: 130 symbols
2026-04-17 18:29:46,352 [viper] INFO: Dynamic universe: 130 stocks
2026-04-17 18:29:54,793 [viper] INFO: Analyzed 123 / 36 stocks
2026-04-17 18:30:29,820 [viper] INFO: CSP: 0 candidates
2026-04-17 18:30:39,579 [viper] INFO: Momentum Calls: 0 candidates
2026-04-17 18:30:41,116 [viper] INFO: IV Crush: 0 candidates
2026-04-17 18:30:41,117 [viper] INFO: 
2026-04-17 18:30:41,117 [viper] INFO: ============================================================
2026-04-17 18:30:41,118 [viper] INFO:   SCAN RESULTS
2026-04-17 18:30:41,118 [viper] INFO: ============================================================
2026-04-17 18:30:41,119 [viper] INFO:   No opportunities found. Patience.
2026-04-17 18:30:41,119 [viper] INFO: ============================================================
2026-04-17 19:00:41,906 [viper] INFO: ============================================================
2026-04-17 19:00:41,907 [viper] INFO: VIPER OPTIONS ENGINE v1.0 - 2026-04-17T19:00:41.907616
2026-04-17 19:00:41,908 [viper] INFO: ============================================================
2026-04-17 19:00:42,854 [viper] INFO: Account: equity=$105222.62  cash=$55323.30
2026-04-17 19:00:42,940 [raptor.universe] INFO: Universe from cache: 130 symbols
2026-04-17 19:00:42,941 [viper] INFO: Dynamic universe: 130 stocks
2026-04-17 19:00:50,176 [viper] INFO: Analyzed 123 / 36 stocks
2026-04-17 19:01:26,352 [viper] INFO: CSP: 0 candidates
2026-04-17 19:01:37,203 [viper] INFO: Momentum Calls: 0 candidates
2026-04-17 19:01:38,743 [viper] INFO: IV Crush: 0 candidates
2026-04-17 19:01:38,744 [viper] INFO: 
2026-04-17 19:01:38,744 [viper] INFO: ============================================================
2026-04-17 19:01:38,745 [viper] INFO:   SCAN RESULTS
2026-04-17 19:01:38,746 [viper] INFO: ============================================================
2026-04-17 19:01:38,746 [viper] INFO:   No opportunities found. Patience.
2026-04-17 19:01:38,747 [viper] INFO: ============================================================
2026-04-17 19:31:38,959 [viper] INFO: ============================================================
2026-04-17 19:31:38,960 [viper] INFO: VIPER OPTIONS ENGINE v1.0 - 2026-04-17T19:31:38.960103
2026-04-17 19:31:38,960 [viper] INFO: ============================================================
2026-04-17 19:31:39,898 [viper] INFO: Account: equity=$105064.37  cash=$55323.30
2026-04-17 19:31:39,950 [raptor.universe] INFO: Universe from cache: 130 symbols
2026-04-17 19:31:39,951 [viper] INFO: Dynamic universe: 130 stocks
2026-04-17 19:31:46,255 [viper] INFO: Analyzed 123 / 36 stocks
2026-04-17 19:32:21,828 [viper] INFO: CSP: 0 candidates
2026-04-17 19:32:32,889 [viper] INFO: Momentum Calls: 0 candidates
2026-04-17 19:32:34,529 [viper] INFO: IV Crush: 0 candidates
2026-04-17 19:32:34,530 [viper] INFO: 
2026-04-17 19:32:34,531 [viper] INFO: ============================================================
2026-04-17 19:32:34,531 [viper] INFO:   SCAN RESULTS
2026-04-17 19:32:34,532 [viper] INFO: ============================================================
2026-04-17 19:32:34,532 [viper] INFO:   No opportunities found. Patience.
2026-04-17 19:32:34,532 [viper] INFO: ============================================================
2026-04-17 20:02:34,987 [viper] INFO: ============================================================
2026-04-17 20:02:34,988 [viper] INFO: VIPER OPTIONS ENGINE v1.0 - 2026-04-17T20:02:34.988492
2026-04-17 20:02:34,989 [viper] INFO: ============================================================
2026-04-17 20:02:36,349 [viper] INFO: Account: equity=$105119.85  cash=$55323.30
2026-04-17 20:02:36,389 [raptor.universe] INFO: Universe from cache: 130 symbols
2026-04-17 20:02:36,390 [viper] INFO: Dynamic universe: 130 stocks
2026-04-17 20:02:42,626 [viper] INFO: Analyzed 123 / 36 stocks
2026-04-17 20:03:17,716 [viper] INFO: CSP: 0 candidates
2026-04-17 20:03:27,945 [viper] INFO: Momentum Calls: 0 candidates
2026-04-17 20:03:29,337 [viper] INFO: IV Crush: 0 candidates
2026-04-17 20:03:29,338 [viper] INFO: 
2026-04-17 20:03:29,339 [viper] INFO: ============================================================
2026-04-17 20:03:29,340 [viper] INFO:   SCAN RESULTS
2026-04-17 20:03:29,340 [viper] INFO: ============================================================
2026-04-17 20:03:29,341 [viper] INFO:   No opportunities found. Patience.
2026-04-17 20:03:29,341 [viper] INFO: ============================================================
2026-04-17 20:33:32,282 [viper] INFO: ============================================================
2026-04-17 20:33:32,283 [viper] INFO: VIPER OPTIONS ENGINE v1.0 - 2026-04-17T20:33:32.283924
2026-04-17 20:33:32,284 [viper] INFO: ============================================================
2026-04-17 20:33:33,873 [viper] INFO: Account: equity=$105119.85  cash=$55323.30
2026-04-17 20:33:33,917 [raptor.universe] INFO: Universe from cache: 130 symbols
2026-04-17 20:33:33,918 [viper] INFO: Dynamic universe: 130 stocks
2026-04-17 20:33:40,702 [viper] INFO: Analyzed 123 / 36 stocks
2026-04-17 20:34:16,573 [viper] INFO: CSP: 0 candidates
2026-04-17 20:34:27,633 [viper] INFO: Momentum Calls: 0 candidates
2026-04-17 20:34:29,271 [viper] INFO: IV Crush: 0 candidates
2026-04-17 20:34:29,273 [viper] INFO: 
2026-04-17 20:34:29,273 [viper] INFO: ============================================================
2026-04-17 20:34:29,274 [viper] INFO:   SCAN RESULTS
2026-04-17 20:34:29,274 [viper] INFO: ============================================================
2026-04-17 20:34:29,275 [viper] INFO:   No opportunities found. Patience.
2026-04-17 20:34:29,275 [viper] INFO: ============================================================
2026-04-17 21:04:29,888 [viper] INFO: ============================================================
2026-04-17 21:04:29,889 [viper] INFO: VIPER OPTIONS ENGINE v1.0 - 2026-04-17T21:04:29.889164
2026-04-17 21:04:29,889 [viper] INFO: ============================================================
2026-04-17 21:04:30,957 [viper] INFO: Account: equity=$105119.85  cash=$55323.30
2026-04-17 21:04:31,097 [raptor.universe] INFO: Universe from cache: 130 symbols
2026-04-17 21:04:31,100 [viper] INFO: Dynamic universe: 130 stocks
2026-04-17 21:04:37,088 [viper] INFO: Analyzed 123 / 36 stocks
2026-04-17 21:05:12,870 [viper] INFO: CSP: 0 candidates
2026-04-17 21:05:23,010 [viper] INFO: Momentum Calls: 0 candidates
2026-04-17 21:05:24,646 [viper] INFO: IV Crush: 0 candidates
2026-04-17 21:05:24,647 [viper] INFO: 
2026-04-17 21:05:24,647 [viper] INFO: ============================================================
2026-04-17 21:05:24,647 [viper] INFO:   SCAN RESULTS
2026-04-17 21:05:24,647 [viper] INFO: ============================================================
2026-04-17 21:05:24,650 [viper] INFO:   No opportunities found. Patience.
2026-04-17 21:05:24,650 [viper] INFO: ============================================================
2026-04-17 21:35:24,960 [viper] INFO: ============================================================
2026-04-17 21:35:24,961 [viper] INFO: VIPER OPTIONS ENGINE v1.0 - 2026-04-17T21:35:24.961465
2026-04-17 21:35:24,962 [viper] INFO: ============================================================
2026-04-17 21:35:26,181 [viper] INFO: Account: equity=$105119.85  cash=$55323.30
2026-04-17 21:35:26,268 [raptor.universe] INFO: Universe from cache: 130 symbols
2026-04-17 21:35:26,269 [viper] INFO: Dynamic universe: 130 stocks
2026-04-17 21:35:33,104 [viper] INFO: Analyzed 123 / 36 stocks
2026-04-17 21:36:09,268 [viper] INFO: CSP: 0 candidates
2026-04-17 21:36:19,510 [viper] INFO: Momentum Calls: 0 candidates
2026-04-17 21:36:21,148 [viper] INFO: IV Crush: 0 candidates
2026-04-17 21:36:21,150 [viper] INFO: 
2026-04-17 21:36:21,150 [viper] INFO: ============================================================
2026-04-17 21:36:21,151 [viper] INFO:   SCAN RESULTS
2026-04-17 21:36:21,151 [viper] INFO: ============================================================
2026-04-17 21:36:21,151 [viper] INFO:   No opportunities found. Patience.
2026-04-17 21:36:21,152 [viper] INFO: ============================================================
2026-04-17 22:06:21,981 [viper] INFO: ============================================================
2026-04-17 22:06:21,982 [viper] INFO: VIPER OPTIONS ENGINE v1.0 - 2026-04-17T22:06:21.982806
2026-04-17 22:06:21,983 [viper] INFO: ============================================================
2026-04-17 22:06:22,890 [viper] INFO: Account: equity=$105424.49  cash=$55323.30
2026-04-17 22:06:22,975 [raptor.universe] INFO: Universe from cache: 130 symbols
2026-04-17 22:06:22,976 [viper] INFO: Dynamic universe: 130 stocks
2026-04-17 22:06:29,586 [viper] INFO: Analyzed 123 / 36 stocks
2026-04-17 22:07:05,361 [viper] INFO: CSP: 0 candidates
2026-04-17 22:07:17,138 [viper] INFO: Momentum Calls: 0 candidates
2026-04-17 22:07:18,776 [viper] INFO: IV Crush: 0 candidates
2026-04-17 22:07:18,777 [viper] INFO: 
2026-04-17 22:07:18,778 [viper] INFO: ============================================================
2026-04-17 22:07:18,778 [viper] INFO:   SCAN RESULTS
2026-04-17 22:07:18,779 [viper] INFO: ============================================================
2026-04-17 22:07:18,779 [viper] INFO:   No opportunities found. Patience.
2026-04-17 22:07:18,780 [viper] INFO: ============================================================
