2026-04-25 00:18:40,438 [viper] INFO: ============================================================
2026-04-25 00:18:40,438 [viper] INFO: VIPER OPTIONS ENGINE v1.0 - 2026-04-25T00:18:40.438802
2026-04-25 00:18:40,439 [viper] INFO: ============================================================
2026-04-25 00:18:41,818 [viper] INFO: Account: equity=$104499.07  cash=$34040.13
2026-04-25 00:18:41,892 [raptor.universe] INFO: Building universe...
2026-04-25 00:18:42,971 [raptor.universe] INFO: Alpaca tradeable assets: 7032 after initial filter
2026-04-25 00:18:42,997 [raptor.universe] INFO: Step 1: 7032 tradeable assets from Alpaca
2026-04-25 00:18:43,006 [raptor.universe] INFO: Step 2: Fetching bars for 7032 symbols (this takes 1-2 min)...
2026-04-25 00:19:21,255 [raptor.universe] INFO: Step 2: Got bars for 7022 symbols
2026-04-25 00:19:29,224 [raptor.universe] INFO: Step 3: 118 symbols passed all screens
2026-04-25 00:19:29,339 [viper] INFO: Dynamic universe: 118 stocks
2026-04-25 00:19:41,495 [viper] INFO: Analyzed 113 / 36 stocks
2026-04-25 00:21:06,791 [viper] INFO: CSP: 0 candidates
2026-04-25 00:21:36,592 [viper] INFO: Momentum Calls: 0 candidates
2026-04-25 00:21:38,230 [viper] INFO: IV Crush: 0 candidates
2026-04-25 00:21:38,231 [viper] INFO: 
2026-04-25 00:21:38,231 [viper] INFO: ============================================================
2026-04-25 00:21:38,231 [viper] INFO:   SCAN RESULTS
2026-04-25 00:21:38,231 [viper] INFO: ============================================================
2026-04-25 00:21:38,231 [viper] INFO:   No opportunities found. Patience.
2026-04-25 00:21:38,231 [viper] INFO: ============================================================
2026-04-25 00:51:40,022 [viper] INFO: ============================================================
2026-04-25 00:51:40,025 [viper] INFO: VIPER OPTIONS ENGINE v1.0 - 2026-04-25T00:51:40.024927
2026-04-25 00:51:40,025 [viper] INFO: ============================================================
2026-04-25 00:51:41,625 [viper] INFO: Account: equity=$104499.07  cash=$34040.13
2026-04-25 00:51:41,721 [raptor.universe] INFO: Universe from cache: 118 symbols
2026-04-25 00:51:41,722 [viper] INFO: Dynamic universe: 118 stocks
2026-04-25 00:51:54,190 [viper] INFO: Analyzed 113 / 36 stocks
2026-04-25 00:53:19,487 [viper] INFO: CSP: 0 candidates
2026-04-25 00:53:49,390 [viper] INFO: Momentum Calls: 0 candidates
2026-04-25 00:53:50,926 [viper] INFO: IV Crush: 0 candidates
2026-04-25 00:53:50,926 [viper] INFO: 
2026-04-25 00:53:50,927 [viper] INFO: ============================================================
2026-04-25 00:53:50,927 [viper] INFO:   SCAN RESULTS
2026-04-25 00:53:50,927 [viper] INFO: ============================================================
2026-04-25 00:53:50,927 [viper] INFO:   No opportunities found. Patience.
2026-04-25 00:53:50,927 [viper] INFO: ============================================================
2026-04-25 01:23:55,415 [viper] INFO: ============================================================
2026-04-25 01:23:55,416 [viper] INFO: VIPER OPTIONS ENGINE v1.0 - 2026-04-25T01:23:55.416636
2026-04-25 01:23:55,417 [viper] INFO: ============================================================
2026-04-25 01:23:57,179 [viper] INFO: Account: equity=$104499.07  cash=$34040.13
2026-04-25 01:23:57,300 [raptor.universe] INFO: Universe from cache: 118 symbols
2026-04-25 01:23:57,301 [viper] INFO: Dynamic universe: 118 stocks
2026-04-25 01:24:09,138 [viper] INFO: Analyzed 113 / 36 stocks
2026-04-25 01:25:34,539 [viper] INFO: CSP: 0 candidates
2026-04-25 01:26:04,780 [viper] INFO: Momentum Calls: 0 candidates
2026-04-25 01:26:06,386 [viper] INFO: IV Crush: 0 candidates
2026-04-25 01:26:06,386 [viper] INFO: 
2026-04-25 01:26:06,387 [viper] INFO: ============================================================
2026-04-25 01:26:06,387 [viper] INFO:   SCAN RESULTS
2026-04-25 01:26:06,387 [viper] INFO: ============================================================
2026-04-25 01:26:06,387 [viper] INFO:   No opportunities found. Patience.
2026-04-25 01:26:06,388 [viper] INFO: ============================================================
2026-04-25 01:56:07,438 [viper] INFO: ============================================================
2026-04-25 01:56:07,440 [viper] INFO: VIPER OPTIONS ENGINE v1.0 - 2026-04-25T01:56:07.440303
2026-04-25 01:56:07,441 [viper] INFO: ============================================================
2026-04-25 01:56:08,749 [viper] INFO: Account: equity=$104499.07  cash=$34040.13
2026-04-25 01:56:08,834 [raptor.universe] INFO: Universe from cache: 118 symbols
2026-04-25 01:56:08,835 [viper] INFO: Dynamic universe: 118 stocks
2026-04-25 01:56:21,118 [viper] INFO: Analyzed 113 / 36 stocks
2026-04-25 01:57:46,517 [viper] INFO: CSP: 0 candidates
2026-04-25 01:58:16,829 [viper] INFO: Momentum Calls: 0 candidates
2026-04-25 01:58:18,365 [viper] INFO: IV Crush: 0 candidates
2026-04-25 01:58:18,367 [viper] INFO: 
2026-04-25 01:58:18,368 [viper] INFO: ============================================================
2026-04-25 01:58:18,369 [viper] INFO:   SCAN RESULTS
2026-04-25 01:58:18,369 [viper] INFO: ============================================================
2026-04-25 01:58:18,370 [viper] INFO:   No opportunities found. Patience.
2026-04-25 01:58:18,371 [viper] INFO: ============================================================
2026-04-25 02:28:19,389 [viper] INFO: ============================================================
2026-04-25 02:28:19,390 [viper] INFO: VIPER OPTIONS ENGINE v1.0 - 2026-04-25T02:28:19.390369
2026-04-25 02:28:19,391 [viper] INFO: ============================================================
2026-04-25 02:28:20,803 [viper] INFO: Account: equity=$104499.07  cash=$34040.13
2026-04-25 02:28:20,925 [raptor.universe] INFO: Universe from cache: 118 symbols
2026-04-25 02:28:20,929 [viper] INFO: Dynamic universe: 118 stocks
2026-04-25 02:28:33,608 [viper] INFO: Analyzed 113 / 36 stocks
2026-04-25 02:29:58,804 [viper] INFO: CSP: 0 candidates
2026-04-25 02:30:28,808 [viper] INFO: Momentum Calls: 0 candidates
2026-04-25 02:30:30,447 [viper] INFO: IV Crush: 0 candidates
2026-04-25 02:30:30,449 [viper] INFO: 
2026-04-25 02:30:30,450 [viper] INFO: ============================================================
2026-04-25 02:30:30,450 [viper] INFO:   SCAN RESULTS
2026-04-25 02:30:30,450 [viper] INFO: ============================================================
2026-04-25 02:30:30,451 [viper] INFO:   No opportunities found. Patience.
2026-04-25 02:30:30,451 [viper] INFO: ============================================================
2026-04-25 03:00:31,320 [viper] INFO: ============================================================
2026-04-25 03:00:31,322 [viper] INFO: VIPER OPTIONS ENGINE v1.0 - 2026-04-25T03:00:31.322123
2026-04-25 03:00:31,323 [viper] INFO: ============================================================
2026-04-25 03:00:32,576 [viper] INFO: Account: equity=$104499.07  cash=$34040.13
2026-04-25 03:00:32,691 [raptor.universe] INFO: Universe from cache: 118 symbols
2026-04-25 03:00:32,692 [viper] INFO: Dynamic universe: 118 stocks
2026-04-25 03:00:45,484 [viper] INFO: Analyzed 113 / 36 stocks
2026-04-25 03:02:10,579 [viper] INFO: CSP: 0 candidates
2026-04-25 03:02:40,887 [viper] INFO: Momentum Calls: 0 candidates
2026-04-25 03:02:42,530 [viper] INFO: IV Crush: 0 candidates
2026-04-25 03:02:42,531 [viper] INFO: 
2026-04-25 03:02:42,531 [viper] INFO: ============================================================
2026-04-25 03:02:42,532 [viper] INFO:   SCAN RESULTS
2026-04-25 03:02:42,533 [viper] INFO: ============================================================
2026-04-25 03:02:42,533 [viper] INFO:   No opportunities found. Patience.
2026-04-25 03:02:42,534 [viper] INFO: ============================================================
2026-04-25 03:32:43,445 [viper] INFO: ============================================================
2026-04-25 03:32:43,447 [viper] INFO: VIPER OPTIONS ENGINE v1.0 - 2026-04-25T03:32:43.447155
2026-04-25 03:32:43,448 [viper] INFO: ============================================================
2026-04-25 03:32:44,684 [viper] INFO: Account: equity=$104499.07  cash=$34040.13
2026-04-25 03:32:44,778 [raptor.universe] INFO: Universe from cache: 118 symbols
2026-04-25 03:32:44,779 [viper] INFO: Dynamic universe: 118 stocks
2026-04-25 03:32:57,159 [viper] INFO: Analyzed 113 / 36 stocks
2026-04-25 03:34:22,762 [viper] INFO: CSP: 0 candidates
2026-04-25 03:34:53,279 [viper] INFO: Momentum Calls: 0 candidates
2026-04-25 03:34:54,918 [viper] INFO: IV Crush: 0 candidates
2026-04-25 03:34:54,919 [viper] INFO: 
2026-04-25 03:34:54,919 [viper] INFO: ============================================================
2026-04-25 03:34:54,919 [viper] INFO:   SCAN RESULTS
2026-04-25 03:34:54,919 [viper] INFO: ============================================================
2026-04-25 03:34:54,919 [viper] INFO:   No opportunities found. Patience.
2026-04-25 03:34:54,920 [viper] INFO: ============================================================
2026-04-25 04:04:56,381 [viper] INFO: ============================================================
2026-04-25 04:04:56,383 [viper] INFO: VIPER OPTIONS ENGINE v1.0 - 2026-04-25T04:04:56.383022
2026-04-25 04:04:56,383 [viper] INFO: ============================================================
2026-04-25 04:04:57,789 [viper] INFO: Account: equity=$104499.07  cash=$34040.13
2026-04-25 04:04:57,882 [raptor.universe] INFO: Universe from cache: 118 symbols
2026-04-25 04:04:57,883 [viper] INFO: Dynamic universe: 118 stocks
2026-04-25 04:05:10,197 [viper] INFO: Analyzed 113 / 36 stocks
2026-04-25 04:06:35,867 [viper] INFO: CSP: 0 candidates
2026-04-25 04:07:06,282 [viper] INFO: Momentum Calls: 0 candidates
2026-04-25 04:07:07,819 [viper] INFO: IV Crush: 0 candidates
2026-04-25 04:07:07,820 [viper] INFO: 
2026-04-25 04:07:07,820 [viper] INFO: ============================================================
2026-04-25 04:07:07,821 [viper] INFO:   SCAN RESULTS
2026-04-25 04:07:07,821 [viper] INFO: ============================================================
2026-04-25 04:07:07,822 [viper] INFO:   No opportunities found. Patience.
2026-04-25 04:07:07,822 [viper] INFO: ============================================================
2026-04-25 04:37:09,403 [viper] INFO: ============================================================
2026-04-25 04:37:09,405 [viper] INFO: VIPER OPTIONS ENGINE v1.0 - 2026-04-25T04:37:09.405061
2026-04-25 04:37:09,405 [viper] INFO: ============================================================
2026-04-25 04:37:11,715 [viper] INFO: Account: equity=$104499.05  cash=$34040.11
2026-04-25 04:37:11,810 [raptor.universe] INFO: Universe from cache: 118 symbols
2026-04-25 04:37:11,812 [viper] INFO: Dynamic universe: 118 stocks
2026-04-25 04:37:23,677 [viper] INFO: Analyzed 113 / 36 stocks
2026-04-25 04:38:48,359 [viper] INFO: CSP: 0 candidates
2026-04-25 04:39:18,466 [viper] INFO: Momentum Calls: 0 candidates
2026-04-25 04:39:20,003 [viper] INFO: IV Crush: 0 candidates
2026-04-25 04:39:20,005 [viper] INFO: 
2026-04-25 04:39:20,006 [viper] INFO: ============================================================
2026-04-25 04:39:20,006 [viper] INFO:   SCAN RESULTS
2026-04-25 04:39:20,007 [viper] INFO: ============================================================
2026-04-25 04:39:20,008 [viper] INFO:   No opportunities found. Patience.
2026-04-25 04:39:20,010 [viper] INFO: ============================================================
2026-04-25 05:09:21,400 [viper] INFO: ============================================================
2026-04-25 05:09:21,401 [viper] INFO: VIPER OPTIONS ENGINE v1.0 - 2026-04-25T05:09:21.401435
2026-04-25 05:09:21,402 [viper] INFO: ============================================================
2026-04-25 05:09:22,783 [viper] INFO: Account: equity=$104499.05  cash=$34040.11
2026-04-25 05:09:22,860 [raptor.universe] INFO: Universe from cache: 118 symbols
2026-04-25 05:09:22,861 [viper] INFO: Dynamic universe: 118 stocks
2026-04-25 05:09:35,246 [viper] INFO: Analyzed 113 / 36 stocks
2026-04-25 05:11:00,953 [viper] INFO: CSP: 0 candidates
2026-04-25 05:11:30,856 [viper] INFO: Momentum Calls: 0 candidates
2026-04-25 05:11:32,393 [viper] INFO: IV Crush: 0 candidates
2026-04-25 05:11:32,393 [viper] INFO: 
2026-04-25 05:11:32,393 [viper] INFO: ============================================================
2026-04-25 05:11:32,393 [viper] INFO:   SCAN RESULTS
2026-04-25 05:11:32,394 [viper] INFO: ============================================================
2026-04-25 05:11:32,394 [viper] INFO:   No opportunities found. Patience.
2026-04-25 05:11:32,394 [viper] INFO: ============================================================
2026-04-25 05:41:34,416 [viper] INFO: ============================================================
2026-04-25 05:41:34,419 [viper] INFO: VIPER OPTIONS ENGINE v1.0 - 2026-04-25T05:41:34.419177
2026-04-25 05:41:34,420 [viper] INFO: ============================================================
2026-04-25 05:41:37,226 [viper] INFO: Account: equity=$104499.05  cash=$34040.11
2026-04-25 05:41:37,307 [raptor.universe] INFO: Universe from cache: 118 symbols
2026-04-25 05:41:37,307 [viper] INFO: Dynamic universe: 118 stocks
2026-04-25 05:41:49,683 [viper] INFO: Analyzed 113 / 36 stocks
2026-04-25 05:43:12,829 [viper] INFO: CSP: 0 candidates
2026-04-25 05:43:43,039 [viper] INFO: Momentum Calls: 0 candidates
2026-04-25 05:43:44,502 [viper] INFO: IV Crush: 0 candidates
2026-04-25 05:43:44,503 [viper] INFO: 
2026-04-25 05:43:44,504 [viper] INFO: ============================================================
2026-04-25 05:43:44,505 [viper] INFO:   SCAN RESULTS
2026-04-25 05:43:44,506 [viper] INFO: ============================================================
2026-04-25 05:43:44,507 [viper] INFO:   No opportunities found. Patience.
2026-04-25 05:43:44,508 [viper] INFO: ============================================================
2026-04-25 06:13:47,152 [viper] INFO: ============================================================
2026-04-25 06:13:47,154 [viper] INFO: VIPER OPTIONS ENGINE v1.0 - 2026-04-25T06:13:47.154545
2026-04-25 06:13:47,155 [viper] INFO: ============================================================
2026-04-25 06:13:48,688 [viper] INFO: Account: equity=$104499.05  cash=$34040.11
2026-04-25 06:13:48,788 [raptor.universe] INFO: Universe from cache: 118 symbols
2026-04-25 06:13:48,789 [viper] INFO: Dynamic universe: 118 stocks
2026-04-25 06:14:01,257 [viper] INFO: Analyzed 113 / 36 stocks
2026-04-25 06:15:26,038 [viper] INFO: CSP: 0 candidates
2026-04-25 06:15:56,146 [viper] INFO: Momentum Calls: 0 candidates
2026-04-25 06:15:57,579 [viper] INFO: IV Crush: 0 candidates
2026-04-25 06:15:57,580 [viper] INFO: 
2026-04-25 06:15:57,581 [viper] INFO: ============================================================
2026-04-25 06:15:57,581 [viper] INFO:   SCAN RESULTS
2026-04-25 06:15:57,581 [viper] INFO: ============================================================
2026-04-25 06:15:57,582 [viper] INFO:   No opportunities found. Patience.
2026-04-25 06:15:57,582 [viper] INFO: ============================================================
2026-04-25 06:45:59,590 [viper] INFO: ============================================================
2026-04-25 06:45:59,591 [viper] INFO: VIPER OPTIONS ENGINE v1.0 - 2026-04-25T06:45:59.591764
2026-04-25 06:45:59,594 [viper] INFO: ============================================================
2026-04-25 06:46:01,504 [viper] INFO: Account: equity=$104499.05  cash=$34040.11
2026-04-25 06:46:01,689 [raptor.universe] INFO: Universe from cache: 118 symbols
2026-04-25 06:46:01,691 [viper] INFO: Dynamic universe: 118 stocks
2026-04-25 06:46:14,873 [viper] INFO: Analyzed 113 / 36 stocks
2026-04-25 06:47:40,374 [viper] INFO: CSP: 0 candidates
2026-04-25 06:48:09,969 [viper] INFO: Momentum Calls: 0 candidates
2026-04-25 06:48:11,505 [viper] INFO: IV Crush: 0 candidates
2026-04-25 06:48:11,507 [viper] INFO: 
2026-04-25 06:48:11,509 [viper] INFO: ============================================================
2026-04-25 06:48:11,512 [viper] INFO:   SCAN RESULTS
2026-04-25 06:48:11,513 [viper] INFO: ============================================================
2026-04-25 06:48:11,513 [viper] INFO:   No opportunities found. Patience.
2026-04-25 06:48:11,513 [viper] INFO: ============================================================
2026-04-25 07:18:14,005 [viper] INFO: ============================================================
2026-04-25 07:18:14,007 [viper] INFO: VIPER OPTIONS ENGINE v1.0 - 2026-04-25T07:18:14.007527
2026-04-25 07:18:14,011 [viper] INFO: ============================================================
2026-04-25 07:18:15,951 [viper] INFO: Account: equity=$104499.05  cash=$34040.11
2026-04-25 07:18:16,027 [raptor.universe] INFO: Universe from cache: 118 symbols
2026-04-25 07:18:16,028 [viper] INFO: Dynamic universe: 118 stocks
2026-04-25 07:18:28,803 [viper] INFO: Analyzed 113 / 36 stocks
2026-04-25 07:19:54,402 [viper] INFO: CSP: 0 candidates
2026-04-25 07:20:24,612 [viper] INFO: Momentum Calls: 0 candidates
2026-04-25 07:20:26,250 [viper] INFO: IV Crush: 0 candidates
2026-04-25 07:20:26,252 [viper] INFO: 
2026-04-25 07:20:26,252 [viper] INFO: ============================================================
2026-04-25 07:20:26,253 [viper] INFO:   SCAN RESULTS
2026-04-25 07:20:26,253 [viper] INFO: ============================================================
2026-04-25 07:20:26,254 [viper] INFO:   No opportunities found. Patience.
2026-04-25 07:20:26,254 [viper] INFO: ============================================================
2026-04-25 07:50:28,318 [viper] INFO: ============================================================
2026-04-25 07:50:28,320 [viper] INFO: VIPER OPTIONS ENGINE v1.0 - 2026-04-25T07:50:28.320036
2026-04-25 07:50:28,321 [viper] INFO: ============================================================
2026-04-25 07:50:30,281 [viper] INFO: Account: equity=$104499.05  cash=$34040.11
2026-04-25 07:50:30,347 [raptor.universe] INFO: Universe from cache: 118 symbols
2026-04-25 07:50:30,348 [viper] INFO: Dynamic universe: 118 stocks
2026-04-25 07:50:43,441 [viper] INFO: Analyzed 113 / 36 stocks
2026-04-25 07:52:09,249 [viper] INFO: CSP: 0 candidates
2026-04-25 07:52:39,459 [viper] INFO: Momentum Calls: 0 candidates
2026-04-25 07:52:41,097 [viper] INFO: IV Crush: 0 candidates
2026-04-25 07:52:41,099 [viper] INFO: 
2026-04-25 07:52:41,100 [viper] INFO: ============================================================
2026-04-25 07:52:41,101 [viper] INFO:   SCAN RESULTS
2026-04-25 07:52:41,102 [viper] INFO: ============================================================
2026-04-25 07:52:41,103 [viper] INFO:   No opportunities found. Patience.
2026-04-25 07:52:41,104 [viper] INFO: ============================================================
2026-04-25 08:22:43,442 [viper] INFO: ============================================================
2026-04-25 08:22:43,443 [viper] INFO: VIPER OPTIONS ENGINE v1.0 - 2026-04-25T08:22:43.443861
2026-04-25 08:22:43,444 [viper] INFO: ============================================================
2026-04-25 08:22:45,515 [viper] INFO: Account: equity=$104499.05  cash=$34040.11
2026-04-25 08:22:45,629 [raptor.universe] INFO: Universe from cache: 118 symbols
2026-04-25 08:22:45,630 [viper] INFO: Dynamic universe: 118 stocks
2026-04-25 08:22:58,085 [viper] INFO: Analyzed 113 / 36 stocks
2026-04-25 08:24:23,005 [viper] INFO: CSP: 0 candidates
2026-04-25 08:24:52,771 [viper] INFO: Momentum Calls: 0 candidates
2026-04-25 08:24:54,410 [viper] INFO: IV Crush: 0 candidates
2026-04-25 08:24:54,411 [viper] INFO: 
2026-04-25 08:24:54,411 [viper] INFO: ============================================================
2026-04-25 08:24:54,412 [viper] INFO:   SCAN RESULTS
2026-04-25 08:24:54,412 [viper] INFO: ============================================================
2026-04-25 08:24:54,413 [viper] INFO:   No opportunities found. Patience.
2026-04-25 08:24:54,413 [viper] INFO: ============================================================
2026-04-25 08:54:56,460 [viper] INFO: ============================================================
2026-04-25 08:54:56,462 [viper] INFO: VIPER OPTIONS ENGINE v1.0 - 2026-04-25T08:54:56.461942
2026-04-25 08:54:56,462 [viper] INFO: ============================================================
2026-04-25 08:54:58,349 [viper] INFO: Account: equity=$104499.05  cash=$34040.11
2026-04-25 08:54:58,504 [raptor.universe] INFO: Universe from cache: 118 symbols
2026-04-25 08:54:58,504 [viper] INFO: Dynamic universe: 118 stocks
2026-04-25 08:55:11,603 [viper] INFO: Analyzed 113 / 36 stocks
2026-04-25 08:56:36,992 [viper] INFO: CSP: 0 candidates
2026-04-25 08:57:06,997 [viper] INFO: Momentum Calls: 0 candidates
2026-04-25 08:57:08,635 [viper] INFO: IV Crush: 0 candidates
2026-04-25 08:57:08,636 [viper] INFO: 
2026-04-25 08:57:08,636 [viper] INFO: ============================================================
2026-04-25 08:57:08,636 [viper] INFO:   SCAN RESULTS
2026-04-25 08:57:08,636 [viper] INFO: ============================================================
2026-04-25 08:57:08,636 [viper] INFO:   No opportunities found. Patience.
2026-04-25 08:57:08,637 [viper] INFO: ============================================================
2026-04-25 09:27:11,585 [viper] INFO: ============================================================
2026-04-25 09:27:11,588 [viper] INFO: VIPER OPTIONS ENGINE v1.0 - 2026-04-25T09:27:11.588725
2026-04-25 09:27:11,592 [viper] INFO: ============================================================
2026-04-25 09:27:13,539 [viper] INFO: Account: equity=$104499.05  cash=$34040.11
2026-04-25 09:27:13,674 [raptor.universe] INFO: Universe from cache: 118 symbols
2026-04-25 09:27:13,676 [viper] INFO: Dynamic universe: 118 stocks
2026-04-25 09:27:26,851 [viper] INFO: Analyzed 113 / 36 stocks
2026-04-25 09:28:52,761 [viper] INFO: CSP: 0 candidates
2026-04-25 09:29:22,767 [viper] INFO: Momentum Calls: 0 candidates
2026-04-25 09:29:24,404 [viper] INFO: IV Crush: 0 candidates
2026-04-25 09:29:24,405 [viper] INFO: 
2026-04-25 09:29:24,406 [viper] INFO: ============================================================
2026-04-25 09:29:24,406 [viper] INFO:   SCAN RESULTS
2026-04-25 09:29:24,407 [viper] INFO: ============================================================
2026-04-25 09:29:24,407 [viper] INFO:   No opportunities found. Patience.
2026-04-25 09:29:24,408 [viper] INFO: ============================================================
2026-04-25 09:59:25,982 [viper] INFO: ============================================================
2026-04-25 09:59:25,983 [viper] INFO: VIPER OPTIONS ENGINE v1.0 - 2026-04-25T09:59:25.983394
2026-04-25 09:59:25,984 [viper] INFO: ============================================================
2026-04-25 09:59:28,832 [viper] INFO: Account: equity=$104499.05  cash=$34040.11
2026-04-25 09:59:28,908 [raptor.universe] INFO: Universe from cache: 118 symbols
2026-04-25 09:59:28,910 [viper] INFO: Dynamic universe: 118 stocks
2026-04-25 09:59:43,953 [viper] INFO: Analyzed 113 / 36 stocks
2026-04-25 10:01:08,939 [viper] INFO: CSP: 0 candidates
2026-04-25 10:01:38,534 [viper] INFO: Momentum Calls: 0 candidates
2026-04-25 10:01:40,071 [viper] INFO: IV Crush: 0 candidates
2026-04-25 10:01:40,073 [viper] INFO: 
2026-04-25 10:01:40,073 [viper] INFO: ============================================================
2026-04-25 10:01:40,074 [viper] INFO:   SCAN RESULTS
2026-04-25 10:01:40,075 [viper] INFO: ============================================================
2026-04-25 10:01:40,075 [viper] INFO:   No opportunities found. Patience.
2026-04-25 10:01:40,076 [viper] INFO: ============================================================
2026-04-25 10:31:41,594 [viper] INFO: ============================================================
2026-04-25 10:31:41,596 [viper] INFO: VIPER OPTIONS ENGINE v1.0 - 2026-04-25T10:31:41.596271
2026-04-25 10:31:41,597 [viper] INFO: ============================================================
2026-04-25 10:31:43,252 [viper] INFO: Account: equity=$104499.05  cash=$34040.11
2026-04-25 10:31:43,366 [raptor.universe] INFO: Universe from cache: 118 symbols
2026-04-25 10:31:43,369 [viper] INFO: Dynamic universe: 118 stocks
2026-04-25 10:31:56,546 [viper] INFO: Analyzed 113 / 36 stocks
2026-04-25 10:33:21,739 [viper] INFO: CSP: 0 candidates
2026-04-25 10:33:51,744 [viper] INFO: Momentum Calls: 0 candidates
2026-04-25 10:33:53,382 [viper] INFO: IV Crush: 0 candidates
2026-04-25 10:33:53,383 [viper] INFO: 
2026-04-25 10:33:53,383 [viper] INFO: ============================================================
2026-04-25 10:33:53,383 [viper] INFO:   SCAN RESULTS
2026-04-25 10:33:53,384 [viper] INFO: ============================================================
2026-04-25 10:33:53,384 [viper] INFO:   No opportunities found. Patience.
2026-04-25 10:33:53,384 [viper] INFO: ============================================================
2026-04-25 11:03:54,532 [viper] INFO: ============================================================
2026-04-25 11:03:54,533 [viper] INFO: VIPER OPTIONS ENGINE v1.0 - 2026-04-25T11:03:54.533479
2026-04-25 11:03:54,534 [viper] INFO: ============================================================
2026-04-25 11:03:56,155 [viper] INFO: Account: equity=$104499.05  cash=$34040.11
2026-04-25 11:03:56,245 [raptor.universe] INFO: Universe from cache: 118 symbols
2026-04-25 11:03:56,246 [viper] INFO: Dynamic universe: 118 stocks
2026-04-25 11:04:09,974 [viper] INFO: Analyzed 113 / 36 stocks
2026-04-25 11:05:40,580 [viper] INFO: CSP: 0 candidates
2026-04-25 11:06:10,277 [viper] INFO: Momentum Calls: 0 candidates
2026-04-25 11:06:11,815 [viper] INFO: IV Crush: 0 candidates
2026-04-25 11:06:11,816 [viper] INFO: 
2026-04-25 11:06:11,817 [viper] INFO: ============================================================
2026-04-25 11:06:11,818 [viper] INFO:   SCAN RESULTS
2026-04-25 11:06:11,819 [viper] INFO: ============================================================
2026-04-25 11:06:11,820 [viper] INFO:   No opportunities found. Patience.
2026-04-25 11:06:11,821 [viper] INFO: ============================================================
2026-04-25 11:36:14,043 [viper] INFO: ============================================================
2026-04-25 11:36:14,045 [viper] INFO: VIPER OPTIONS ENGINE v1.0 - 2026-04-25T11:36:14.045031
2026-04-25 11:36:14,046 [viper] INFO: ============================================================
2026-04-25 11:36:15,890 [viper] INFO: Account: equity=$104499.05  cash=$34040.11
2026-04-25 11:36:16,027 [raptor.universe] INFO: Universe from cache: 118 symbols
2026-04-25 11:36:16,029 [viper] INFO: Dynamic universe: 118 stocks
2026-04-25 11:36:29,926 [viper] INFO: Analyzed 113 / 36 stocks
2026-04-25 11:37:54,915 [viper] INFO: CSP: 0 candidates
2026-04-25 11:38:25,023 [viper] INFO: Momentum Calls: 0 candidates
2026-04-25 11:38:26,661 [viper] INFO: IV Crush: 0 candidates
2026-04-25 11:38:26,663 [viper] INFO: 
2026-04-25 11:38:26,665 [viper] INFO: ============================================================
2026-04-25 11:38:26,668 [viper] INFO:   SCAN RESULTS
2026-04-25 11:38:26,669 [viper] INFO: ============================================================
2026-04-25 11:38:26,670 [viper] INFO:   No opportunities found. Patience.
2026-04-25 11:38:26,672 [viper] INFO: ============================================================
2026-04-25 12:08:28,606 [viper] INFO: ============================================================
2026-04-25 12:08:28,607 [viper] INFO: VIPER OPTIONS ENGINE v1.0 - 2026-04-25T12:08:28.607886
2026-04-25 12:08:28,608 [viper] INFO: ============================================================
2026-04-25 12:08:30,251 [viper] INFO: Account: equity=$104499.05  cash=$34040.11
2026-04-25 12:08:30,352 [raptor.universe] INFO: Universe from cache: 118 symbols
2026-04-25 12:08:30,354 [viper] INFO: Dynamic universe: 118 stocks
2026-04-25 12:08:43,647 [viper] INFO: Analyzed 113 / 36 stocks
2026-04-25 12:10:09,045 [viper] INFO: CSP: 0 candidates
2026-04-25 12:10:39,050 [viper] INFO: Momentum Calls: 0 candidates
2026-04-25 12:10:40,484 [viper] INFO: IV Crush: 0 candidates
2026-04-25 12:10:40,485 [viper] INFO: 
2026-04-25 12:10:40,490 [viper] INFO: ============================================================
2026-04-25 12:10:40,490 [viper] INFO:   SCAN RESULTS
2026-04-25 12:10:40,490 [viper] INFO: ============================================================
2026-04-25 12:10:40,490 [viper] INFO:   No opportunities found. Patience.
2026-04-25 12:10:40,491 [viper] INFO: ============================================================
2026-04-25 12:40:41,961 [viper] INFO: ============================================================
2026-04-25 12:40:41,963 [viper] INFO: VIPER OPTIONS ENGINE v1.0 - 2026-04-25T12:40:41.963710
2026-04-25 12:40:41,964 [viper] INFO: ============================================================
2026-04-25 12:40:44,982 [viper] INFO: Account: equity=$104499.05  cash=$34040.11
2026-04-25 12:40:45,092 [raptor.universe] INFO: Universe from cache: 118 symbols
2026-04-25 12:40:45,094 [viper] INFO: Dynamic universe: 118 stocks
2026-04-25 12:40:58,092 [viper] INFO: Analyzed 113 / 36 stocks
2026-04-25 12:42:23,790 [viper] INFO: CSP: 0 candidates
2026-04-25 12:42:53,590 [viper] INFO: Momentum Calls: 0 candidates
2026-04-25 12:42:55,126 [viper] INFO: IV Crush: 0 candidates
2026-04-25 12:42:55,127 [viper] INFO: 
2026-04-25 12:42:55,128 [viper] INFO: ============================================================
2026-04-25 12:42:55,130 [viper] INFO:   SCAN RESULTS
2026-04-25 12:42:55,131 [viper] INFO: ============================================================
2026-04-25 12:42:55,132 [viper] INFO:   No opportunities found. Patience.
2026-04-25 12:42:55,133 [viper] INFO: ============================================================
2026-04-25 14:49:39,417 [viper] INFO: ============================================================
2026-04-25 14:49:39,419 [viper] INFO: VIPER OPTIONS ENGINE v1.0 - 2026-04-25T14:49:39.419075
2026-04-25 14:49:39,420 [viper] INFO: ============================================================
2026-04-25 14:49:41,375 [viper] INFO: Account: equity=$104499.05  cash=$34040.11
2026-04-25 14:49:41,422 [raptor.universe] INFO: Universe from cache: 118 symbols
2026-04-25 14:49:41,424 [viper] INFO: Dynamic universe: 118 stocks
2026-04-25 14:49:46,633 [viper] INFO: Analyzed 113 / 36 stocks
2026-04-25 14:51:04,031 [viper] INFO: CSP: 0 candidates
2026-04-25 14:51:33,239 [viper] INFO: Momentum Calls: 0 candidates
2026-04-25 14:51:34,753 [viper] INFO: IV Crush: 0 candidates
2026-04-25 14:51:34,754 [viper] INFO: 
2026-04-25 14:51:34,755 [viper] INFO: ============================================================
2026-04-25 14:51:34,755 [viper] INFO:   SCAN RESULTS
2026-04-25 14:51:34,756 [viper] INFO: ============================================================
2026-04-25 14:51:34,756 [viper] INFO:   No opportunities found. Patience.
2026-04-25 14:51:34,757 [viper] INFO: ============================================================
2026-04-25 15:21:35,435 [viper] INFO: ============================================================
2026-04-25 15:21:35,437 [viper] INFO: VIPER OPTIONS ENGINE v1.0 - 2026-04-25T15:21:35.437090
2026-04-25 15:21:35,438 [viper] INFO: ============================================================
2026-04-25 15:21:36,725 [viper] INFO: Account: equity=$104499.05  cash=$34040.11
2026-04-25 15:21:36,799 [raptor.universe] INFO: Universe from cache: 118 symbols
2026-04-25 15:21:36,800 [viper] INFO: Dynamic universe: 118 stocks
2026-04-25 15:21:43,098 [viper] INFO: Analyzed 113 / 36 stocks
2026-04-25 15:23:07,198 [viper] INFO: CSP: 0 candidates
2026-04-25 15:23:36,486 [viper] INFO: Momentum Calls: 0 candidates
2026-04-25 15:23:38,124 [viper] INFO: IV Crush: 0 candidates
2026-04-25 15:23:38,125 [viper] INFO: 
2026-04-25 15:23:38,126 [viper] INFO: ============================================================
2026-04-25 15:23:38,127 [viper] INFO:   SCAN RESULTS
2026-04-25 15:23:38,127 [viper] INFO: ============================================================
2026-04-25 15:23:38,128 [viper] INFO:   No opportunities found. Patience.
2026-04-25 15:23:38,128 [viper] INFO: ============================================================
2026-04-25 15:53:39,367 [viper] INFO: ============================================================
2026-04-25 15:53:39,368 [viper] INFO: VIPER OPTIONS ENGINE v1.0 - 2026-04-25T15:53:39.368160
2026-04-25 15:53:39,368 [viper] INFO: ============================================================
2026-04-25 15:53:40,595 [viper] INFO: Account: equity=$104499.05  cash=$34040.11
2026-04-25 15:53:40,694 [raptor.universe] INFO: Universe from cache: 118 symbols
2026-04-25 15:53:40,695 [viper] INFO: Dynamic universe: 118 stocks
2026-04-25 15:53:46,969 [viper] INFO: Analyzed 113 / 36 stocks
2026-04-25 15:55:10,364 [viper] INFO: CSP: 0 candidates
2026-04-25 15:55:39,797 [viper] INFO: Momentum Calls: 0 candidates
2026-04-25 15:55:41,354 [viper] INFO: IV Crush: 0 candidates
2026-04-25 15:55:41,354 [viper] INFO: 
2026-04-25 15:55:41,355 [viper] INFO: ============================================================
2026-04-25 15:55:41,355 [viper] INFO:   SCAN RESULTS
2026-04-25 15:55:41,356 [viper] INFO: ============================================================
2026-04-25 15:55:41,356 [viper] INFO:   No opportunities found. Patience.
2026-04-25 15:55:41,356 [viper] INFO: ============================================================
2026-04-25 16:25:42,506 [viper] INFO: ============================================================
2026-04-25 16:25:42,507 [viper] INFO: VIPER OPTIONS ENGINE v1.0 - 2026-04-25T16:25:42.507929
2026-04-25 16:25:42,508 [viper] INFO: ============================================================
2026-04-25 16:25:43,854 [viper] INFO: Account: equity=$104499.05  cash=$34040.11
2026-04-25 16:25:43,938 [raptor.universe] INFO: Universe from cache: 118 symbols
2026-04-25 16:25:43,938 [viper] INFO: Dynamic universe: 118 stocks
2026-04-25 16:25:49,817 [viper] INFO: Analyzed 113 / 36 stocks
2026-04-25 16:27:13,976 [viper] INFO: CSP: 0 candidates
2026-04-25 16:27:40,361 [viper] INFO: Momentum Calls: 0 candidates
2026-04-25 16:27:41,999 [viper] INFO: IV Crush: 0 candidates
2026-04-25 16:27:41,999 [viper] INFO: 
2026-04-25 16:27:42,000 [viper] INFO: ============================================================
2026-04-25 16:27:42,001 [viper] INFO:   SCAN RESULTS
2026-04-25 16:27:42,002 [viper] INFO: ============================================================
2026-04-25 16:27:42,002 [viper] INFO:   No opportunities found. Patience.
2026-04-25 16:27:42,002 [viper] INFO: ============================================================
2026-04-25 16:57:43,320 [viper] INFO: ============================================================
2026-04-25 16:57:43,321 [viper] INFO: VIPER OPTIONS ENGINE v1.0 - 2026-04-25T16:57:43.321282
2026-04-25 16:57:43,322 [viper] INFO: ============================================================
2026-04-25 16:57:44,536 [viper] INFO: Account: equity=$104499.05  cash=$34040.11
2026-04-25 16:57:44,758 [raptor.universe] INFO: Universe from cache: 118 symbols
2026-04-25 16:57:44,759 [viper] INFO: Dynamic universe: 118 stocks
2026-04-25 16:57:51,445 [viper] INFO: Analyzed 113 / 36 stocks
2026-04-25 16:59:14,953 [viper] INFO: CSP: 0 candidates
2026-04-25 16:59:45,675 [viper] INFO: Momentum Calls: 0 candidates
2026-04-25 16:59:47,211 [viper] INFO: IV Crush: 0 candidates
2026-04-25 16:59:47,212 [viper] INFO: 
2026-04-25 16:59:47,213 [viper] INFO: ============================================================
2026-04-25 16:59:47,214 [viper] INFO:   SCAN RESULTS
2026-04-25 16:59:47,214 [viper] INFO: ============================================================
2026-04-25 16:59:47,215 [viper] INFO:   No opportunities found. Patience.
2026-04-25 16:59:47,215 [viper] INFO: ============================================================
2026-04-25 17:29:48,479 [viper] INFO: ============================================================
2026-04-25 17:29:48,480 [viper] INFO: VIPER OPTIONS ENGINE v1.0 - 2026-04-25T17:29:48.480715
2026-04-25 17:29:48,481 [viper] INFO: ============================================================
2026-04-25 17:29:49,777 [viper] INFO: Account: equity=$104499.05  cash=$34040.11
2026-04-25 17:29:49,834 [raptor.universe] INFO: Universe from cache: 118 symbols
2026-04-25 17:29:49,834 [viper] INFO: Dynamic universe: 118 stocks
2026-04-25 17:29:57,799 [viper] INFO: Analyzed 113 / 36 stocks
2026-04-25 17:31:21,191 [viper] INFO: CSP: 0 candidates
2026-04-25 17:31:51,232 [viper] INFO: Momentum Calls: 0 candidates
2026-04-25 17:31:52,836 [viper] INFO: IV Crush: 0 candidates
2026-04-25 17:31:52,836 [viper] INFO: 
2026-04-25 17:31:52,836 [viper] INFO: ============================================================
2026-04-25 17:31:52,836 [viper] INFO:   SCAN RESULTS
2026-04-25 17:31:52,836 [viper] INFO: ============================================================
2026-04-25 17:31:52,837 [viper] INFO:   No opportunities found. Patience.
2026-04-25 17:31:52,837 [viper] INFO: ============================================================
2026-04-25 18:01:54,384 [viper] INFO: ============================================================
2026-04-25 18:01:54,385 [viper] INFO: VIPER OPTIONS ENGINE v1.0 - 2026-04-25T18:01:54.385400
2026-04-25 18:01:54,386 [viper] INFO: ============================================================
2026-04-25 18:01:55,565 [viper] INFO: Account: equity=$104499.05  cash=$34040.11
2026-04-25 18:01:55,694 [raptor.universe] INFO: Universe from cache: 118 symbols
2026-04-25 18:01:55,694 [viper] INFO: Dynamic universe: 118 stocks
2026-04-25 18:02:01,587 [viper] INFO: Analyzed 113 / 36 stocks
2026-04-25 18:03:25,183 [viper] INFO: CSP: 0 candidates
2026-04-25 18:03:55,496 [viper] INFO: Momentum Calls: 0 candidates
2026-04-25 18:03:57,054 [viper] INFO: IV Crush: 0 candidates
2026-04-25 18:03:57,055 [viper] INFO: 
2026-04-25 18:03:57,056 [viper] INFO: ============================================================
2026-04-25 18:03:57,057 [viper] INFO:   SCAN RESULTS
2026-04-25 18:03:57,057 [viper] INFO: ============================================================
2026-04-25 18:03:57,058 [viper] INFO:   No opportunities found. Patience.
2026-04-25 18:03:57,058 [viper] INFO: ============================================================
2026-04-25 18:34:00,727 [viper] INFO: ============================================================
2026-04-25 18:34:00,728 [viper] INFO: VIPER OPTIONS ENGINE v1.0 - 2026-04-25T18:34:00.728339
2026-04-25 18:34:00,729 [viper] INFO: ============================================================
2026-04-25 18:34:02,159 [viper] INFO: Account: equity=$104499.05  cash=$34040.11
2026-04-25 18:34:02,252 [raptor.universe] INFO: Universe from cache: 118 symbols
2026-04-25 18:34:02,253 [viper] INFO: Dynamic universe: 118 stocks
2026-04-25 18:34:08,955 [viper] INFO: Analyzed 113 / 36 stocks
2026-04-25 18:35:33,367 [viper] INFO: CSP: 0 candidates
2026-04-25 18:36:03,471 [viper] INFO: Momentum Calls: 0 candidates
2026-04-25 18:36:05,007 [viper] INFO: IV Crush: 0 candidates
2026-04-25 18:36:05,007 [viper] INFO: 
2026-04-25 18:36:05,008 [viper] INFO: ============================================================
2026-04-25 18:36:05,009 [viper] INFO:   SCAN RESULTS
2026-04-25 18:36:05,009 [viper] INFO: ============================================================
2026-04-25 18:36:05,009 [viper] INFO:   No opportunities found. Patience.
2026-04-25 18:36:05,010 [viper] INFO: ============================================================
2026-04-25 19:06:06,156 [viper] INFO: ============================================================
2026-04-25 19:06:06,157 [viper] INFO: VIPER OPTIONS ENGINE v1.0 - 2026-04-25T19:06:06.157459
2026-04-25 19:06:06,158 [viper] INFO: ============================================================
2026-04-25 19:06:07,418 [viper] INFO: Account: equity=$104499.05  cash=$34040.11
2026-04-25 19:06:07,555 [raptor.universe] INFO: Universe from cache: 118 symbols
2026-04-25 19:06:07,555 [viper] INFO: Dynamic universe: 118 stocks
2026-04-25 19:06:17,222 [viper] INFO: Analyzed 113 / 36 stocks
2026-04-25 19:07:41,551 [viper] INFO: CSP: 0 candidates
2026-04-25 19:08:11,966 [viper] INFO: Momentum Calls: 0 candidates
2026-04-25 19:08:13,604 [viper] INFO: IV Crush: 0 candidates
2026-04-25 19:08:13,604 [viper] INFO: 
2026-04-25 19:08:13,605 [viper] INFO: ============================================================
2026-04-25 19:08:13,605 [viper] INFO:   SCAN RESULTS
2026-04-25 19:08:13,605 [viper] INFO: ============================================================
2026-04-25 19:08:13,605 [viper] INFO:   No opportunities found. Patience.
2026-04-25 19:08:13,605 [viper] INFO: ============================================================
2026-04-25 19:38:14,729 [viper] INFO: ============================================================
2026-04-25 19:38:14,730 [viper] INFO: VIPER OPTIONS ENGINE v1.0 - 2026-04-25T19:38:14.730033
2026-04-25 19:38:14,730 [viper] INFO: ============================================================
2026-04-25 19:38:16,038 [viper] INFO: Account: equity=$104499.05  cash=$34040.11
2026-04-25 19:38:16,154 [raptor.universe] INFO: Universe from cache: 118 symbols
2026-04-25 19:38:16,155 [viper] INFO: Dynamic universe: 118 stocks
2026-04-25 19:38:21,643 [viper] INFO: Analyzed 113 / 36 stocks
2026-04-25 19:39:41,745 [viper] INFO: CSP: 0 candidates
2026-04-25 19:40:10,844 [viper] INFO: Momentum Calls: 0 candidates
2026-04-25 19:40:12,028 [viper] INFO: IV Crush: 0 candidates
2026-04-25 19:40:12,029 [viper] INFO: 
2026-04-25 19:40:12,029 [viper] INFO: ============================================================
2026-04-25 19:40:12,030 [viper] INFO:   SCAN RESULTS
2026-04-25 19:40:12,031 [viper] INFO: ============================================================
2026-04-25 19:40:12,032 [viper] INFO:   No opportunities found. Patience.
2026-04-25 19:40:12,032 [viper] INFO: ============================================================
2026-04-25 20:10:13,155 [viper] INFO: ============================================================
2026-04-25 20:10:13,156 [viper] INFO: VIPER OPTIONS ENGINE v1.0 - 2026-04-25T20:10:13.156880
2026-04-25 20:10:13,157 [viper] INFO: ============================================================
2026-04-25 20:10:14,316 [viper] INFO: Account: equity=$104499.05  cash=$34040.11
2026-04-25 20:10:14,383 [raptor.universe] INFO: Universe from cache: 118 symbols
2026-04-25 20:10:14,384 [viper] INFO: Dynamic universe: 118 stocks
2026-04-25 20:10:20,139 [viper] INFO: Analyzed 113 / 36 stocks
2026-04-25 20:11:43,990 [viper] INFO: CSP: 0 candidates
2026-04-25 20:12:14,114 [viper] INFO: Momentum Calls: 0 candidates
2026-04-25 20:12:15,838 [viper] INFO: IV Crush: 0 candidates
2026-04-25 20:12:15,839 [viper] INFO: 
2026-04-25 20:12:15,839 [viper] INFO: ============================================================
2026-04-25 20:12:15,840 [viper] INFO:   SCAN RESULTS
2026-04-25 20:12:15,840 [viper] INFO: ============================================================
2026-04-25 20:12:15,840 [viper] INFO:   No opportunities found. Patience.
2026-04-25 20:12:15,841 [viper] INFO: ============================================================
2026-04-25 20:42:17,587 [viper] INFO: ============================================================
2026-04-25 20:42:17,587 [viper] INFO: VIPER OPTIONS ENGINE v1.0 - 2026-04-25T20:42:17.587772
2026-04-25 20:42:17,588 [viper] INFO: ============================================================
2026-04-25 20:42:18,916 [viper] INFO: Account: equity=$104499.05  cash=$34040.11
2026-04-25 20:42:19,003 [raptor.universe] INFO: Universe from cache: 118 symbols
2026-04-25 20:42:19,004 [viper] INFO: Dynamic universe: 118 stocks
2026-04-25 20:42:25,577 [viper] INFO: Analyzed 113 / 36 stocks
2026-04-25 20:43:49,306 [viper] INFO: CSP: 0 candidates
2026-04-25 20:44:18,901 [viper] INFO: Momentum Calls: 0 candidates
2026-04-25 20:44:20,539 [viper] INFO: IV Crush: 0 candidates
2026-04-25 20:44:20,540 [viper] INFO: 
2026-04-25 20:44:20,541 [viper] INFO: ============================================================
2026-04-25 20:44:20,541 [viper] INFO:   SCAN RESULTS
2026-04-25 20:44:20,542 [viper] INFO: ============================================================
2026-04-25 20:44:20,542 [viper] INFO:   No opportunities found. Patience.
2026-04-25 20:44:20,543 [viper] INFO: ============================================================
2026-04-25 21:14:21,596 [viper] INFO: ============================================================
2026-04-25 21:14:21,597 [viper] INFO: VIPER OPTIONS ENGINE v1.0 - 2026-04-25T21:14:21.597493
2026-04-25 21:14:21,598 [viper] INFO: ============================================================
2026-04-25 21:14:22,902 [viper] INFO: Account: equity=$104499.05  cash=$34040.11
2026-04-25 21:14:22,982 [raptor.universe] INFO: Universe from cache: 118 symbols
2026-04-25 21:14:22,982 [viper] INFO: Dynamic universe: 118 stocks
2026-04-25 21:14:28,829 [viper] INFO: Analyzed 113 / 36 stocks
2026-04-25 21:15:53,084 [viper] INFO: CSP: 0 candidates
2026-04-25 21:16:23,090 [viper] INFO: Momentum Calls: 0 candidates
2026-04-25 21:16:24,526 [viper] INFO: IV Crush: 0 candidates
2026-04-25 21:16:24,527 [viper] INFO: 
2026-04-25 21:16:24,528 [viper] INFO: ============================================================
2026-04-25 21:16:24,529 [viper] INFO:   SCAN RESULTS
2026-04-25 21:16:24,529 [viper] INFO: ============================================================
2026-04-25 21:16:24,529 [viper] INFO:   No opportunities found. Patience.
2026-04-25 21:16:24,530 [viper] INFO: ============================================================
2026-04-25 21:46:25,059 [viper] INFO: ============================================================
2026-04-25 21:46:25,060 [viper] INFO: VIPER OPTIONS ENGINE v1.0 - 2026-04-25T21:46:25.060217
2026-04-25 21:46:25,061 [viper] INFO: ============================================================
2026-04-25 21:46:26,223 [viper] INFO: Account: equity=$104499.05  cash=$34040.11
2026-04-25 21:46:26,287 [raptor.universe] INFO: Universe from cache: 118 symbols
2026-04-25 21:46:26,288 [viper] INFO: Dynamic universe: 118 stocks
2026-04-25 21:46:31,037 [viper] INFO: Analyzed 113 / 36 stocks
2026-04-25 21:47:41,913 [viper] INFO: CSP: 0 candidates
2026-04-25 21:48:12,122 [viper] INFO: Momentum Calls: 0 candidates
2026-04-25 21:48:13,761 [viper] INFO: IV Crush: 0 candidates
2026-04-25 21:48:13,762 [viper] INFO: 
2026-04-25 21:48:13,762 [viper] INFO: ============================================================
2026-04-25 21:48:13,763 [viper] INFO:   SCAN RESULTS
2026-04-25 21:48:13,763 [viper] INFO: ============================================================
2026-04-25 21:48:13,764 [viper] INFO:   No opportunities found. Patience.
2026-04-25 21:48:13,764 [viper] INFO: ============================================================
2026-04-25 22:18:15,571 [viper] INFO: ============================================================
2026-04-25 22:18:15,572 [viper] INFO: VIPER OPTIONS ENGINE v1.0 - 2026-04-25T22:18:15.571994
2026-04-25 22:18:15,572 [viper] INFO: ============================================================
2026-04-25 22:18:16,938 [viper] INFO: Account: equity=$104499.05  cash=$34040.11
2026-04-25 22:18:17,022 [raptor.universe] INFO: Universe from cache: 118 symbols
2026-04-25 22:18:17,023 [viper] INFO: Dynamic universe: 118 stocks
2026-04-25 22:18:22,381 [viper] INFO: Analyzed 113 / 36 stocks
2026-04-25 22:19:43,046 [viper] INFO: CSP: 0 candidates
2026-04-25 22:20:12,318 [viper] INFO: Momentum Calls: 0 candidates
2026-04-25 22:20:13,957 [viper] INFO: IV Crush: 0 candidates
2026-04-25 22:20:13,958 [viper] INFO: 
2026-04-25 22:20:13,958 [viper] INFO: ============================================================
2026-04-25 22:20:13,959 [viper] INFO:   SCAN RESULTS
2026-04-25 22:20:13,960 [viper] INFO: ============================================================
2026-04-25 22:20:13,960 [viper] INFO:   No opportunities found. Patience.
2026-04-25 22:20:13,960 [viper] INFO: ============================================================
2026-04-25 22:50:15,493 [viper] INFO: ============================================================
2026-04-25 22:50:15,494 [viper] INFO: VIPER OPTIONS ENGINE v1.0 - 2026-04-25T22:50:15.494688
2026-04-25 22:50:15,495 [viper] INFO: ============================================================
2026-04-25 22:50:16,801 [viper] INFO: Account: equity=$104499.05  cash=$34040.11
2026-04-25 22:50:16,940 [raptor.universe] INFO: Universe from cache: 118 symbols
2026-04-25 22:50:16,941 [viper] INFO: Dynamic universe: 118 stocks
2026-04-25 22:50:22,531 [viper] INFO: Analyzed 113 / 36 stocks
2026-04-25 22:51:43,328 [viper] INFO: CSP: 0 candidates
2026-04-25 22:52:13,333 [viper] INFO: Momentum Calls: 0 candidates
2026-04-25 22:52:14,869 [viper] INFO: IV Crush: 0 candidates
2026-04-25 22:52:14,870 [viper] INFO: 
2026-04-25 22:52:14,870 [viper] INFO: ============================================================
2026-04-25 22:52:14,870 [viper] INFO:   SCAN RESULTS
2026-04-25 22:52:14,870 [viper] INFO: ============================================================
2026-04-25 22:52:14,870 [viper] INFO:   No opportunities found. Patience.
2026-04-25 22:52:14,871 [viper] INFO: ============================================================
2026-04-25 23:22:15,981 [viper] INFO: ============================================================
2026-04-25 23:22:15,982 [viper] INFO: VIPER OPTIONS ENGINE v1.0 - 2026-04-25T23:22:15.982270
2026-04-25 23:22:15,982 [viper] INFO: ============================================================
2026-04-25 23:22:16,992 [viper] INFO: Account: equity=$104499.05  cash=$34040.11
2026-04-25 23:22:17,106 [raptor.universe] INFO: Universe from cache: 118 symbols
2026-04-25 23:22:17,106 [viper] INFO: Dynamic universe: 118 stocks
2026-04-25 23:22:23,158 [viper] INFO: Analyzed 113 / 36 stocks
2026-04-25 23:23:47,821 [viper] INFO: CSP: 0 candidates
2026-04-25 23:24:18,137 [viper] INFO: Momentum Calls: 0 candidates
2026-04-25 23:24:19,673 [viper] INFO: IV Crush: 0 candidates
2026-04-25 23:24:19,674 [viper] INFO: 
2026-04-25 23:24:19,674 [viper] INFO: ============================================================
2026-04-25 23:24:19,675 [viper] INFO:   SCAN RESULTS
2026-04-25 23:24:19,676 [viper] INFO: ============================================================
2026-04-25 23:24:19,676 [viper] INFO:   No opportunities found. Patience.
2026-04-25 23:24:19,677 [viper] INFO: ============================================================
2026-04-25 23:54:20,387 [viper] INFO: ============================================================
2026-04-25 23:54:20,388 [viper] INFO: VIPER OPTIONS ENGINE v1.0 - 2026-04-25T23:54:20.388594
2026-04-25 23:54:20,389 [viper] INFO: ============================================================
2026-04-25 23:54:21,557 [viper] INFO: Account: equity=$104499.05  cash=$34040.11
2026-04-25 23:54:21,711 [raptor.universe] INFO: Universe from cache: 118 symbols
2026-04-25 23:54:21,711 [viper] INFO: Dynamic universe: 118 stocks
2026-04-25 23:54:28,095 [viper] INFO: Analyzed 113 / 36 stocks
2026-04-25 23:55:52,219 [viper] INFO: CSP: 0 candidates
2026-04-25 23:56:21,673 [viper] INFO: Momentum Calls: 0 candidates
2026-04-25 23:56:23,000 [viper] INFO: IV Crush: 0 candidates
2026-04-25 23:56:23,001 [viper] INFO: 
2026-04-25 23:56:23,002 [viper] INFO: ============================================================
2026-04-25 23:56:23,002 [viper] INFO:   SCAN RESULTS
2026-04-25 23:56:23,003 [viper] INFO: ============================================================
2026-04-25 23:56:23,003 [viper] INFO:   No opportunities found. Patience.
2026-04-25 23:56:23,003 [viper] INFO: ============================================================
