2026-04-15 08:28:27,901 [viper] INFO: ============================================================
2026-04-15 08:28:27,901 [viper] INFO: VIPER OPTIONS ENGINE v1.0 - 2026-04-15T08:28:27.901804
2026-04-15 08:28:27,902 [viper] INFO: ============================================================
2026-04-15 08:28:28,988 [viper] INFO: Account: equity=$105204.89  cash=$90034.29
2026-04-15 08:28:29,015 [viper] INFO: Analyzing 36 stocks...
2026-04-15 08:28:32,607 [viper] INFO: Analyzed 36 / 36 stocks
2026-04-15 08:28:32,608 [viper] INFO: CSP: 0 candidates
2026-04-15 08:29:45,672 [viper] INFO: Momentum Calls: 0 candidates
2026-04-15 08:29:45,673 [viper] INFO: IV Crush: 0 candidates
2026-04-15 08:29:45,673 [viper] INFO: 
2026-04-15 08:29:45,673 [viper] INFO: ============================================================
2026-04-15 08:29:45,674 [viper] INFO:   SCAN RESULTS
2026-04-15 08:29:45,674 [viper] INFO: ============================================================
2026-04-15 08:29:45,674 [viper] INFO:   No opportunities found. Patience.
2026-04-15 08:29:45,674 [viper] INFO: ============================================================
2026-04-15 09:01:18,339 [viper] INFO: ============================================================
2026-04-15 09:01:18,341 [viper] INFO: VIPER OPTIONS ENGINE v1.0 - 2026-04-15T09:01:18.341899
2026-04-15 09:01:18,342 [viper] INFO: ============================================================
2026-04-15 09:01:21,141 [viper] INFO: Account: equity=$105251.33  cash=$90034.29
2026-04-15 09:01:21,259 [viper] INFO: Analyzing 36 stocks...
2026-04-15 09:01:25,222 [viper] INFO: Analyzed 36 / 36 stocks
2026-04-15 09:01:25,222 [viper] INFO: CSP: 0 candidates
2026-04-15 09:03:00,970 [viper] INFO: Momentum Calls: 0 candidates
2026-04-15 09:03:00,970 [viper] INFO: IV Crush: 0 candidates
2026-04-15 09:03:00,971 [viper] INFO: 
2026-04-15 09:03:00,971 [viper] INFO: ============================================================
2026-04-15 09:03:00,971 [viper] INFO:   SCAN RESULTS
2026-04-15 09:03:00,972 [viper] INFO: ============================================================
2026-04-15 09:03:00,972 [viper] INFO:   No opportunities found. Patience.
2026-04-15 09:03:00,972 [viper] INFO: ============================================================
2026-04-15 09:33:03,192 [viper] INFO: ============================================================
2026-04-15 09:33:03,193 [viper] INFO: VIPER OPTIONS ENGINE v1.0 - 2026-04-15T09:33:03.193798
2026-04-15 09:33:03,194 [viper] INFO: ============================================================
2026-04-15 09:33:04,266 [viper] INFO: Account: equity=$105269.11  cash=$94850.77
2026-04-15 09:33:04,377 [viper] INFO: Analyzing 36 stocks...
2026-04-15 09:33:22,918 [viper] INFO: Analyzed 36 / 36 stocks
2026-04-15 09:33:22,918 [viper] INFO: CSP: 0 candidates
2026-04-15 09:33:22,918 [viper] INFO: Momentum Calls: 0 candidates
2026-04-15 09:33:22,919 [viper] INFO: IV Crush: 0 candidates
2026-04-15 09:33:22,919 [viper] INFO: 
2026-04-15 09:33:22,919 [viper] INFO: ============================================================
2026-04-15 09:33:22,920 [viper] INFO:   SCAN RESULTS
2026-04-15 09:33:22,920 [viper] INFO: ============================================================
2026-04-15 09:33:22,920 [viper] INFO:   No opportunities found. Patience.
2026-04-15 09:33:22,920 [viper] INFO: ============================================================
2026-04-15 10:03:24,228 [viper] INFO: ============================================================
2026-04-15 10:03:24,229 [viper] INFO: VIPER OPTIONS ENGINE v1.0 - 2026-04-15T10:03:24.229188
2026-04-15 10:03:24,229 [viper] INFO: ============================================================
2026-04-15 10:03:25,441 [viper] INFO: Account: equity=$105241.32  cash=$95050.26
2026-04-15 10:03:25,465 [viper] INFO: Analyzing 36 stocks...
2026-04-15 10:03:45,901 [viper] INFO: Analyzed 36 / 36 stocks
2026-04-15 10:03:45,902 [viper] INFO: CSP: 0 candidates
2026-04-15 10:06:02,529 [viper] INFO: Momentum Calls: 0 candidates
2026-04-15 10:06:02,530 [viper] INFO: IV Crush: 0 candidates
2026-04-15 10:06:02,531 [viper] INFO: 
2026-04-15 10:06:02,531 [viper] INFO: ============================================================
2026-04-15 10:06:02,531 [viper] INFO:   SCAN RESULTS
2026-04-15 10:06:02,532 [viper] INFO: ============================================================
2026-04-15 10:06:02,532 [viper] INFO:   No opportunities found. Patience.
2026-04-15 10:06:02,532 [viper] INFO: ============================================================
2026-04-15 10:36:03,270 [viper] INFO: ============================================================
2026-04-15 10:36:03,271 [viper] INFO: VIPER OPTIONS ENGINE v1.0 - 2026-04-15T10:36:03.271607
2026-04-15 10:36:03,272 [viper] INFO: ============================================================
2026-04-15 10:36:04,595 [viper] INFO: Account: equity=$105230.43  cash=$95050.26
2026-04-15 10:36:04,621 [viper] INFO: Analyzing 36 stocks...
2026-04-15 10:36:16,272 [viper] INFO: Analyzed 36 / 36 stocks
2026-04-15 10:36:16,274 [viper] INFO: CSP: 0 candidates
2026-04-15 10:38:14,219 [viper] INFO: Momentum Calls: 0 candidates
2026-04-15 10:38:14,220 [viper] INFO: IV Crush: 0 candidates
2026-04-15 10:38:14,221 [viper] INFO: 
2026-04-15 10:38:14,222 [viper] INFO: ============================================================
2026-04-15 10:38:14,223 [viper] INFO:   SCAN RESULTS
2026-04-15 10:38:14,223 [viper] INFO: ============================================================
2026-04-15 10:38:14,227 [viper] INFO:   No opportunities found. Patience.
2026-04-15 10:38:14,227 [viper] INFO: ============================================================
2026-04-15 11:08:15,137 [viper] INFO: ============================================================
2026-04-15 11:08:15,138 [viper] INFO: VIPER OPTIONS ENGINE v1.0 - 2026-04-15T11:08:15.138033
2026-04-15 11:08:15,139 [viper] INFO: ============================================================
2026-04-15 11:08:17,950 [viper] INFO: Account: equity=$105206.67  cash=$95050.26
2026-04-15 11:08:18,874 [viper] INFO: Analyzing 36 stocks...
2026-04-15 11:08:21,889 [viper] INFO: Analyzed 36 / 36 stocks
2026-04-15 11:08:21,890 [viper] INFO: CSP: 0 candidates
2026-04-15 11:10:09,182 [viper] INFO: Momentum Calls: 0 candidates
2026-04-15 11:10:09,183 [viper] INFO: IV Crush: 0 candidates
2026-04-15 11:10:09,186 [viper] INFO: 
2026-04-15 11:10:09,187 [viper] INFO: ============================================================
2026-04-15 11:10:09,188 [viper] INFO:   SCAN RESULTS
2026-04-15 11:10:09,189 [viper] INFO: ============================================================
2026-04-15 11:10:09,189 [viper] INFO:   No opportunities found. Patience.
2026-04-15 11:10:09,190 [viper] INFO: ============================================================
2026-04-15 11:40:10,926 [viper] INFO: ============================================================
2026-04-15 11:40:10,927 [viper] INFO: VIPER OPTIONS ENGINE v1.0 - 2026-04-15T11:40:10.927803
2026-04-15 11:40:10,928 [viper] INFO: ============================================================
2026-04-15 11:40:12,606 [viper] INFO: Account: equity=$105228.45  cash=$95050.26
2026-04-15 11:40:12,702 [viper] INFO: Analyzing 36 stocks...
2026-04-15 11:40:17,372 [viper] INFO: Analyzed 36 / 36 stocks
2026-04-15 11:40:17,373 [viper] INFO: CSP: 0 candidates
2026-04-15 11:42:12,244 [viper] INFO: Momentum Calls: 0 candidates
2026-04-15 11:42:12,245 [viper] INFO: IV Crush: 0 candidates
2026-04-15 11:42:12,245 [viper] INFO: 
2026-04-15 11:42:12,246 [viper] INFO: ============================================================
2026-04-15 11:42:12,247 [viper] INFO:   SCAN RESULTS
2026-04-15 11:42:12,248 [viper] INFO: ============================================================
2026-04-15 11:42:12,249 [viper] INFO:   No opportunities found. Patience.
2026-04-15 11:42:12,249 [viper] INFO: ============================================================
2026-04-15 11:58:45,394 [viper] INFO: ============================================================
2026-04-15 11:58:45,395 [viper] INFO: VIPER OPTIONS ENGINE v1.0 - 2026-04-15T11:58:45.395436
2026-04-15 11:58:45,395 [viper] INFO: VIPER OPTIONS ENGINE v1.0 - 2026-04-15T11:58:45.395897
====
2026-04-15 11:58:45,396 [viper] INFO: ============================================================
2026-04-15 11:58:47,415 [viper] INFO: Account: equity=$105204.69  cash=$95050.26
2026-04-15 11:58:47,482 [viper] INFO: Analyzing 36 stocks...
2026-04-15 11:58:48,707 [viper] INFO: Account: equity=$105204.69  cash=$95050.26
2026-04-15 11:58:49,120 [viper] INFO: Analyzing 36 stocks...
2026-04-15 11:58:53,120 [viper] INFO: Analyzed 36 / 36 stocks
2026-04-15 11:58:53,121 [viper] INFO: CSP: 0 candidates
2026-04-15 11:59:03,565 [viper] INFO: Analyzed 36 / 36 stocks
2026-04-15 11:59:03,565 [viper] INFO: CSP: 0 candidates
2026-04-15 12:01:28,665 [viper] INFO: Momentum Calls: 0 candidates
2026-04-15 12:01:28,665 [viper] INFO: IV Crush: 0 candidates
2026-04-15 12:01:28,665 [viper] INFO: 
2026-04-15 12:01:28,666 [viper] INFO: ============================================================
2026-04-15 12:01:28,666 [viper] INFO:   SCAN RESULTS
2026-04-15 12:01:28,666 [viper] INFO: ============================================================
2026-04-15 12:01:28,667 [viper] INFO:   No opportunities found. Patience.
2026-04-15 12:01:28,667 [viper] INFO: ============================================================
2026-04-15 12:01:30,307 [viper] INFO: Momentum Calls: 0 candidates
2026-04-15 12:01:30,308 [viper] INFO: IV Crush: 0 candidates
2026-04-15 12:01:30,308 [viper] INFO: 
2026-04-15 12:01:30,308 [viper] INFO: ============================================================
2026-04-15 12:01:30,309 [viper] INFO:   SCAN RESULTS
2026-04-15 12:01:30,309 [viper] INFO: ============================================================
2026-04-15 12:01:30,309 [viper] INFO:   No opportunities found. Patience.
2026-04-15 12:01:30,310 [viper] INFO: ============================================================
2026-04-15 12:31:30,898 [viper] INFO: ============================================================
2026-04-15 12:31:30,900 [viper] INFO: VIPER OPTIONS ENGINE v1.0 - 2026-04-15T12:31:30.900329
2026-04-15 12:31:30,901 [viper] INFO: ============================================================
2026-04-15 12:31:31,808 [viper] INFO: ============================================================
2026-04-15 12:31:31,810 [viper] INFO: VIPER OPTIONS ENGINE v1.0 - 2026-04-15T12:31:31.810176
2026-04-15 12:31:31,811 [viper] INFO: ============================================================
2026-04-15 12:31:32,839 [viper] INFO: Account: equity=$105211.62  cash=$95050.26
2026-04-15 12:31:32,941 [viper] INFO: Analyzing 36 stocks...
2026-04-15 12:31:33,453 [viper] INFO: Account: equity=$105211.62  cash=$95050.26
2026-04-15 12:31:33,556 [viper] INFO: Analyzing 36 stocks...
2026-04-15 12:31:39,094 [viper] INFO: Analyzed 36 / 36 stocks
2026-04-15 12:31:39,095 [viper] INFO: CSP: 0 candidates
2026-04-15 12:31:48,218 [viper] INFO: Analyzed 36 / 36 stocks
2026-04-15 12:31:48,220 [viper] INFO: CSP: 0 candidates
2026-04-15 12:33:29,261 [viper] INFO: Momentum Calls: 0 candidates
2026-04-15 12:33:29,265 [viper] INFO: IV Crush: 0 candidates
2026-04-15 12:33:29,266 [viper] INFO: 
2026-04-15 12:33:29,267 [viper] INFO: ============================================================
2026-04-15 12:33:29,267 [viper] INFO:   SCAN RESULTS
2026-04-15 12:33:29,268 [viper] INFO: ============================================================
2026-04-15 12:33:29,268 [viper] INFO:   No opportunities found. Patience.
2026-04-15 12:33:29,269 [viper] INFO: ============================================================
2026-04-15 12:33:48,631 [viper] INFO: Momentum Calls: 0 candidates
2026-04-15 12:33:48,633 [viper] INFO: IV Crush: 0 candidates
2026-04-15 12:33:48,634 [viper] INFO: 
2026-04-15 12:33:48,635 [viper] INFO: ============================================================
2026-04-15 12:33:48,636 [viper] INFO:   SCAN RESULTS
2026-04-15 12:33:48,637 [viper] INFO: ============================================================
2026-04-15 12:33:48,637 [viper] INFO:   No opportunities found. Patience.
2026-04-15 12:33:48,638 [viper] INFO: ============================================================
2026-04-15 13:03:30,922 [viper] INFO: ============================================================
2026-04-15 13:03:30,923 [viper] INFO: VIPER OPTIONS ENGINE v1.0 - 2026-04-15T13:03:30.923729
2026-04-15 13:03:30,925 [viper] INFO: ============================================================
2026-04-15 13:03:33,588 [viper] INFO: Account: equity=$105216.57  cash=$95050.26
2026-04-15 13:03:33,655 [viper] INFO: Analyzing 36 stocks...
2026-04-15 13:03:38,409 [viper] INFO: Analyzed 36 / 36 stocks
2026-04-15 13:03:38,411 [viper] INFO: CSP: 0 candidates
2026-04-15 13:03:50,814 [viper] INFO: ============================================================
2026-04-15 13:03:50,815 [viper] INFO: VIPER OPTIONS ENGINE v1.0 - 2026-04-15T13:03:50.815895
2026-04-15 13:03:50,816 [viper] INFO: ============================================================
2026-04-15 13:03:53,442 [viper] INFO: Account: equity=$105216.57  cash=$95050.26
2026-04-15 13:03:53,519 [viper] INFO: Analyzing 36 stocks...
2026-04-15 13:03:58,108 [viper] INFO: Analyzed 36 / 36 stocks
2026-04-15 13:03:58,109 [viper] INFO: CSP: 0 candidates
2026-04-15 13:05:39,029 [viper] INFO: Momentum Calls: 0 candidates
2026-04-15 13:05:39,031 [viper] INFO: IV Crush: 0 candidates
2026-04-15 13:05:39,032 [viper] INFO: 
2026-04-15 13:05:39,033 [viper] INFO: ============================================================
2026-04-15 13:05:39,034 [viper] INFO:   SCAN RESULTS
2026-04-15 13:05:39,035 [viper] INFO: ============================================================
2026-04-15 13:05:39,036 [viper] INFO:   No opportunities found. Patience.
2026-04-15 13:05:39,036 [viper] INFO: ============================================================
2026-04-15 13:06:03,373 [viper] INFO: Momentum Calls: 0 candidates
2026-04-15 13:06:03,374 [viper] INFO: IV Crush: 0 candidates
2026-04-15 13:06:03,375 [viper] INFO: 
2026-04-15 13:06:03,375 [viper] INFO: ============================================================
2026-04-15 13:06:03,376 [viper] INFO:   SCAN RESULTS
2026-04-15 13:06:03,376 [viper] INFO: ============================================================
2026-04-15 13:06:03,377 [viper] INFO:   No opportunities found. Patience.
2026-04-15 13:06:03,377 [viper] INFO: ============================================================
2026-04-15 13:35:40,801 [viper] INFO: ============================================================
2026-04-15 13:35:40,803 [viper] INFO: VIPER OPTIONS ENGINE v1.0 - 2026-04-15T13:35:40.803025
2026-04-15 13:35:40,804 [viper] INFO: ============================================================
2026-04-15 13:35:42,557 [viper] INFO: Account: equity=$105222.51  cash=$95050.26
2026-04-15 13:35:42,625 [viper] INFO: Analyzing 36 stocks...
2026-04-15 13:35:47,585 [viper] INFO: Analyzed 36 / 36 stocks
2026-04-15 13:35:47,586 [viper] INFO: CSP: 0 candidates
2026-04-15 13:36:04,259 [viper] INFO: ============================================================
2026-04-15 13:36:04,260 [viper] INFO: VIPER OPTIONS ENGINE v1.0 - 2026-04-15T13:36:04.260548
2026-04-15 13:36:04,261 [viper] INFO: ============================================================
2026-04-15 13:36:06,724 [viper] INFO: Account: equity=$105223.50  cash=$95050.26
2026-04-15 13:36:07,338 [viper] INFO: Analyzing 36 stocks...
2026-04-15 13:36:12,169 [viper] INFO: Analyzed 36 / 36 stocks
2026-04-15 13:36:12,171 [viper] INFO: CSP: 0 candidates
2026-04-15 13:37:39,580 [viper] INFO: Momentum Calls: 0 candidates
2026-04-15 13:37:39,582 [viper] INFO: IV Crush: 0 candidates
2026-04-15 13:37:39,583 [viper] INFO: 
2026-04-15 13:37:39,584 [viper] INFO: ============================================================
2026-04-15 13:37:39,585 [viper] INFO:   SCAN RESULTS
2026-04-15 13:37:39,586 [viper] INFO: ============================================================
2026-04-15 13:37:39,587 [viper] INFO:   No opportunities found. Patience.
2026-04-15 13:37:39,587 [viper] INFO: ============================================================
2026-04-15 13:38:03,083 [viper] INFO: Momentum Calls: 0 candidates
2026-04-15 13:38:03,084 [viper] INFO: IV Crush: 0 candidates
2026-04-15 13:38:03,085 [viper] INFO: 
2026-04-15 13:38:03,085 [viper] INFO: ============================================================
2026-04-15 13:38:03,086 [viper] INFO:   SCAN RESULTS
2026-04-15 13:38:03,086 [viper] INFO: ============================================================
2026-04-15 13:38:03,086 [viper] INFO:   No opportunities found. Patience.
2026-04-15 13:38:03,087 [viper] INFO: ============================================================
2026-04-15 14:07:41,927 [viper] INFO: ============================================================
2026-04-15 14:07:41,929 [viper] INFO: VIPER OPTIONS ENGINE v1.0 - 2026-04-15T14:07:41.929036
2026-04-15 14:07:41,930 [viper] INFO: ============================================================
2026-04-15 14:07:43,603 [viper] INFO: Account: equity=$105225.48  cash=$95050.26
2026-04-15 14:07:43,677 [viper] INFO: Analyzing 36 stocks...
2026-04-15 14:07:48,293 [viper] INFO: Analyzed 36 / 36 stocks
2026-04-15 14:07:48,294 [viper] INFO: CSP: 0 candidates
2026-04-15 14:08:04,388 [viper] INFO: ============================================================
2026-04-15 14:08:04,389 [viper] INFO: VIPER OPTIONS ENGINE v1.0 - 2026-04-15T14:08:04.389670
2026-04-15 14:08:04,390 [viper] INFO: ============================================================
2026-04-15 14:08:05,721 [viper] INFO: Account: equity=$105225.48  cash=$95050.26
2026-04-15 14:08:05,744 [viper] INFO: Analyzing 36 stocks...
2026-04-15 14:08:09,757 [viper] INFO: Analyzed 36 / 36 stocks
2026-04-15 14:08:09,758 [viper] INFO: CSP: 0 candidates
2026-04-15 14:09:39,518 [viper] INFO: Momentum Calls: 0 candidates
2026-04-15 14:09:39,519 [viper] INFO: IV Crush: 0 candidates
2026-04-15 14:09:39,520 [viper] INFO: 
2026-04-15 14:09:39,521 [viper] INFO: ============================================================
2026-04-15 14:09:39,521 [viper] INFO:   SCAN RESULTS
2026-04-15 14:09:39,522 [viper] INFO: ============================================================
2026-04-15 14:09:39,523 [viper] INFO:   No opportunities found. Patience.
2026-04-15 14:09:39,523 [viper] INFO: ============================================================
2026-04-15 14:10:18,515 [viper] INFO: Momentum Calls: 0 candidates
2026-04-15 14:10:18,516 [viper] INFO: IV Crush: 0 candidates
2026-04-15 14:10:18,517 [viper] INFO: 
2026-04-15 14:10:18,517 [viper] INFO: ============================================================
2026-04-15 14:10:18,517 [viper] INFO:   SCAN RESULTS
2026-04-15 14:10:18,518 [viper] INFO: ============================================================
2026-04-15 14:10:18,518 [viper] INFO:   No opportunities found. Patience.
2026-04-15 14:10:18,519 [viper] INFO: ============================================================
2026-04-15 14:39:40,749 [viper] INFO: ============================================================
2026-04-15 14:39:40,750 [viper] INFO: VIPER OPTIONS ENGINE v1.0 - 2026-04-15T14:39:40.750600
2026-04-15 14:39:40,751 [viper] INFO: ============================================================
2026-04-15 14:39:42,442 [viper] INFO: Account: equity=$105228.45  cash=$95050.26
2026-04-15 14:39:42,544 [viper] INFO: Analyzing 36 stocks...
2026-04-15 14:39:50,745 [viper] INFO: Analyzed 36 / 36 stocks
2026-04-15 14:39:50,746 [viper] INFO: CSP: 0 candidates
2026-04-15 14:40:19,369 [viper] INFO: ============================================================
2026-04-15 14:40:19,370 [viper] INFO: VIPER OPTIONS ENGINE v1.0 - 2026-04-15T14:40:19.370765
2026-04-15 14:40:19,371 [viper] INFO: ============================================================
2026-04-15 14:40:20,739 [viper] INFO: Account: equity=$105230.43  cash=$95050.26
2026-04-15 14:40:20,843 [viper] INFO: Analyzing 36 stocks...
2026-04-15 14:40:25,061 [viper] INFO: Analyzed 36 / 36 stocks
2026-04-15 14:40:25,064 [viper] INFO: CSP: 0 candidates
2026-04-15 14:41:49,324 [viper] INFO: Momentum Calls: 0 candidates
2026-04-15 14:41:49,325 [viper] INFO: IV Crush: 0 candidates
2026-04-15 14:41:49,325 [viper] INFO: 
2026-04-15 14:41:49,325 [viper] INFO: ============================================================
2026-04-15 14:41:49,325 [viper] INFO:   SCAN RESULTS
2026-04-15 14:41:49,325 [viper] INFO: ============================================================
2026-04-15 14:41:49,326 [viper] INFO:   No opportunities found. Patience.
2026-04-15 14:41:49,326 [viper] INFO: ============================================================
2026-04-15 14:42:33,588 [viper] INFO: Momentum Calls: 0 candidates
2026-04-15 14:42:33,589 [viper] INFO: IV Crush: 0 candidates
2026-04-15 14:42:33,589 [viper] INFO: 
2026-04-15 14:42:33,590 [viper] INFO: ============================================================
2026-04-15 14:42:33,590 [viper] INFO:   SCAN RESULTS
2026-04-15 14:42:33,591 [viper] INFO: ============================================================
2026-04-15 14:42:33,591 [viper] INFO:   No opportunities found. Patience.
2026-04-15 14:42:33,592 [viper] INFO: ============================================================
2026-04-15 15:11:50,759 [viper] INFO: ============================================================
2026-04-15 15:11:50,761 [viper] INFO: VIPER OPTIONS ENGINE v1.0 - 2026-04-15T15:11:50.761337
2026-04-15 15:11:50,762 [viper] INFO: ============================================================
2026-04-15 15:11:53,494 [viper] INFO: Account: equity=$105226.47  cash=$95050.26
2026-04-15 15:11:54,007 [viper] INFO: Analyzing 36 stocks...
2026-04-15 15:11:58,447 [viper] INFO: Analyzed 36 / 36 stocks
2026-04-15 15:11:58,449 [viper] INFO: CSP: 0 candidates
2026-04-15 15:12:35,569 [viper] INFO: ============================================================
2026-04-15 15:12:35,571 [viper] INFO: VIPER OPTIONS ENGINE v1.0 - 2026-04-15T15:12:35.571023
2026-04-15 15:12:35,571 [viper] INFO: ============================================================
2026-04-15 15:12:37,220 [viper] INFO: Account: equity=$105228.45  cash=$95050.26
2026-04-15 15:12:38,041 [viper] INFO: Analyzing 36 stocks...
2026-04-15 15:12:46,654 [viper] INFO: Analyzed 36 / 36 stocks
2026-04-15 15:12:46,656 [viper] INFO: CSP: 0 candidates
2026-04-15 15:13:49,689 [viper] INFO: Momentum Calls: 0 candidates
2026-04-15 15:13:49,691 [viper] INFO: IV Crush: 0 candidates
2026-04-15 15:13:49,692 [viper] INFO: 
2026-04-15 15:13:49,692 [viper] INFO: ============================================================
2026-04-15 15:13:49,693 [viper] INFO:   SCAN RESULTS
2026-04-15 15:13:49,693 [viper] INFO: ============================================================
2026-04-15 15:13:49,694 [viper] INFO:   No opportunities found. Patience.
2026-04-15 15:13:49,695 [viper] INFO: ============================================================
2026-04-15 15:14:43,534 [viper] INFO: Momentum Calls: 0 candidates
2026-04-15 15:14:43,535 [viper] INFO: IV Crush: 0 candidates
2026-04-15 15:14:43,537 [viper] INFO: 
2026-04-15 15:14:43,540 [viper] INFO: ============================================================
2026-04-15 15:14:43,540 [viper] INFO:   SCAN RESULTS
2026-04-15 15:14:43,541 [viper] INFO: ============================================================
2026-04-15 15:14:43,542 [viper] INFO:   No opportunities found. Patience.
2026-04-15 15:14:43,543 [viper] INFO: ============================================================
2026-04-15 15:43:51,789 [viper] INFO: ============================================================
2026-04-15 15:43:51,791 [viper] INFO: VIPER OPTIONS ENGINE v1.0 - 2026-04-15T15:43:51.791013
2026-04-15 15:43:51,792 [viper] INFO: ============================================================
2026-04-15 15:43:53,997 [viper] INFO: Account: equity=$105212.61  cash=$95050.26
2026-04-15 15:43:54,415 [viper] INFO: Analyzing 36 stocks...
2026-04-15 15:44:04,347 [viper] INFO: Analyzed 36 / 36 stocks
2026-04-15 15:44:04,349 [viper] INFO: CSP: 0 candidates
2026-04-15 15:44:44,423 [viper] INFO: ============================================================
2026-04-15 15:44:44,423 [viper] INFO: VIPER OPTIONS ENGINE v1.0 - 2026-04-15T15:44:44.423424
2026-04-15 15:44:44,423 [viper] INFO: ============================================================
2026-04-15 15:44:47,043 [viper] INFO: Account: equity=$105217.56  cash=$95050.26
2026-04-15 15:44:48,064 [viper] INFO: Analyzing 36 stocks...
2026-04-15 15:44:57,703 [viper] INFO: Analyzed 36 / 36 stocks
2026-04-15 15:44:57,704 [viper] INFO: CSP: 0 candidates
2026-04-15 15:46:29,395 [viper] INFO: Momentum Calls: 0 candidates
2026-04-15 15:46:29,395 [viper] INFO: IV Crush: 0 candidates
2026-04-15 15:46:29,395 [viper] INFO: 
2026-04-15 15:46:29,396 [viper] INFO: ============================================================
2026-04-15 15:46:29,396 [viper] INFO:   SCAN RESULTS
2026-04-15 15:46:29,396 [viper] INFO: ============================================================
2026-04-15 15:46:29,396 [viper] INFO:   No opportunities found. Patience.
2026-04-15 15:46:29,397 [viper] INFO: ============================================================
2026-04-15 15:47:19,014 [viper] INFO: Momentum Calls: 0 candidates
2026-04-15 15:47:19,015 [viper] INFO: IV Crush: 0 candidates
2026-04-15 15:47:19,016 [viper] INFO: 
2026-04-15 15:47:19,016 [viper] INFO: ============================================================
2026-04-15 15:47:19,017 [viper] INFO:   SCAN RESULTS
2026-04-15 15:47:19,017 [viper] INFO: ============================================================
2026-04-15 15:47:19,017 [viper] INFO:   No opportunities found. Patience.
2026-04-15 15:47:19,018 [viper] INFO: ============================================================
2026-04-15 15:53:47,600 [viper] INFO: ============================================================
2026-04-15 15:53:47,602 [viper] INFO: VIPER OPTIONS ENGINE v1.0 - 2026-04-15T15:53:47.602633
2026-04-15 15:53:47,603 [viper] INFO: ============================================================
2026-04-15 15:53:49,626 [viper] INFO: Account: equity=$105227.46  cash=$105227.46
2026-04-15 15:53:49,649 [viper] INFO: Analyzing 36 stocks...
2026-04-15 15:53:58,556 [viper] INFO: Analyzed 36 / 36 stocks
2026-04-15 15:53:58,557 [viper] INFO: CSP: 0 candidates
2026-04-15 15:56:08,388 [viper] INFO: Momentum Calls: 0 candidates
2026-04-15 15:56:08,389 [viper] INFO: IV Crush: 0 candidates
2026-04-15 15:56:08,391 [viper] INFO: 
2026-04-15 15:56:08,392 [viper] INFO: ============================================================
2026-04-15 15:56:08,393 [viper] INFO:   SCAN RESULTS
2026-04-15 15:56:08,394 [viper] INFO: ============================================================
2026-04-15 15:56:08,394 [viper] INFO:   No opportunities found. Patience.
2026-04-15 15:56:08,395 [viper] INFO: ============================================================
2026-04-15 16:26:09,163 [viper] INFO: ============================================================
2026-04-15 16:26:09,164 [viper] INFO: VIPER OPTIONS ENGINE v1.0 - 2026-04-15T16:26:09.164147
2026-04-15 16:26:09,164 [viper] INFO: ============================================================
2026-04-15 16:26:10,362 [viper] INFO: Account: equity=$105227.46  cash=$105227.46
2026-04-15 16:26:10,465 [viper] INFO: Analyzing 36 stocks...
2026-04-15 16:26:13,079 [viper] INFO: Analyzed 36 / 36 stocks
2026-04-15 16:26:13,080 [viper] INFO: CSP: 0 candidates
2026-04-15 16:27:36,369 [viper] INFO: Momentum Calls: 0 candidates
2026-04-15 16:27:36,370 [viper] INFO: IV Crush: 0 candidates
2026-04-15 16:27:36,371 [viper] INFO: 
2026-04-15 16:27:36,371 [viper] INFO: ============================================================
2026-04-15 16:27:36,372 [viper] INFO:   SCAN RESULTS
2026-04-15 16:27:36,372 [viper] INFO: ============================================================
2026-04-15 16:27:36,373 [viper] INFO:   No opportunities found. Patience.
2026-04-15 16:27:36,373 [viper] INFO: ============================================================
2026-04-15 16:57:37,732 [viper] INFO: ============================================================
2026-04-15 16:57:37,734 [viper] INFO: VIPER OPTIONS ENGINE v1.0 - 2026-04-15T16:57:37.734087
2026-04-15 16:57:37,734 [viper] INFO: ============================================================
2026-04-15 16:57:39,061 [viper] INFO: Account: equity=$105227.46  cash=$105227.46
2026-04-15 16:57:39,119 [viper] INFO: Analyzing 36 stocks...
2026-04-15 16:57:43,287 [viper] INFO: Analyzed 36 / 36 stocks
2026-04-15 16:57:43,288 [viper] INFO: CSP: 0 candidates
2026-04-15 16:59:06,056 [viper] INFO: Momentum Calls: 0 candidates
2026-04-15 16:59:06,057 [viper] INFO: IV Crush: 0 candidates
2026-04-15 16:59:06,058 [viper] INFO: 
2026-04-15 16:59:06,059 [viper] INFO: ============================================================
2026-04-15 16:59:06,059 [viper] INFO:   SCAN RESULTS
2026-04-15 16:59:06,060 [viper] INFO: ============================================================
2026-04-15 16:59:06,060 [viper] INFO:   No opportunities found. Patience.
2026-04-15 16:59:06,061 [viper] INFO: ============================================================
2026-04-15 17:29:07,097 [viper] INFO: ============================================================
2026-04-15 17:29:07,097 [viper] INFO: VIPER OPTIONS ENGINE v1.0 - 2026-04-15T17:29:07.097936
2026-04-15 17:29:07,098 [viper] INFO: ============================================================
2026-04-15 17:29:08,177 [viper] INFO: Account: equity=$105227.46  cash=$105227.46
2026-04-15 17:29:08,284 [viper] INFO: Analyzing 36 stocks...
2026-04-15 17:29:11,588 [viper] INFO: Analyzed 36 / 36 stocks
2026-04-15 17:29:11,589 [viper] INFO: CSP: 0 candidates
2026-04-15 17:30:36,565 [viper] INFO: Momentum Calls: 0 candidates
2026-04-15 17:30:36,566 [viper] INFO: IV Crush: 0 candidates
2026-04-15 17:30:36,567 [viper] INFO: 
2026-04-15 17:30:36,568 [viper] INFO: ============================================================
2026-04-15 17:30:36,568 [viper] INFO:   SCAN RESULTS
2026-04-15 17:30:36,569 [viper] INFO: ============================================================
2026-04-15 17:30:36,569 [viper] INFO:   No opportunities found. Patience.
2026-04-15 17:30:36,570 [viper] INFO: ============================================================
2026-04-15 18:00:37,108 [viper] INFO: ============================================================
2026-04-15 18:00:37,108 [viper] INFO: VIPER OPTIONS ENGINE v1.0 - 2026-04-15T18:00:37.108773
2026-04-15 18:00:37,109 [viper] INFO: ============================================================
2026-04-15 18:00:38,196 [viper] INFO: Account: equity=$105227.46  cash=$105227.46
2026-04-15 18:00:38,270 [viper] INFO: Analyzing 36 stocks...
2026-04-15 18:00:41,171 [viper] INFO: Analyzed 36 / 36 stocks
2026-04-15 18:00:41,172 [viper] INFO: CSP: 0 candidates
2026-04-15 18:02:03,445 [viper] INFO: Momentum Calls: 0 candidates
2026-04-15 18:02:03,446 [viper] INFO: IV Crush: 0 candidates
2026-04-15 18:02:03,447 [viper] INFO: 
2026-04-15 18:02:03,448 [viper] INFO: ============================================================
2026-04-15 18:02:03,448 [viper] INFO:   SCAN RESULTS
2026-04-15 18:02:03,448 [viper] INFO: ============================================================
2026-04-15 18:02:03,449 [viper] INFO:   No opportunities found. Patience.
2026-04-15 18:02:03,449 [viper] INFO: ============================================================
2026-04-15 18:32:07,999 [viper] INFO: ============================================================
2026-04-15 18:32:08,001 [viper] INFO: VIPER OPTIONS ENGINE v1.0 - 2026-04-15T18:32:08.001059
2026-04-15 18:32:08,002 [viper] INFO: ============================================================
2026-04-15 18:32:10,612 [viper] INFO: Account: equity=$105227.46  cash=$105227.46
2026-04-15 18:32:10,713 [viper] INFO: Analyzing 36 stocks...
2026-04-15 18:32:14,552 [viper] INFO: Analyzed 36 / 36 stocks
2026-04-15 18:32:14,553 [viper] INFO: CSP: 0 candidates
2026-04-15 18:33:35,629 [viper] INFO: Momentum Calls: 0 candidates
2026-04-15 18:33:35,630 [viper] INFO: IV Crush: 0 candidates
2026-04-15 18:33:35,630 [viper] INFO: 
2026-04-15 18:33:35,630 [viper] INFO: ============================================================
2026-04-15 18:33:35,631 [viper] INFO:   SCAN RESULTS
2026-04-15 18:33:35,631 [viper] INFO: ============================================================
2026-04-15 18:33:35,631 [viper] INFO:   No opportunities found. Patience.
2026-04-15 18:33:35,631 [viper] INFO: ============================================================
2026-04-15 19:03:39,938 [viper] INFO: ============================================================
2026-04-15 19:03:39,940 [viper] INFO: VIPER OPTIONS ENGINE v1.0 - 2026-04-15T19:03:39.939955
2026-04-15 19:03:39,941 [viper] INFO: ============================================================
2026-04-15 19:03:42,551 [viper] INFO: Account: equity=$105227.46  cash=$105227.46
2026-04-15 19:03:42,574 [viper] INFO: Analyzing 36 stocks...
2026-04-15 19:03:46,917 [viper] INFO: Analyzed 36 / 36 stocks
2026-04-15 19:03:46,918 [viper] INFO: CSP: 0 candidates
2026-04-15 19:05:07,831 [viper] INFO: Momentum Calls: 0 candidates
2026-04-15 19:05:07,832 [viper] INFO: IV Crush: 0 candidates
2026-04-15 19:05:07,833 [viper] INFO: 
2026-04-15 19:05:07,834 [viper] INFO: ============================================================
2026-04-15 19:05:07,834 [viper] INFO:   SCAN RESULTS
2026-04-15 19:05:07,835 [viper] INFO: ============================================================
2026-04-15 19:05:07,836 [viper] INFO:   No opportunities found. Patience.
2026-04-15 19:05:07,836 [viper] INFO: ============================================================
2026-04-15 19:35:09,168 [viper] INFO: ============================================================
2026-04-15 19:35:09,169 [viper] INFO: VIPER OPTIONS ENGINE v1.0 - 2026-04-15T19:35:09.169119
2026-04-15 19:35:09,169 [viper] INFO: ============================================================
2026-04-15 19:35:10,570 [viper] INFO: Account: equity=$105227.46  cash=$105227.46
2026-04-15 19:35:10,674 [viper] INFO: Analyzing 36 stocks...
2026-04-15 19:35:13,684 [viper] INFO: Analyzed 36 / 36 stocks
2026-04-15 19:35:13,685 [viper] INFO: CSP: 0 candidates
2026-04-15 19:36:35,579 [viper] INFO: Momentum Calls: 0 candidates
2026-04-15 19:36:35,580 [viper] INFO: IV Crush: 0 candidates
2026-04-15 19:36:35,581 [viper] INFO: 
2026-04-15 19:36:35,581 [viper] INFO: ============================================================
2026-04-15 19:36:35,582 [viper] INFO:   SCAN RESULTS
2026-04-15 19:36:35,583 [viper] INFO: ============================================================
2026-04-15 19:36:35,583 [viper] INFO:   No opportunities found. Patience.
2026-04-15 19:36:35,584 [viper] INFO: ============================================================
2026-04-15 20:06:36,644 [viper] INFO: ============================================================
2026-04-15 20:06:36,645 [viper] INFO: VIPER OPTIONS ENGINE v1.0 - 2026-04-15T20:06:36.645604
2026-04-15 20:06:36,646 [viper] INFO: ============================================================
2026-04-15 20:06:37,992 [viper] INFO: Account: equity=$105227.46  cash=$105227.46
2026-04-15 20:06:38,111 [viper] INFO: Analyzing 36 stocks...
2026-04-15 20:06:41,900 [viper] INFO: Analyzed 36 / 36 stocks
2026-04-15 20:06:41,902 [viper] INFO: CSP: 0 candidates
2026-04-15 20:08:02,414 [viper] INFO: Momentum Calls: 0 candidates
2026-04-15 20:08:02,415 [viper] INFO: IV Crush: 0 candidates
2026-04-15 20:08:02,416 [viper] INFO: 
2026-04-15 20:08:02,417 [viper] INFO: ============================================================
2026-04-15 20:08:02,417 [viper] INFO:   SCAN RESULTS
2026-04-15 20:08:02,418 [viper] INFO: ============================================================
2026-04-15 20:08:02,419 [viper] INFO:   No opportunities found. Patience.
2026-04-15 20:08:02,419 [viper] INFO: ============================================================
2026-04-15 20:38:03,741 [viper] INFO: ============================================================
2026-04-15 20:38:03,742 [viper] INFO: VIPER OPTIONS ENGINE v1.0 - 2026-04-15T20:38:03.742679
2026-04-15 20:38:03,743 [viper] INFO: ============================================================
2026-04-15 20:38:05,254 [viper] INFO: Account: equity=$105227.46  cash=$105227.46
2026-04-15 20:38:05,321 [viper] INFO: Analyzing 36 stocks...
2026-04-15 20:38:08,976 [viper] INFO: Analyzed 36 / 36 stocks
2026-04-15 20:38:08,976 [viper] INFO: CSP: 0 candidates
2026-04-15 20:39:29,005 [viper] INFO: Momentum Calls: 0 candidates
2026-04-15 20:39:29,006 [viper] INFO: IV Crush: 0 candidates
2026-04-15 20:39:29,006 [viper] INFO: 
2026-04-15 20:39:29,006 [viper] INFO: ============================================================
2026-04-15 20:39:29,006 [viper] INFO:   SCAN RESULTS
2026-04-15 20:39:29,007 [viper] INFO: ============================================================
2026-04-15 20:39:29,007 [viper] INFO:   No opportunities found. Patience.
2026-04-15 20:39:29,007 [viper] INFO: ============================================================
2026-04-15 21:09:30,658 [viper] INFO: ============================================================
2026-04-15 21:09:30,659 [viper] INFO: VIPER OPTIONS ENGINE v1.0 - 2026-04-15T21:09:30.659779
2026-04-15 21:09:30,660 [viper] INFO: ============================================================
2026-04-15 21:09:32,180 [viper] INFO: Account: equity=$105227.46  cash=$105227.46
2026-04-15 21:09:32,205 [viper] INFO: Analyzing 36 stocks...
2026-04-15 21:09:36,043 [viper] INFO: Analyzed 36 / 36 stocks
2026-04-15 21:09:36,044 [viper] INFO: CSP: 0 candidates
2026-04-15 21:10:54,623 [viper] INFO: Momentum Calls: 0 candidates
2026-04-15 21:10:54,624 [viper] INFO: IV Crush: 0 candidates
2026-04-15 21:10:54,625 [viper] INFO: 
2026-04-15 21:10:54,626 [viper] INFO: ============================================================
2026-04-15 21:10:54,626 [viper] INFO:   SCAN RESULTS
2026-04-15 21:10:54,627 [viper] INFO: ============================================================
2026-04-15 21:10:54,627 [viper] INFO:   No opportunities found. Patience.
2026-04-15 21:10:54,628 [viper] INFO: ============================================================
2026-04-15 21:40:55,550 [viper] INFO: ============================================================
2026-04-15 21:40:55,551 [viper] INFO: VIPER OPTIONS ENGINE v1.0 - 2026-04-15T21:40:55.551794
2026-04-15 21:40:55,552 [viper] INFO: ============================================================
2026-04-15 21:40:56,830 [viper] INFO: Account: equity=$105227.46  cash=$105227.46
2026-04-15 21:40:56,882 [viper] INFO: Analyzing 36 stocks...
2026-04-15 21:41:00,005 [viper] INFO: Analyzed 36 / 36 stocks
2026-04-15 21:41:00,007 [viper] INFO: CSP: 0 candidates
2026-04-15 21:42:24,863 [viper] INFO: Momentum Calls: 0 candidates
2026-04-15 21:42:24,864 [viper] INFO: IV Crush: 0 candidates
2026-04-15 21:42:24,865 [viper] INFO: 
2026-04-15 21:42:24,865 [viper] INFO: ============================================================
2026-04-15 21:42:24,866 [viper] INFO:   SCAN RESULTS
2026-04-15 21:42:24,867 [viper] INFO: ============================================================
2026-04-15 21:42:24,868 [viper] INFO:   No opportunities found. Patience.
2026-04-15 21:42:24,868 [viper] INFO: ============================================================
2026-04-15 22:12:26,938 [viper] INFO: ============================================================
2026-04-15 22:12:26,939 [viper] INFO: VIPER OPTIONS ENGINE v1.0 - 2026-04-15T22:12:26.939833
2026-04-15 22:12:26,940 [viper] INFO: ============================================================
2026-04-15 22:12:28,438 [viper] INFO: Account: equity=$105227.46  cash=$105227.46
2026-04-15 22:12:28,516 [viper] INFO: Analyzing 36 stocks...
2026-04-15 22:12:32,307 [viper] INFO: Analyzed 36 / 36 stocks
2026-04-15 22:12:32,308 [viper] INFO: CSP: 0 candidates
2026-04-15 22:14:04,468 [viper] INFO: Momentum Calls: 0 candidates
2026-04-15 22:14:04,469 [viper] INFO: IV Crush: 0 candidates
2026-04-15 22:14:04,470 [viper] INFO: 
2026-04-15 22:14:04,471 [viper] INFO: ============================================================
2026-04-15 22:14:04,471 [viper] INFO:   SCAN RESULTS
2026-04-15 22:14:04,471 [viper] INFO: ============================================================
2026-04-15 22:14:04,472 [viper] INFO:   No opportunities found. Patience.
2026-04-15 22:14:04,472 [viper] INFO: ============================================================
2026-04-15 22:44:05,190 [viper] INFO: ============================================================
2026-04-15 22:44:05,191 [viper] INFO: VIPER OPTIONS ENGINE v1.0 - 2026-04-15T22:44:05.191142
2026-04-15 22:44:05,191 [viper] INFO: ============================================================
2026-04-15 22:44:06,282 [viper] INFO: Account: equity=$105227.46  cash=$105227.46
2026-04-15 22:44:06,384 [viper] INFO: Analyzing 36 stocks...
2026-04-15 22:44:09,647 [viper] INFO: Analyzed 36 / 36 stocks
2026-04-15 22:44:09,648 [viper] INFO: CSP: 0 candidates
2026-04-15 22:45:29,673 [viper] INFO: Momentum Calls: 0 candidates
2026-04-15 22:45:29,674 [viper] INFO: IV Crush: 0 candidates
2026-04-15 22:45:29,675 [viper] INFO: 
2026-04-15 22:45:29,676 [viper] INFO: ============================================================
2026-04-15 22:45:29,676 [viper] INFO:   SCAN RESULTS
2026-04-15 22:45:29,677 [viper] INFO: ============================================================
2026-04-15 22:45:29,678 [viper] INFO:   No opportunities found. Patience.
2026-04-15 22:45:29,678 [viper] INFO: ============================================================
2026-04-15 23:15:30,086 [viper] INFO: ============================================================
2026-04-15 23:15:30,087 [viper] INFO: VIPER OPTIONS ENGINE v1.0 - 2026-04-15T23:15:30.087797
2026-04-15 23:15:30,088 [viper] INFO: ============================================================
2026-04-15 23:15:31,181 [viper] INFO: Account: equity=$105227.46  cash=$105227.46
2026-04-15 23:15:31,250 [viper] INFO: Analyzing 36 stocks...
2026-04-15 23:15:34,593 [viper] INFO: Analyzed 36 / 36 stocks
2026-04-15 23:15:34,594 [viper] INFO: CSP: 0 candidates
2026-04-15 23:16:57,402 [viper] INFO: Momentum Calls: 0 candidates
2026-04-15 23:16:57,403 [viper] INFO: IV Crush: 0 candidates
2026-04-15 23:16:57,407 [viper] INFO: 
2026-04-15 23:16:57,407 [viper] INFO: ============================================================
2026-04-15 23:16:57,408 [viper] INFO:   SCAN RESULTS
2026-04-15 23:16:57,409 [viper] INFO: ============================================================
2026-04-15 23:16:57,409 [viper] INFO:   No opportunities found. Patience.
2026-04-15 23:16:57,410 [viper] INFO: ============================================================
2026-04-15 23:46:58,613 [viper] INFO: ============================================================
2026-04-15 23:46:58,614 [viper] INFO: VIPER OPTIONS ENGINE v1.0 - 2026-04-15T23:46:58.614132
2026-04-15 23:46:58,614 [viper] INFO: ============================================================
2026-04-15 23:46:59,900 [viper] INFO: Account: equity=$105227.46  cash=$105227.46
2026-04-15 23:47:00,033 [viper] INFO: Analyzing 36 stocks...
2026-04-15 23:47:03,145 [viper] INFO: Analyzed 36 / 36 stocks
2026-04-15 23:47:03,146 [viper] INFO: CSP: 0 candidates
2026-04-15 23:48:25,201 [viper] INFO: Momentum Calls: 0 candidates
2026-04-15 23:48:25,202 [viper] INFO: IV Crush: 0 candidates
2026-04-15 23:48:25,203 [viper] INFO: 
2026-04-15 23:48:25,204 [viper] INFO: ============================================================
2026-04-15 23:48:25,204 [viper] INFO:   SCAN RESULTS
2026-04-15 23:48:25,205 [viper] INFO: ============================================================
2026-04-15 23:48:25,206 [viper] INFO:   No opportunities found. Patience.
2026-04-15 23:48:25,206 [viper] INFO: ============================================================
