2026-04-14 09:31:21,322 [viper] INFO: ============================================================
2026-04-14 09:31:21,323 [viper] INFO: VIPER OPTIONS ENGINE v1.0 - 2026-04-14T09:31:21.323139
2026-04-14 09:31:21,323 [viper] INFO: ============================================================
2026-04-14 09:31:23,584 [viper] INFO: Account: equity=$105102.95  cash=$75925.58
2026-04-14 09:31:23,637 [viper] INFO: Analyzing 36 stocks...
2026-04-14 09:31:46,116 [viper] INFO: Analyzed 36 / 36 stocks
2026-04-14 09:31:46,116 [viper] INFO: CSP: 0 candidates
2026-04-14 09:33:45,413 [viper] INFO: Momentum Calls: 0 candidates
2026-04-14 09:33:45,416 [viper] INFO: IV Crush: 0 candidates
2026-04-14 09:33:45,416 [viper] INFO: 
2026-04-14 09:33:45,416 [viper] INFO: ============================================================
2026-04-14 09:33:45,417 [viper] INFO:   SCAN RESULTS
2026-04-14 09:33:45,417 [viper] INFO: ============================================================
2026-04-14 09:33:45,417 [viper] INFO:   No opportunities found. Patience.
2026-04-14 09:33:45,417 [viper] INFO: ============================================================
2026-04-14 10:03:46,100 [viper] INFO: ============================================================
2026-04-14 10:03:46,101 [viper] INFO: VIPER OPTIONS ENGINE v1.0 - 2026-04-14T10:03:46.101561
2026-04-14 10:03:46,102 [viper] INFO: ============================================================
2026-04-14 10:03:47,861 [viper] INFO: Account: equity=$104861.37  cash=$90034.34
2026-04-14 10:03:48,458 [viper] INFO: Analyzing 36 stocks...
2026-04-14 10:04:02,901 [viper] INFO: Analyzed 36 / 36 stocks
2026-04-14 10:04:02,901 [viper] INFO: CSP: 0 candidates
2026-04-14 10:06:58,119 [viper] INFO: Momentum Calls: 0 candidates
2026-04-14 10:06:58,119 [viper] INFO: IV Crush: 0 candidates
2026-04-14 10:06:58,120 [viper] INFO: 
2026-04-14 10:06:58,120 [viper] INFO: ============================================================
2026-04-14 10:06:58,120 [viper] INFO:   SCAN RESULTS
2026-04-14 10:06:58,120 [viper] INFO: ============================================================
2026-04-14 10:06:58,121 [viper] INFO:   No opportunities found. Patience.
2026-04-14 10:06:58,121 [viper] INFO: ============================================================
2026-04-14 10:36:59,083 [viper] INFO: ============================================================
2026-04-14 10:36:59,083 [viper] INFO: VIPER OPTIONS ENGINE v1.0 - 2026-04-14T10:36:59.083786
2026-04-14 10:36:59,084 [viper] INFO: ============================================================
2026-04-14 10:37:02,187 [viper] INFO: Account: equity=$104989.66  cash=$90034.34
2026-04-14 10:37:03,209 [viper] INFO: Analyzing 36 stocks...
2026-04-14 10:37:31,541 [viper] INFO: Analyzed 36 / 36 stocks
2026-04-14 10:37:31,542 [viper] INFO: CSP: 0 candidates
2026-04-14 10:39:20,840 [viper] INFO: Momentum Calls: 0 candidates
2026-04-14 10:39:20,841 [viper] INFO: IV Crush: 0 candidates
2026-04-14 10:39:20,841 [viper] INFO: 
2026-04-14 10:39:20,841 [viper] INFO: ============================================================
2026-04-14 10:39:20,842 [viper] INFO:   SCAN RESULTS
2026-04-14 10:39:20,842 [viper] INFO: ============================================================
2026-04-14 10:39:20,842 [viper] INFO:   No opportunities found. Patience.
2026-04-14 10:39:20,842 [viper] INFO: ============================================================
2026-04-14 11:09:22,020 [viper] INFO: ============================================================
2026-04-14 11:09:22,021 [viper] INFO: VIPER OPTIONS ENGINE v1.0 - 2026-04-14T11:09:22.021004
2026-04-14 11:09:22,021 [viper] INFO: ============================================================
2026-04-14 11:09:23,061 [viper] INFO: Account: equity=$104981.54  cash=$90034.34
2026-04-14 11:09:23,087 [viper] INFO: Analyzing 36 stocks...
2026-04-14 11:09:32,337 [viper] INFO: Analyzed 36 / 36 stocks
2026-04-14 11:09:32,338 [viper] INFO: CSP: 0 candidates
2026-04-14 11:11:24,514 [viper] INFO: Momentum Calls: 0 candidates
2026-04-14 11:11:24,515 [viper] INFO: IV Crush: 0 candidates
2026-04-14 11:11:24,515 [viper] INFO: 
2026-04-14 11:11:24,515 [viper] INFO: ============================================================
2026-04-14 11:11:24,516 [viper] INFO:   SCAN RESULTS
2026-04-14 11:11:24,516 [viper] INFO: ============================================================
2026-04-14 11:11:24,516 [viper] INFO:   No opportunities found. Patience.
2026-04-14 11:11:24,516 [viper] INFO: ============================================================
2026-04-14 11:41:25,491 [viper] INFO: ============================================================
2026-04-14 11:41:25,492 [viper] INFO: VIPER OPTIONS ENGINE v1.0 - 2026-04-14T11:41:25.492504
2026-04-14 11:41:25,493 [viper] INFO: ============================================================
2026-04-14 11:41:27,565 [viper] INFO: Account: equity=$105097.26  cash=$90034.34
2026-04-14 11:41:28,092 [viper] INFO: Analyzing 36 stocks...
2026-04-14 11:41:43,160 [viper] INFO: Analyzed 36 / 36 stocks
2026-04-14 11:41:43,161 [viper] INFO: CSP: 0 candidates
2026-04-14 11:43:04,132 [viper] INFO: Momentum Calls: 0 candidates
2026-04-14 11:43:04,133 [viper] INFO: IV Crush: 0 candidates
2026-04-14 11:43:04,134 [viper] INFO: 
2026-04-14 11:43:04,135 [viper] INFO: ============================================================
2026-04-14 11:43:04,135 [viper] INFO:   SCAN RESULTS
2026-04-14 11:43:04,135 [viper] INFO: ============================================================
2026-04-14 11:43:04,136 [viper] INFO:   No opportunities found. Patience.
2026-04-14 11:43:04,136 [viper] INFO: ============================================================
2026-04-14 12:13:05,639 [viper] INFO: ============================================================
2026-04-14 12:13:05,640 [viper] INFO: VIPER OPTIONS ENGINE v1.0 - 2026-04-14T12:13:05.640578
2026-04-14 12:13:05,641 [viper] INFO: ============================================================
2026-04-14 12:13:06,904 [viper] INFO: Account: equity=$105132.26  cash=$90034.34
2026-04-14 12:13:06,967 [viper] INFO: Analyzing 36 stocks...
2026-04-14 12:13:14,646 [viper] INFO: Analyzed 36 / 36 stocks
2026-04-14 12:13:14,647 [viper] INFO: CSP: 0 candidates
2026-04-14 12:14:37,197 [viper] INFO: Momentum Calls: 0 candidates
2026-04-14 12:14:37,198 [viper] INFO: IV Crush: 0 candidates
2026-04-14 12:14:37,199 [viper] INFO: 
2026-04-14 12:14:37,200 [viper] INFO: ============================================================
2026-04-14 12:14:37,200 [viper] INFO:   SCAN RESULTS
2026-04-14 12:14:37,201 [viper] INFO: ============================================================
2026-04-14 12:14:37,201 [viper] INFO:   No opportunities found. Patience.
2026-04-14 12:14:37,201 [viper] INFO: ============================================================
2026-04-14 12:44:38,638 [viper] INFO: ============================================================
2026-04-14 12:44:38,639 [viper] INFO: VIPER OPTIONS ENGINE v1.0 - 2026-04-14T12:44:38.639741
2026-04-14 12:44:38,640 [viper] INFO: ============================================================
2026-04-14 12:44:39,954 [viper] INFO: Account: equity=$105124.93  cash=$90034.34
2026-04-14 12:44:40,025 [viper] INFO: Analyzing 36 stocks...
2026-04-14 12:44:54,468 [viper] INFO: Analyzed 36 / 36 stocks
2026-04-14 12:44:54,469 [viper] INFO: CSP: 0 candidates
2026-04-14 12:46:17,582 [viper] INFO: Momentum Calls: 0 candidates
2026-04-14 12:46:17,583 [viper] INFO: IV Crush: 0 candidates
2026-04-14 12:46:17,584 [viper] INFO: 
2026-04-14 12:46:17,584 [viper] INFO: ============================================================
2026-04-14 12:46:17,585 [viper] INFO:   SCAN RESULTS
2026-04-14 12:46:17,585 [viper] INFO: ============================================================
2026-04-14 12:46:17,586 [viper] INFO:   No opportunities found. Patience.
2026-04-14 12:46:17,586 [viper] INFO: ============================================================
2026-04-14 13:16:18,530 [viper] INFO: ============================================================
2026-04-14 13:16:18,531 [viper] INFO: VIPER OPTIONS ENGINE v1.0 - 2026-04-14T13:16:18.531150
2026-04-14 13:16:18,531 [viper] INFO: ============================================================
2026-04-14 13:16:19,776 [viper] INFO: Account: equity=$105185.90  cash=$90034.34
2026-04-14 13:16:19,842 [viper] INFO: Analyzing 36 stocks...
2026-04-14 13:16:22,723 [viper] INFO: Analyzed 36 / 36 stocks
2026-04-14 13:16:22,723 [viper] INFO: CSP: 0 candidates
2026-04-14 13:17:38,812 [viper] INFO: Momentum Calls: 0 candidates
2026-04-14 13:17:38,812 [viper] INFO: IV Crush: 0 candidates
2026-04-14 13:17:38,813 [viper] INFO: 
2026-04-14 13:17:38,813 [viper] INFO: ============================================================
2026-04-14 13:17:38,813 [viper] INFO:   SCAN RESULTS
2026-04-14 13:17:38,813 [viper] INFO: ============================================================
2026-04-14 13:17:38,813 [viper] INFO:   No opportunities found. Patience.
2026-04-14 13:17:38,814 [viper] INFO: ============================================================
2026-04-14 13:47:40,612 [viper] INFO: ============================================================
2026-04-14 13:47:40,614 [viper] INFO: VIPER OPTIONS ENGINE v1.0 - 2026-04-14T13:47:40.613983
2026-04-14 13:47:40,614 [viper] INFO: ============================================================
2026-04-14 13:47:42,092 [viper] INFO: Account: equity=$105300.38  cash=$90034.34
2026-04-14 13:47:42,662 [viper] INFO: Analyzing 36 stocks...
2026-04-14 13:47:46,417 [viper] INFO: Analyzed 36 / 36 stocks
2026-04-14 13:47:46,418 [viper] INFO: CSP: 0 candidates
2026-04-14 13:48:56,516 [viper] INFO: Momentum Calls: 0 candidates
2026-04-14 13:48:56,517 [viper] INFO: IV Crush: 0 candidates
2026-04-14 13:48:56,518 [viper] INFO: 
2026-04-14 13:48:56,518 [viper] INFO: ============================================================
2026-04-14 13:48:56,519 [viper] INFO:   SCAN RESULTS
2026-04-14 13:48:56,519 [viper] INFO: ============================================================
2026-04-14 13:48:56,519 [viper] INFO:   No opportunities found. Patience.
2026-04-14 13:48:56,520 [viper] INFO: ============================================================
2026-04-14 14:18:57,197 [viper] INFO: ============================================================
2026-04-14 14:18:57,198 [viper] INFO: VIPER OPTIONS ENGINE v1.0 - 2026-04-14T14:18:57.198342
2026-04-14 14:18:57,199 [viper] INFO: ============================================================
2026-04-14 14:18:58,321 [viper] INFO: Account: equity=$105297.53  cash=$90034.34
2026-04-14 14:18:58,411 [viper] INFO: Analyzing 36 stocks...
2026-04-14 14:19:01,186 [viper] INFO: Analyzed 36 / 36 stocks
2026-04-14 14:19:01,187 [viper] INFO: CSP: 0 candidates
2026-04-14 14:20:22,077 [viper] INFO: Momentum Calls: 0 candidates
2026-04-14 14:20:22,077 [viper] INFO: IV Crush: 0 candidates
2026-04-14 14:20:22,078 [viper] INFO: 
2026-04-14 14:20:22,079 [viper] INFO: ============================================================
2026-04-14 14:20:22,079 [viper] INFO:   SCAN RESULTS
2026-04-14 14:20:22,079 [viper] INFO: ============================================================
2026-04-14 14:20:22,080 [viper] INFO:   No opportunities found. Patience.
2026-04-14 14:20:22,081 [viper] INFO: ============================================================
2026-04-14 14:50:23,993 [viper] INFO: ============================================================
2026-04-14 14:50:23,994 [viper] INFO: VIPER OPTIONS ENGINE v1.0 - 2026-04-14T14:50:23.994648
2026-04-14 14:50:23,995 [viper] INFO: ============================================================
2026-04-14 14:50:25,536 [viper] INFO: Account: equity=$105313.56  cash=$90034.34
2026-04-14 14:50:25,633 [viper] INFO: Analyzing 36 stocks...
2026-04-14 14:50:33,212 [viper] INFO: Analyzed 36 / 36 stocks
2026-04-14 14:50:33,213 [viper] INFO: CSP: 0 candidates
2026-04-14 14:51:51,754 [viper] INFO: Momentum Calls: 0 candidates
2026-04-14 14:51:51,755 [viper] INFO: IV Crush: 0 candidates
2026-04-14 14:51:51,756 [viper] INFO: 
2026-04-14 14:51:51,757 [viper] INFO: ============================================================
2026-04-14 14:51:51,758 [viper] INFO:   SCAN RESULTS
2026-04-14 14:51:51,758 [viper] INFO: ============================================================
2026-04-14 14:51:51,758 [viper] INFO:   No opportunities found. Patience.
2026-04-14 14:51:51,758 [viper] INFO: ============================================================
2026-04-14 15:21:53,297 [viper] INFO: ============================================================
2026-04-14 15:21:53,298 [viper] INFO: VIPER OPTIONS ENGINE v1.0 - 2026-04-14T15:21:53.298688
2026-04-14 15:21:53,299 [viper] INFO: ============================================================
2026-04-14 15:21:54,421 [viper] INFO: Account: equity=$105429.18  cash=$90034.34
2026-04-14 15:21:54,491 [viper] INFO: Analyzing 36 stocks...
2026-04-14 15:22:00,695 [viper] INFO: Analyzed 36 / 36 stocks
2026-04-14 15:22:00,696 [viper] INFO: CSP: 0 candidates
2026-04-14 15:23:16,956 [viper] INFO: Momentum Calls: 0 candidates
2026-04-14 15:23:16,957 [viper] INFO: IV Crush: 0 candidates
2026-04-14 15:23:16,958 [viper] INFO: 
2026-04-14 15:23:16,958 [viper] INFO: ============================================================
2026-04-14 15:23:16,958 [viper] INFO:   SCAN RESULTS
2026-04-14 15:23:16,959 [viper] INFO: ============================================================
2026-04-14 15:23:16,959 [viper] INFO:   No opportunities found. Patience.
2026-04-14 15:23:16,959 [viper] INFO: ============================================================
2026-04-14 15:53:18,772 [viper] INFO: ============================================================
2026-04-14 15:53:18,773 [viper] INFO: VIPER OPTIONS ENGINE v1.0 - 2026-04-14T15:53:18.773350
2026-04-14 15:53:18,774 [viper] INFO: ============================================================
2026-04-14 15:53:20,899 [viper] INFO: Account: equity=$105360.86  cash=$90034.34
2026-04-14 15:53:21,714 [viper] INFO: Analyzing 36 stocks...
2026-04-14 15:53:24,837 [viper] INFO: Analyzed 36 / 36 stocks
2026-04-14 15:53:24,839 [viper] INFO: CSP: 0 candidates
2026-04-14 15:54:40,580 [viper] INFO: Momentum Calls: 0 candidates
2026-04-14 15:54:40,581 [viper] INFO: IV Crush: 0 candidates
2026-04-14 15:54:40,582 [viper] INFO: 
2026-04-14 15:54:40,582 [viper] INFO: ============================================================
2026-04-14 15:54:40,583 [viper] INFO:   SCAN RESULTS
2026-04-14 15:54:40,583 [viper] INFO: ============================================================
2026-04-14 15:54:40,584 [viper] INFO:   No opportunities found. Patience.
2026-04-14 15:54:40,584 [viper] INFO: ============================================================
2026-04-14 16:24:41,547 [viper] INFO: ============================================================
2026-04-14 16:24:41,548 [viper] INFO: VIPER OPTIONS ENGINE v1.0 - 2026-04-14T16:24:41.548305
2026-04-14 16:24:41,549 [viper] INFO: ============================================================
2026-04-14 16:24:42,865 [viper] INFO: Account: equity=$105409.58  cash=$90034.34
2026-04-14 16:24:42,994 [viper] INFO: Analyzing 36 stocks...
2026-04-14 16:24:46,900 [viper] INFO: Analyzed 36 / 36 stocks
2026-04-14 16:24:46,901 [viper] INFO: CSP: 0 candidates
2026-04-14 16:25:37,488 [viper] INFO: Momentum Calls: 0 candidates
2026-04-14 16:25:37,489 [viper] INFO: IV Crush: 0 candidates
2026-04-14 16:25:37,489 [viper] INFO: 
2026-04-14 16:25:37,490 [viper] INFO: ============================================================
2026-04-14 16:25:37,490 [viper] INFO:   SCAN RESULTS
2026-04-14 16:25:37,490 [viper] INFO: ============================================================
2026-04-14 16:25:37,491 [viper] INFO:   No opportunities found. Patience.
2026-04-14 16:25:37,491 [viper] INFO: ============================================================
2026-04-14 16:55:38,723 [viper] INFO: ============================================================
2026-04-14 16:55:38,724 [viper] INFO: VIPER OPTIONS ENGINE v1.0 - 2026-04-14T16:55:38.724447
2026-04-14 16:55:38,725 [viper] INFO: ============================================================
2026-04-14 16:55:40,113 [viper] INFO: Account: equity=$105403.39  cash=$90034.34
2026-04-14 16:55:40,233 [viper] INFO: Analyzing 36 stocks...
2026-04-14 16:55:43,362 [viper] INFO: Analyzed 36 / 36 stocks
2026-04-14 16:55:43,362 [viper] INFO: CSP: 0 candidates
2026-04-14 16:56:38,377 [viper] INFO: Momentum Calls: 0 candidates
2026-04-14 16:56:38,377 [viper] INFO: IV Crush: 0 candidates
2026-04-14 16:56:38,377 [viper] INFO: 
2026-04-14 16:56:38,377 [viper] INFO: ============================================================
2026-04-14 16:56:38,378 [viper] INFO:   SCAN RESULTS
2026-04-14 16:56:38,378 [viper] INFO: ============================================================
2026-04-14 16:56:38,378 [viper] INFO:   No opportunities found. Patience.
2026-04-14 16:56:38,378 [viper] INFO: ============================================================
2026-04-14 17:26:39,593 [viper] INFO: ============================================================
2026-04-14 17:26:39,594 [viper] INFO: VIPER OPTIONS ENGINE v1.0 - 2026-04-14T17:26:39.594925
2026-04-14 17:26:39,595 [viper] INFO: ============================================================
2026-04-14 17:26:40,853 [viper] INFO: Account: equity=$105424.70  cash=$90034.34
2026-04-14 17:26:40,925 [viper] INFO: Analyzing 36 stocks...
2026-04-14 17:26:43,694 [viper] INFO: Analyzed 36 / 36 stocks
2026-04-14 17:26:43,695 [viper] INFO: CSP: 0 candidates
2026-04-14 17:27:36,253 [viper] INFO: Momentum Calls: 0 candidates
2026-04-14 17:27:36,254 [viper] INFO: IV Crush: 0 candidates
2026-04-14 17:27:36,255 [viper] INFO: 
2026-04-14 17:27:36,255 [viper] INFO: ============================================================
2026-04-14 17:27:36,255 [viper] INFO:   SCAN RESULTS
2026-04-14 17:27:36,256 [viper] INFO: ============================================================
2026-04-14 17:27:36,256 [viper] INFO:   No opportunities found. Patience.
2026-04-14 17:27:36,257 [viper] INFO: ============================================================
2026-04-14 17:57:37,582 [viper] INFO: ============================================================
2026-04-14 17:57:37,583 [viper] INFO: VIPER OPTIONS ENGINE v1.0 - 2026-04-14T17:57:37.583188
2026-04-14 17:57:37,584 [viper] INFO: ============================================================
2026-04-14 17:57:38,809 [viper] INFO: Account: equity=$105429.66  cash=$90034.34
2026-04-14 17:57:38,834 [viper] INFO: Analyzing 36 stocks...
2026-04-14 17:57:41,506 [viper] INFO: Analyzed 36 / 36 stocks
2026-04-14 17:57:41,507 [viper] INFO: CSP: 0 candidates
2026-04-14 17:58:34,561 [viper] INFO: Momentum Calls: 0 candidates
2026-04-14 17:58:34,561 [viper] INFO: IV Crush: 0 candidates
2026-04-14 17:58:34,562 [viper] INFO: 
2026-04-14 17:58:34,562 [viper] INFO: ============================================================
2026-04-14 17:58:34,563 [viper] INFO:   SCAN RESULTS
2026-04-14 17:58:34,563 [viper] INFO: ============================================================
2026-04-14 17:58:34,563 [viper] INFO:   No opportunities found. Patience.
2026-04-14 17:58:34,564 [viper] INFO: ============================================================
2026-04-14 18:28:42,107 [viper] INFO: ============================================================
2026-04-14 18:28:42,108 [viper] INFO: VIPER OPTIONS ENGINE v1.0 - 2026-04-14T18:28:42.108483
2026-04-14 18:28:42,109 [viper] INFO: ============================================================
2026-04-14 18:28:45,082 [viper] INFO: Account: equity=$105440.82  cash=$90034.34
2026-04-14 18:28:45,184 [viper] INFO: Analyzing 36 stocks...
2026-04-14 18:28:48,237 [viper] INFO: Analyzed 36 / 36 stocks
2026-04-14 18:28:48,238 [viper] INFO: CSP: 0 candidates
2026-04-14 18:29:46,656 [viper] INFO: Momentum Calls: 0 candidates
2026-04-14 18:29:46,657 [viper] INFO: IV Crush: 0 candidates
2026-04-14 18:29:46,658 [viper] INFO: 
2026-04-14 18:29:46,658 [viper] INFO: ============================================================
2026-04-14 18:29:46,659 [viper] INFO:   SCAN RESULTS
2026-04-14 18:29:46,660 [viper] INFO: ============================================================
2026-04-14 18:29:46,660 [viper] INFO:   No opportunities found. Patience.
2026-04-14 18:29:46,660 [viper] INFO: ============================================================
2026-04-14 18:59:52,341 [viper] INFO: ============================================================
2026-04-14 18:59:52,342 [viper] INFO: VIPER OPTIONS ENGINE v1.0 - 2026-04-14T18:59:52.342341
2026-04-14 18:59:52,343 [viper] INFO: ============================================================
2026-04-14 18:59:54,209 [viper] INFO: Account: equity=$105410.83  cash=$90034.34
2026-04-14 18:59:54,280 [viper] INFO: Analyzing 36 stocks...
2026-04-14 18:59:57,377 [viper] INFO: Analyzed 36 / 36 stocks
2026-04-14 18:59:57,378 [viper] INFO: CSP: 0 candidates
2026-04-14 19:00:49,482 [viper] INFO: Momentum Calls: 0 candidates
2026-04-14 19:00:49,483 [viper] INFO: IV Crush: 0 candidates
2026-04-14 19:00:49,484 [viper] INFO: 
2026-04-14 19:00:49,484 [viper] INFO: ============================================================
2026-04-14 19:00:49,485 [viper] INFO:   SCAN RESULTS
2026-04-14 19:00:49,485 [viper] INFO: ============================================================
2026-04-14 19:00:49,485 [viper] INFO:   No opportunities found. Patience.
2026-04-14 19:00:49,486 [viper] INFO: ============================================================
