2026-04-13 04:50:21,627 [viper] INFO: ============================================================
2026-04-13 04:50:21,628 [viper] INFO: VIPER OPTIONS ENGINE v1.0 - 2026-04-13T04:50:21.628744
2026-04-13 04:50:21,629 [viper] INFO: ============================================================
2026-04-13 04:50:26,194 [viper] INFO: Account: equity=$103873.31  cash=$66631.71
2026-04-13 04:50:26,301 [viper] INFO: Analyzing 36 stocks...
2026-04-13 04:50:30,191 [viper] INFO: Analyzed 36 / 36 stocks
2026-04-13 04:50:30,191 [viper] INFO: CSP: 0 candidates
2026-04-13 04:51:28,218 [viper] INFO: Momentum Calls: 0 candidates
2026-04-13 04:51:28,219 [viper] INFO: IV Crush: 0 candidates
2026-04-13 04:51:28,219 [viper] INFO: 
2026-04-13 04:51:28,220 [viper] INFO: ============================================================
2026-04-13 04:51:28,220 [viper] INFO:   SCAN RESULTS
2026-04-13 04:51:28,220 [viper] INFO: ============================================================
2026-04-13 04:51:28,220 [viper] INFO:   No opportunities found. Patience.
2026-04-13 04:51:28,220 [viper] INFO: ============================================================
2026-04-13 05:21:33,596 [viper] INFO: ============================================================
2026-04-13 05:21:33,597 [viper] INFO: VIPER OPTIONS ENGINE v1.0 - 2026-04-13T05:21:33.597689
2026-04-13 05:21:33,598 [viper] INFO: ============================================================
2026-04-13 05:21:35,796 [viper] INFO: Account: equity=$103989.90  cash=$66631.71
2026-04-13 05:21:35,896 [viper] INFO: Analyzing 36 stocks...
2026-04-13 05:21:39,446 [viper] INFO: Analyzed 36 / 36 stocks
2026-04-13 05:21:39,446 [viper] INFO: CSP: 0 candidates
2026-04-13 05:22:39,898 [viper] INFO: Momentum Calls: 0 candidates
2026-04-13 05:22:39,899 [viper] INFO: IV Crush: 0 candidates
2026-04-13 05:22:39,899 [viper] INFO: 
2026-04-13 05:22:39,899 [viper] INFO: ============================================================
2026-04-13 05:22:39,899 [viper] INFO:   SCAN RESULTS
2026-04-13 05:22:39,900 [viper] INFO: ============================================================
2026-04-13 05:22:39,900 [viper] INFO:   No opportunities found. Patience.
2026-04-13 05:22:39,900 [viper] INFO: ============================================================
2026-04-13 05:52:42,520 [viper] INFO: ============================================================
2026-04-13 05:52:42,521 [viper] INFO: VIPER OPTIONS ENGINE v1.0 - 2026-04-13T05:52:42.521087
2026-04-13 05:52:42,521 [viper] INFO: ============================================================
2026-04-13 05:52:44,001 [viper] INFO: Account: equity=$104001.88  cash=$66631.71
2026-04-13 05:52:44,068 [viper] INFO: Analyzing 36 stocks...
2026-04-13 05:52:46,544 [viper] INFO: Analyzed 36 / 36 stocks
2026-04-13 05:52:46,544 [viper] INFO: CSP: 0 candidates
2026-04-13 05:53:55,342 [viper] INFO: Momentum Calls: 0 candidates
2026-04-13 05:53:55,342 [viper] INFO: IV Crush: 0 candidates
2026-04-13 05:53:55,343 [viper] INFO: 
2026-04-13 05:53:55,343 [viper] INFO: ============================================================
2026-04-13 05:53:55,343 [viper] INFO:   SCAN RESULTS
2026-04-13 05:53:55,343 [viper] INFO: ============================================================
2026-04-13 05:53:55,344 [viper] INFO:   No opportunities found. Patience.
2026-04-13 05:53:55,344 [viper] INFO: ============================================================
2026-04-13 06:23:56,190 [viper] INFO: ============================================================
2026-04-13 06:23:56,190 [viper] INFO: VIPER OPTIONS ENGINE v1.0 - 2026-04-13T06:23:56.190674
2026-04-13 06:23:56,191 [viper] INFO: ============================================================
2026-04-13 06:23:57,609 [viper] INFO: Account: equity=$103965.82  cash=$66631.71
2026-04-13 06:23:57,666 [viper] INFO: Analyzing 36 stocks...
2026-04-13 06:24:01,304 [viper] INFO: Analyzed 36 / 36 stocks
2026-04-13 06:24:01,304 [viper] INFO: CSP: 0 candidates
2026-04-13 06:24:59,761 [viper] INFO: Momentum Calls: 0 candidates
2026-04-13 06:24:59,761 [viper] INFO: IV Crush: 0 candidates
2026-04-13 06:24:59,762 [viper] INFO: 
2026-04-13 06:24:59,762 [viper] INFO: ============================================================
2026-04-13 06:24:59,762 [viper] INFO:   SCAN RESULTS
2026-04-13 06:24:59,762 [viper] INFO: ============================================================
2026-04-13 06:24:59,762 [viper] INFO:   No opportunities found. Patience.
2026-04-13 06:24:59,763 [viper] INFO: ============================================================
2026-04-13 06:55:01,814 [viper] INFO: ============================================================
2026-04-13 06:55:01,816 [viper] INFO: VIPER OPTIONS ENGINE v1.0 - 2026-04-13T06:55:01.816204
2026-04-13 06:55:01,817 [viper] INFO: ============================================================
2026-04-13 06:55:08,810 [viper] INFO: Account: equity=$104050.68  cash=$66631.71
2026-04-13 06:55:08,909 [viper] INFO: Analyzing 36 stocks...
2026-04-13 06:55:12,844 [viper] INFO: Analyzed 36 / 36 stocks
2026-04-13 06:55:12,844 [viper] INFO: CSP: 0 candidates
2026-04-13 06:56:46,736 [viper] INFO: Momentum Calls: 0 candidates
2026-04-13 06:56:46,737 [viper] INFO: IV Crush: 0 candidates
2026-04-13 06:56:46,738 [viper] INFO: 
2026-04-13 06:56:46,738 [viper] INFO: ============================================================
2026-04-13 06:56:46,739 [viper] INFO:   SCAN RESULTS
2026-04-13 06:56:46,739 [viper] INFO: ============================================================
2026-04-13 06:56:46,739 [viper] INFO:   No opportunities found. Patience.
2026-04-13 06:56:46,740 [viper] INFO: ============================================================
2026-04-13 07:26:48,523 [viper] INFO: ============================================================
2026-04-13 07:26:48,525 [viper] INFO: VIPER OPTIONS ENGINE v1.0 - 2026-04-13T07:26:48.524969
2026-04-13 07:26:48,525 [viper] INFO: ============================================================
2026-04-13 07:26:49,955 [viper] INFO: Account: equity=$104076.30  cash=$66631.71
2026-04-13 07:26:50,055 [viper] INFO: Analyzing 36 stocks...
2026-04-13 07:26:53,955 [viper] INFO: Analyzed 36 / 36 stocks
2026-04-13 07:26:53,956 [viper] INFO: CSP: 0 candidates
2026-04-13 07:27:55,322 [viper] INFO: Momentum Calls: 0 candidates
2026-04-13 07:27:55,323 [viper] INFO: IV Crush: 0 candidates
2026-04-13 07:27:55,324 [viper] INFO: 
2026-04-13 07:27:55,324 [viper] INFO: ============================================================
2026-04-13 07:27:55,324 [viper] INFO:   SCAN RESULTS
2026-04-13 07:27:55,325 [viper] INFO: ============================================================
2026-04-13 07:27:55,325 [viper] INFO:   No opportunities found. Patience.
2026-04-13 07:27:55,326 [viper] INFO: ============================================================
2026-04-13 07:57:56,717 [viper] INFO: ============================================================
2026-04-13 07:57:56,718 [viper] INFO: VIPER OPTIONS ENGINE v1.0 - 2026-04-13T07:57:56.718147
2026-04-13 07:57:56,718 [viper] INFO: ============================================================
2026-04-13 07:57:58,159 [viper] INFO: Account: equity=$103854.68  cash=$66631.71
2026-04-13 07:57:58,228 [viper] INFO: Analyzing 36 stocks...
2026-04-13 07:58:02,192 [viper] INFO: Analyzed 36 / 36 stocks
2026-04-13 07:58:02,193 [viper] INFO: CSP: 0 candidates
2026-04-13 07:59:00,182 [viper] INFO: Momentum Calls: 0 candidates
2026-04-13 07:59:00,183 [viper] INFO: IV Crush: 0 candidates
2026-04-13 07:59:00,183 [viper] INFO: 
2026-04-13 07:59:00,184 [viper] INFO: ============================================================
2026-04-13 07:59:00,184 [viper] INFO:   SCAN RESULTS
2026-04-13 07:59:00,184 [viper] INFO: ============================================================
2026-04-13 07:59:00,185 [viper] INFO:   No opportunities found. Patience.
2026-04-13 07:59:00,185 [viper] INFO: ============================================================
2026-04-13 08:29:01,583 [viper] INFO: ============================================================
2026-04-13 08:29:01,583 [viper] INFO: VIPER OPTIONS ENGINE v1.0 - 2026-04-13T08:29:01.583846
2026-04-13 08:29:01,584 [viper] INFO: ============================================================
2026-04-13 08:29:02,948 [viper] INFO: Account: equity=$103875.53  cash=$66631.71
2026-04-13 08:29:03,019 [viper] INFO: Analyzing 36 stocks...
2026-04-13 08:29:06,378 [viper] INFO: Analyzed 36 / 36 stocks
2026-04-13 08:29:06,378 [viper] INFO: CSP: 0 candidates
2026-04-13 08:30:05,645 [viper] INFO: Momentum Calls: 0 candidates
2026-04-13 08:30:05,646 [viper] INFO: IV Crush: 0 candidates
2026-04-13 08:30:05,646 [viper] INFO: 
2026-04-13 08:30:05,647 [viper] INFO: ============================================================
2026-04-13 08:30:05,647 [viper] INFO:   SCAN RESULTS
2026-04-13 08:30:05,647 [viper] INFO: ============================================================
2026-04-13 08:30:05,647 [viper] INFO:   No opportunities found. Patience.
2026-04-13 08:30:05,647 [viper] INFO: ============================================================
2026-04-13 09:00:07,789 [viper] INFO: ============================================================
2026-04-13 09:00:07,804 [viper] INFO: VIPER OPTIONS ENGINE v1.0 - 2026-04-13T09:00:07.804125
2026-04-13 09:00:07,805 [viper] INFO: ============================================================
2026-04-13 09:00:09,173 [viper] INFO: Account: equity=$103957.76  cash=$66631.71
2026-04-13 09:00:09,243 [viper] INFO: Analyzing 36 stocks...
2026-04-13 09:00:15,191 [viper] INFO: Analyzed 36 / 36 stocks
2026-04-13 09:00:15,192 [viper] INFO: CSP: 0 candidates
2026-04-13 09:01:15,519 [viper] INFO: Momentum Calls: 0 candidates
2026-04-13 09:01:15,521 [viper] INFO: IV Crush: 0 candidates
2026-04-13 09:01:15,522 [viper] INFO: 
2026-04-13 09:01:15,522 [viper] INFO: ============================================================
2026-04-13 09:01:15,523 [viper] INFO:   SCAN RESULTS
2026-04-13 09:01:15,524 [viper] INFO: ============================================================
2026-04-13 09:01:15,524 [viper] INFO:   No opportunities found. Patience.
2026-04-13 09:01:15,525 [viper] INFO: ============================================================
2026-04-13 09:31:16,717 [viper] INFO: ============================================================
2026-04-13 09:31:16,718 [viper] INFO: VIPER OPTIONS ENGINE v1.0 - 2026-04-13T09:31:16.718608
2026-04-13 09:31:16,719 [viper] INFO: ============================================================
2026-04-13 09:31:34,623 [viper] INFO: Account: equity=$104330.20  cash=$74622.40
2026-04-13 09:31:39,847 [viper] INFO: Analyzing 36 stocks...
2026-04-13 09:31:56,435 [viper] INFO: Analyzed 36 / 36 stocks
2026-04-13 09:31:56,436 [viper] INFO: CSP: 0 candidates
2026-04-13 09:33:27,727 [viper] INFO: Momentum Calls: 0 candidates
2026-04-13 09:33:27,728 [viper] INFO: IV Crush: 0 candidates
2026-04-13 09:33:27,729 [viper] INFO: 
2026-04-13 09:33:27,730 [viper] INFO: ============================================================
2026-04-13 09:33:27,730 [viper] INFO:   SCAN RESULTS
2026-04-13 09:33:27,731 [viper] INFO: ============================================================
2026-04-13 09:33:27,732 [viper] INFO:   No opportunities found. Patience.
2026-04-13 09:33:27,732 [viper] INFO: ============================================================
2026-04-13 10:03:29,741 [viper] INFO: ============================================================
2026-04-13 10:03:29,742 [viper] INFO: VIPER OPTIONS ENGINE v1.0 - 2026-04-13T10:03:29.742850
2026-04-13 10:03:29,743 [viper] INFO: ============================================================
2026-04-13 10:03:31,563 [viper] INFO: Account: equity=$104449.01  cash=$75925.59
2026-04-13 10:03:31,637 [viper] INFO: Analyzing 36 stocks...
2026-04-13 10:03:40,521 [viper] INFO: Analyzed 36 / 36 stocks
2026-04-13 10:03:40,522 [viper] INFO: CSP: 0 candidates
2026-04-13 10:05:11,891 [viper] INFO: Momentum Calls: 0 candidates
2026-04-13 10:05:11,892 [viper] INFO: IV Crush: 0 candidates
2026-04-13 10:05:11,893 [viper] INFO: 
2026-04-13 10:05:11,894 [viper] INFO: ============================================================
2026-04-13 10:05:11,894 [viper] INFO:   SCAN RESULTS
2026-04-13 10:05:11,894 [viper] INFO: ============================================================
2026-04-13 10:05:11,894 [viper] INFO:   No opportunities found. Patience.
2026-04-13 10:05:11,894 [viper] INFO: ============================================================
2026-04-13 10:35:17,355 [viper] INFO: ============================================================
2026-04-13 10:35:17,356 [viper] INFO: VIPER OPTIONS ENGINE v1.0 - 2026-04-13T10:35:17.356844
2026-04-13 10:35:17,357 [viper] INFO: ============================================================
2026-04-13 10:35:20,258 [viper] INFO: Account: equity=$104535.18  cash=$75925.59
2026-04-13 10:35:21,280 [viper] INFO: Analyzing 36 stocks...
2026-04-13 10:35:37,568 [viper] INFO: Analyzed 36 / 36 stocks
2026-04-13 10:35:37,569 [viper] INFO: CSP: 0 candidates
2026-04-13 10:37:10,660 [viper] INFO: Momentum Calls: 0 candidates
2026-04-13 10:37:10,661 [viper] INFO: IV Crush: 0 candidates
2026-04-13 10:37:10,661 [viper] INFO: 
2026-04-13 10:37:10,662 [viper] INFO: ============================================================
2026-04-13 10:37:10,662 [viper] INFO:   SCAN RESULTS
2026-04-13 10:37:10,663 [viper] INFO: ============================================================
2026-04-13 10:37:10,663 [viper] INFO:   No opportunities found. Patience.
2026-04-13 10:37:10,664 [viper] INFO: ============================================================
2026-04-13 11:07:11,151 [viper] INFO: ============================================================
2026-04-13 11:07:11,152 [viper] INFO: VIPER OPTIONS ENGINE v1.0 - 2026-04-13T11:07:11.152464
2026-04-13 11:07:11,153 [viper] INFO: ============================================================
2026-04-13 11:07:12,294 [viper] INFO: Account: equity=$104616.27  cash=$75925.59
2026-04-13 11:07:12,359 [viper] INFO: Analyzing 36 stocks...
2026-04-13 11:07:16,300 [viper] INFO: Analyzed 36 / 36 stocks
2026-04-13 11:07:16,301 [viper] INFO: CSP: 0 candidates
2026-04-13 11:08:47,393 [viper] INFO: Momentum Calls: 0 candidates
2026-04-13 11:08:47,394 [viper] INFO: IV Crush: 0 candidates
2026-04-13 11:08:47,394 [viper] INFO: 
2026-04-13 11:08:47,395 [viper] INFO: ============================================================
2026-04-13 11:08:47,395 [viper] INFO:   SCAN RESULTS
2026-04-13 11:08:47,395 [viper] INFO: ============================================================
2026-04-13 11:08:47,396 [viper] INFO:   No opportunities found. Patience.
2026-04-13 11:08:47,396 [viper] INFO: ============================================================
2026-04-13 11:38:48,117 [viper] INFO: ============================================================
2026-04-13 11:38:48,118 [viper] INFO: VIPER OPTIONS ENGINE v1.0 - 2026-04-13T11:38:48.118583
2026-04-13 11:38:48,119 [viper] INFO: ============================================================
2026-04-13 11:38:49,124 [viper] INFO: Account: equity=$104660.49  cash=$75925.59
2026-04-13 11:38:49,205 [viper] INFO: Analyzing 36 stocks...
2026-04-13 11:38:52,211 [viper] INFO: Analyzed 36 / 36 stocks
2026-04-13 11:38:52,212 [viper] INFO: CSP: 0 candidates
2026-04-13 11:40:22,409 [viper] INFO: Momentum Calls: 0 candidates
2026-04-13 11:40:22,411 [viper] INFO: IV Crush: 0 candidates
2026-04-13 11:40:22,411 [viper] INFO: 
2026-04-13 11:40:22,412 [viper] INFO: ============================================================
2026-04-13 11:40:22,412 [viper] INFO:   SCAN RESULTS
2026-04-13 11:40:22,412 [viper] INFO: ============================================================
2026-04-13 11:40:22,413 [viper] INFO:   No opportunities found. Patience.
2026-04-13 11:40:22,413 [viper] INFO: ============================================================
2026-04-13 12:10:23,175 [viper] INFO: ============================================================
2026-04-13 12:10:23,176 [viper] INFO: VIPER OPTIONS ENGINE v1.0 - 2026-04-13T12:10:23.176155
2026-04-13 12:10:23,177 [viper] INFO: ============================================================
2026-04-13 12:10:24,820 [viper] INFO: Account: equity=$104697.16  cash=$75925.59
2026-04-13 12:10:25,537 [viper] INFO: Analyzing 36 stocks...
2026-04-13 12:10:29,096 [viper] INFO: Analyzed 36 / 36 stocks
2026-04-13 12:10:29,096 [viper] INFO: CSP: 0 candidates
2026-04-13 12:11:54,222 [viper] INFO: Momentum Calls: 0 candidates
2026-04-13 12:11:54,222 [viper] INFO: IV Crush: 0 candidates
2026-04-13 12:11:54,222 [viper] INFO: 
2026-04-13 12:11:54,223 [viper] INFO: ============================================================
2026-04-13 12:11:54,223 [viper] INFO:   SCAN RESULTS
2026-04-13 12:11:54,223 [viper] INFO: ============================================================
2026-04-13 12:11:54,223 [viper] INFO:   No opportunities found. Patience.
2026-04-13 12:11:54,223 [viper] INFO: ============================================================
2026-04-13 12:41:55,540 [viper] INFO: ============================================================
2026-04-13 12:41:55,542 [viper] INFO: VIPER OPTIONS ENGINE v1.0 - 2026-04-13T12:41:55.542176
2026-04-13 12:41:55,543 [viper] INFO: ============================================================
2026-04-13 12:41:58,391 [viper] INFO: Account: equity=$104882.99  cash=$75925.59
2026-04-13 12:41:58,900 [viper] INFO: Analyzing 36 stocks...
2026-04-13 12:42:17,118 [viper] INFO: Analyzed 36 / 36 stocks
2026-04-13 12:42:17,119 [viper] INFO: CSP: 0 candidates
2026-04-13 12:43:46,014 [viper] INFO: Momentum Calls: 0 candidates
2026-04-13 12:43:46,015 [viper] INFO: IV Crush: 0 candidates
2026-04-13 12:43:46,015 [viper] INFO: 
2026-04-13 12:43:46,016 [viper] INFO: ============================================================
2026-04-13 12:43:46,016 [viper] INFO:   SCAN RESULTS
2026-04-13 12:43:46,016 [viper] INFO: ============================================================
2026-04-13 12:43:46,017 [viper] INFO:   No opportunities found. Patience.
2026-04-13 12:43:46,017 [viper] INFO: ============================================================
2026-04-13 13:13:47,789 [viper] INFO: ============================================================
2026-04-13 13:13:47,791 [viper] INFO: VIPER OPTIONS ENGINE v1.0 - 2026-04-13T13:13:47.790972
2026-04-13 13:13:47,792 [viper] INFO: ============================================================
2026-04-13 13:13:49,985 [viper] INFO: Account: equity=$105027.59  cash=$75925.59
2026-04-13 13:13:50,288 [viper] INFO: Analyzing 36 stocks...
2026-04-13 13:13:53,568 [viper] INFO: Analyzed 36 / 36 stocks
2026-04-13 13:13:53,569 [viper] INFO: CSP: 0 candidates
2026-04-13 13:15:12,235 [viper] INFO: Momentum Calls: 0 candidates
2026-04-13 13:15:12,236 [viper] INFO: IV Crush: 0 candidates
2026-04-13 13:15:12,236 [viper] INFO: 
2026-04-13 13:15:12,237 [viper] INFO: ============================================================
2026-04-13 13:15:12,237 [viper] INFO:   SCAN RESULTS
2026-04-13 13:15:12,238 [viper] INFO: ============================================================
2026-04-13 13:15:12,238 [viper] INFO:   No opportunities found. Patience.
2026-04-13 13:15:12,238 [viper] INFO: ============================================================
2026-04-13 13:45:13,586 [viper] INFO: ============================================================
2026-04-13 13:45:13,587 [viper] INFO: VIPER OPTIONS ENGINE v1.0 - 2026-04-13T13:45:13.587642
2026-04-13 13:45:13,588 [viper] INFO: ============================================================
2026-04-13 13:45:15,872 [viper] INFO: Account: equity=$104981.13  cash=$75925.59
2026-04-13 13:45:16,279 [viper] INFO: Analyzing 36 stocks...
2026-04-13 13:45:19,673 [viper] INFO: Analyzed 36 / 36 stocks
2026-04-13 13:45:19,674 [viper] INFO: CSP: 0 candidates
2026-04-13 13:46:35,948 [viper] INFO: Momentum Calls: 0 candidates
2026-04-13 13:46:35,949 [viper] INFO: IV Crush: 0 candidates
2026-04-13 13:46:35,950 [viper] INFO: 
2026-04-13 13:46:35,950 [viper] INFO: ============================================================
2026-04-13 13:46:35,951 [viper] INFO:   SCAN RESULTS
2026-04-13 13:46:35,951 [viper] INFO: ============================================================
2026-04-13 13:46:35,951 [viper] INFO:   No opportunities found. Patience.
2026-04-13 13:46:35,951 [viper] INFO: ============================================================
2026-04-13 14:16:37,789 [viper] INFO: ============================================================
2026-04-13 14:16:37,812 [viper] INFO: VIPER OPTIONS ENGINE v1.0 - 2026-04-13T14:16:37.811960
2026-04-13 14:16:37,812 [viper] INFO: ============================================================
2026-04-13 14:16:39,272 [viper] INFO: Account: equity=$104884.56  cash=$75925.59
2026-04-13 14:16:39,336 [viper] INFO: Analyzing 36 stocks...
2026-04-13 14:16:44,772 [viper] INFO: Analyzed 36 / 36 stocks
2026-04-13 14:16:44,773 [viper] INFO: CSP: 0 candidates
2026-04-13 14:18:03,338 [viper] INFO: Momentum Calls: 0 candidates
2026-04-13 14:18:03,339 [viper] INFO: IV Crush: 0 candidates
2026-04-13 14:18:03,339 [viper] INFO: 
2026-04-13 14:18:03,340 [viper] INFO: ============================================================
2026-04-13 14:18:03,340 [viper] INFO:   SCAN RESULTS
2026-04-13 14:18:03,340 [viper] INFO: ============================================================
2026-04-13 14:18:03,341 [viper] INFO:   No opportunities found. Patience.
2026-04-13 14:18:03,341 [viper] INFO: ============================================================
2026-04-13 14:48:04,596 [viper] INFO: ============================================================
2026-04-13 14:48:04,597 [viper] INFO: VIPER OPTIONS ENGINE v1.0 - 2026-04-13T14:48:04.597748
2026-04-13 14:48:04,598 [viper] INFO: ============================================================
2026-04-13 14:48:05,909 [viper] INFO: Account: equity=$105068.04  cash=$75925.59
2026-04-13 14:48:06,012 [viper] INFO: Analyzing 36 stocks...
2026-04-13 14:48:11,944 [viper] INFO: Analyzed 36 / 36 stocks
2026-04-13 14:48:11,945 [viper] INFO: CSP: 0 candidates
2026-04-13 14:49:32,189 [viper] INFO: Momentum Calls: 0 candidates
2026-04-13 14:49:32,190 [viper] INFO: IV Crush: 0 candidates
2026-04-13 14:49:32,190 [viper] INFO: 
2026-04-13 14:49:32,191 [viper] INFO: ============================================================
2026-04-13 14:49:32,191 [viper] INFO:   SCAN RESULTS
2026-04-13 14:49:32,191 [viper] INFO: ============================================================
2026-04-13 14:49:32,192 [viper] INFO:   No opportunities found. Patience.
2026-04-13 14:49:32,192 [viper] INFO: ============================================================
2026-04-13 15:19:33,706 [viper] INFO: ============================================================
2026-04-13 15:19:33,707 [viper] INFO: VIPER OPTIONS ENGINE v1.0 - 2026-04-13T15:19:33.707551
2026-04-13 15:19:33,708 [viper] INFO: ============================================================
2026-04-13 15:19:35,223 [viper] INFO: Account: equity=$105205.36  cash=$75925.59
2026-04-13 15:19:35,324 [viper] INFO: Analyzing 36 stocks...
2026-04-13 15:19:41,449 [viper] INFO: Analyzed 36 / 36 stocks
2026-04-13 15:19:41,450 [viper] INFO: CSP: 0 candidates
2026-04-13 15:21:11,814 [viper] INFO: Momentum Calls: 0 candidates
2026-04-13 15:21:11,817 [viper] INFO: IV Crush: 0 candidates
2026-04-13 15:21:11,818 [viper] INFO: 
2026-04-13 15:21:11,819 [viper] INFO: ============================================================
2026-04-13 15:21:11,820 [viper] INFO:   SCAN RESULTS
2026-04-13 15:21:11,821 [viper] INFO: ============================================================
2026-04-13 15:21:11,821 [viper] INFO:   No opportunities found. Patience.
2026-04-13 15:21:11,822 [viper] INFO: ============================================================
2026-04-13 15:51:13,778 [viper] INFO: ============================================================
2026-04-13 15:51:13,779 [viper] INFO: VIPER OPTIONS ENGINE v1.0 - 2026-04-13T15:51:13.779256
2026-04-13 15:51:13,779 [viper] INFO: ============================================================
2026-04-13 15:51:15,147 [viper] INFO: Account: equity=$105333.95  cash=$75925.59
2026-04-13 15:51:15,216 [viper] INFO: Analyzing 36 stocks...
2026-04-13 15:51:23,045 [viper] INFO: Analyzed 36 / 36 stocks
2026-04-13 15:51:23,046 [viper] INFO: CSP: 0 candidates
2026-04-13 15:52:44,791 [viper] INFO: Momentum Calls: 0 candidates
2026-04-13 15:52:44,792 [viper] INFO: IV Crush: 0 candidates
2026-04-13 15:52:44,792 [viper] INFO: 
2026-04-13 15:52:44,792 [viper] INFO: ============================================================
2026-04-13 15:52:44,792 [viper] INFO:   SCAN RESULTS
2026-04-13 15:52:44,793 [viper] INFO: ============================================================
2026-04-13 15:52:44,793 [viper] INFO:   No opportunities found. Patience.
2026-04-13 15:52:44,793 [viper] INFO: ============================================================
2026-04-13 16:22:46,139 [viper] INFO: ============================================================
2026-04-13 16:22:46,140 [viper] INFO: VIPER OPTIONS ENGINE v1.0 - 2026-04-13T16:22:46.140373
2026-04-13 16:22:46,141 [viper] INFO: ============================================================
2026-04-13 16:22:47,319 [viper] INFO: Account: equity=$105482.78  cash=$75925.59
2026-04-13 16:22:47,392 [viper] INFO: Analyzing 36 stocks...
2026-04-13 16:22:50,237 [viper] INFO: Analyzed 36 / 36 stocks
2026-04-13 16:22:50,238 [viper] INFO: CSP: 0 candidates
2026-04-13 16:23:46,994 [viper] INFO: Momentum Calls: 0 candidates
2026-04-13 16:23:46,995 [viper] INFO: IV Crush: 0 candidates
2026-04-13 16:23:46,996 [viper] INFO: 
2026-04-13 16:23:46,997 [viper] INFO: ============================================================
2026-04-13 16:23:46,998 [viper] INFO:   SCAN RESULTS
2026-04-13 16:23:46,998 [viper] INFO: ============================================================
2026-04-13 16:23:46,999 [viper] INFO:   No opportunities found. Patience.
2026-04-13 16:23:46,999 [viper] INFO: ============================================================
2026-04-13 16:53:48,101 [viper] INFO: ============================================================
2026-04-13 16:53:48,102 [viper] INFO: VIPER OPTIONS ENGINE v1.0 - 2026-04-13T16:53:48.102073
2026-04-13 16:53:48,102 [viper] INFO: ============================================================
2026-04-13 16:53:49,127 [viper] INFO: Account: equity=$105579.45  cash=$75925.59
2026-04-13 16:53:49,237 [viper] INFO: Analyzing 36 stocks...
2026-04-13 16:53:52,143 [viper] INFO: Analyzed 36 / 36 stocks
2026-04-13 16:53:52,144 [viper] INFO: CSP: 0 candidates
2026-04-13 16:54:49,669 [viper] INFO: Momentum Calls: 0 candidates
2026-04-13 16:54:49,670 [viper] INFO: IV Crush: 0 candidates
2026-04-13 16:54:49,671 [viper] INFO: 
2026-04-13 16:54:49,671 [viper] INFO: ============================================================
2026-04-13 16:54:49,672 [viper] INFO:   SCAN RESULTS
2026-04-13 16:54:49,672 [viper] INFO: ============================================================
2026-04-13 16:54:49,672 [viper] INFO:   No opportunities found. Patience.
2026-04-13 16:54:49,673 [viper] INFO: ============================================================
2026-04-13 17:24:50,064 [viper] INFO: ============================================================
2026-04-13 17:24:50,065 [viper] INFO: VIPER OPTIONS ENGINE v1.0 - 2026-04-13T17:24:50.065419
2026-04-13 17:24:50,066 [viper] INFO: ============================================================
2026-04-13 17:24:51,273 [viper] INFO: Account: equity=$105463.16  cash=$75925.59
2026-04-13 17:24:51,379 [viper] INFO: Analyzing 36 stocks...
2026-04-13 17:24:54,685 [viper] INFO: Analyzed 36 / 36 stocks
2026-04-13 17:24:54,686 [viper] INFO: CSP: 0 candidates
2026-04-13 17:25:49,538 [viper] INFO: Momentum Calls: 0 candidates
2026-04-13 17:25:49,539 [viper] INFO: IV Crush: 0 candidates
2026-04-13 17:25:49,539 [viper] INFO: 
2026-04-13 17:25:49,540 [viper] INFO: ============================================================
2026-04-13 17:25:49,540 [viper] INFO:   SCAN RESULTS
2026-04-13 17:25:49,541 [viper] INFO: ============================================================
2026-04-13 17:25:49,541 [viper] INFO:   No opportunities found. Patience.
2026-04-13 17:25:49,541 [viper] INFO: ============================================================
2026-04-13 17:55:59,005 [viper] INFO: ============================================================
2026-04-13 17:55:59,016 [viper] INFO: VIPER OPTIONS ENGINE v1.0 - 2026-04-13T17:55:59.015997
2026-04-13 17:55:59,016 [viper] INFO: ============================================================
2026-04-13 17:56:06,849 [viper] INFO: Account: equity=$105517.58  cash=$75925.59
2026-04-13 17:56:06,885 [viper] INFO: Analyzing 36 stocks...
2026-04-13 17:56:09,550 [viper] INFO: Analyzed 36 / 36 stocks
2026-04-13 17:56:09,551 [viper] INFO: CSP: 0 candidates
2026-04-13 17:57:24,905 [viper] INFO: Momentum Calls: 0 candidates
2026-04-13 17:57:24,916 [viper] INFO: IV Crush: 0 candidates
2026-04-13 17:57:24,917 [viper] INFO: 
2026-04-13 17:57:24,917 [viper] INFO: ============================================================
2026-04-13 17:57:24,918 [viper] INFO:   SCAN RESULTS
2026-04-13 17:57:24,918 [viper] INFO: ============================================================
2026-04-13 17:57:24,918 [viper] INFO:   No opportunities found. Patience.
2026-04-13 17:57:24,919 [viper] INFO: ============================================================
2026-04-13 18:27:31,179 [viper] INFO: ============================================================
2026-04-13 18:27:31,181 [viper] INFO: VIPER OPTIONS ENGINE v1.0 - 2026-04-13T18:27:31.181243
2026-04-13 18:27:31,182 [viper] INFO: ============================================================
2026-04-13 18:27:32,963 [viper] INFO: Account: equity=$105545.41  cash=$75925.59
2026-04-13 18:27:33,030 [viper] INFO: Analyzing 36 stocks...
2026-04-13 18:27:36,287 [viper] INFO: Analyzed 36 / 36 stocks
2026-04-13 18:27:36,288 [viper] INFO: CSP: 0 candidates
2026-04-13 18:28:30,295 [viper] INFO: Momentum Calls: 0 candidates
2026-04-13 18:28:30,295 [viper] INFO: IV Crush: 0 candidates
2026-04-13 18:28:30,296 [viper] INFO: 
2026-04-13 18:28:30,297 [viper] INFO: ============================================================
2026-04-13 18:28:30,297 [viper] INFO:   SCAN RESULTS
2026-04-13 18:28:30,298 [viper] INFO: ============================================================
2026-04-13 18:28:30,298 [viper] INFO:   No opportunities found. Patience.
2026-04-13 18:28:30,298 [viper] INFO: ============================================================
2026-04-13 18:58:31,549 [viper] INFO: ============================================================
2026-04-13 18:58:31,550 [viper] INFO: VIPER OPTIONS ENGINE v1.0 - 2026-04-13T18:58:31.550856
2026-04-13 18:58:31,551 [viper] INFO: ============================================================
2026-04-13 18:58:32,890 [viper] INFO: Account: equity=$105582.37  cash=$75925.59
2026-04-13 18:58:32,954 [viper] INFO: Analyzing 36 stocks...
2026-04-13 18:58:35,985 [viper] INFO: Analyzed 36 / 36 stocks
2026-04-13 18:58:35,986 [viper] INFO: CSP: 0 candidates
2026-04-13 18:59:28,123 [viper] INFO: Momentum Calls: 0 candidates
2026-04-13 18:59:28,124 [viper] INFO: IV Crush: 0 candidates
2026-04-13 18:59:28,125 [viper] INFO: 
2026-04-13 18:59:28,125 [viper] INFO: ============================================================
2026-04-13 18:59:28,126 [viper] INFO:   SCAN RESULTS
2026-04-13 18:59:28,126 [viper] INFO: ============================================================
2026-04-13 18:59:28,127 [viper] INFO:   No opportunities found. Patience.
2026-04-13 18:59:28,127 [viper] INFO: ============================================================
2026-04-13 19:29:29,725 [viper] INFO: ============================================================
2026-04-13 19:29:29,727 [viper] INFO: VIPER OPTIONS ENGINE v1.0 - 2026-04-13T19:29:29.727030
2026-04-13 19:29:29,727 [viper] INFO: ============================================================
2026-04-13 19:29:31,083 [viper] INFO: Account: equity=$105619.92  cash=$75925.59
2026-04-13 19:29:31,153 [viper] INFO: Analyzing 36 stocks...
2026-04-13 19:29:34,139 [viper] INFO: Analyzed 36 / 36 stocks
2026-04-13 19:29:34,139 [viper] INFO: CSP: 0 candidates
2026-04-13 19:30:25,656 [viper] INFO: Momentum Calls: 0 candidates
2026-04-13 19:30:25,656 [viper] INFO: IV Crush: 0 candidates
2026-04-13 19:30:25,656 [viper] INFO: 
2026-04-13 19:30:25,657 [viper] INFO: ============================================================
2026-04-13 19:30:25,657 [viper] INFO:   SCAN RESULTS
2026-04-13 19:30:25,657 [viper] INFO: ============================================================
2026-04-13 19:30:25,657 [viper] INFO:   No opportunities found. Patience.
2026-04-13 19:30:25,657 [viper] INFO: ============================================================
2026-04-13 20:00:26,640 [viper] INFO: ============================================================
2026-04-13 20:00:26,641 [viper] INFO: VIPER OPTIONS ENGINE v1.0 - 2026-04-13T20:00:26.641620
2026-04-13 20:00:26,642 [viper] INFO: ============================================================
2026-04-13 20:00:28,007 [viper] INFO: Account: equity=$105330.59  cash=$75925.59
2026-04-13 20:00:28,062 [viper] INFO: Analyzing 36 stocks...
2026-04-13 20:00:30,677 [viper] INFO: Analyzed 36 / 36 stocks
2026-04-13 20:00:30,678 [viper] INFO: CSP: 0 candidates
2026-04-13 20:01:20,516 [viper] INFO: Momentum Calls: 0 candidates
2026-04-13 20:01:20,518 [viper] INFO: IV Crush: 0 candidates
2026-04-13 20:01:20,518 [viper] INFO: 
2026-04-13 20:01:20,519 [viper] INFO: ============================================================
2026-04-13 20:01:20,520 [viper] INFO:   SCAN RESULTS
2026-04-13 20:01:20,520 [viper] INFO: ============================================================
2026-04-13 20:01:20,521 [viper] INFO:   No opportunities found. Patience.
2026-04-13 20:01:20,521 [viper] INFO: ============================================================
2026-04-13 20:31:21,044 [viper] INFO: ============================================================
2026-04-13 20:31:21,045 [viper] INFO: VIPER OPTIONS ENGINE v1.0 - 2026-04-13T20:31:21.045911
2026-04-13 20:31:21,046 [viper] INFO: ============================================================
2026-04-13 20:31:29,270 [viper] INFO: Account: equity=$105386.95  cash=$75925.59
2026-04-13 20:31:29,377 [viper] INFO: Analyzing 36 stocks...
2026-04-13 20:31:32,381 [viper] INFO: Analyzed 36 / 36 stocks
2026-04-13 20:31:32,382 [viper] INFO: CSP: 0 candidates
2026-04-13 20:32:26,906 [viper] INFO: Momentum Calls: 0 candidates
2026-04-13 20:32:26,907 [viper] INFO: IV Crush: 0 candidates
2026-04-13 20:32:26,908 [viper] INFO: 
2026-04-13 20:32:26,909 [viper] INFO: ============================================================
2026-04-13 20:32:26,909 [viper] INFO:   SCAN RESULTS
2026-04-13 20:32:26,909 [viper] INFO: ============================================================
2026-04-13 20:32:26,910 [viper] INFO:   No opportunities found. Patience.
2026-04-13 20:32:26,910 [viper] INFO: ============================================================
2026-04-13 21:02:27,959 [viper] INFO: ============================================================
2026-04-13 21:02:27,959 [viper] INFO: VIPER OPTIONS ENGINE v1.0 - 2026-04-13T21:02:27.959835
2026-04-13 21:02:27,960 [viper] INFO: ============================================================
2026-04-13 21:02:29,021 [viper] INFO: Account: equity=$105352.55  cash=$75925.59
2026-04-13 21:02:29,154 [viper] INFO: Analyzing 36 stocks...
2026-04-13 21:02:32,862 [viper] INFO: Analyzed 36 / 36 stocks
2026-04-13 21:02:32,863 [viper] INFO: CSP: 0 candidates
2026-04-13 21:03:26,215 [viper] INFO: Momentum Calls: 0 candidates
2026-04-13 21:03:26,216 [viper] INFO: IV Crush: 0 candidates
2026-04-13 21:03:26,217 [viper] INFO: 
2026-04-13 21:03:26,218 [viper] INFO: ============================================================
2026-04-13 21:03:26,218 [viper] INFO:   SCAN RESULTS
2026-04-13 21:03:26,219 [viper] INFO: ============================================================
2026-04-13 21:03:26,220 [viper] INFO:   No opportunities found. Patience.
2026-04-13 21:03:26,220 [viper] INFO: ============================================================
