2026-04-30 00:19:56,605 [viper] INFO: ============================================================
2026-04-30 00:19:56,606 [viper] INFO: VIPER v2.0 OPTIONS ENGINE - 2026-04-30T00:19:56.606334
2026-04-30 00:19:56,606 [viper] INFO: ============================================================
2026-04-30 00:19:57,857 [viper] INFO: Equity: $104278.06  Cash: $-20795.60
2026-04-30 00:19:57,953 [raptor.universe] INFO: Building universe...
2026-04-30 00:19:59,456 [raptor.universe] INFO: Alpaca tradeable assets: 7061 after initial filter
2026-04-30 00:19:59,471 [raptor.universe] INFO: Step 1: 7061 tradeable assets from Alpaca
2026-04-30 00:19:59,472 [raptor.universe] INFO: Step 2: Fetching bars for 7061 symbols (this takes 1-2 min)...
2026-04-30 00:20:28,114 [raptor.universe] INFO: Step 2: Got bars for 7050 symbols
2026-04-30 00:20:34,261 [raptor.universe] INFO: Step 3: 112 symbols passed all screens
2026-04-30 00:20:34,340 [viper] INFO: Dynamic universe: 112 stocks
2026-04-30 00:20:40,474 [viper] INFO: Analyzed: 107 stocks
2026-04-30 00:22:11,767 [viper] INFO: CSP: 0 candidates
2026-04-30 00:22:48,632 [viper] INFO: Momentum Calls: 0 candidates
2026-04-30 00:22:56,607 [viper] INFO: IV Crush: 0 candidates
2026-04-30 00:22:56,607 [viper] INFO: 
2026-04-30 00:22:56,607 [viper] INFO: ============================================================
2026-04-30 00:22:56,608 [viper] INFO:   SCAN RESULTS
2026-04-30 00:22:56,608 [viper] INFO: ============================================================
2026-04-30 00:22:56,608 [viper] INFO:   No opportunities. Patience.
2026-04-30 00:22:56,608 [viper] INFO: ============================================================
2026-04-30 00:52:57,373 [viper] INFO: ============================================================
2026-04-30 00:52:57,374 [viper] INFO: VIPER v2.0 OPTIONS ENGINE - 2026-04-30T00:52:57.374350
2026-04-30 00:52:57,374 [viper] INFO: ============================================================
2026-04-30 00:52:58,434 [viper] INFO: Equity: $104108.00  Cash: $-20795.60
2026-04-30 00:52:58,480 [raptor.universe] INFO: Universe from cache: 112 symbols
2026-04-30 00:52:58,480 [viper] INFO: Dynamic universe: 112 stocks
2026-04-30 00:53:03,142 [viper] INFO: Analyzed: 107 stocks
2026-04-30 00:54:33,367 [viper] INFO: CSP: 0 candidates
2026-04-30 00:55:11,769 [viper] INFO: Momentum Calls: 0 candidates
2026-04-30 00:55:18,731 [viper] INFO: IV Crush: 0 candidates
2026-04-30 00:55:18,732 [viper] INFO: 
2026-04-30 00:55:18,732 [viper] INFO: ============================================================
2026-04-30 00:55:18,732 [viper] INFO:   SCAN RESULTS
2026-04-30 00:55:18,732 [viper] INFO: ============================================================
2026-04-30 00:55:18,733 [viper] INFO:   No opportunities. Patience.
2026-04-30 00:55:18,733 [viper] INFO: ============================================================
2026-04-30 01:25:20,717 [viper] INFO: ============================================================
2026-04-30 01:25:20,718 [viper] INFO: VIPER v2.0 OPTIONS ENGINE - 2026-04-30T01:25:20.718428
2026-04-30 01:25:20,718 [viper] INFO: ============================================================
2026-04-30 01:25:22,120 [viper] INFO: Equity: $104053.15  Cash: $-20795.60
2026-04-30 01:25:22,203 [raptor.universe] INFO: Universe from cache: 112 symbols
2026-04-30 01:25:22,204 [viper] INFO: Dynamic universe: 112 stocks
2026-04-30 01:25:27,291 [viper] INFO: Analyzed: 107 stocks
2026-04-30 01:26:51,793 [viper] INFO: CSP: 0 candidates
2026-04-30 01:27:31,456 [viper] INFO: Momentum Calls: 0 candidates
2026-04-30 01:27:38,489 [viper] INFO: IV Crush: 0 candidates
2026-04-30 01:27:38,490 [viper] INFO: 
2026-04-30 01:27:38,491 [viper] INFO: ============================================================
2026-04-30 01:27:38,491 [viper] INFO:   SCAN RESULTS
2026-04-30 01:27:38,491 [viper] INFO: ============================================================
2026-04-30 01:27:38,491 [viper] INFO:   No opportunities. Patience.
2026-04-30 01:27:38,492 [viper] INFO: ============================================================
2026-04-30 01:57:42,303 [viper] INFO: ============================================================
2026-04-30 01:57:42,304 [viper] INFO: VIPER v2.0 OPTIONS ENGINE - 2026-04-30T01:57:42.304217
2026-04-30 01:57:42,304 [viper] INFO: ============================================================
2026-04-30 01:57:44,946 [viper] INFO: Equity: $103908.67  Cash: $-20795.60
2026-04-30 01:57:45,037 [raptor.universe] INFO: Universe from cache: 112 symbols
2026-04-30 01:57:45,037 [viper] INFO: Dynamic universe: 112 stocks
2026-04-30 01:57:49,803 [viper] INFO: Analyzed: 107 stocks
2026-04-30 01:59:19,741 [viper] INFO: CSP: 0 candidates
2026-04-30 01:59:59,678 [viper] INFO: Momentum Calls: 0 candidates
2026-04-30 02:00:07,391 [viper] INFO: IV Crush: 0 candidates
2026-04-30 02:00:07,392 [viper] INFO: 
2026-04-30 02:00:07,393 [viper] INFO: ============================================================
2026-04-30 02:00:07,393 [viper] INFO:   SCAN RESULTS
2026-04-30 02:00:07,393 [viper] INFO: ============================================================
2026-04-30 02:00:07,394 [viper] INFO:   No opportunities. Patience.
2026-04-30 02:00:07,394 [viper] INFO: ============================================================
2026-04-30 02:30:07,998 [viper] INFO: ============================================================
2026-04-30 02:30:07,999 [viper] INFO: VIPER v2.0 OPTIONS ENGINE - 2026-04-30T02:30:07.999650
2026-04-30 02:30:08,000 [viper] INFO: ============================================================
2026-04-30 02:30:09,481 [viper] INFO: Equity: $103742.42  Cash: $-20795.60
2026-04-30 02:30:09,599 [raptor.universe] INFO: Universe from cache: 112 symbols
2026-04-30 02:30:09,600 [viper] INFO: Dynamic universe: 112 stocks
2026-04-30 02:30:15,735 [viper] INFO: Analyzed: 107 stocks
2026-04-30 02:31:47,280 [viper] INFO: CSP: 0 candidates
2026-04-30 02:32:27,322 [viper] INFO: Momentum Calls: 0 candidates
2026-04-30 02:32:35,206 [viper] INFO: IV Crush: 0 candidates
2026-04-30 02:32:35,207 [viper] INFO: 
2026-04-30 02:32:35,207 [viper] INFO: ============================================================
2026-04-30 02:32:35,207 [viper] INFO:   SCAN RESULTS
2026-04-30 02:32:35,208 [viper] INFO: ============================================================
2026-04-30 02:32:35,208 [viper] INFO:   No opportunities. Patience.
2026-04-30 02:32:35,208 [viper] INFO: ============================================================
2026-04-30 03:02:35,915 [viper] INFO: ============================================================
2026-04-30 03:02:35,916 [viper] INFO: VIPER v2.0 OPTIONS ENGINE - 2026-04-30T03:02:35.916662
2026-04-30 03:02:35,917 [viper] INFO: ============================================================
2026-04-30 03:02:36,845 [viper] INFO: Equity: $103787.74  Cash: $-20795.60
2026-04-30 03:02:36,929 [raptor.universe] INFO: Universe from cache: 112 symbols
2026-04-30 03:02:36,930 [viper] INFO: Dynamic universe: 112 stocks
2026-04-30 03:02:45,024 [viper] INFO: Analyzed: 107 stocks
2026-04-30 03:04:15,231 [viper] INFO: CSP: 0 candidates
2026-04-30 03:04:54,861 [viper] INFO: Momentum Calls: 0 candidates
2026-04-30 03:05:02,747 [viper] INFO: IV Crush: 0 candidates
2026-04-30 03:05:02,748 [viper] INFO: 
2026-04-30 03:05:02,748 [viper] INFO: ============================================================
2026-04-30 03:05:02,749 [viper] INFO:   SCAN RESULTS
2026-04-30 03:05:02,749 [viper] INFO: ============================================================
2026-04-30 03:05:02,750 [viper] INFO:   No opportunities. Patience.
2026-04-30 03:05:02,750 [viper] INFO: ============================================================
2026-04-30 03:35:03,932 [viper] INFO: ============================================================
2026-04-30 03:35:03,933 [viper] INFO: VIPER v2.0 OPTIONS ENGINE - 2026-04-30T03:35:03.933170
2026-04-30 03:35:03,934 [viper] INFO: ============================================================
2026-04-30 03:35:05,208 [viper] INFO: Equity: $103965.21  Cash: $-20795.60
2026-04-30 03:35:05,293 [raptor.universe] INFO: Universe from cache: 112 symbols
2026-04-30 03:35:05,293 [viper] INFO: Dynamic universe: 112 stocks
2026-04-30 03:35:11,586 [viper] INFO: Analyzed: 107 stocks
2026-04-30 03:36:40,314 [viper] INFO: CSP: 0 candidates
2026-04-30 03:37:20,425 [viper] INFO: Momentum Calls: 0 candidates
2026-04-30 03:37:28,341 [viper] INFO: IV Crush: 0 candidates
2026-04-30 03:37:28,341 [viper] INFO: 
2026-04-30 03:37:28,342 [viper] INFO: ============================================================
2026-04-30 03:37:28,342 [viper] INFO:   SCAN RESULTS
2026-04-30 03:37:28,342 [viper] INFO: ============================================================
2026-04-30 03:37:28,342 [viper] INFO:   No opportunities. Patience.
2026-04-30 03:37:28,342 [viper] INFO: ============================================================
2026-04-30 04:07:28,947 [viper] INFO: ============================================================
2026-04-30 04:07:28,948 [viper] INFO: VIPER v2.0 OPTIONS ENGINE - 2026-04-30T04:07:28.948344
2026-04-30 04:07:28,948 [viper] INFO: ============================================================
2026-04-30 04:07:29,878 [viper] INFO: Equity: $103690.18  Cash: $-20795.60
2026-04-30 04:07:29,963 [raptor.universe] INFO: Universe from cache: 112 symbols
2026-04-30 04:07:29,964 [viper] INFO: Dynamic universe: 112 stocks
2026-04-30 04:07:39,131 [viper] INFO: Analyzed: 107 stocks
2026-04-30 04:09:10,005 [viper] INFO: CSP: 0 candidates
2026-04-30 04:09:50,660 [viper] INFO: Momentum Calls: 0 candidates
2026-04-30 04:09:58,481 [viper] INFO: IV Crush: 0 candidates
2026-04-30 04:09:58,483 [viper] INFO: 
2026-04-30 04:09:58,484 [viper] INFO: ============================================================
2026-04-30 04:09:58,484 [viper] INFO:   SCAN RESULTS
2026-04-30 04:09:58,485 [viper] INFO: ============================================================
2026-04-30 04:09:58,485 [viper] INFO:   No opportunities. Patience.
2026-04-30 04:09:58,485 [viper] INFO: ============================================================
2026-04-30 04:39:58,919 [viper] INFO: ============================================================
2026-04-30 04:39:58,920 [viper] INFO: VIPER v2.0 OPTIONS ENGINE - 2026-04-30T04:39:58.920482
2026-04-30 04:39:58,921 [viper] INFO: ============================================================
2026-04-30 04:40:00,036 [viper] INFO: Equity: $103679.64  Cash: $-20795.68
2026-04-30 04:40:00,170 [raptor.universe] INFO: Universe from cache: 112 symbols
2026-04-30 04:40:00,171 [viper] INFO: Dynamic universe: 112 stocks
2026-04-30 04:40:06,811 [viper] INFO: Analyzed: 107 stocks
2026-04-30 04:41:37,852 [viper] INFO: CSP: 0 candidates
2026-04-30 04:42:17,689 [viper] INFO: Momentum Calls: 0 candidates
2026-04-30 04:42:24,344 [viper] INFO: IV Crush: 0 candidates
2026-04-30 04:42:24,345 [viper] INFO: 
2026-04-30 04:42:24,345 [viper] INFO: ============================================================
2026-04-30 04:42:24,346 [viper] INFO:   SCAN RESULTS
2026-04-30 04:42:24,346 [viper] INFO: ============================================================
2026-04-30 04:42:24,346 [viper] INFO:   No opportunities. Patience.
2026-04-30 04:42:24,347 [viper] INFO: ============================================================
2026-04-30 05:12:24,945 [viper] INFO: ============================================================
2026-04-30 05:12:24,946 [viper] INFO: VIPER v2.0 OPTIONS ENGINE - 2026-04-30T05:12:24.946845
2026-04-30 05:12:24,947 [viper] INFO: ============================================================
2026-04-30 05:12:25,880 [viper] INFO: Equity: $103618.44  Cash: $-20795.68
2026-04-30 05:12:25,968 [raptor.universe] INFO: Universe from cache: 112 symbols
2026-04-30 05:12:25,968 [viper] INFO: Dynamic universe: 112 stocks
2026-04-30 05:12:33,414 [viper] INFO: Analyzed: 107 stocks
2026-04-30 05:14:03,140 [viper] INFO: CSP: 0 candidates
2026-04-30 05:14:42,054 [viper] INFO: Momentum Calls: 0 candidates
2026-04-30 05:14:49,941 [viper] INFO: IV Crush: 0 candidates
2026-04-30 05:14:49,942 [viper] INFO: 
2026-04-30 05:14:49,942 [viper] INFO: ============================================================
2026-04-30 05:14:49,942 [viper] INFO:   SCAN RESULTS
2026-04-30 05:14:49,943 [viper] INFO: ============================================================
2026-04-30 05:14:49,943 [viper] INFO:   No opportunities. Patience.
2026-04-30 05:14:49,943 [viper] INFO: ============================================================
2026-04-30 05:44:51,500 [viper] INFO: ============================================================
2026-04-30 05:44:51,501 [viper] INFO: VIPER v2.0 OPTIONS ENGINE - 2026-04-30T05:44:51.501279
2026-04-30 05:44:51,502 [viper] INFO: ============================================================
2026-04-30 05:44:52,718 [viper] INFO: Equity: $103630.89  Cash: $-20795.68
2026-04-30 05:44:52,793 [raptor.universe] INFO: Universe from cache: 112 symbols
2026-04-30 05:44:52,794 [viper] INFO: Dynamic universe: 112 stocks
2026-04-30 05:44:58,625 [viper] INFO: Analyzed: 107 stocks
2026-04-30 05:46:29,145 [viper] INFO: CSP: 0 candidates
2026-04-30 05:47:08,981 [viper] INFO: Momentum Calls: 0 candidates
2026-04-30 05:47:16,763 [viper] INFO: IV Crush: 0 candidates
2026-04-30 05:47:16,764 [viper] INFO: 
2026-04-30 05:47:16,765 [viper] INFO: ============================================================
2026-04-30 05:47:16,766 [viper] INFO:   SCAN RESULTS
2026-04-30 05:47:16,766 [viper] INFO: ============================================================
2026-04-30 05:47:16,767 [viper] INFO:   No opportunities. Patience.
2026-04-30 05:47:16,767 [viper] INFO: ============================================================
2026-04-30 06:17:17,965 [viper] INFO: ============================================================
2026-04-30 06:17:17,965 [viper] INFO: VIPER v2.0 OPTIONS ENGINE - 2026-04-30T06:17:17.965830
2026-04-30 06:17:17,966 [viper] INFO: ============================================================
2026-04-30 06:17:18,916 [viper] INFO: Equity: $103587.09  Cash: $-20795.68
2026-04-30 06:17:19,004 [raptor.universe] INFO: Universe from cache: 112 symbols
2026-04-30 06:17:19,005 [viper] INFO: Dynamic universe: 112 stocks
2026-04-30 06:17:25,504 [viper] INFO: Analyzed: 107 stocks
2026-04-30 06:18:56,601 [viper] INFO: CSP: 0 candidates
2026-04-30 06:19:35,625 [viper] INFO: Momentum Calls: 0 candidates
2026-04-30 06:19:43,590 [viper] INFO: IV Crush: 0 candidates
2026-04-30 06:19:43,591 [viper] INFO: 
2026-04-30 06:19:43,591 [viper] INFO: ============================================================
2026-04-30 06:19:43,592 [viper] INFO:   SCAN RESULTS
2026-04-30 06:19:43,592 [viper] INFO: ============================================================
2026-04-30 06:19:43,592 [viper] INFO:   No opportunities. Patience.
2026-04-30 06:19:43,593 [viper] INFO: ============================================================
2026-04-30 06:49:44,502 [viper] INFO: ============================================================
2026-04-30 06:49:44,503 [viper] INFO: VIPER v2.0 OPTIONS ENGINE - 2026-04-30T06:49:44.502990
2026-04-30 06:49:44,503 [viper] INFO: ============================================================
2026-04-30 06:49:45,653 [viper] INFO: Equity: $103644.07  Cash: $-20795.68
2026-04-30 06:49:45,725 [raptor.universe] INFO: Universe from cache: 112 symbols
2026-04-30 06:49:45,726 [viper] INFO: Dynamic universe: 112 stocks
2026-04-30 06:49:51,362 [viper] INFO: Analyzed: 107 stocks
2026-04-30 06:51:21,646 [viper] INFO: CSP: 0 candidates
2026-04-30 06:52:01,503 [viper] INFO: Momentum Calls: 0 candidates
2026-04-30 06:52:09,388 [viper] INFO: IV Crush: 0 candidates
2026-04-30 06:52:09,389 [viper] INFO: 
2026-04-30 06:52:09,390 [viper] INFO: ============================================================
2026-04-30 06:52:09,390 [viper] INFO:   SCAN RESULTS
2026-04-30 06:52:09,390 [viper] INFO: ============================================================
2026-04-30 06:52:09,391 [viper] INFO:   No opportunities. Patience.
2026-04-30 06:52:09,391 [viper] INFO: ============================================================
2026-04-30 07:22:10,418 [viper] INFO: ============================================================
2026-04-30 07:22:10,419 [viper] INFO: VIPER v2.0 OPTIONS ENGINE - 2026-04-30T07:22:10.419523
2026-04-30 07:22:10,420 [viper] INFO: ============================================================
2026-04-30 07:22:11,531 [viper] INFO: Equity: $103715.73  Cash: $-20795.68
2026-04-30 07:22:11,610 [raptor.universe] INFO: Universe from cache: 112 symbols
2026-04-30 07:22:11,611 [viper] INFO: Dynamic universe: 112 stocks
2026-04-30 07:22:19,240 [viper] INFO: Analyzed: 107 stocks
2026-04-30 07:23:50,006 [viper] INFO: CSP: 0 candidates
2026-04-30 07:24:30,091 [viper] INFO: Momentum Calls: 0 candidates
2026-04-30 07:24:37,420 [viper] INFO: IV Crush: 0 candidates
2026-04-30 07:24:37,421 [viper] INFO: 
2026-04-30 07:24:37,422 [viper] INFO: ============================================================
2026-04-30 07:24:37,422 [viper] INFO:   SCAN RESULTS
2026-04-30 07:24:37,423 [viper] INFO: ============================================================
2026-04-30 07:24:37,423 [viper] INFO:   No opportunities. Patience.
2026-04-30 07:24:37,424 [viper] INFO: ============================================================
2026-04-30 07:54:38,429 [viper] INFO: ============================================================
2026-04-30 07:54:38,430 [viper] INFO: VIPER v2.0 OPTIONS ENGINE - 2026-04-30T07:54:38.430630
2026-04-30 07:54:38,431 [viper] INFO: ============================================================
2026-04-30 07:54:39,786 [viper] INFO: Equity: $103610.28  Cash: $-20795.68
2026-04-30 07:54:39,864 [raptor.universe] INFO: Universe from cache: 112 symbols
2026-04-30 07:54:39,865 [viper] INFO: Dynamic universe: 112 stocks
2026-04-30 07:54:47,474 [viper] INFO: Analyzed: 107 stocks
2026-04-30 07:56:17,753 [viper] INFO: CSP: 0 candidates
2026-04-30 07:56:54,851 [viper] INFO: Momentum Calls: 0 candidates
2026-04-30 07:57:00,939 [viper] INFO: IV Crush: 0 candidates
2026-04-30 07:57:00,940 [viper] INFO: 
2026-04-30 07:57:00,941 [viper] INFO: ============================================================
2026-04-30 07:57:00,941 [viper] INFO:   SCAN RESULTS
2026-04-30 07:57:00,942 [viper] INFO: ============================================================
2026-04-30 07:57:00,942 [viper] INFO:   No opportunities. Patience.
2026-04-30 07:57:00,942 [viper] INFO: ============================================================
2026-04-30 08:27:04,240 [viper] INFO: ============================================================
2026-04-30 08:27:04,241 [viper] INFO: VIPER v2.0 OPTIONS ENGINE - 2026-04-30T08:27:04.241662
2026-04-30 08:27:04,242 [viper] INFO: ============================================================
2026-04-30 08:27:06,782 [viper] INFO: Equity: $103730.80  Cash: $-20795.68
2026-04-30 08:27:06,931 [raptor.universe] INFO: Universe from cache: 112 symbols
2026-04-30 08:27:06,932 [viper] INFO: Dynamic universe: 112 stocks
2026-04-30 08:27:12,909 [viper] INFO: Analyzed: 107 stocks
2026-04-30 08:28:43,093 [viper] INFO: CSP: 0 candidates
2026-04-30 08:29:21,541 [viper] INFO: Momentum Calls: 0 candidates
2026-04-30 08:29:29,255 [viper] INFO: IV Crush: 0 candidates
2026-04-30 08:29:29,256 [viper] INFO: 
2026-04-30 08:29:29,257 [viper] INFO: ============================================================
2026-04-30 08:29:29,258 [viper] INFO:   SCAN RESULTS
2026-04-30 08:29:29,258 [viper] INFO: ============================================================
2026-04-30 08:29:29,258 [viper] INFO:   No opportunities. Patience.
2026-04-30 08:29:29,258 [viper] INFO: ============================================================
2026-04-30 08:59:30,000 [viper] INFO: ============================================================
2026-04-30 08:59:30,001 [viper] INFO: VIPER v2.0 OPTIONS ENGINE - 2026-04-30T08:59:30.001620
2026-04-30 08:59:30,002 [viper] INFO: ============================================================
2026-04-30 08:59:31,189 [viper] INFO: Equity: $103718.22  Cash: $-20795.68
2026-04-30 08:59:31,253 [raptor.universe] INFO: Universe from cache: 112 symbols
2026-04-30 08:59:31,254 [viper] INFO: Dynamic universe: 112 stocks
2026-04-30 08:59:38,648 [viper] INFO: Analyzed: 107 stocks
2026-04-30 09:01:17,954 [viper] INFO: CSP: 0 candidates
2026-04-30 09:02:02,501 [viper] INFO: Momentum Calls: 0 candidates
2026-04-30 09:02:10,898 [viper] INFO: IV Crush: 0 candidates
2026-04-30 09:02:10,899 [viper] INFO: 
2026-04-30 09:02:10,899 [viper] INFO: ============================================================
2026-04-30 09:02:10,899 [viper] INFO:   SCAN RESULTS
2026-04-30 09:02:10,899 [viper] INFO: ============================================================
2026-04-30 09:02:10,900 [viper] INFO:   No opportunities. Patience.
2026-04-30 09:02:10,900 [viper] INFO: ============================================================
2026-04-30 09:32:11,935 [viper] INFO: ============================================================
2026-04-30 09:32:11,936 [viper] INFO: VIPER v2.0 OPTIONS ENGINE - 2026-04-30T09:32:11.936701
2026-04-30 09:32:11,937 [viper] INFO: ============================================================
2026-04-30 09:32:13,051 [viper] INFO: Equity: $102973.32  Cash: $-20795.68
2026-04-30 09:32:13,139 [raptor.universe] INFO: Universe from cache: 112 symbols
2026-04-30 09:32:13,140 [viper] INFO: Dynamic universe: 112 stocks
2026-04-30 09:33:17,912 [viper] INFO: Analyzed: 101 stocks
2026-04-30 09:37:09,282 [viper] INFO: CSP: 0 candidates
2026-04-30 09:38:50,970 [viper] INFO: Momentum Calls: 0 candidates
2026-04-30 09:39:07,150 [viper] INFO: IV Crush: 0 candidates
2026-04-30 09:39:07,151 [viper] INFO: 
2026-04-30 09:39:07,152 [viper] INFO: ============================================================
2026-04-30 09:39:07,152 [viper] INFO:   SCAN RESULTS
2026-04-30 09:39:07,153 [viper] INFO: ============================================================
2026-04-30 09:39:07,153 [viper] INFO:   No opportunities. Patience.
2026-04-30 09:39:07,153 [viper] INFO: ============================================================
2026-04-30 10:09:09,652 [viper] INFO: ============================================================
2026-04-30 10:09:09,653 [viper] INFO: VIPER v2.0 OPTIONS ENGINE - 2026-04-30T10:09:09.653918
2026-04-30 10:09:09,654 [viper] INFO: ============================================================
2026-04-30 10:09:11,052 [viper] INFO: Equity: $102987.48  Cash: $-49061.64
2026-04-30 10:09:11,136 [raptor.universe] INFO: Universe from cache: 112 symbols
2026-04-30 10:09:11,137 [viper] INFO: Dynamic universe: 112 stocks
2026-04-30 10:09:17,729 [viper] INFO: Analyzed: 102 stocks
2026-04-30 10:13:42,195 [viper] INFO: CSP: 0 candidates
2026-04-30 10:15:38,311 [viper] INFO: Momentum Calls: 0 candidates
2026-04-30 10:16:03,502 [viper] INFO: IV Crush: 0 candidates
2026-04-30 10:16:03,503 [viper] INFO: 
2026-04-30 10:16:03,503 [viper] INFO: ============================================================
2026-04-30 10:16:03,504 [viper] INFO:   SCAN RESULTS
2026-04-30 10:16:03,504 [viper] INFO: ============================================================
2026-04-30 10:16:03,505 [viper] INFO:   No opportunities. Patience.
2026-04-30 10:16:03,505 [viper] INFO: ============================================================
2026-04-30 10:46:04,233 [viper] INFO: ============================================================
2026-04-30 10:46:04,234 [viper] INFO: VIPER v2.0 OPTIONS ENGINE - 2026-04-30T10:46:04.234415
2026-04-30 10:46:04,235 [viper] INFO: ============================================================
2026-04-30 10:46:05,796 [viper] INFO: Equity: $103449.35  Cash: $-49061.64
2026-04-30 10:46:05,852 [raptor.universe] INFO: Universe from cache: 112 symbols
2026-04-30 10:46:05,853 [viper] INFO: Dynamic universe: 112 stocks
2026-04-30 10:47:05,990 [viper] INFO: Analyzed: 103 stocks
2026-04-30 10:48:45,687 [viper] INFO: CSP: 0 candidates
2026-04-30 10:49:27,364 [viper] INFO: Momentum Calls: 0 candidates
2026-04-30 10:49:37,810 [viper] INFO: IV Crush: 0 candidates
2026-04-30 10:49:37,811 [viper] INFO: 
2026-04-30 10:49:37,811 [viper] INFO: ============================================================
2026-04-30 10:49:37,812 [viper] INFO:   SCAN RESULTS
2026-04-30 10:49:37,812 [viper] INFO: ============================================================
2026-04-30 10:49:37,812 [viper] INFO:   No opportunities. Patience.
2026-04-30 10:49:37,812 [viper] INFO: ============================================================
2026-04-30 11:19:38,943 [viper] INFO: ============================================================
2026-04-30 11:19:38,944 [viper] INFO: VIPER v2.0 OPTIONS ENGINE - 2026-04-30T11:19:38.944753
2026-04-30 11:19:38,945 [viper] INFO: ============================================================
2026-04-30 11:19:40,114 [viper] INFO: Equity: $103872.82  Cash: $-49061.64
2026-04-30 11:19:40,249 [raptor.universe] INFO: Universe from cache: 112 symbols
2026-04-30 11:19:40,250 [viper] INFO: Dynamic universe: 112 stocks
2026-04-30 11:20:40,109 [viper] INFO: Analyzed: 103 stocks
2026-04-30 11:24:13,662 [viper] INFO: CSP: 0 candidates
2026-04-30 11:25:35,587 [viper] INFO: Momentum Calls: 0 candidates
2026-04-30 11:25:56,785 [viper] INFO: IV Crush: 0 candidates
2026-04-30 11:25:56,786 [viper] INFO: 
2026-04-30 11:25:56,787 [viper] INFO: ============================================================
2026-04-30 11:25:56,787 [viper] INFO:   SCAN RESULTS
2026-04-30 11:25:56,788 [viper] INFO: ============================================================
2026-04-30 11:25:56,788 [viper] INFO:   No opportunities. Patience.
2026-04-30 11:25:56,789 [viper] INFO: ============================================================
2026-04-30 11:55:58,379 [viper] INFO: ============================================================
2026-04-30 11:55:58,380 [viper] INFO: VIPER v2.0 OPTIONS ENGINE - 2026-04-30T11:55:58.380653
2026-04-30 11:55:58,381 [viper] INFO: ============================================================
2026-04-30 11:55:59,680 [viper] INFO: Equity: $104030.13  Cash: $-49061.64
2026-04-30 11:55:59,741 [raptor.universe] INFO: Universe from cache: 112 symbols
2026-04-30 11:55:59,741 [viper] INFO: Dynamic universe: 112 stocks
2026-04-30 11:56:07,075 [viper] INFO: Analyzed: 103 stocks
2026-04-30 11:59:23,514 [viper] INFO: CSP: 0 candidates
2026-04-30 12:00:38,168 [viper] INFO: Momentum Calls: 0 candidates
2026-04-30 12:00:59,263 [viper] INFO: IV Crush: 0 candidates
2026-04-30 12:00:59,264 [viper] INFO: 
2026-04-30 12:00:59,264 [viper] INFO: ============================================================
2026-04-30 12:00:59,265 [viper] INFO:   SCAN RESULTS
2026-04-30 12:00:59,265 [viper] INFO: ============================================================
2026-04-30 12:00:59,265 [viper] INFO:   No opportunities. Patience.
2026-04-30 12:00:59,266 [viper] INFO: ============================================================
2026-04-30 12:31:00,550 [viper] INFO: ============================================================
2026-04-30 12:31:00,552 [viper] INFO: VIPER v2.0 OPTIONS ENGINE - 2026-04-30T12:31:00.552748
2026-04-30 12:31:00,553 [viper] INFO: ============================================================
2026-04-30 12:31:01,834 [viper] INFO: Equity: $104273.27  Cash: $-49061.64
2026-04-30 12:31:01,910 [raptor.universe] INFO: Universe from cache: 112 symbols
2026-04-30 12:31:01,911 [viper] INFO: Dynamic universe: 112 stocks
2026-04-30 12:31:10,512 [viper] INFO: Analyzed: 103 stocks
2026-04-30 12:34:12,885 [viper] INFO: CSP: 0 candidates
2026-04-30 12:35:21,291 [viper] INFO: Momentum Calls: 0 candidates
2026-04-30 12:35:41,671 [viper] INFO: IV Crush: 0 candidates
2026-04-30 12:35:41,671 [viper] INFO: 
2026-04-30 12:35:41,672 [viper] INFO: ============================================================
2026-04-30 12:35:41,672 [viper] INFO:   SCAN RESULTS
2026-04-30 12:35:41,673 [viper] INFO: ============================================================
2026-04-30 12:35:41,673 [viper] INFO:   No opportunities. Patience.
2026-04-30 12:35:41,674 [viper] INFO: ============================================================
2026-04-30 13:05:42,196 [viper] INFO: ============================================================
2026-04-30 13:05:42,197 [viper] INFO: VIPER v2.0 OPTIONS ENGINE - 2026-04-30T13:05:42.197662
2026-04-30 13:05:42,198 [viper] INFO: ============================================================
2026-04-30 13:05:43,510 [viper] INFO: Equity: $104230.46  Cash: $-49061.64
2026-04-30 13:05:43,548 [raptor.universe] INFO: Universe from cache: 112 symbols
2026-04-30 13:05:43,549 [viper] INFO: Dynamic universe: 112 stocks
2026-04-30 13:05:52,697 [viper] INFO: Analyzed: 104 stocks
2026-04-30 13:07:31,860 [viper] INFO: CSP: 0 candidates
2026-04-30 13:08:09,357 [viper] INFO: Momentum Calls: 0 candidates
2026-04-30 13:08:21,806 [viper] INFO: IV Crush: 0 candidates
2026-04-30 13:08:21,807 [viper] INFO: 
2026-04-30 13:08:21,807 [viper] INFO: ============================================================
2026-04-30 13:08:21,808 [viper] INFO:   SCAN RESULTS
2026-04-30 13:08:21,808 [viper] INFO: ============================================================
2026-04-30 13:08:21,809 [viper] INFO:   No opportunities. Patience.
2026-04-30 13:08:21,809 [viper] INFO: ============================================================
2026-04-30 13:38:23,469 [viper] INFO: ============================================================
2026-04-30 13:38:23,470 [viper] INFO: VIPER v2.0 OPTIONS ENGINE - 2026-04-30T13:38:23.470065
2026-04-30 13:38:23,470 [viper] INFO: ============================================================
2026-04-30 13:38:24,610 [viper] INFO: Equity: $104185.51  Cash: $-49061.64
2026-04-30 13:38:24,655 [raptor.universe] INFO: Universe from cache: 112 symbols
2026-04-30 13:38:24,656 [viper] INFO: Dynamic universe: 112 stocks
2026-04-30 13:38:32,169 [viper] INFO: Analyzed: 104 stocks
2026-04-30 13:41:21,295 [viper] INFO: CSP: 0 candidates
2026-04-30 13:42:27,244 [viper] INFO: Momentum Calls: 0 candidates
2026-04-30 13:42:48,331 [viper] INFO: IV Crush: 0 candidates
2026-04-30 13:42:48,333 [viper] INFO: 
2026-04-30 13:42:48,333 [viper] INFO: ============================================================
2026-04-30 13:42:48,334 [viper] INFO:   SCAN RESULTS
2026-04-30 13:42:48,334 [viper] INFO: ============================================================
2026-04-30 13:42:48,335 [viper] INFO:   No opportunities. Patience.
2026-04-30 13:42:48,335 [viper] INFO: ============================================================
2026-04-30 14:12:48,968 [viper] INFO: ============================================================
2026-04-30 14:12:48,969 [viper] INFO: VIPER v2.0 OPTIONS ENGINE - 2026-04-30T14:12:48.969098
2026-04-30 14:12:48,969 [viper] INFO: ============================================================
2026-04-30 14:12:49,979 [viper] INFO: Equity: $104228.64  Cash: $-49061.64
2026-04-30 14:12:50,066 [raptor.universe] INFO: Universe from cache: 112 symbols
2026-04-30 14:12:50,067 [viper] INFO: Dynamic universe: 112 stocks
2026-04-30 14:13:32,900 [viper] INFO: Analyzed: 104 stocks
2026-04-30 14:15:15,981 [viper] INFO: CSP: 0 candidates
2026-04-30 14:15:54,690 [viper] INFO: Momentum Calls: 0 candidates
2026-04-30 14:16:05,135 [viper] INFO: IV Crush: 0 candidates
2026-04-30 14:16:05,136 [viper] INFO: 
2026-04-30 14:16:05,137 [viper] INFO: ============================================================
2026-04-30 14:16:05,137 [viper] INFO:   SCAN RESULTS
2026-04-30 14:16:05,138 [viper] INFO: ============================================================
2026-04-30 14:16:05,138 [viper] INFO:   No opportunities. Patience.
2026-04-30 14:16:05,138 [viper] INFO: ============================================================
2026-04-30 14:46:06,349 [viper] INFO: ============================================================
2026-04-30 14:46:06,350 [viper] INFO: VIPER v2.0 OPTIONS ENGINE - 2026-04-30T14:46:06.350389
2026-04-30 14:46:06,351 [viper] INFO: ============================================================
2026-04-30 14:46:07,505 [viper] INFO: Equity: $104514.56  Cash: $-49061.64
2026-04-30 14:46:07,576 [raptor.universe] INFO: Universe from cache: 112 symbols
2026-04-30 14:46:07,576 [viper] INFO: Dynamic universe: 112 stocks
2026-04-30 14:46:17,158 [viper] INFO: Analyzed: 104 stocks
2026-04-30 14:47:45,364 [viper] INFO: CSP: 0 candidates
2026-04-30 14:48:24,482 [viper] INFO: Momentum Calls: 0 candidates
2026-04-30 14:48:35,849 [viper] INFO: IV Crush: 0 candidates
2026-04-30 14:48:35,849 [viper] INFO: 
2026-04-30 14:48:35,850 [viper] INFO: ============================================================
2026-04-30 14:48:35,850 [viper] INFO:   SCAN RESULTS
2026-04-30 14:48:35,850 [viper] INFO: ============================================================
2026-04-30 14:48:35,850 [viper] INFO:   No opportunities. Patience.
2026-04-30 14:48:35,851 [viper] INFO: ============================================================
2026-04-30 15:18:36,978 [viper] INFO: ============================================================
2026-04-30 15:18:36,979 [viper] INFO: VIPER v2.0 OPTIONS ENGINE - 2026-04-30T15:18:36.979854
2026-04-30 15:18:36,980 [viper] INFO: ============================================================
2026-04-30 15:18:38,001 [viper] INFO: Equity: $104318.43  Cash: $-49061.64
2026-04-30 15:18:38,087 [raptor.universe] INFO: Universe from cache: 112 symbols
2026-04-30 15:18:38,088 [viper] INFO: Dynamic universe: 112 stocks
2026-04-30 15:18:45,653 [viper] INFO: Analyzed: 105 stocks
2026-04-30 15:20:24,577 [viper] INFO: CSP: 0 candidates
2026-04-30 15:21:03,669 [viper] INFO: Momentum Calls: 0 candidates
2026-04-30 15:21:14,654 [viper] INFO: IV Crush: 0 candidates
2026-04-30 15:21:14,655 [viper] INFO: 
2026-04-30 15:21:14,656 [viper] INFO: ============================================================
2026-04-30 15:21:14,656 [viper] INFO:   SCAN RESULTS
2026-04-30 15:21:14,656 [viper] INFO: ============================================================
2026-04-30 15:21:14,657 [viper] INFO:   No opportunities. Patience.
2026-04-30 15:21:14,657 [viper] INFO: ============================================================
2026-04-30 15:51:15,510 [viper] INFO: ============================================================
2026-04-30 15:51:15,511 [viper] INFO: VIPER v2.0 OPTIONS ENGINE - 2026-04-30T15:51:15.511749
2026-04-30 15:51:15,512 [viper] INFO: ============================================================
2026-04-30 15:51:16,811 [viper] INFO: Equity: $104877.99  Cash: $-49061.64
2026-04-30 15:51:16,855 [raptor.universe] INFO: Universe from cache: 112 symbols
2026-04-30 15:51:16,855 [viper] INFO: Dynamic universe: 112 stocks
2026-04-30 15:52:05,282 [viper] INFO: Analyzed: 106 stocks
2026-04-30 15:55:54,899 [viper] INFO: CSP: 0 candidates
2026-04-30 15:57:41,514 [viper] INFO: Momentum Calls: 0 candidates
2026-04-30 15:58:14,693 [viper] INFO: IV Crush: 0 candidates
2026-04-30 15:58:14,694 [viper] INFO: 
2026-04-30 15:58:14,695 [viper] INFO: ============================================================
2026-04-30 15:58:14,695 [viper] INFO:   SCAN RESULTS
2026-04-30 15:58:14,695 [viper] INFO: ============================================================
2026-04-30 15:58:14,695 [viper] INFO:   No opportunities. Patience.
2026-04-30 15:58:14,696 [viper] INFO: ============================================================
2026-04-30 16:28:16,672 [viper] INFO: ============================================================
2026-04-30 16:28:16,674 [viper] INFO: VIPER v2.0 OPTIONS ENGINE - 2026-04-30T16:28:16.673955
2026-04-30 16:28:16,674 [viper] INFO: ============================================================
2026-04-30 16:28:17,907 [viper] INFO: Equity: $104986.82  Cash: $-49061.64
2026-04-30 16:28:18,049 [raptor.universe] INFO: Universe from cache: 112 symbols
2026-04-30 16:28:18,050 [viper] INFO: Dynamic universe: 112 stocks
2026-04-30 16:28:23,977 [viper] INFO: Analyzed: 107 stocks
2026-04-30 16:30:00,308 [viper] INFO: CSP: 0 candidates
2026-04-30 16:30:37,277 [viper] INFO: Momentum Calls: 0 candidates
2026-04-30 16:30:48,556 [viper] INFO: IV Crush: 0 candidates
2026-04-30 16:30:48,557 [viper] INFO: 
2026-04-30 16:30:48,557 [viper] INFO: ============================================================
2026-04-30 16:30:48,557 [viper] INFO:   SCAN RESULTS
2026-04-30 16:30:48,557 [viper] INFO: ============================================================
2026-04-30 16:30:48,557 [viper] INFO:   No opportunities. Patience.
2026-04-30 16:30:48,558 [viper] INFO: ============================================================
2026-04-30 17:00:50,100 [viper] INFO: ============================================================
2026-04-30 17:00:50,101 [viper] INFO: VIPER v2.0 OPTIONS ENGINE - 2026-04-30T17:00:50.101809
2026-04-30 17:00:50,102 [viper] INFO: ============================================================
2026-04-30 17:00:51,193 [viper] INFO: Equity: $104776.73  Cash: $-49061.64
2026-04-30 17:00:51,228 [raptor.universe] INFO: Universe from cache: 112 symbols
2026-04-30 17:00:51,229 [viper] INFO: Dynamic universe: 112 stocks
2026-04-30 17:00:57,315 [viper] INFO: Analyzed: 107 stocks
2026-04-30 17:02:37,679 [viper] INFO: CSP: 0 candidates
2026-04-30 17:03:07,637 [viper] INFO: Momentum Calls: 0 candidates
2026-04-30 17:03:15,856 [viper] INFO: IV Crush: 0 candidates
2026-04-30 17:03:15,856 [viper] INFO: 
2026-04-30 17:03:15,857 [viper] INFO: ============================================================
2026-04-30 17:03:15,857 [viper] INFO:   SCAN RESULTS
2026-04-30 17:03:15,858 [viper] INFO: ============================================================
2026-04-30 17:03:15,858 [viper] INFO:   No opportunities. Patience.
2026-04-30 17:03:15,858 [viper] INFO: ============================================================
2026-04-30 17:33:16,897 [viper] INFO: ============================================================
2026-04-30 17:33:16,898 [viper] INFO: VIPER v2.0 OPTIONS ENGINE - 2026-04-30T17:33:16.898679
2026-04-30 17:33:16,899 [viper] INFO: ============================================================
2026-04-30 17:33:18,001 [viper] INFO: Equity: $104731.04  Cash: $-49061.64
2026-04-30 17:33:18,114 [raptor.universe] INFO: Universe from cache: 112 symbols
2026-04-30 17:33:18,115 [viper] INFO: Dynamic universe: 112 stocks
2026-04-30 17:33:24,163 [viper] INFO: Analyzed: 107 stocks
2026-04-30 17:35:00,405 [viper] INFO: CSP: 0 candidates
2026-04-30 17:35:35,428 [viper] INFO: Momentum Calls: 0 candidates
2026-04-30 17:35:46,385 [viper] INFO: IV Crush: 0 candidates
2026-04-30 17:35:46,385 [viper] INFO: 
2026-04-30 17:35:46,386 [viper] INFO: ============================================================
2026-04-30 17:35:46,386 [viper] INFO:   SCAN RESULTS
2026-04-30 17:35:46,387 [viper] INFO: ============================================================
2026-04-30 17:35:46,387 [viper] INFO:   No opportunities. Patience.
2026-04-30 17:35:46,388 [viper] INFO: ============================================================
2026-04-30 18:05:46,938 [viper] INFO: ============================================================
2026-04-30 18:05:46,939 [viper] INFO: VIPER v2.0 OPTIONS ENGINE - 2026-04-30T18:05:46.939466
2026-04-30 18:05:46,940 [viper] INFO: ============================================================
2026-04-30 18:05:47,998 [viper] INFO: Equity: $104881.92  Cash: $-49061.64
2026-04-30 18:05:48,109 [raptor.universe] INFO: Universe from cache: 112 symbols
2026-04-30 18:05:48,110 [viper] INFO: Dynamic universe: 112 stocks
2026-04-30 18:05:53,560 [viper] INFO: Analyzed: 107 stocks
2026-04-30 18:07:31,018 [viper] INFO: CSP: 0 candidates
2026-04-30 18:08:07,268 [viper] INFO: Momentum Calls: 0 candidates
2026-04-30 18:08:18,328 [viper] INFO: IV Crush: 0 candidates
2026-04-30 18:08:18,329 [viper] INFO: 
2026-04-30 18:08:18,330 [viper] INFO: ============================================================
2026-04-30 18:08:18,330 [viper] INFO:   SCAN RESULTS
2026-04-30 18:08:18,331 [viper] INFO: ============================================================
2026-04-30 18:08:18,331 [viper] INFO:   No opportunities. Patience.
2026-04-30 18:08:18,332 [viper] INFO: ============================================================
2026-04-30 18:38:21,498 [viper] INFO: ============================================================
2026-04-30 18:38:21,499 [viper] INFO: VIPER v2.0 OPTIONS ENGINE - 2026-04-30T18:38:21.499876
2026-04-30 18:38:21,500 [viper] INFO: ============================================================
2026-04-30 18:38:23,154 [viper] INFO: Equity: $104843.08  Cash: $-49061.64
2026-04-30 18:38:23,243 [raptor.universe] INFO: Universe from cache: 112 symbols
2026-04-30 18:38:23,243 [viper] INFO: Dynamic universe: 112 stocks
2026-04-30 18:38:29,398 [viper] INFO: Analyzed: 107 stocks
2026-04-30 18:40:06,954 [viper] INFO: CSP: 0 candidates
2026-04-30 18:40:42,283 [viper] INFO: Momentum Calls: 0 candidates
2026-04-30 18:40:53,446 [viper] INFO: IV Crush: 0 candidates
2026-04-30 18:40:53,447 [viper] INFO: 
2026-04-30 18:40:53,448 [viper] INFO: ============================================================
2026-04-30 18:40:53,448 [viper] INFO:   SCAN RESULTS
2026-04-30 18:40:53,449 [viper] INFO: ============================================================
2026-04-30 18:40:53,449 [viper] INFO:   No opportunities. Patience.
2026-04-30 18:40:53,450 [viper] INFO: ============================================================
2026-04-30 19:10:54,576 [viper] INFO: ============================================================
2026-04-30 19:10:54,577 [viper] INFO: VIPER v2.0 OPTIONS ENGINE - 2026-04-30T19:10:54.577279
2026-04-30 19:10:54,578 [viper] INFO: ============================================================
2026-04-30 19:10:55,985 [viper] INFO: Equity: $104713.74  Cash: $-49061.64
2026-04-30 19:10:56,099 [raptor.universe] INFO: Universe from cache: 112 symbols
2026-04-30 19:10:56,100 [viper] INFO: Dynamic universe: 112 stocks
2026-04-30 19:11:02,847 [viper] INFO: Analyzed: 107 stocks
2026-04-30 19:12:39,307 [viper] INFO: CSP: 0 candidates
2026-04-30 19:13:14,534 [viper] INFO: Momentum Calls: 0 candidates
2026-04-30 19:13:24,774 [viper] INFO: IV Crush: 0 candidates
2026-04-30 19:13:24,774 [viper] INFO: 
2026-04-30 19:13:24,775 [viper] INFO: ============================================================
2026-04-30 19:13:24,775 [viper] INFO:   SCAN RESULTS
2026-04-30 19:13:24,776 [viper] INFO: ============================================================
2026-04-30 19:13:24,776 [viper] INFO:   No opportunities. Patience.
2026-04-30 19:13:24,776 [viper] INFO: ============================================================
2026-04-30 19:31:18,686 [viper] INFO: ============================================================
2026-04-30 19:31:18,687 [viper] INFO: VIPER v2.0 OPTIONS ENGINE - 2026-04-30T19:31:18.687715
2026-04-30 19:31:18,688 [viper] INFO: ============================================================
2026-04-30 19:31:20,557 [viper] INFO: Equity: $104754.54  Cash: $-49061.64
2026-04-30 19:31:20,667 [raptor.universe] INFO: Universe from cache: 112 symbols
2026-04-30 19:31:20,668 [viper] INFO: Dynamic universe: 112 stocks
