2026-04-18 13:33:00,405 [viper] INFO: ============================================================
2026-04-18 13:33:00,406 [viper] INFO: VIPER OPTIONS ENGINE v1.0 - 2026-04-18T13:33:00.405992
2026-04-18 13:33:00,406 [viper] INFO: ============================================================
2026-04-18 13:33:02,121 [viper] INFO: Account: equity=$105424.26  cash=$55323.07
2026-04-18 13:33:02,300 [raptor.universe] INFO: Building universe...
2026-04-18 13:33:03,548 [raptor.universe] INFO: Alpaca tradeable assets: 7023 after initial filter
2026-04-18 13:33:03,562 [raptor.universe] INFO: Step 1: 7023 tradeable assets from Alpaca
2026-04-18 13:33:03,564 [raptor.universe] INFO: Step 2: Fetching bars for 7023 symbols (this takes 1-2 min)...
2026-04-18 13:33:39,158 [raptor.universe] INFO: Step 2: Got bars for 7016 symbols
2026-04-18 13:33:47,374 [raptor.universe] INFO: Step 3: 126 symbols passed all screens
2026-04-18 13:33:47,467 [viper] INFO: Dynamic universe: 126 stocks
2026-04-18 13:33:53,851 [viper] INFO: Analyzed 121 / 36 stocks
2026-04-18 13:34:27,752 [viper] INFO: CSP: 0 candidates
2026-04-18 13:34:39,165 [viper] INFO: Momentum Calls: 0 candidates
2026-04-18 13:34:40,713 [viper] INFO: IV Crush: 0 candidates
2026-04-18 13:34:40,714 [viper] INFO: 
2026-04-18 13:34:40,714 [viper] INFO: ============================================================
2026-04-18 13:34:40,714 [viper] INFO:   SCAN RESULTS
2026-04-18 13:34:40,714 [viper] INFO: ============================================================
2026-04-18 13:34:40,714 [viper] INFO:   No opportunities found. Patience.
2026-04-18 13:34:40,715 [viper] INFO: ============================================================
2026-04-18 14:01:17,210 [viper] INFO: ============================================================
2026-04-18 14:01:17,211 [viper] INFO: VIPER OPTIONS ENGINE v1.0 - 2026-04-18T14:01:17.211680
2026-04-18 14:01:17,212 [viper] INFO: ============================================================
2026-04-18 14:01:18,465 [viper] INFO: Account: equity=$105424.26  cash=$55323.07
2026-04-18 14:01:18,574 [raptor.universe] INFO: Universe from cache: 126 symbols
2026-04-18 14:01:18,575 [viper] INFO: Dynamic universe: 126 stocks
2026-04-18 14:01:24,937 [viper] INFO: Analyzed 121 / 36 stocks
2026-04-18 14:01:59,807 [viper] INFO: CSP: 0 candidates
2026-04-18 14:02:10,046 [viper] INFO: Momentum Calls: 0 candidates
2026-04-18 14:02:11,787 [viper] INFO: IV Crush: 0 candidates
2026-04-18 14:02:11,788 [viper] INFO: 
2026-04-18 14:02:11,788 [viper] INFO: ============================================================
2026-04-18 14:02:11,788 [viper] INFO:   SCAN RESULTS
2026-04-18 14:02:11,788 [viper] INFO: ============================================================
2026-04-18 14:02:11,789 [viper] INFO:   No opportunities found. Patience.
2026-04-18 14:02:11,789 [viper] INFO: ============================================================
2026-04-18 14:32:12,925 [viper] INFO: ============================================================
2026-04-18 14:32:12,925 [viper] INFO: VIPER OPTIONS ENGINE v1.0 - 2026-04-18T14:32:12.925510
2026-04-18 14:32:12,925 [viper] INFO: ============================================================
2026-04-18 14:32:14,142 [viper] INFO: Account: equity=$105424.26  cash=$55323.07
2026-04-18 14:32:14,225 [raptor.universe] INFO: Universe from cache: 126 symbols
2026-04-18 14:32:14,225 [viper] INFO: Dynamic universe: 126 stocks
2026-04-18 14:32:20,457 [viper] INFO: Analyzed 121 / 36 stocks
2026-04-18 14:32:54,156 [viper] INFO: CSP: 0 candidates
2026-04-18 14:33:04,908 [viper] INFO: Momentum Calls: 0 candidates
2026-04-18 14:33:06,546 [viper] INFO: IV Crush: 0 candidates
2026-04-18 14:33:06,547 [viper] INFO: 
2026-04-18 14:33:06,547 [viper] INFO: ============================================================
2026-04-18 14:33:06,547 [viper] INFO:   SCAN RESULTS
2026-04-18 14:33:06,547 [viper] INFO: ============================================================
2026-04-18 14:33:06,548 [viper] INFO:   No opportunities found. Patience.
2026-04-18 14:33:06,548 [viper] INFO: ============================================================
2026-04-18 15:03:07,444 [viper] INFO: ============================================================
2026-04-18 15:03:07,446 [viper] INFO: VIPER OPTIONS ENGINE v1.0 - 2026-04-18T15:03:07.446062
2026-04-18 15:03:07,446 [viper] INFO: ============================================================
2026-04-18 15:03:08,806 [viper] INFO: Account: equity=$105424.26  cash=$55323.07
2026-04-18 15:03:08,888 [raptor.universe] INFO: Universe from cache: 126 symbols
2026-04-18 15:03:08,889 [viper] INFO: Dynamic universe: 126 stocks
2026-04-18 15:03:14,745 [viper] INFO: Analyzed 121 / 36 stocks
2026-04-18 15:03:48,814 [viper] INFO: CSP: 0 candidates
2026-04-18 15:03:59,977 [viper] INFO: Momentum Calls: 0 candidates
2026-04-18 15:04:01,615 [viper] INFO: IV Crush: 0 candidates
2026-04-18 15:04:01,616 [viper] INFO: 
2026-04-18 15:04:01,617 [viper] INFO: ============================================================
2026-04-18 15:04:01,617 [viper] INFO:   SCAN RESULTS
2026-04-18 15:04:01,618 [viper] INFO: ============================================================
2026-04-18 15:04:01,618 [viper] INFO:   No opportunities found. Patience.
2026-04-18 15:04:01,619 [viper] INFO: ============================================================
2026-04-18 15:34:01,974 [viper] INFO: ============================================================
2026-04-18 15:34:01,977 [viper] INFO: VIPER OPTIONS ENGINE v1.0 - 2026-04-18T15:34:01.977326
2026-04-18 15:34:01,978 [viper] INFO: ============================================================
2026-04-18 15:34:02,844 [viper] INFO: Account: equity=$105424.26  cash=$55323.07
2026-04-18 15:34:02,938 [raptor.universe] INFO: Universe from cache: 126 symbols
2026-04-18 15:34:02,939 [viper] INFO: Dynamic universe: 126 stocks
2026-04-18 15:34:08,930 [viper] INFO: Analyzed 121 / 36 stocks
2026-04-18 15:34:44,088 [viper] INFO: CSP: 0 candidates
2026-04-18 15:34:55,046 [viper] INFO: Momentum Calls: 0 candidates
2026-04-18 15:34:56,581 [viper] INFO: IV Crush: 0 candidates
2026-04-18 15:34:56,582 [viper] INFO: 
2026-04-18 15:34:56,583 [viper] INFO: ============================================================
2026-04-18 15:34:56,583 [viper] INFO:   SCAN RESULTS
2026-04-18 15:34:56,584 [viper] INFO: ============================================================
2026-04-18 15:34:56,584 [viper] INFO:   No opportunities found. Patience.
2026-04-18 15:34:56,584 [viper] INFO: ============================================================
2026-04-18 16:04:57,258 [viper] INFO: ============================================================
2026-04-18 16:04:57,259 [viper] INFO: VIPER OPTIONS ENGINE v1.0 - 2026-04-18T16:04:57.259168
2026-04-18 16:04:57,259 [viper] INFO: ============================================================
2026-04-18 16:04:58,643 [viper] INFO: Account: equity=$105424.26  cash=$55323.07
2026-04-18 16:04:58,721 [raptor.universe] INFO: Universe from cache: 126 symbols
2026-04-18 16:04:58,722 [viper] INFO: Dynamic universe: 126 stocks
2026-04-18 16:05:06,125 [viper] INFO: Analyzed 121 / 36 stocks
2026-04-18 16:05:41,512 [viper] INFO: CSP: 0 candidates
2026-04-18 16:05:52,572 [viper] INFO: Momentum Calls: 0 candidates
2026-04-18 16:05:54,211 [viper] INFO: IV Crush: 0 candidates
2026-04-18 16:05:54,212 [viper] INFO: 
2026-04-18 16:05:54,212 [viper] INFO: ============================================================
2026-04-18 16:05:54,213 [viper] INFO:   SCAN RESULTS
2026-04-18 16:05:54,213 [viper] INFO: ============================================================
2026-04-18 16:05:54,214 [viper] INFO:   No opportunities found. Patience.
2026-04-18 16:05:54,214 [viper] INFO: ============================================================
2026-04-18 16:35:54,896 [viper] INFO: ============================================================
2026-04-18 16:35:54,897 [viper] INFO: VIPER OPTIONS ENGINE v1.0 - 2026-04-18T16:35:54.896996
2026-04-18 16:35:54,897 [viper] INFO: ============================================================
2026-04-18 16:35:55,851 [viper] INFO: Account: equity=$105424.26  cash=$55323.07
2026-04-18 16:35:55,959 [raptor.universe] INFO: Universe from cache: 126 symbols
2026-04-18 16:35:55,959 [viper] INFO: Dynamic universe: 126 stocks
2026-04-18 16:36:03,943 [viper] INFO: Analyzed 121 / 36 stocks
2026-04-18 16:36:37,811 [viper] INFO: CSP: 0 candidates
2026-04-18 16:36:48,769 [viper] INFO: Momentum Calls: 0 candidates
2026-04-18 16:36:50,409 [viper] INFO: IV Crush: 0 candidates
2026-04-18 16:36:50,409 [viper] INFO: 
2026-04-18 16:36:50,409 [viper] INFO: ============================================================
2026-04-18 16:36:50,410 [viper] INFO:   SCAN RESULTS
2026-04-18 16:36:50,410 [viper] INFO: ============================================================
2026-04-18 16:36:50,410 [viper] INFO:   No opportunities found. Patience.
2026-04-18 16:36:50,410 [viper] INFO: ============================================================
2026-04-18 17:06:51,534 [viper] INFO: ============================================================
2026-04-18 17:06:51,535 [viper] INFO: VIPER OPTIONS ENGINE v1.0 - 2026-04-18T17:06:51.535549
2026-04-18 17:06:51,536 [viper] INFO: ============================================================
2026-04-18 17:06:52,876 [viper] INFO: Account: equity=$105424.26  cash=$55323.07
2026-04-18 17:06:52,954 [raptor.universe] INFO: Universe from cache: 126 symbols
2026-04-18 17:06:52,955 [viper] INFO: Dynamic universe: 126 stocks
2026-04-18 17:06:59,870 [viper] INFO: Analyzed 121 / 36 stocks
2026-04-18 17:07:34,211 [viper] INFO: CSP: 0 candidates
2026-04-18 17:07:45,169 [viper] INFO: Momentum Calls: 0 candidates
2026-04-18 17:07:46,657 [viper] INFO: IV Crush: 0 candidates
2026-04-18 17:07:46,657 [viper] INFO: 
2026-04-18 17:07:46,658 [viper] INFO: ============================================================
2026-04-18 17:07:46,658 [viper] INFO:   SCAN RESULTS
2026-04-18 17:07:46,659 [viper] INFO: ============================================================
2026-04-18 17:07:46,659 [viper] INFO:   No opportunities found. Patience.
2026-04-18 17:07:46,660 [viper] INFO: ============================================================
2026-04-18 17:37:47,128 [viper] INFO: ============================================================
2026-04-18 17:37:47,129 [viper] INFO: VIPER OPTIONS ENGINE v1.0 - 2026-04-18T17:37:47.129005
2026-04-18 17:37:47,129 [viper] INFO: ============================================================
2026-04-18 17:37:48,239 [viper] INFO: Account: equity=$105424.26  cash=$55323.07
2026-04-18 17:37:48,339 [raptor.universe] INFO: Universe from cache: 126 symbols
2026-04-18 17:37:48,340 [viper] INFO: Dynamic universe: 126 stocks
2026-04-18 17:37:54,871 [viper] INFO: Analyzed 121 / 36 stocks
2026-04-18 17:38:29,793 [viper] INFO: CSP: 0 candidates
2026-04-18 17:38:41,058 [viper] INFO: Momentum Calls: 0 candidates
2026-04-18 17:38:42,594 [viper] INFO: IV Crush: 0 candidates
2026-04-18 17:38:42,595 [viper] INFO: 
2026-04-18 17:38:42,595 [viper] INFO: ============================================================
2026-04-18 17:38:42,596 [viper] INFO:   SCAN RESULTS
2026-04-18 17:38:42,596 [viper] INFO: ============================================================
2026-04-18 17:38:42,597 [viper] INFO:   No opportunities found. Patience.
2026-04-18 17:38:42,597 [viper] INFO: ============================================================
2026-04-18 18:08:43,457 [viper] INFO: ============================================================
2026-04-18 18:08:43,458 [viper] INFO: VIPER OPTIONS ENGINE v1.0 - 2026-04-18T18:08:43.458721
2026-04-18 18:08:43,459 [viper] INFO: ============================================================
2026-04-18 18:08:44,751 [viper] INFO: Account: equity=$105424.26  cash=$55323.07
2026-04-18 18:08:44,833 [raptor.universe] INFO: Universe from cache: 126 symbols
2026-04-18 18:08:44,834 [viper] INFO: Dynamic universe: 126 stocks
2026-04-18 18:08:52,139 [viper] INFO: Analyzed 121 / 36 stocks
2026-04-18 18:09:26,193 [viper] INFO: CSP: 0 candidates
2026-04-18 18:09:37,457 [viper] INFO: Momentum Calls: 0 candidates
2026-04-18 18:09:38,993 [viper] INFO: IV Crush: 0 candidates
2026-04-18 18:09:38,993 [viper] INFO: 
2026-04-18 18:09:38,993 [viper] INFO: ============================================================
2026-04-18 18:09:38,994 [viper] INFO:   SCAN RESULTS
2026-04-18 18:09:38,994 [viper] INFO: ============================================================
2026-04-18 18:09:38,994 [viper] INFO:   No opportunities found. Patience.
2026-04-18 18:09:38,994 [viper] INFO: ============================================================
2026-04-18 18:39:40,213 [viper] INFO: ============================================================
2026-04-18 18:39:40,214 [viper] INFO: VIPER OPTIONS ENGINE v1.0 - 2026-04-18T18:39:40.214119
2026-04-18 18:39:40,214 [viper] INFO: ============================================================
2026-04-18 18:39:41,221 [viper] INFO: Account: equity=$105424.26  cash=$55323.07
2026-04-18 18:39:41,347 [raptor.universe] INFO: Universe from cache: 126 symbols
2026-04-18 18:39:41,348 [viper] INFO: Dynamic universe: 126 stocks
2026-04-18 18:39:49,341 [viper] INFO: Analyzed 121 / 36 stocks
2026-04-18 18:40:23,106 [viper] INFO: CSP: 0 candidates
2026-04-18 18:40:33,243 [viper] INFO: Momentum Calls: 0 candidates
2026-04-18 18:40:34,779 [viper] INFO: IV Crush: 0 candidates
2026-04-18 18:40:34,779 [viper] INFO: 
2026-04-18 18:40:34,780 [viper] INFO: ============================================================
2026-04-18 18:40:34,781 [viper] INFO:   SCAN RESULTS
2026-04-18 18:40:34,781 [viper] INFO: ============================================================
2026-04-18 18:40:34,782 [viper] INFO:   No opportunities found. Patience.
2026-04-18 18:40:34,782 [viper] INFO: ============================================================
2026-04-18 19:01:17,075 [viper] INFO: ============================================================
2026-04-18 19:01:17,076 [viper] INFO: VIPER OPTIONS ENGINE v1.0 - 2026-04-18T19:01:17.076455
2026-04-18 19:01:17,077 [viper] INFO: ============================================================
2026-04-18 19:01:18,315 [viper] INFO: Account: equity=$105424.26  cash=$55323.07
2026-04-18 19:01:18,400 [raptor.universe] INFO: Universe from cache: 126 symbols
2026-04-18 19:01:18,401 [viper] INFO: Dynamic universe: 126 stocks
2026-04-18 19:01:25,288 [viper] INFO: Analyzed 121 / 36 stocks
2026-04-18 19:02:00,270 [viper] INFO: CSP: 0 candidates
2026-04-18 19:02:11,740 [viper] INFO: Momentum Calls: 0 candidates
2026-04-18 19:02:13,379 [viper] INFO: IV Crush: 0 candidates
2026-04-18 19:02:13,380 [viper] INFO: 
2026-04-18 19:02:13,381 [viper] INFO: ============================================================
2026-04-18 19:02:13,382 [viper] INFO:   SCAN RESULTS
2026-04-18 19:02:13,382 [viper] INFO: ============================================================
2026-04-18 19:02:13,382 [viper] INFO:   No opportunities found. Patience.
2026-04-18 19:02:13,383 [viper] INFO: ============================================================
2026-04-18 19:32:13,969 [viper] INFO: ============================================================
2026-04-18 19:32:13,970 [viper] INFO: VIPER OPTIONS ENGINE v1.0 - 2026-04-18T19:32:13.970433
2026-04-18 19:32:13,971 [viper] INFO: ============================================================
2026-04-18 19:32:14,992 [viper] INFO: Account: equity=$105424.26  cash=$55323.07
2026-04-18 19:32:15,102 [raptor.universe] INFO: Universe from cache: 126 symbols
2026-04-18 19:32:15,103 [viper] INFO: Dynamic universe: 126 stocks
2026-04-18 19:32:21,053 [viper] INFO: Analyzed 121 / 36 stocks
2026-04-18 19:32:54,008 [viper] INFO: CSP: 0 candidates
2026-04-18 19:33:05,376 [viper] INFO: Momentum Calls: 0 candidates
2026-04-18 19:33:07,116 [viper] INFO: IV Crush: 0 candidates
2026-04-18 19:33:07,117 [viper] INFO: 
2026-04-18 19:33:07,118 [viper] INFO: ============================================================
2026-04-18 19:33:07,119 [viper] INFO:   SCAN RESULTS
2026-04-18 19:33:07,119 [viper] INFO: ============================================================
2026-04-18 19:33:07,120 [viper] INFO:   No opportunities found. Patience.
2026-04-18 19:33:07,120 [viper] INFO: ============================================================
2026-04-18 20:03:08,005 [viper] INFO: ============================================================
2026-04-18 20:03:08,006 [viper] INFO: VIPER OPTIONS ENGINE v1.0 - 2026-04-18T20:03:08.006831
2026-04-18 20:03:08,007 [viper] INFO: ============================================================
2026-04-18 20:03:09,141 [viper] INFO: Account: equity=$105424.26  cash=$55323.07
2026-04-18 20:03:09,227 [raptor.universe] INFO: Universe from cache: 126 symbols
2026-04-18 20:03:09,228 [viper] INFO: Dynamic universe: 126 stocks
2026-04-18 20:03:16,310 [viper] INFO: Analyzed 121 / 36 stocks
2026-04-18 20:03:51,230 [viper] INFO: CSP: 0 candidates
2026-04-18 20:04:02,392 [viper] INFO: Momentum Calls: 0 candidates
2026-04-18 20:04:03,926 [viper] INFO: IV Crush: 0 candidates
2026-04-18 20:04:03,927 [viper] INFO: 
2026-04-18 20:04:03,928 [viper] INFO: ============================================================
2026-04-18 20:04:03,929 [viper] INFO:   SCAN RESULTS
2026-04-18 20:04:03,930 [viper] INFO: ============================================================
2026-04-18 20:04:03,931 [viper] INFO:   No opportunities found. Patience.
2026-04-18 20:04:03,932 [viper] INFO: ============================================================
2026-04-18 20:34:04,833 [viper] INFO: ============================================================
2026-04-18 20:34:04,834 [viper] INFO: VIPER OPTIONS ENGINE v1.0 - 2026-04-18T20:34:04.834150
2026-04-18 20:34:04,834 [viper] INFO: ============================================================
2026-04-18 20:34:05,956 [viper] INFO: Account: equity=$105424.26  cash=$55323.07
2026-04-18 20:34:05,988 [raptor.universe] INFO: Universe from cache: 126 symbols
2026-04-18 20:34:05,989 [viper] INFO: Dynamic universe: 126 stocks
2026-04-18 20:34:12,644 [viper] INFO: Analyzed 121 / 36 stocks
2026-04-18 20:34:47,219 [viper] INFO: CSP: 0 candidates
2026-04-18 20:34:58,278 [viper] INFO: Momentum Calls: 0 candidates
2026-04-18 20:34:59,814 [viper] INFO: IV Crush: 0 candidates
2026-04-18 20:34:59,815 [viper] INFO: 
2026-04-18 20:34:59,815 [viper] INFO: ============================================================
2026-04-18 20:34:59,816 [viper] INFO:   SCAN RESULTS
2026-04-18 20:34:59,817 [viper] INFO: ============================================================
2026-04-18 20:34:59,818 [viper] INFO:   No opportunities found. Patience.
2026-04-18 20:34:59,818 [viper] INFO: ============================================================
2026-04-18 21:05:03,204 [viper] INFO: ============================================================
2026-04-18 21:05:03,206 [viper] INFO: VIPER OPTIONS ENGINE v1.0 - 2026-04-18T21:05:03.205961
2026-04-18 21:05:03,206 [viper] INFO: ============================================================
2026-04-18 21:05:04,736 [viper] INFO: Account: equity=$105424.26  cash=$55323.07
2026-04-18 21:05:04,830 [raptor.universe] INFO: Universe from cache: 126 symbols
2026-04-18 21:05:04,830 [viper] INFO: Dynamic universe: 126 stocks
2026-04-18 21:05:12,426 [viper] INFO: Analyzed 121 / 36 stocks
2026-04-18 21:05:47,307 [viper] INFO: CSP: 0 candidates
2026-04-18 21:05:58,264 [viper] INFO: Momentum Calls: 0 candidates
2026-04-18 21:05:59,799 [viper] INFO: IV Crush: 0 candidates
2026-04-18 21:05:59,800 [viper] INFO: 
2026-04-18 21:05:59,801 [viper] INFO: ============================================================
2026-04-18 21:05:59,801 [viper] INFO:   SCAN RESULTS
2026-04-18 21:05:59,802 [viper] INFO: ============================================================
2026-04-18 21:05:59,802 [viper] INFO:   No opportunities found. Patience.
2026-04-18 21:05:59,803 [viper] INFO: ============================================================
2026-04-18 21:36:00,869 [viper] INFO: ============================================================
2026-04-18 21:36:00,870 [viper] INFO: VIPER OPTIONS ENGINE v1.0 - 2026-04-18T21:36:00.870640
2026-04-18 21:36:00,871 [viper] INFO: ============================================================
2026-04-18 21:36:01,948 [viper] INFO: Account: equity=$105424.26  cash=$55323.07
2026-04-18 21:36:02,059 [raptor.universe] INFO: Universe from cache: 126 symbols
2026-04-18 21:36:02,060 [viper] INFO: Dynamic universe: 126 stocks
2026-04-18 21:36:07,981 [viper] INFO: Analyzed 121 / 36 stocks
2026-04-18 21:36:42,348 [viper] INFO: CSP: 0 candidates
2026-04-18 21:36:53,663 [viper] INFO: Momentum Calls: 0 candidates
2026-04-18 21:36:55,301 [viper] INFO: IV Crush: 0 candidates
2026-04-18 21:36:55,302 [viper] INFO: 
2026-04-18 21:36:55,302 [viper] INFO: ============================================================
2026-04-18 21:36:55,302 [viper] INFO:   SCAN RESULTS
2026-04-18 21:36:55,302 [viper] INFO: ============================================================
2026-04-18 21:36:55,303 [viper] INFO:   No opportunities found. Patience.
2026-04-18 21:36:55,303 [viper] INFO: ============================================================
2026-04-18 22:06:56,323 [viper] INFO: ============================================================
2026-04-18 22:06:56,324 [viper] INFO: VIPER OPTIONS ENGINE v1.0 - 2026-04-18T22:06:56.324589
2026-04-18 22:06:56,325 [viper] INFO: ============================================================
2026-04-18 22:06:57,661 [viper] INFO: Account: equity=$105424.26  cash=$55323.07
2026-04-18 22:06:57,752 [raptor.universe] INFO: Universe from cache: 126 symbols
2026-04-18 22:06:57,754 [viper] INFO: Dynamic universe: 126 stocks
2026-04-18 22:07:10,849 [viper] INFO: Analyzed 121 / 36 stocks
2026-04-18 22:07:46,481 [viper] INFO: CSP: 0 candidates
2026-04-18 22:07:58,049 [viper] INFO: Momentum Calls: 0 candidates
2026-04-18 22:07:59,691 [viper] INFO: IV Crush: 0 candidates
2026-04-18 22:07:59,692 [viper] INFO: 
2026-04-18 22:07:59,692 [viper] INFO: ============================================================
2026-04-18 22:07:59,693 [viper] INFO:   SCAN RESULTS
2026-04-18 22:07:59,693 [viper] INFO: ============================================================
2026-04-18 22:07:59,693 [viper] INFO:   No opportunities found. Patience.
2026-04-18 22:07:59,694 [viper] INFO: ============================================================
2026-04-18 22:38:01,282 [viper] INFO: ============================================================
2026-04-18 22:38:01,284 [viper] INFO: VIPER OPTIONS ENGINE v1.0 - 2026-04-18T22:38:01.284361
2026-04-18 22:38:01,285 [viper] INFO: ============================================================
2026-04-18 22:38:02,638 [viper] INFO: Account: equity=$105424.26  cash=$55323.07
2026-04-18 22:38:02,760 [raptor.universe] INFO: Universe from cache: 126 symbols
2026-04-18 22:38:02,763 [viper] INFO: Dynamic universe: 126 stocks
2026-04-18 22:38:16,775 [viper] INFO: Analyzed 121 / 36 stocks
2026-04-18 22:38:52,949 [viper] INFO: CSP: 0 candidates
2026-04-18 22:39:04,185 [viper] INFO: Momentum Calls: 0 candidates
2026-04-18 22:39:05,719 [viper] INFO: IV Crush: 0 candidates
2026-04-18 22:39:05,721 [viper] INFO: 
2026-04-18 22:39:05,721 [viper] INFO: ============================================================
2026-04-18 22:39:05,721 [viper] INFO:   SCAN RESULTS
2026-04-18 22:39:05,722 [viper] INFO: ============================================================
2026-04-18 22:39:05,722 [viper] INFO:   No opportunities found. Patience.
2026-04-18 22:39:05,723 [viper] INFO: ============================================================
2026-04-18 23:09:07,271 [viper] INFO: ============================================================
2026-04-18 23:09:07,272 [viper] INFO: VIPER OPTIONS ENGINE v1.0 - 2026-04-18T23:09:07.272291
2026-04-18 23:09:07,273 [viper] INFO: ============================================================
2026-04-18 23:09:08,666 [viper] INFO: Account: equity=$105424.26  cash=$55323.07
2026-04-18 23:09:08,785 [raptor.universe] INFO: Universe from cache: 126 symbols
2026-04-18 23:09:08,788 [viper] INFO: Dynamic universe: 126 stocks
2026-04-18 23:09:22,497 [viper] INFO: Analyzed 121 / 36 stocks
2026-04-18 23:09:59,869 [viper] INFO: CSP: 0 candidates
2026-04-18 23:10:10,928 [viper] INFO: Momentum Calls: 0 candidates
2026-04-18 23:10:12,465 [viper] INFO: IV Crush: 0 candidates
2026-04-18 23:10:12,465 [viper] INFO: 
2026-04-18 23:10:12,465 [viper] INFO: ============================================================
2026-04-18 23:10:12,466 [viper] INFO:   SCAN RESULTS
2026-04-18 23:10:12,466 [viper] INFO: ============================================================
2026-04-18 23:10:12,466 [viper] INFO:   No opportunities found. Patience.
2026-04-18 23:10:12,466 [viper] INFO: ============================================================
2026-04-18 23:40:13,368 [viper] INFO: ============================================================
2026-04-18 23:40:13,370 [viper] INFO: VIPER OPTIONS ENGINE v1.0 - 2026-04-18T23:40:13.370317
2026-04-18 23:40:13,372 [viper] INFO: ============================================================
2026-04-18 23:40:14,692 [viper] INFO: Account: equity=$105424.26  cash=$55323.07
2026-04-18 23:40:14,821 [raptor.universe] INFO: Universe from cache: 126 symbols
2026-04-18 23:40:14,822 [viper] INFO: Dynamic universe: 126 stocks
2026-04-18 23:40:28,425 [viper] INFO: Analyzed 121 / 36 stocks
2026-04-18 23:41:04,361 [viper] INFO: CSP: 0 candidates
2026-04-18 23:41:15,728 [viper] INFO: Momentum Calls: 0 candidates
2026-04-18 23:41:17,367 [viper] INFO: IV Crush: 0 candidates
2026-04-18 23:41:17,368 [viper] INFO: 
2026-04-18 23:41:17,369 [viper] INFO: ============================================================
2026-04-18 23:41:17,369 [viper] INFO:   SCAN RESULTS
2026-04-18 23:41:17,370 [viper] INFO: ============================================================
2026-04-18 23:41:17,370 [viper] INFO:   No opportunities found. Patience.
2026-04-18 23:41:17,370 [viper] INFO: ============================================================
